     Locking 1 package to highest compatible version
   Compiling concir_sync v0.1.0 (/Users/kevin/local-repos/ConcPlanVerify/runtime/concir_sync)
   Compiling probe v0.1.0 (/Users/kevin/local-repos/ConcPlanVerify/experiments/multimodel-v1/pilot-20260926T185711-kimi/Kimi/semaphore__throttle_n_permits/rep0/code/round-2/proj)
warning: value assigned to `worked` is never read
 --> src/main.rs:7:22
  |
7 |     let mut worked = 0;
  |                      ^ this value is reassigned later and never used
8 |     worked = 1;
  |     ---------- `worked` is overwritten here before the previous value is read
  |
  = note: `#[warn(unused_assignments)]` (part of `#[warn(unused)]`) on by default

warning: value assigned to `worked` is never read
  --> src/main.rs:15:22
   |
15 |     let mut worked = 0;
   |                      ^ this value is reassigned later and never used
16 |     worked = 1;
   |     ---------- `worked` is overwritten here before the previous value is read

warning: value assigned to `worked` is never read
  --> src/main.rs:23:22
   |
23 |     let mut worked = 0;
   |                      ^ this value is reassigned later and never used
24 |     worked = 1;
   |     ---------- `worked` is overwritten here before the previous value is read

warning: `probe` (bin "probe") generated 3 warnings
    Finished `dev` profile [unoptimized + debuginfo] target(s) in 0.28s
