{
  "attributes": [
    {
      "construction_site": null,
      "evidence": "absent",
      "expected": "semaphore_initial",
      "expected_capacity": 0,
      "observed": null,
      "observed_capacity": null,
      "reason": "no used semaphore construction is bound to this CIR resource",
      "resource_id": "main::ready",
      "runtime": null,
      "status": "unknown"
    }
  ],
  "scope": "identity, channel-capacity attributes, and uncovered sync are separate; a conforming finite trace does not override a capacity conflict or an unknown capacity",
  "uncovered_sync": [],
  "unresolved": {},
  "verified": {
    "m1_mutex0#1709": {
      "cir": "main::m1",
      "rule": "exact"
    },
    "m2_mutex0#1751": {
      "cir": "main::m2",
      "rule": "exact"
    },
    "notifier#2395": {
      "cir": "main::notifier",
      "rule": "spawn-entry"
    },
    "w1#1981": {
      "cir": "main::w1",
      "rule": "spawn-entry"
    },
    "w2#2168": {
      "cir": "main::w2",
      "rule": "spawn-entry"
    }
  },
  "violated": {}
}
