{
  "attributes": [],
  "scope": "identity, channel-capacity attributes, and uncovered sync are separate; a conforming finite trace does not override a capacity conflict or an unknown capacity",
  "uncovered_sync": [],
  "unresolved": {
    "state_mutex0#889": {
      "candidates": [],
      "reason": "no structural evidence",
      "site": "889"
    }
  },
  "verified": {
    "w1#992": {
      "cir": "main::w1",
      "rule": "spawn-entry"
    },
    "w2#1070": {
      "cir": "main::w2",
      "rule": "spawn-entry"
    }
  },
  "violated": {}
}
