     Locking 1 package to highest compatible version
   Compiling concir_sync v0.1.0 (/Users/kevin/local-repos/ConcPlanVerify/runtime/concir_sync)
   Compiling probe v0.1.0 (/Users/kevin/local-repos/ConcPlanVerify/experiments/strong-link-v26-batch-4/structure__finite_call_loop/glm-5.3-flash/G3_concir/rep0/code/round-2/proj)
warning: variable `work` is assigned to, but never used
 --> src/main.rs:3:9
  |
3 |     let mut work: i64 = 0;
  |         ^^^^^^^^
  |
  = note: consider using `_work` instead
  = note: `#[warn(unused_variables)]` (part of `#[warn(unused)]`) on by default

warning: value assigned to `work` is never read
 --> src/main.rs:4:5
  |
4 |     work = 1;
  |     ^^^^^^^^
  |
  = help: maybe it is overwritten before being read?
  = note: `#[warn(unused_assignments)]` (part of `#[warn(unused)]`) on by default

warning: `probe` (bin "probe") generated 2 warnings
    Finished `dev` profile [unoptimized + debuginfo] target(s) in 0.27s
