{
  "binary_sha256": "2b59d7df842dde2ac2e275080c61c64d41a0a5e723eb1e0f2f4e5376a4d67694",
  "bounded": true,
  "events": 832,
  "git_rev": "a35dc867d6327c772d48bd7c0473a6606fcc467a",
  "properties": [
    {
      "detail": "decided by behavior (hang/timeout) and Miri",
      "id": "no-deadlock",
      "kind": "deadlock_free",
      "req": [
        "R4",
        "R6"
      ],
      "source": "properties",
      "status": "deferred"
    },
    {
      "id": "main::outer completes",
      "kind": "reachable",
      "req": [
        "R5"
      ],
      "source": "preserved",
      "status": "PASS_bounded"
    },
    {
      "id": "main::x1 holds [a, b] at once",
      "kind": "reachable",
      "req": [
        "R3"
      ],
      "source": "preserved",
      "status": "PASS_bounded"
    },
    {
      "id": "main::x2 holds [a, b] at once",
      "kind": "reachable",
      "req": [
        "R3"
      ],
      "source": "preserved",
      "status": "PASS_bounded"
    }
  ],
  "resource_map": {
    "a_mutex0#861": "main::a",
    "b_mutex0#915": "main::b",
    "outer#1012": "main::outer",
    "x1#509": "main::x1",
    "x2#636": "main::x2"
  },
  "status": "ok",
  "traces": 32,
  "unmapped_resources": []
}
