{
  "attributes": [],
  "scope": "identity, channel-capacity attributes, and uncovered sync are separate; a conforming finite trace does not override a capacity conflict or an unknown capacity",
  "uncovered_sync": [],
  "unresolved": {},
  "verified": {
    "a_mutex0#421": {
      "cir": "main::a",
      "rule": "exact"
    },
    "b_mutex0#459": {
      "cir": "main::b",
      "rule": "exact"
    },
    "w1#541": {
      "cir": "main::w1",
      "rule": "spawn-entry"
    },
    "w2#650": {
      "cir": "main::w2",
      "rule": "spawn-entry"
    }
  },
  "violated": {}
}
