     Locking 1 package to highest compatible version
   Compiling concir_sync v0.1.0 (/Users/kevin/local-repos/ConcPlanVerify/runtime/concir_sync)
   Compiling probe v0.1.0 (/Users/kevin/local-repos/ConcPlanVerify/experiments/evidence-20260925/g3-code-v4/composer-2.5/cells/lock-order__cross_module_cycle/code/round-3/source-proj)
error[E0425]: cannot find type `Mutex` in this scope
 --> src/main.rs:6:23
  |
6 |         pub static b: Mutex<()> = Mutex::new(());
  |                       ^^^^^ not found in this scope
  |
help: consider importing one of these structs
  |
6 +         use crate::Mutex;
  |
6 +         use std::sync::Mutex;
  |
6 +         use std::sync::nonpoison::Mutex;
  |

error[E0433]: cannot find type `Mutex` in this scope
 --> src/main.rs:6:35
  |
6 |         pub static b: Mutex<()> = Mutex::new(());
  |                                   ^^^^^ use of undeclared type `Mutex`
  |
help: consider importing one of these structs
  |
6 +         use crate::Mutex;
  |
6 +         use std::sync::Mutex;
  |
6 +         use std::sync::nonpoison::Mutex;
  |

error[E0425]: cannot find type `Mutex` in this scope
  --> src/main.rs:16:19
   |
16 |     pub static a: Mutex<()> = Mutex::new(());
   |                   ^^^^^ not found in this scope
   |
help: consider importing one of these structs
   |
 5 +     use crate::Mutex;
   |
 5 +     use std::sync::Mutex;
   |
 5 +     use std::sync::nonpoison::Mutex;
   |

error[E0433]: cannot find type `Mutex` in this scope
  --> src/main.rs:16:31
   |
16 |     pub static a: Mutex<()> = Mutex::new(());
   |                               ^^^^^ use of undeclared type `Mutex`
   |
help: consider importing one of these structs
   |
 5 +     use crate::Mutex;
   |
 5 +     use std::sync::Mutex;
   |
 5 +     use std::sync::nonpoison::Mutex;
   |

error[E0433]: cannot find module or crate `thread` in this scope
  --> src/main.rs:26:25
   |
26 |         let handle_t1 = thread::spawn(t1);
   |                         ^^^^^^ use of unresolved module or unlinked crate `thread`
   |
   = help: if you wanted to use a crate named `thread`, use `cargo add thread` to add it to your `Cargo.toml`
help: consider importing one of these modules
   |
 5 +     use crate::thread;
   |
 5 +     use std::thread;
   |

error[E0433]: cannot find module or crate `thread` in this scope
  --> src/main.rs:27:25
   |
27 |         let handle_t2 = thread::spawn(other::t2);
   |                         ^^^^^^ use of unresolved module or unlinked crate `thread`
   |
   = help: if you wanted to use a crate named `thread`, use `cargo add thread` to add it to your `Cargo.toml`
help: consider importing one of these modules
   |
 5 +     use crate::thread;
   |
 5 +     use std::thread;
   |

warning: unused import: `std::sync::Mutex`
 --> src/main.rs:1:5
  |
1 | use std::sync::Mutex;
  |     ^^^^^^^^^^^^^^^^
  |
  = note: `#[warn(unused_imports)]` (part of `#[warn(unused)]`) on by default

warning: unused import: `std::thread`
 --> src/main.rs:2:5
  |
2 | use std::thread;
  |     ^^^^^^^^^^^

warning: unused import: `crate::main::other::b`
  --> src/main.rs:34:13
   |
34 |     pub use crate::main::other::b;
   |             ^^^^^^^^^^^^^^^^^^^^^

warning: unused import: `crate::main::other::t2`
  --> src/main.rs:35:13
   |
35 |     pub use crate::main::other::t2;
   |             ^^^^^^^^^^^^^^^^^^^^^^

Some errors have detailed explanations: E0425, E0433.
For more information about an error, try `rustc --explain E0425`.
warning: `probe` (bin "probe") generated 4 warnings
error: could not compile `probe` (bin "probe") due to 6 previous errors; 4 warnings emitted
warning: unused dependency `concir_sync`
  --> Cargo.toml:11:1
   |
11 | concir_sync = { path = "/Users/kevin/local-repos/ConcPlanVerify/runtime/concir_sync" }
   | ^^^^^^^^^^^^^^^^^^^^^^^^^^^^^^^^^^^^^^^^^^^^^^^^^^^^^^^^^^^^^^^^^^^^^^^^^^^^^^^^^^^^^^
   |
   = note: `cargo::unused_dependencies` is set to `warn` by default
help: consider removing the dependency on `concir_sync`
warning: `probe` (manifest) generated 1 warning
