{
  "binary_sha256": "e0c7e3d122f2f08fd7483f248e9c263102d81964c8219b8a126b84d43cb41c0e",
  "bounded": true,
  "events": 320,
  "git_rev": "a35dc867d6327c772d48bd7c0473a6606fcc467a",
  "properties": [
    {
      "detail": "decided by behavior (hang/timeout) and Miri",
      "id": "no-deadlock",
      "kind": "deadlock_free",
      "req": [
        "R4",
        "R5",
        "R7",
        "R8"
      ],
      "source": "properties",
      "status": "deferred"
    },
    {
      "id": "main::t1 completes",
      "kind": "reachable",
      "req": [
        "R1",
        "R6",
        "R8"
      ],
      "source": "preserved",
      "status": "PASS_bounded"
    },
    {
      "id": "main::t2 completes",
      "kind": "reachable",
      "req": [
        "R1",
        "R6",
        "R8"
      ],
      "source": "preserved",
      "status": "PASS_bounded"
    },
    {
      "id": "main::t1 holds [main::a, main::b] at once",
      "kind": "reachable",
      "req": [
        "R2",
        "R3"
      ],
      "source": "preserved",
      "status": "PASS_bounded"
    },
    {
      "id": "main::t2 holds [main::a, main::b] at once",
      "kind": "reachable",
      "req": [
        "R2",
        "R3"
      ],
      "source": "preserved",
      "status": "PASS_bounded"
    }
  ],
  "resource_map": {
    "a_mutex0#767": "main::a",
    "b_mutex0#805": "main::b",
    "t1#928": "main::t1",
    "t2#1082": "main::t2"
  },
  "status": "ok",
  "traces": 32,
  "unmapped_resources": []
}
