{
  "attributes": [],
  "scope": "identity, channel-capacity attributes, and uncovered sync are separate; a conforming finite trace does not override a capacity conflict or an unknown capacity",
  "uncovered_sync": [],
  "unresolved": {},
  "verified": {
    "a_mutex0#747": {
      "cir": "main::a",
      "rule": "exact"
    },
    "b_mutex0#785": {
      "cir": "main::b",
      "rule": "exact"
    },
    "c_mutex0#823": {
      "cir": "main::c",
      "rule": "exact"
    },
    "d_mutex0#861": {
      "cir": "main::d",
      "rule": "exact"
    }
  },
  "violated": {}
}
