{
  "binary_sha256": "2b59d7df842dde2ac2e275080c61c64d41a0a5e723eb1e0f2f4e5376a4d67694",
  "bounded": true,
  "events": 512,
  "git_rev": "a35dc867d6327c772d48bd7c0473a6606fcc467a",
  "properties": [
    {
      "detail": "decided by behavior (hang/timeout) and Miri",
      "id": "no-deadlock",
      "kind": "deadlock_free",
      "req": [
        "R4",
        "R5",
        "R6"
      ],
      "source": "properties",
      "status": "deferred"
    },
    {
      "id": "main::w1 completes",
      "kind": "reachable",
      "req": [
        "R7"
      ],
      "source": "preserved",
      "status": "PASS_bounded"
    },
    {
      "id": "main::w2 completes",
      "kind": "reachable",
      "req": [
        "R7"
      ],
      "source": "preserved",
      "status": "PASS_bounded"
    }
  ],
  "resource_map": {
    "m_mutex0#1054": "main::m",
    "w1#1134": "main::w1",
    "w2#1254": "main::w2"
  },
  "status": "ok",
  "traces": 32,
  "unmapped_resources": []
}
