                        ^^^^^^ not found in `crate::cir_trace`

warning: unused import: `Condvar`
 --> src/main.rs:2:30
  |
2 | use cir_trace::sync::{Mutex, Condvar};
  |                              ^^^^^^^
  |
  = note: `#[warn(unused_imports)]` (part of `#[warn(unused)]`) on by default

warning: unnecessary parentheses around assigned value
  --> src/main.rs:60:23
   |
60 |                 _l0 = (_l0 + 1);
   |                       ^       ^
   |
   = note: `#[warn(unused_parens)]` (part of `#[warn(unused)]`) on by default
help: remove these parentheses
   |
60 -                 _l0 = (_l0 + 1);
60 +                 _l0 = _l0 + 1;
   |

warning: unnecessary parentheses around assigned value
  --> src/main.rs:99:23
   |
99 |                 _l0 = (_l0 + 1);
   |                       ^       ^
   |
help: remove these parentheses
   |
99 -                 _l0 = (_l0 + 1);
99 +                 _l0 = _l0 + 1;
   |

Some errors have detailed explanations: E0425, E0428, E0433.
For more information about an error, try `rustc --explain E0425`.
warning: `probe` (bin "probe") generated 3 warnings
error: could not compile `probe` (bin "probe") due to 9 previous errors; 3 warnings emitted
