{
  "attributes": [],
  "scope": "identity, channel-capacity attributes, and uncovered sync are separate; a conforming finite trace does not override a capacity conflict or an unknown capacity",
  "uncovered_sync": [],
  "unresolved": {
    "clone#1232": {
      "entry": "clone",
      "reason": "thread entry is not unambiguous",
      "site": "1232"
    },
    "worker#1335": {
      "entry": "worker",
      "reason": "thread entry is not unambiguous",
      "site": "1335"
    },
    "worker#1462": {
      "entry": "worker",
      "reason": "thread entry is not unambiguous",
      "site": "1462"
    }
  },
  "verified": {
    "c#1020": {
      "cir": "main::c",
      "rule": "exact"
    }
  },
  "violated": {}
}
