{
  "attributes": [],
  "scope": "identity, channel-capacity attributes, and uncovered sync are separate; a conforming finite trace does not override a capacity conflict or an unknown capacity",
  "uncovered_sync": [],
  "unresolved": {},
  "verified": {
    "a_mutex0#1011": {
      "cir": "main::a",
      "rule": "exact"
    },
    "b_mutex0#1049": {
      "cir": "main::b",
      "rule": "exact"
    },
    "c_mutex0#1087": {
      "cir": "main::c",
      "rule": "exact"
    },
    "d_mutex0#1125": {
      "cir": "main::d",
      "rule": "exact"
    },
    "t1#1223": {
      "cir": "main::t1",
      "rule": "spawn-entry"
    },
    "t2#1349": {
      "cir": "main::t2",
      "rule": "spawn-entry"
    },
    "t3#1475": {
      "cir": "main::t3",
      "rule": "spawn-entry"
    },
    "t4#1601": {
      "cir": "main::t4",
      "rule": "spawn-entry"
    }
  },
  "violated": {}
}
