{
  "attributes": [
    {
      "construction_site": "255",
      "evidence": "param_from_call",
      "expected": "rendezvous",
      "expected_capacity": 0,
      "observed": "rendezvous",
      "observed_capacity": 0,
      "reason": "source rendezvous matches CIR rendezvous",
      "resource_id": "main::ch",
      "runtime": "ch",
      "status": "match"
    }
  ],
  "scope": "identity, channel-capacity attributes, and uncovered sync are separate; a conforming finite trace does not override a capacity conflict or an unknown capacity",
  "uncovered_sync": [],
  "unresolved": {},
  "verified": {
    "ch": {
      "cir": "main::ch",
      "rule": "exact"
    },
    "r#340": {
      "cir": "main::r",
      "rule": "spawn-entry"
    },
    "s1#290": {
      "cir": "main::s1",
      "rule": "spawn-entry"
    }
  },
  "violated": {}
}
