     Locking 1 package to highest compatible version
   Compiling concir_sync v0.1.0 (/Users/kevin/local-repos/ConcPlanVerify/runtime/concir_sync)
   Compiling probe v0.1.0 (/Users/kevin/local-repos/ConcPlanVerify/experiments/evidence-20260925/mutation-g3-r2/work/condvar/delete_lock_line/proj)
error[E0425]: cannot find value `guard` in this scope
  --> src/main.rs:17:16
   |
17 |         while !guard.ready {
   |                ^^^^^ not found in this scope

error[E0425]: cannot find value `guard` in this scope
  --> src/main.rs:18:13
   |
18 |             guard = cv_waiter.wait(guard).unwrap();
   |             ^^^^^
   |
help: you might have meant to introduce a new binding
   |
18 |             let guard = cv_waiter.wait(guard).unwrap();
   |             +++

error[E0425]: cannot find value `guard` in this scope
  --> src/main.rs:18:36
   |
18 |             guard = cv_waiter.wait(guard).unwrap();
   |                                    ^^^^^ not found in this scope

error[E0425]: cannot find value `guard` in this scope
  --> src/main.rs:20:14
   |
20 |         drop(guard);
   |              ^^^^^ not found in this scope

warning: unused import: `std::thread`
 --> src/main.rs:4:5
  |
4 | use std::thread;
  |     ^^^^^^^^^^^
  |
  = note: `#[warn(unused_imports)]` (part of `#[warn(unused)]`) on by default

For more information about this error, try `rustc --explain E0425`.
warning: `probe` (bin "probe") generated 1 warning
error: could not compile `probe` (bin "probe") due to 4 previous errors; 1 warning emitted
