     Locking 1 package to highest compatible version
   Compiling concir_sync v0.1.0 (/Users/kevin/local-repos/ConcPlanVerify/runtime/concir_sync)
   Compiling probe v0.1.0 (/Users/kevin/local-repos/ConcPlanVerify/experiments/strong-link-v27-main/lock-order__abba_2lock/gpt-6-luna/G3_concir/rep1/code/round-1/source-proj)
warning: value assigned to `critical_work` is never read
 --> src/main.rs:8:29
  |
8 |     let mut critical_work = 0;
  |                             ^ this value is reassigned later and never used
9 |     critical_work = 1;
  |     ----------------- `critical_work` is overwritten here before the previous value is read
  |
  = note: `#[warn(unused_assignments)]` (part of `#[warn(unused)]`) on by default

warning: value assigned to `critical_work` is never read
  --> src/main.rs:20:29
   |
20 |     let mut critical_work = 0;
   |                             ^ this value is reassigned later and never used
21 |     critical_work = 1;
   |     ----------------- `critical_work` is overwritten here before the previous value is read

warning: `probe` (bin "probe") generated 2 warnings
warning: unused dependency `concir_sync`
  --> Cargo.toml:11:1
   |
11 | concir_sync = { path = "/Users/kevin/local-repos/ConcPlanVerify/runtime/concir_sync" }
   | ^^^^^^^^^^^^^^^^^^^^^^^^^^^^^^^^^^^^^^^^^^^^^^^^^^^^^^^^^^^^^^^^^^^^^^^^^^^^^^^^^^^^^^
   |
   = note: `cargo::unused_dependencies` is set to `warn` by default
help: consider removing the dependency on `concir_sync`
warning: `probe` (manifest) generated 1 warning
    Finished `dev` profile [unoptimized + debuginfo] target(s) in 0.21s
