{
  "attributes": [],
  "scope": "identity, channel-capacity attributes, and uncovered sync are separate; a conforming finite trace does not override a capacity conflict or an unknown capacity",
  "uncovered_sync": [],
  "unresolved": {
    "notifier#846": {
      "entry": null,
      "reason": "thread entry is not unambiguous",
      "site": "846"
    },
    "waiter#323": {
      "entry": null,
      "reason": "thread entry is not unambiguous",
      "site": "323"
    }
  },
  "verified": {
    "cv_condvar0#225": {
      "cir": "main::cv",
      "rule": "exact"
    },
    "m_mutex0#181": {
      "cir": "main::m",
      "rule": "exact"
    }
  },
  "violated": {}
}
