{
  "attributes": [],
  "scope": "identity, channel-capacity attributes, and uncovered sync are separate; a conforming finite trace does not override a capacity conflict or an unknown capacity",
  "uncovered_sync": [],
  "unresolved": {
    "receiver#1629": {
      "entry": null,
      "reason": "thread entry is not unambiguous",
      "site": "1629"
    },
    "res_mutex0#360": {
      "candidates": [],
      "reason": "no structural evidence",
      "site": "360"
    },
    "rx": {
      "reason": "channel endpoint has no channel token",
      "site": null
    },
    "sender#736": {
      "entry": null,
      "reason": "thread entry is not unambiguous",
      "site": "736"
    },
    "tx": {
      "reason": "channel endpoint has no channel token",
      "site": null
    }
  },
  "verified": {},
  "violated": {}
}
