{
  "attributes": [
    {
      "construction_site": null,
      "evidence": "unresolved_endpoint",
      "expected": "bounded",
      "expected_capacity": 1,
      "observed": null,
      "observed_capacity": null,
      "reason": "no single traced construction for this endpoint",
      "resource_id": "main::ch",
      "runtime": "ch",
      "status": "unknown"
    }
  ],
  "scope": "identity, channel-capacity attributes, and uncovered sync are separate; a conforming finite trace does not override a capacity conflict or an unknown capacity",
  "uncovered_sync": [],
  "unresolved": {},
  "verified": {
    "ch": {
      "cir": "main::ch",
      "rule": "exact"
    },
    "m_mutex0#1252": {
      "cir": "main::m",
      "rule": "exact"
    },
    "receiver#1519": {
      "cir": "main::receiver",
      "rule": "spawn-entry"
    },
    "sender#1388": {
      "cir": "main::sender",
      "rule": "spawn-entry"
    }
  },
  "violated": {}
}
