     Locking 1 package to highest compatible version
   Compiling concir_sync v0.1.0 (/Users/kevin/local-repos/ConcPlanVerify/runtime/concir_sync)
   Compiling probe v0.1.0 (/Users/kevin/local-repos/ConcPlanVerify/experiments/strong-link-v29-ablation/without_explore/lock-order__cross_module_cycle/glm-5.3-flash/G3_concir/rep0/code/round-2/source-proj)
error[E0596]: cannot borrow `guard_a` as mutable, as it is not declared as mutable
  --> src/main.rs:17:6
   |
17 |     *guard_a += 1;
   |      ^^^^^^^ cannot borrow as mutable
   |
help: consider changing this to be mutable
   |
12 |     let mut guard_a = a.lock().unwrap();
   |         +++

error[E0596]: cannot borrow `guard_b` as mutable, as it is not declared as mutable
  --> src/main.rs:18:6
   |
18 |     *guard_b += 1;
   |      ^^^^^^^ cannot borrow as mutable
   |
help: consider changing this to be mutable
   |
14 |     let mut guard_b = b.lock().unwrap();
   |         +++

error[E0596]: cannot borrow `guard_a` as mutable, as it is not declared as mutable
  --> src/main.rs:33:6
   |
33 |     *guard_a += 1;
   |      ^^^^^^^ cannot borrow as mutable
   |
help: consider changing this to be mutable
   |
28 |     let mut guard_a = a.lock().unwrap();
   |         +++

error[E0596]: cannot borrow `guard_b` as mutable, as it is not declared as mutable
  --> src/main.rs:34:6
   |
34 |     *guard_b += 1;
   |      ^^^^^^^ cannot borrow as mutable
   |
help: consider changing this to be mutable
   |
30 |     let mut guard_b = b.lock().unwrap();
   |         +++

For more information about this error, try `rustc --explain E0596`.
error: could not compile `probe` (bin "probe") due to 4 previous errors
warning: unused dependency `concir_sync`
  --> Cargo.toml:11:1
   |
11 | concir_sync = { path = "/Users/kevin/local-repos/ConcPlanVerify/runtime/concir_sync" }
   | ^^^^^^^^^^^^^^^^^^^^^^^^^^^^^^^^^^^^^^^^^^^^^^^^^^^^^^^^^^^^^^^^^^^^^^^^^^^^^^^^^^^^^^
   |
   = note: `cargo::unused_dependencies` is set to `warn` by default
help: consider removing the dependency on `concir_sync`
warning: `probe` (manifest) generated 1 warning
