{
  "attributes": [],
  "scope": "identity, channel-capacity attributes, and uncovered sync are separate; a conforming finite trace does not override a capacity conflict or an unknown capacity",
  "uncovered_sync": [],
  "unresolved": {
    "done_t1_mutex0#1108": {
      "candidates": [],
      "reason": "no structural evidence",
      "site": "1108"
    },
    "done_t2_mutex0#1154": {
      "candidates": [],
      "reason": "no structural evidence",
      "site": "1154"
    },
    "handle_t1#1307": {
      "entry": null,
      "reason": "thread entry is not unambiguous",
      "site": "1307"
    },
    "handle_t2#1989": {
      "entry": null,
      "reason": "thread entry is not unambiguous",
      "site": "1989"
    }
  },
  "verified": {
    "a_mutex0#961": {
      "cir": "main::a",
      "rule": "exact"
    },
    "b_mutex0#999": {
      "cir": "main::b",
      "rule": "exact"
    }
  },
  "violated": {}
}
