{
  "attributes": [],
  "scope": "identity, channel-capacity attributes, and uncovered sync are separate; a conforming finite trace does not override a capacity conflict or an unknown capacity",
  "uncovered_sync": [],
  "unresolved": {
    "receiver#1524": {
      "entry": null,
      "reason": "thread entry is not unambiguous",
      "site": "1524"
    },
    "res_mutex0#866": {
      "candidates": [],
      "reason": "no structural evidence",
      "site": "866"
    },
    "rx": {
      "reason": "channel endpoint has no channel token",
      "site": null
    },
    "sender#1032": {
      "entry": null,
      "reason": "thread entry is not unambiguous",
      "site": "1032"
    },
    "tx": {
      "reason": "channel endpoint has no channel token",
      "site": null
    }
  },
  "verified": {},
  "violated": {}
}
