{
  "attributes": [],
  "scope": "identity, channel-capacity attributes, and uncovered sync are separate; a conforming finite trace does not override a capacity conflict or an unknown capacity",
  "uncovered_sync": [],
  "unresolved": {},
  "verified": {
    "a_mutex0#669": {
      "cir": "main::a",
      "rule": "exact"
    },
    "b_mutex0#707": {
      "cir": "main::b",
      "rule": "exact"
    },
    "outer#777": {
      "cir": "main::outer",
      "rule": "spawn-entry"
    },
    "x1#447": {
      "cir": "main::x1",
      "rule": "spawn-entry"
    },
    "x2#543": {
      "cir": "main::x2",
      "rule": "spawn-entry"
    }
  },
  "violated": {}
}
