{
  "attributes": [
    {
      "construction_site": null,
      "evidence": "absent",
      "expected": "semaphore_initial",
      "expected_capacity": 0,
      "observed": null,
      "observed_capacity": null,
      "reason": "no used semaphore construction is bound to this CIR resource",
      "resource_id": "main::g12",
      "runtime": null,
      "status": "unknown"
    },
    {
      "construction_site": null,
      "evidence": "absent",
      "expected": "semaphore_initial",
      "expected_capacity": 0,
      "observed": null,
      "observed_capacity": null,
      "reason": "no used semaphore construction is bound to this CIR resource",
      "resource_id": "main::gN",
      "runtime": null,
      "status": "unknown"
    }
  ],
  "scope": "identity, channel-capacity attributes, and uncovered sync are separate; a conforming finite trace does not override a capacity conflict or an unknown capacity",
  "uncovered_sync": [],
  "unresolved": {
    "remaining#1824": {
      "candidates": [],
      "reason": "no structural evidence",
      "site": "1824"
    }
  },
  "verified": {
    "cv_condvar0#1711": {
      "cir": "main::cv",
      "rule": "exact"
    },
    "m_mutex0#1667": {
      "cir": "main::m",
      "rule": "exact"
    },
    "notifier#2406": {
      "cir": "main::notifier",
      "rule": "spawn-entry"
    },
    "w1#2006": {
      "cir": "main::w1",
      "rule": "spawn-entry"
    },
    "w2#2213": {
      "cir": "main::w2",
      "rule": "spawn-entry"
    }
  },
  "violated": {}
}
