{
  "attributes": [],
  "scope": "identity, channel-capacity attributes, and uncovered sync are separate; a conforming finite trace does not override a capacity conflict or an unknown capacity",
  "uncovered_sync": [],
  "unresolved": {
    "rx": {
      "reason": "channel endpoint has no channel token",
      "site": null
    },
    "tx": {
      "reason": "channel endpoint has no channel token",
      "site": null
    }
  },
  "verified": {
    "c#699": {
      "cir": "main::c",
      "rule": "exact"
    },
    "w1#827": {
      "cir": "main::w1",
      "rule": "spawn-entry"
    },
    "w2#928": {
      "cir": "main::w2",
      "rule": "spawn-entry"
    }
  },
  "violated": {}
}
