{
  "attributes": [
    {
      "construction_site": null,
      "evidence": "absent",
      "expected": "semaphore_initial",
      "expected_capacity": 0,
      "observed": null,
      "observed_capacity": null,
      "reason": "no used semaphore construction is bound to this CIR resource",
      "resource_id": "main::sa",
      "runtime": null,
      "status": "unknown"
    },
    {
      "construction_site": null,
      "evidence": "absent",
      "expected": "semaphore_initial",
      "expected_capacity": 0,
      "observed": null,
      "observed_capacity": null,
      "reason": "no used semaphore construction is bound to this CIR resource",
      "resource_id": "main::sb",
      "runtime": null,
      "status": "unknown"
    }
  ],
  "scope": "identity, channel-capacity attributes, and uncovered sync are separate; a conforming finite trace does not override a capacity conflict or an unknown capacity",
  "uncovered_sync": [],
  "unresolved": {
    "flag#4055": {
      "candidates": [],
      "reason": "no structural evidence",
      "site": "4055"
    },
    "lock_a_mutex0#3863": {
      "candidates": [],
      "reason": "no structural evidence",
      "site": "3863"
    },
    "lock_b_mutex0#3916": {
      "candidates": [],
      "reason": "no structural evidence",
      "site": "3916"
    }
  },
  "verified": {
    "a#4304": {
      "cir": "main::a",
      "rule": "spawn-entry"
    },
    "b#4518": {
      "cir": "main::b",
      "rule": "spawn-entry"
    },
    "bystander#4637": {
      "cir": "main::bystander",
      "rule": "spawn-entry"
    }
  },
  "violated": {}
}
