{
  "attributes": [],
  "scope": "identity, channel-capacity attributes, and uncovered sync are separate; a conforming finite trace does not override a capacity conflict or an unknown capacity",
  "uncovered_sync": [],
  "unresolved": {},
  "verified": {
    "a_mutex0#1619": {
      "cir": "m1::a",
      "rule": "exact"
    },
    "b_mutex0#1656": {
      "cir": "m2::b",
      "rule": "exact"
    },
    "t1#1756": {
      "cir": "m1::t1",
      "rule": "spawn-entry"
    },
    "t2#1896": {
      "cir": "m2::t2",
      "rule": "spawn-entry"
    }
  },
  "violated": {}
}
