{
  "binary_sha256": "bc4ea47ef9841b62637faef926ef94804b92a95c3ab39ee690f0e2cf08681e47",
  "bounded": true,
  "events": 896,
  "git_rev": "a35dc867d6327c772d48bd7c0473a6606fcc467a",
  "properties": [
    {
      "detail": "decided by behavior (hang/timeout) and Miri",
      "id": "no-deadlock",
      "kind": "deadlock_free",
      "req": [
        "R5",
        "R6",
        "R8",
        "R9"
      ],
      "source": "properties",
      "status": "deferred"
    },
    {
      "id": "main::t1 completes",
      "kind": "reachable",
      "req": [
        "R2",
        "R7",
        "R8"
      ],
      "source": "preserved",
      "status": "not_observed"
    },
    {
      "id": "other::t2 completes",
      "kind": "reachable",
      "req": [
        "R2",
        "R7",
        "R8"
      ],
      "source": "preserved",
      "status": "not_observed"
    },
    {
      "detail": "resource main::a not observed",
      "id": "main::t1 holds [main::a, other::b] at once",
      "kind": "reachable",
      "req": [
        "R1",
        "R3",
        "R4"
      ],
      "source": "preserved",
      "status": "unmapped"
    },
    {
      "detail": "resource main::a not observed",
      "id": "other::t2 holds [main::a, other::b] at once",
      "kind": "reachable",
      "req": [
        "R1",
        "R3",
        "R4"
      ],
      "source": "preserved",
      "status": "unmapped"
    }
  ],
  "resource_map": {
    "a_mutex0#1619": null,
    "b_mutex0#1656": null,
    "t1#1756": null,
    "t2#1896": null
  },
  "status": "ok",
  "traces": 32,
  "unmapped_resources": [
    "a_mutex0#1619",
    "b_mutex0#1656",
    "t1#1756",
    "t2#1896"
  ]
}
