{
  "attributes": [
    {
      "construction_site": null,
      "evidence": "absent",
      "expected": "semaphore_initial",
      "expected_capacity": 0,
      "observed": null,
      "observed_capacity": null,
      "reason": "no used semaphore construction is bound to this CIR resource",
      "resource_id": "main::sa",
      "runtime": null,
      "status": "unknown"
    },
    {
      "construction_site": null,
      "evidence": "absent",
      "expected": "semaphore_initial",
      "expected_capacity": 0,
      "observed": null,
      "observed_capacity": null,
      "reason": "no used semaphore construction is bound to this CIR resource",
      "resource_id": "main::sb",
      "runtime": null,
      "status": "unknown"
    }
  ],
  "scope": "identity, channel-capacity attributes, and uncovered sync are separate; a conforming finite trace does not override a capacity conflict or an unknown capacity",
  "uncovered_sync": [],
  "unresolved": {
    "_hby#2584": {
      "entry": null,
      "reason": "thread entry is not unambiguous",
      "site": "2584"
    },
    "forget#1142": {
      "entry": "forget",
      "reason": "thread entry is not unambiguous",
      "site": "1142"
    },
    "forget#1864": {
      "entry": "forget",
      "reason": "thread entry is not unambiguous",
      "site": "1864"
    },
    "res_semaphore0#803": {
      "reason": "semaphore initial value must come from the single construction that is acquired or released",
      "site": "803",
      "used_constructions": 0
    },
    "res_semaphore0#888": {
      "reason": "semaphore initial value must come from the single construction that is acquired or released",
      "site": "888",
      "used_constructions": 0
    }
  },
  "verified": {
    "a_mutex0#258": {
      "cir": "main::a",
      "rule": "exact"
    },
    "b_mutex0#298": {
      "cir": "main::b",
      "rule": "exact"
    }
  },
  "violated": {}
}
