{
  "attributes": [
    {
      "construction_site": "618",
      "evidence": "param_from_call",
      "expected": "rendezvous",
      "expected_capacity": 0,
      "observed": "rendezvous",
      "observed_capacity": 0,
      "reason": "source rendezvous matches CIR rendezvous",
      "resource_id": "main::ch1",
      "runtime": "ch1",
      "status": "match"
    },
    {
      "construction_site": "669",
      "evidence": "param_from_call",
      "expected": "rendezvous",
      "expected_capacity": 0,
      "observed": "rendezvous",
      "observed_capacity": 0,
      "reason": "source rendezvous matches CIR rendezvous",
      "resource_id": "main::ch2",
      "runtime": "ch2",
      "status": "match"
    }
  ],
  "scope": "identity, channel-capacity attributes, and uncovered sync are separate; a conforming finite trace does not override a capacity conflict or an unknown capacity",
  "uncovered_sync": [],
  "unresolved": {
    "shared_lock_mutex0#731": {
      "candidates": [],
      "reason": "no structural evidence",
      "site": "731"
    }
  },
  "verified": {
    "ch1": {
      "cir": "main::ch1",
      "rule": "exact"
    },
    "ch2": {
      "cir": "main::ch2",
      "rule": "exact"
    },
    "r#931": {
      "cir": "main::r",
      "rule": "spawn-entry"
    },
    "s#806": {
      "cir": "main::s",
      "rule": "spawn-entry"
    }
  },
  "violated": {}
}
