    Blocking waiting for file lock on package cache
     Locking 1 package to highest compatible version
    Blocking waiting for file lock on package cache
    Blocking waiting for file lock on package cache
    Blocking waiting for file lock on package cache
   Compiling concir_sync v0.1.0 (/Users/kevin/local-repos/ConcPlanVerify/runtime/concir_sync)
   Compiling probe v0.1.0 (/Users/kevin/local-repos/ConcPlanVerify/experiments/strong-link-v29-ablation/without_goal_gate/semaphore__permit_leak/glm-5.3-flash/G3_concir/rep0/code/round-1/proj)
warning: unused import: `std::thread`
 --> src/main.rs:3:5
  |
3 | use std::thread;
  |     ^^^^^^^^^^^
  |
  = note: `#[warn(unused_imports)]` (part of `#[warn(unused)]`) on by default

warning: value assigned to `work` is never read
 --> src/main.rs:8:5
  |
8 |     work = work + 1;
  |     ^^^^^^^^^^^^^^^
  |
  = help: maybe it is overwritten before being read?
  = note: `#[warn(unused_assignments)]` (part of `#[warn(unused)]`) on by default

warning: value assigned to `work` is never read
  --> src/main.rs:15:5
   |
15 |     work = work + 1;
   |     ^^^^^^^^^^^^^^^
   |
   = help: maybe it is overwritten before being read?

warning: `probe` (bin "probe") generated 3 warnings (run `cargo fix --bin "probe" -p probe` to apply 1 suggestion)
    Finished `dev` profile [unoptimized + debuginfo] target(s) in 0.34s
