    Blocking waiting for file lock on package cache
    Blocking waiting for file lock on package cache
     Locking 1 package to highest compatible version
    Blocking waiting for file lock on package cache
    Blocking waiting for file lock on package cache
   Compiling concir_sync v0.1.0 (/Users/kevin/local-repos/ConcPlanVerify/runtime/concir_sync)
   Compiling probe v0.1.0 (/Users/kevin/local-repos/ConcPlanVerify/experiments/strong-link-v29-ablation/without_goal_gate/semaphore__permit_leak/glm-5.3-flash/G3_concir/rep0/code/round-1/source-proj)
warning: value assigned to `work` is never read
 --> src/main.rs:7:5
  |
7 |     work = work + 1;
  |     ^^^^^^^^^^^^^^^
  |
  = help: maybe it is overwritten before being read?
  = note: `#[warn(unused_assignments)]` (part of `#[warn(unused)]`) on by default

warning: value assigned to `work` is never read
  --> src/main.rs:14:5
   |
14 |     work = work + 1;
   |     ^^^^^^^^^^^^^^^
   |
   = help: maybe it is overwritten before being read?

warning: `probe` (bin "probe") generated 2 warnings
    Finished `dev` profile [unoptimized + debuginfo] target(s) in 0.24s
