{
  "attributes": [],
  "scope": "identity, channel-capacity attributes, and uncovered sync are separate; a conforming finite trace does not override a capacity conflict or an unknown capacity",
  "uncovered_sync": [],
  "unresolved": {
    "h1#1111": {
      "entry": null,
      "reason": "thread entry is not unambiguous",
      "site": "1111"
    },
    "h2#1549": {
      "entry": null,
      "reason": "thread entry is not unambiguous",
      "site": "1549"
    },
    "h3#2116": {
      "entry": null,
      "reason": "thread entry is not unambiguous",
      "site": "2116"
    }
  },
  "verified": {
    "a_mutex0#888": {
      "cir": "main::a",
      "rule": "exact"
    },
    "b_mutex0#926": {
      "cir": "main::b",
      "rule": "exact"
    },
    "c_mutex0#964": {
      "cir": "main::c",
      "rule": "exact"
    }
  },
  "violated": {}
}
