     Locking 1 package to highest compatible version
   Compiling concir_sync v0.1.0 (/Users/kevin/local-repos/ConcPlanVerify/runtime/concir_sync)
   Compiling probe v0.1.0 (/Users/kevin/local-repos/ConcPlanVerify/experiments/strong-link-v29-online/lock-order__abba_2lock/gpt-6-luna/G3_concir/rep0/code/round-1/proj)
warning: unused import: `Condvar`
 --> src/main.rs:2:30
  |
2 | use cir_trace::sync::{Mutex, Condvar};
  |                              ^^^^^^^
  |
  = note: `#[warn(unused_imports)]` (part of `#[warn(unused)]`) on by default

warning: unused import: `std::thread`
 --> src/main.rs:4:5
  |
4 | use std::thread;
  |     ^^^^^^^^^^^

warning: unused variable: `work`
 --> src/main.rs:9:9
  |
9 |     let work = 1;
  |         ^^^^ help: if this is intentional, prefix it with an underscore: `_work`
  |
  = note: `#[warn(unused_variables)]` (part of `#[warn(unused)]`) on by default

warning: unused variable: `work`
  --> src/main.rs:17:9
   |
17 |     let work = 1;
   |         ^^^^ help: if this is intentional, prefix it with an underscore: `_work`

warning: `probe` (bin "probe") generated 4 warnings (run `cargo fix --bin "probe" -p probe` to apply 4 suggestions)
    Finished `dev` profile [unoptimized + debuginfo] target(s) in 0.30s
