{
  "analysis_started": true,
  "assumptions": {
    "no_spurious_wakeups": true,
    "sequential_consistency": true
  },
  "binary_sha256": "e0c7e3d122f2f08fd7483f248e9c263102d81964c8219b8a126b84d43cb41c0e",
  "boundary_events": [],
  "bounds": {
    "max_boundary_events": 256,
    "max_depth": 64,
    "max_frames_per_thread": 8,
    "max_states": 20000,
    "max_threads": 8
  },
  "complete": true,
  "contract_fingerprint": "93f4961bfa0a647e",
  "diagnostics": [],
  "git_rev": "a35dc867d6327c772d48bd7c0473a6606fcc467a",
  "invalid": [],
  "model_fingerprint": "70bfc9923b422ad8",
  "outcome": "PASS",
  "properties": [
    {
      "detail": "no deadlock state reachable",
      "id": "no-deadlock",
      "outcome": "PASS"
    },
    {
      "detail": "preserved reachability: completed(f1)",
      "id": "preserved: t1 completes",
      "outcome": "PASS"
    },
    {
      "detail": "preserved reachability: completed(f2)",
      "id": "preserved: t2 completes",
      "outcome": "PASS"
    },
    {
      "detail": "preserved reachability: completed(f3)",
      "id": "preserved: t3 completes",
      "outcome": "PASS"
    },
    {
      "detail": "preserved reachability: completed(f4)",
      "id": "preserved: t4 completes",
      "outcome": "PASS"
    },
    {
      "detail": "preserved reachability: holds_all(f1, [r0, r1])",
      "id": "preserved: main::t1 holds [a, b] at once",
      "outcome": "PASS"
    },
    {
      "detail": "preserved reachability: holds_all(f2, [r0, r1])",
      "id": "preserved: main::t2 holds [a, b] at once",
      "outcome": "PASS"
    },
    {
      "detail": "preserved reachability: holds_all(f3, [r2, r3])",
      "id": "preserved: main::t3 holds [c, d] at once",
      "outcome": "PASS"
    },
    {
      "detail": "preserved reachability: holds_all(f4, [r2, r3])",
      "id": "preserved: main::t4 holds [c, d] at once",
      "outcome": "PASS"
    }
  ],
  "states_explored": 2027,
  "transitions_explored": 5942,
  "unsupported": []
}
