{
  "attributes": [
    {
      "construction_site": "685",
      "evidence": "param_from_call",
      "expected": "rendezvous",
      "expected_capacity": 0,
      "observed": "rendezvous",
      "observed_capacity": 0,
      "reason": "source rendezvous matches CIR rendezvous",
      "resource_id": "main::ch1",
      "runtime": "ch1_rx",
      "status": "match"
    },
    {
      "construction_site": "685",
      "evidence": "param_from_call",
      "expected": "rendezvous",
      "expected_capacity": 0,
      "observed": "rendezvous",
      "observed_capacity": 0,
      "reason": "source rendezvous matches CIR rendezvous",
      "resource_id": "main::ch1",
      "runtime": "ch1_tx",
      "status": "match"
    },
    {
      "construction_site": "736",
      "evidence": "param_from_call",
      "expected": "rendezvous",
      "expected_capacity": 0,
      "observed": "rendezvous",
      "observed_capacity": 0,
      "reason": "source rendezvous matches CIR rendezvous",
      "resource_id": "main::ch2",
      "runtime": "ch2_rx",
      "status": "match"
    },
    {
      "construction_site": "736",
      "evidence": "param_from_call",
      "expected": "rendezvous",
      "expected_capacity": 0,
      "observed": "rendezvous",
      "observed_capacity": 0,
      "reason": "source rendezvous matches CIR rendezvous",
      "resource_id": "main::ch2",
      "runtime": "ch2_tx",
      "status": "match"
    }
  ],
  "scope": "identity, channel-capacity attributes, and uncovered sync are separate; a conforming finite trace does not override a capacity conflict or an unknown capacity",
  "uncovered_sync": [],
  "unresolved": {
    "m_mutex0#648": {
      "candidates": [],
      "reason": "no structural evidence",
      "site": "648"
    }
  },
  "verified": {
    "ch1_rx": {
      "cir": "main::ch1",
      "rule": "channel-name"
    },
    "ch1_tx": {
      "cir": "main::ch1",
      "rule": "channel-name"
    },
    "ch2_rx": {
      "cir": "main::ch2",
      "rule": "channel-name"
    },
    "ch2_tx": {
      "cir": "main::ch2",
      "rule": "channel-name"
    },
    "r#898": {
      "cir": "main::r",
      "rule": "spawn-entry"
    },
    "s#805": {
      "cir": "main::s",
      "rule": "spawn-entry"
    }
  },
  "violated": {}
}
