{
  "attributes": [
    {
      "construction_site": null,
      "evidence": "absent",
      "expected": "rendezvous",
      "expected_capacity": 0,
      "observed": null,
      "observed_capacity": null,
      "reason": "no single traced construction for this endpoint",
      "resource_id": "main::ch1",
      "runtime": "ch1_rx",
      "status": "unknown"
    },
    {
      "construction_site": null,
      "evidence": "absent",
      "expected": "rendezvous",
      "expected_capacity": 0,
      "observed": null,
      "observed_capacity": null,
      "reason": "no single traced construction for this endpoint",
      "resource_id": "main::ch1",
      "runtime": "ch1_tx",
      "status": "unknown"
    },
    {
      "construction_site": null,
      "evidence": "absent",
      "expected": "rendezvous",
      "expected_capacity": 0,
      "observed": null,
      "observed_capacity": null,
      "reason": "no single traced construction for this endpoint",
      "resource_id": "main::ch2",
      "runtime": "ch2_rx",
      "status": "unknown"
    },
    {
      "construction_site": null,
      "evidence": "absent",
      "expected": "rendezvous",
      "expected_capacity": 0,
      "observed": null,
      "observed_capacity": null,
      "reason": "no single traced construction for this endpoint",
      "resource_id": "main::ch2",
      "runtime": "ch2_tx",
      "status": "unknown"
    }
  ],
  "scope": "identity, channel-capacity attributes, and uncovered sync are separate; a conforming finite trace does not override a capacity conflict or an unknown capacity",
  "uncovered_sync": [],
  "unresolved": {
    "r#1690": {
      "entry": null,
      "reason": "thread entry is not unambiguous",
      "site": "1690"
    },
    "res_mutex0#831": {
      "candidates": [],
      "reason": "no structural evidence",
      "site": "831"
    },
    "s#1140": {
      "entry": null,
      "reason": "thread entry is not unambiguous",
      "site": "1140"
    }
  },
  "verified": {
    "ch1_rx": {
      "cir": "main::ch1",
      "rule": "channel-name"
    },
    "ch1_tx": {
      "cir": "main::ch1",
      "rule": "channel-name"
    },
    "ch2_rx": {
      "cir": "main::ch2",
      "rule": "channel-name"
    },
    "ch2_tx": {
      "cir": "main::ch2",
      "rule": "channel-name"
    }
  },
  "violated": {}
}
