{
  "binary_sha256": "e0c7e3d122f2f08fd7483f248e9c263102d81964c8219b8a126b84d43cb41c0e",
  "bounded": true,
  "events": 253,
  "git_rev": "a35dc867d6327c772d48bd7c0473a6606fcc467a",
  "properties": [
    {
      "detail": "decided by behavior (hang/timeout) and Miri",
      "id": "no-deadlock",
      "kind": "deadlock_free",
      "req": [
        "R6",
        "R7"
      ],
      "source": "properties",
      "status": "deferred"
    },
    {
      "detail": "var_eq needs value events not present in the stream",
      "id": "ready-set",
      "kind": "reachability",
      "req": [
        "R3",
        "R4",
        "R8",
        "R9"
      ],
      "source": "properties",
      "status": "unsupported"
    },
    {
      "id": "main::waiter completes",
      "kind": "reachable",
      "req": [
        "R1",
        "R4",
        "R5",
        "R6",
        "R7",
        "R9"
      ],
      "source": "preserved",
      "status": "PASS_bounded"
    },
    {
      "id": "main::notifier completes",
      "kind": "reachable",
      "req": [
        "R1",
        "R3",
        "R7"
      ],
      "source": "preserved",
      "status": "PASS_bounded"
    },
    {
      "detail": "var_eq needs value events not present in the stream",
      "id": "main::ready == True",
      "kind": "reachable",
      "req": [
        "R3",
        "R8"
      ],
      "source": "preserved",
      "status": "unsupported"
    }
  ],
  "resource_map": {
    "cv_condvar0#562": null,
    "m_mutex0#518": null,
    "notifier#822": "main::notifier",
    "waiter#667": "main::waiter"
  },
  "status": "ok",
  "traces": 32,
  "unmapped_resources": [
    "cv_condvar0#562",
    "m_mutex0#518"
  ]
}
