     Locking 1 package to highest compatible version
   Compiling concir_sync v0.1.0 (/Users/kevin/local-repos/ConcPlanVerify/runtime/concir_sync)
   Compiling probe v0.1.0 (/Users/kevin/local-repos/ConcPlanVerify/experiments/strong-link-v26-batch-4/structure__finite_call_loop/glm-5.3-flash/G3_concir/rep0/code/round-1/source-proj)
error[E0384]: cannot assign twice to immutable variable `work`
 --> src/main.rs:3:5
  |
2 |     let work: i64 = 0;
  |         ---- first assignment to `work`
3 |     work = 1;
  |     ^^^^^^^^ cannot assign twice to immutable variable
  |
help: consider making this binding mutable
  |
2 |     let mut work: i64 = 0;
  |         +++

warning: variable `work` is assigned to, but never used
 --> src/main.rs:2:9
  |
2 |     let work: i64 = 0;
  |         ^^^^
  |
  = note: consider using `_work` instead
  = note: `#[warn(unused_variables)]` (part of `#[warn(unused)]`) on by default

warning: value assigned to `work` is never read
 --> src/main.rs:3:5
  |
3 |     work = 1;
  |     ^^^^^^^^
  |
  = help: maybe it is overwritten before being read?
  = note: `#[warn(unused_assignments)]` (part of `#[warn(unused)]`) on by default

For more information about this error, try `rustc --explain E0384`.
warning: `probe` (bin "probe") generated 2 warnings
error: could not compile `probe` (bin "probe") due to 1 previous error; 2 warnings emitted
warning: unused dependency `concir_sync`
  --> Cargo.toml:11:1
   |
11 | concir_sync = { path = "/Users/kevin/local-repos/ConcPlanVerify/runtime/concir_sync" }
   | ^^^^^^^^^^^^^^^^^^^^^^^^^^^^^^^^^^^^^^^^^^^^^^^^^^^^^^^^^^^^^^^^^^^^^^^^^^^^^^^^^^^^^^
   |
   = note: `cargo::unused_dependencies` is set to `warn` by default
help: consider removing the dependency on `concir_sync`
warning: `probe` (manifest) generated 1 warning
