{
  "binary_sha256": "2b59d7df842dde2ac2e275080c61c64d41a0a5e723eb1e0f2f4e5376a4d67694",
  "bounded": true,
  "events": 384,
  "git_rev": "a35dc867d6327c772d48bd7c0473a6606fcc467a",
  "properties": [
    {
      "detail": "decided by behavior (hang/timeout) and Miri",
      "id": "no-deadlock",
      "kind": "deadlock_free",
      "req": [
        "R3",
        "R4",
        "R5",
        "R6",
        "R7"
      ],
      "source": "properties",
      "status": "deferred"
    },
    {
      "id": "main::sender completes",
      "kind": "reachable",
      "req": [
        "R1",
        "R3",
        "R5",
        "R6"
      ],
      "source": "preserved",
      "status": "PASS_bounded"
    },
    {
      "id": "main::receiver completes",
      "kind": "reachable",
      "req": [
        "R1",
        "R3",
        "R5",
        "R6"
      ],
      "source": "preserved",
      "status": "PASS_bounded"
    }
  ],
  "resource_map": {
    "m_mutex0#515": null,
    "receiver#692": "main::receiver",
    "rx": null,
    "sender#621": "main::sender",
    "tx": null
  },
  "status": "ok",
  "traces": 32,
  "unmapped_resources": [
    "m_mutex0#515",
    "rx",
    "tx"
  ]
}
