{
  "attributes": [],
  "scope": "identity, channel-capacity attributes, and uncovered sync are separate; a conforming finite trace does not override a capacity conflict or an unknown capacity",
  "uncovered_sync": [],
  "unresolved": {
    "rx": {
      "reason": "channel endpoint has no channel token",
      "site": null
    },
    "touch_lock#2234": {
      "entry": "touch_lock",
      "reason": "thread entry is not unambiguous",
      "site": "2234"
    },
    "touch_lock#2856": {
      "entry": "touch_lock",
      "reason": "thread entry is not unambiguous",
      "site": "2856"
    },
    "tx": {
      "reason": "channel endpoint has no channel token",
      "site": null
    }
  },
  "verified": {
    "m_mutex0#2140": {
      "cir": "main::m",
      "rule": "exact"
    }
  },
  "violated": {}
}
