     Locking 1 package to highest compatible version
   Compiling concir_sync v0.1.0 (/Users/kevin/local-repos/ConcPlanVerify/runtime/concir_sync)
   Compiling probe v0.1.0 (/Users/kevin/local-repos/ConcPlanVerify/experiments/evidence-20260925/reeval/work/rep2/condvar__notify_one_multi_waiter_wrong_pick/G0_direct/original)
warning: variable `gN` should have a snake case name
  --> src/main.rs:38:9
   |
38 |     let gN = Arc::new(Semaphore::new(0));
   |         ^^ help: convert the identifier to snake case: `g_n`
   |
   = note: `#[warn(non_snake_case)]` (part of `#[warn(nonstandard_style)]`) on by default

warning: variable `gN_1` should have a snake case name
  --> src/main.rs:46:9
   |
46 |     let gN_1 = Arc::clone(&gN);
   |         ^^^^ help: convert the identifier to snake case: `g_n_1`

warning: variable `gN_2` should have a snake case name
  --> src/main.rs:73:9
   |
73 |     let gN_2 = Arc::clone(&gN);
   |         ^^^^ help: convert the identifier to snake case: `g_n_2`

warning: variable `mN` should have a snake case name
  --> src/main.rs:91:9
   |
91 |     let mN = Arc::clone(&m);
   |         ^^ help: convert the identifier to snake case: `m_n`

warning: variable `cvN` should have a snake case name
  --> src/main.rs:92:9
   |
92 |     let cvN = Arc::clone(&cv);
   |         ^^^ help: convert the identifier to snake case: `cv_n`

warning: variable `g12N` should have a snake case name
  --> src/main.rs:93:9
   |
93 |     let g12N = Arc::clone(&g12);
   |         ^^^^ help: convert the identifier to snake case: `g12_n`

warning: variable `gNN` should have a snake case name
  --> src/main.rs:94:9
   |
94 |     let gNN = Arc::clone(&gN);
   |         ^^^ help: convert the identifier to snake case: `g_nn`

warning: variable `wbN` should have a snake case name
  --> src/main.rs:95:9
   |
95 |     let wbN = Arc::clone(&waiters_blocked);
   |         ^^^ help: convert the identifier to snake case: `wb_n`

warning: `probe` (bin "probe") generated 8 warnings
warning: unused dependency `concir_sync`
  --> Cargo.toml:11:1
   |
11 | concir_sync = { path = "/Users/kevin/local-repos/ConcPlanVerify/runtime/concir_sync" }
   | ^^^^^^^^^^^^^^^^^^^^^^^^^^^^^^^^^^^^^^^^^^^^^^^^^^^^^^^^^^^^^^^^^^^^^^^^^^^^^^^^^^^^^^
   |
   = note: `cargo::unused_dependencies` is set to `warn` by default
help: consider removing the dependency on `concir_sync`
warning: `probe` (manifest) generated 1 warning
    Finished `dev` profile [unoptimized + debuginfo] target(s) in 0.23s
