     Locking 1 package to highest compatible version
   Compiling concir_sync v0.1.0 (/Users/kevin/local-repos/ConcPlanVerify/runtime/concir_sync)
   Compiling probe v0.1.0 (/Users/kevin/local-repos/ConcPlanVerify/experiments/strong-link-v29-ablation/full/semaphore__permit_leak/gpt-6-luna/G3_concir/rep0/code/round-1/source-proj)
warning: value assigned to `work` is never read
 --> src/main.rs:8:5
  |
8 |     work = work + 1;
  |     ^^^^^^^^^^^^^^^
  |
  = help: maybe it is overwritten before being read?
  = note: `#[warn(unused_assignments)]` (part of `#[warn(unused)]`) on by default

warning: value assigned to `work` is never read
  --> src/main.rs:15:5
   |
15 |     work = work + 1;
   |     ^^^^^^^^^^^^^^^
   |
   = help: maybe it is overwritten before being read?

warning: `probe` (bin "probe") generated 2 warnings
    Finished `dev` profile [unoptimized + debuginfo] target(s) in 0.21s
