nnecessary parentheses around assigned value
  --> src/main.rs:65:23
   |
65 |                 _l0 = (_l0 + 1);
   |                       ^       ^
   |
   = note: `#[warn(unused_parens)]` (part of `#[warn(unused)]`) on by default
help: remove these parentheses
   |
65 -                 _l0 = (_l0 + 1);
65 +                 _l0 = _l0 + 1;
   |

warning: unnecessary parentheses around assigned value
   --> src/main.rs:109:23
    |
109 |                 _l0 = (_l0 + 1);
    |                       ^       ^
    |
help: remove these parentheses
    |
109 -                 _l0 = (_l0 + 1);
109 +                 _l0 = _l0 + 1;
    |

warning: unnecessary parentheses around assigned value
   --> src/main.rs:144:23
    |
144 |                 _l1 = (_l0 + 1);
    |                       ^       ^
    |
help: remove these parentheses
    |
144 -                 _l1 = (_l0 + 1);
144 +                 _l1 = _l0 + 1;
    |

Some errors have detailed explanations: E0425, E0428, E0433.
For more information about an error, try `rustc --explain E0425`.
warning: `probe` (bin "probe") generated 4 warnings
error: could not compile `probe` (bin "probe") due to 10 previous errors; 4 warnings emitted
