     Locking 1 package to highest compatible version
   Compiling concir_sync v0.1.0 (/Users/kevin/local-repos/ConcPlanVerify/runtime/concir_sync)
   Compiling probe v0.1.0 (/Users/kevin/local-repos/ConcPlanVerify/experiments/evidence-20260925/reeval/work/rep0/structure__worker_with_payload/G3_codegen/original)
error[E0583]: file not found for module `cir_trace`
 --> src/main.rs:2:1
  |
2 | mod cir_trace;
  | ^^^^^^^^^^^^^^
  |
  = help: to create the module `cir_trace`, create file "src/cir_trace.rs" or "src/cir_trace/mod.rs"
  = note: if there is a `mod cir_trace` elsewhere in the crate already, import it with `use crate::...` instead

warning: unused import: `Condvar`
 --> src/main.rs:3:22
  |
3 | use std::sync::{Arc, Condvar, Mutex};
  |                      ^^^^^^^
  |
  = note: `#[warn(unused_imports)]` (part of `#[warn(unused)]`) on by default

warning: unnecessary parentheses around assigned value
  --> src/main.rs:63:23
   |
63 |                 _l0 = (_l0 + 1);
   |                       ^       ^
   |
   = note: `#[warn(unused_parens)]` (part of `#[warn(unused)]`) on by default
help: remove these parentheses
   |
63 -                 _l0 = (_l0 + 1);
63 +                 _l0 = _l0 + 1;
   |

warning: unnecessary parentheses around assigned value
   --> src/main.rs:107:23
    |
107 |                 _l0 = (_l0 + 1);
    |                       ^       ^
    |
help: remove these parentheses
    |
107 -                 _l0 = (_l0 + 1);
107 +                 _l0 = _l0 + 1;
    |

warning: unnecessary parentheses around assigned value
   --> src/main.rs:142:23
    |
142 |                 _l1 = (_l0 + 1);
    |                       ^       ^
    |
help: remove these parentheses
    |
142 -                 _l1 = (_l0 + 1);
142 +                 _l1 = _l0 + 1;
    |

warning: unused variable: `shared`
   --> src/main.rs:128:30
    |
128 |     pub(crate) fn cf_compute(shared: crate::Shared, tag: &str) {
    |                              ^^^^^^ help: if this is intentional, prefix it with an underscore: `_shared`
    |
    = note: `#[warn(unused_variables)]` (part of `#[warn(unused)]`) on by default

warning: unused variable: `tag`
   --> src/main.rs:128:53
    |
128 |     pub(crate) fn cf_compute(shared: crate::Shared, tag: &str) {
    |                                                     ^^^ help: if this is intentional, prefix it with an underscore: `_tag`

For more information about this error, try `rustc --explain E0583`.
warning: `probe` (bin "probe") generated 6 warnings
error: could not compile `probe` (bin "probe") due to 1 previous error; 6 warnings emitted
warning: unused dependency `concir_sync`
  --> Cargo.toml:11:1
   |
11 | concir_sync = { path = "/Users/kevin/local-repos/ConcPlanVerify/runtime/concir_sync" }
   | ^^^^^^^^^^^^^^^^^^^^^^^^^^^^^^^^^^^^^^^^^^^^^^^^^^^^^^^^^^^^^^^^^^^^^^^^^^^^^^^^^^^^^^
   |
   = note: `cargo::unused_dependencies` is set to `warn` by default
help: consider removing the dependency on `concir_sync`
warning: `probe` (manifest) generated 1 warning
