{
  "analysis_started": true,
  "assumptions": {
    "no_spurious_wakeups": true,
    "sequential_consistency": true
  },
  "binary_sha256": "bc4ea47ef9841b62637faef926ef94804b92a95c3ab39ee690f0e2cf08681e47",
  "boundary_events": [],
  "bounds": {
    "max_boundary_events": 256,
    "max_depth": 64,
    "max_frames_per_thread": 8,
    "max_states": 20000,
    "max_threads": 8
  },
  "complete": true,
  "contract_fingerprint": "d0fd79ee9220080e",
  "diagnostics": [],
  "git_rev": "a35dc867d6327c772d48bd7c0473a6606fcc467a",
  "invalid": [],
  "model_fingerprint": "50678875411fb5dd",
  "outcome": "PASS",
  "properties": [
    {
      "detail": "no deadlock state reachable",
      "id": "no-deadlock",
      "outcome": "PASS"
    },
    {
      "detail": "preserved reachability: completed(f1)",
      "id": "preserved: main::t1 completes",
      "outcome": "PASS"
    },
    {
      "detail": "preserved reachability: completed(f2)",
      "id": "preserved: other::t2 completes",
      "outcome": "PASS"
    },
    {
      "detail": "preserved reachability: holds_all(f1, [r0, r1])",
      "id": "preserved: main::t1 holds [main::a, other::b] at once",
      "outcome": "PASS"
    },
    {
      "detail": "preserved reachability: holds_all(f2, [r0, r1])",
      "id": "preserved: other::t2 holds [main::a, other::b] at once",
      "outcome": "PASS"
    }
  ],
  "states_explored": 39,
  "transitions_explored": 56,
  "unsupported": []
}
