{
  "attributes": [],
  "scope": "identity, channel-capacity attributes, and uncovered sync are separate; a conforming finite trace does not override a capacity conflict or an unknown capacity",
  "uncovered_sync": [],
  "unresolved": {
    "ready#1081": {
      "candidates": [],
      "reason": "no structural evidence",
      "site": "1081"
    }
  },
  "verified": {
    "cv#1114": {
      "cir": "main::cv",
      "rule": "exact"
    },
    "notifier#1396": {
      "cir": "main::notifier",
      "rule": "spawn-entry"
    },
    "waiter#1273": {
      "cir": "main::waiter",
      "rule": "spawn-entry"
    }
  },
  "violated": {}
}
