{
  "attributes": [
    {
      "construction_site": null,
      "evidence": "absent",
      "expected": "semaphore_initial",
      "expected_capacity": 2,
      "observed": null,
      "observed_capacity": null,
      "reason": "no used semaphore construction is bound to this CIR resource",
      "resource_id": "main::s",
      "runtime": null,
      "status": "unknown"
    }
  ],
  "scope": "identity, channel-capacity attributes, and uncovered sync are separate; a conforming finite trace does not override a capacity conflict or an unknown capacity",
  "uncovered_sync": [],
  "unresolved": {
    "worker#1269": {
      "entry": "worker",
      "reason": "thread entry is not unambiguous",
      "site": "1269"
    },
    "worker#1354": {
      "entry": "worker",
      "reason": "thread entry is not unambiguous",
      "site": "1354"
    },
    "worker#1439": {
      "entry": "worker",
      "reason": "thread entry is not unambiguous",
      "site": "1439"
    }
  },
  "verified": {},
  "violated": {}
}
