{
  "binary_sha256": "e0c7e3d122f2f08fd7483f248e9c263102d81964c8219b8a126b84d43cb41c0e",
  "bounded": true,
  "events": 64,
  "git_rev": "a35dc867d6327c772d48bd7c0473a6606fcc467a",
  "properties": [
    {
      "detail": "decided by behavior (hang/timeout) and Miri",
      "id": "deadlock",
      "kind": "deadlock_free",
      "req": [
        "R3",
        "R4",
        "R5"
      ],
      "source": "properties",
      "status": "deferred"
    }
  ],
  "resource_map": {
    "h1#59": null,
    "h2#140": null
  },
  "status": "ok",
  "traces": 32,
  "unmapped_resources": [
    "h1#59",
    "h2#140"
  ]
}
