     Locking 1 package to highest compatible version
   Compiling concir_sync v0.1.0 (/Users/kevin/local-repos/ConcPlanVerify/runtime/concir_sync)
   Compiling probe v0.1.0 (/Users/kevin/local-repos/ConcPlanVerify/experiments/strong-link-v29-ablation/without_explore/condvar__notify_one_multi_waiter_wrong_pick/gpt-6-luna/G3_concir/rep0/code/round-3/source-proj)
error[E0597]: `g12` does not live long enough
   --> src/main.rs:65:23
    |
 63 |     let g12 = Semaphore::new(2);
    |         --- binding `g12` declared here
 64 |     let g_n = Semaphore::new(2);
 65 |     let g12_permit1 = g12.acquire();
    |                       ^^^ borrowed value does not live long enough
...
 74 |         thread::spawn(move || w1(m, cv, g12_permit1, g_n))
    |         -------------------------------------------------- argument requires that `g12` is borrowed for `'static`
...
 98 | }
    | - `g12` dropped here while still borrowed
    |
note: requirement that the value outlives `'static` introduced here
   --> /Users/kevin/.rustup/toolchains/nightly-aarch64-apple-darwin/lib/rustlib/src/rust/library/std/src/thread/functions.rs:128:15
    |
128 |     F: Send + 'static,
    |               ^^^^^^^

error[E0597]: `g12` does not live long enough
   --> src/main.rs:66:23
    |
 63 |     let g12 = Semaphore::new(2);
    |         --- binding `g12` declared here
...
 66 |     let g12_permit2 = g12.acquire();
    |                       ^^^ borrowed value does not live long enough
...
 81 |         thread::spawn(move || w2(m, cv, g12_permit2, g_n))
    |         -------------------------------------------------- argument requires that `g12` is borrowed for `'static`
...
 98 | }
    | - `g12` dropped here while still borrowed
    |
note: requirement that the value outlives `'static` introduced here
   --> /Users/kevin/.rustup/toolchains/nightly-aarch64-apple-darwin/lib/rustlib/src/rust/library/std/src/thread/functions.rs:128:15
    |
128 |     F: Send + 'static,
    |               ^^^^^^^

error[E0597]: `g_n` does not live long enough
   --> src/main.rs:67:23
    |
 64 |       let g_n = Semaphore::new(2);
    |           --- binding `g_n` declared here
...
 67 |       let g_n_permit1 = g_n.acquire();
    |                         ^^^ borrowed value does not live long enough
...
 88 | /         thread::spawn(move || {
 89 | |             notifier(m, cv, g12, g_n_permit1, g_n_permit2)
 90 | |         })
    | |__________- argument requires that `g_n` is borrowed for `'static`
...
 98 |   }
    |   - `g_n` dropped here while still borrowed
    |
note: requirement that the value outlives `'static` introduced here
   --> /Users/kevin/.rustup/toolchains/nightly-aarch64-apple-darwin/lib/rustlib/src/rust/library/std/src/thread/functions.rs:128:15
    |
128 |     F: Send + 'static,
    |               ^^^^^^^

error[E0597]: `g_n` does not live long enough
   --> src/main.rs:68:23
    |
 64 |       let g_n = Semaphore::new(2);
    |           --- binding `g_n` declared here
...
 68 |       let g_n_permit2 = g_n.acquire();
    |                         ^^^ borrowed value does not live long enough
...
 88 | /         thread::spawn(move || {
 89 | |             notifier(m, cv, g12, g_n_permit1, g_n_permit2)
 90 | |         })
    | |__________- argument requires that `g_n` is borrowed for `'static`
...
 98 |   }
    |   - `g_n` dropped here while still borrowed
    |
note: requirement that the value outlives `'static` introduced here
   --> /Users/kevin/.rustup/toolchains/nightly-aarch64-apple-darwin/lib/rustlib/src/rust/library/std/src/thread/functions.rs:128:15
    |
128 |     F: Send + 'static,
    |               ^^^^^^^

For more information about this error, try `rustc --explain E0597`.
error: could not compile `probe` (bin "probe") due to 4 previous errors
