   Compiling probe v0.1.0 (/Users/kevin/local-repos/ConcPlanVerify/experiments/strong-link-v28/replay-work/new/lock-order__abba_2lock__gpt-6-luna__G3_concir/proj)
warning: unused import: `Condvar`
 --> src/main.rs:2:30
  |
2 | use cir_trace::sync::{Mutex, Condvar};
  |                              ^^^^^^^
  |
  = note: `#[warn(unused_imports)]` (part of `#[warn(unused)]`) on by default

warning: unused import: `std::thread`
 --> src/main.rs:4:5
  |
4 | use std::thread;
  |     ^^^^^^^^^^^

warning: value assigned to `critical_work` is never read
  --> src/main.rs:10:29
   |
10 |     let mut critical_work = 0;
   |                             ^ this value is reassigned later and never used
11 |     critical_work = 1;
   |     ----------------- `critical_work` is overwritten here before the previous value is read
   |
   = note: `#[warn(unused_assignments)]` (part of `#[warn(unused)]`) on by default

warning: value assigned to `critical_work` is never read
  --> src/main.rs:22:29
   |
22 |     let mut critical_work = 0;
   |                             ^ this value is reassigned later and never used
23 |     critical_work = 1;
   |     ----------------- `critical_work` is overwritten here before the previous value is read

warning: `probe` (bin "probe") generated 4 warnings (run `cargo fix --bin "probe" -p probe` to apply 2 suggestions)
    Finished `dev` profile [unoptimized + debuginfo] target(s) in 0.13s
