{
  "attributes": [
    {
      "construction_site": null,
      "evidence": "absent",
      "expected": "semaphore_initial",
      "expected_capacity": 1,
      "observed": null,
      "observed_capacity": null,
      "reason": "no used semaphore construction is bound to this CIR resource",
      "resource_id": "main::s",
      "runtime": null,
      "status": "unknown"
    }
  ],
  "scope": "identity, channel-capacity attributes, and uncovered sync are separate; a conforming finite trace does not override a capacity conflict or an unknown capacity",
  "uncovered_sync": [],
  "unresolved": {
    "s_semaphore0#515": {
      "reason": "semaphore initial value must come from the single construction that is acquired or released",
      "site": "515",
      "used_constructions": 0
    },
    "w1#726": {
      "entry": "w1",
      "reason": "thread entry is not unambiguous",
      "site": "726"
    },
    "w2#814": {
      "entry": "w2",
      "reason": "thread entry is not unambiguous",
      "site": "814"
    },
    "w3#902": {
      "entry": "w3",
      "reason": "thread entry is not unambiguous",
      "site": "902"
    }
  },
  "verified": {
    "w1#682": {
      "cir": "main::w1",
      "rule": "spawn-entry"
    },
    "w2#770": {
      "cir": "main::w2",
      "rule": "spawn-entry"
    },
    "w3#858": {
      "cir": "main::w3",
      "rule": "spawn-entry"
    }
  },
  "violated": {}
}
