{
  "analysis_started": true,
  "assumptions": {
    "no_spurious_wakeups": true,
    "sequential_consistency": true
  },
  "binary_sha256": "e0c7e3d122f2f08fd7483f248e9c263102d81964c8219b8a126b84d43cb41c0e",
  "boundary_events": [
    {
      "detail": "state limit 20000 reached",
      "frame": null,
      "function": null,
      "kind": "state_limit",
      "thread": null
    }
  ],
  "bounds": {
    "max_boundary_events": 256,
    "max_depth": 64,
    "max_frames_per_thread": 8,
    "max_states": 20000,
    "max_threads": 8
  },
  "complete": false,
  "contract_fingerprint": "177f9a4a16644c1b",
  "diagnostics": [],
  "git_rev": "a35dc867d6327c772d48bd7c0473a6606fcc467a",
  "invalid": [],
  "model_fingerprint": "9cfd24c3dc466d43",
  "outcome": "UNKNOWN",
  "properties": [
    {
      "detail": "no deadlock found, but the search was incomplete",
      "id": "no-deadlock",
      "outcome": "UNKNOWN"
    },
    {
      "detail": "preserved reachability: completed(f1)",
      "id": "preserved: main::w1 completes",
      "outcome": "PASS"
    },
    {
      "detail": "preserved reachability: completed(f2)",
      "id": "preserved: main::w2 completes",
      "outcome": "PASS"
    },
    {
      "detail": "preserved reachability: completed(f3)",
      "id": "preserved: main::w3 completes",
      "outcome": "PASS"
    }
  ],
  "states_explored": 20000,
  "transitions_explored": 45342,
  "unsupported": []
}
