{
  "analysis_started": true,
  "assumptions": {
    "no_spurious_wakeups": true,
    "sequential_consistency": true
  },
  "binary_sha256": "21c30dd62c22c468ed164d293633b38c9879c7be0322fbbd1dd5546899d5aed9",
  "boundary_events": [],
  "bounds": {
    "max_boundary_events": 256,
    "max_depth": 64,
    "max_frames_per_thread": 8,
    "max_states": 20000,
    "max_threads": 8
  },
  "complete": true,
  "contract_fingerprint": "177f9a4a16644c1b",
  "diagnostics": [],
  "git_rev": "a35dc867d6327c772d48bd7c0473a6606fcc467a",
  "invalid": [],
  "model_fingerprint": "52cfd1ad0c15cca3",
  "outcome": "PASS",
  "properties": [
    {
      "detail": "no deadlock state reachable",
      "id": "no-deadlock",
      "outcome": "PASS"
    },
    {
      "detail": "preserved reachability: completed(f1)",
      "id": "preserved: main::w1 completes",
      "outcome": "PASS"
    },
    {
      "detail": "preserved reachability: completed(f2)",
      "id": "preserved: main::w2 completes",
      "outcome": "PASS"
    },
    {
      "detail": "preserved reachability: completed(f3)",
      "id": "preserved: main::w3 completes",
      "outcome": "PASS"
    }
  ],
  "states_explored": 116,
  "transitions_explored": 239,
  "unsupported": []
}
