     Locking 1 package to highest compatible version
   Compiling concir_sync v0.1.0 (/Users/kevin/local-repos/ConcPlanVerify/runtime/concir_sync)
   Compiling probe v0.1.0 (/Users/kevin/local-repos/ConcPlanVerify/experiments/strong-link-v29-online/condvar__notify_one_multi_waiter_wrong_pick/gpt-6-luna/G3_concir/rep0/code/round-1/source-proj)
warning: variable `_gN` should have a snake case name
 --> src/main.rs:5:68
  |
5 | fn w1(m: Arc<Mutex<bool>>, cv: Arc<Condvar>, _g12: Arc<Semaphore>, _gN: Arc<Semaphore>) {
  |                                                                    ^^^ help: convert the identifier to snake case: `_g_n`
  |
  = note: `#[warn(non_snake_case)]` (part of `#[warn(nonstandard_style)]`) on by default

warning: variable `_gN` should have a snake case name
  --> src/main.rs:12:68
   |
12 | fn w2(m: Arc<Mutex<bool>>, cv: Arc<Condvar>, _g12: Arc<Semaphore>, _gN: Arc<Semaphore>) {
   |                                                                    ^^^ help: convert the identifier to snake case: `_g_n`

warning: variable `_gN` should have a snake case name
  --> src/main.rs:19:74
   |
19 | fn notifier(m: Arc<Mutex<bool>>, cv: Arc<Condvar>, _g12: Arc<Semaphore>, _gN: Arc<Semaphore>) {
   |                                                                          ^^^ help: convert the identifier to snake case: `_g_n`

warning: variable `gN` should have a snake case name
  --> src/main.rs:29:9
   |
29 |     let gN = Semaphore::new(0);
   |         ^^ help: convert the identifier to snake case: `g_n`

warning: variable `gN` should have a snake case name
  --> src/main.rs:35:13
   |
35 |         let gN = Arc::clone(&gN);
   |             ^^ help: convert the identifier to snake case: `g_n`

warning: variable `gN` should have a snake case name
  --> src/main.rs:42:13
   |
42 |         let gN = Arc::clone(&gN);
   |             ^^ help: convert the identifier to snake case: `g_n`

warning: variable `gN` should have a snake case name
  --> src/main.rs:49:13
   |
49 |         let gN = Arc::clone(&gN);
   |             ^^ help: convert the identifier to snake case: `g_n`

warning: `probe` (bin "probe") generated 7 warnings
    Finished `dev` profile [unoptimized + debuginfo] target(s) in 0.21s
