{
  "accepted_patch": {
    "changes": [
      {
        "kind": "delete_statement",
        "sid": "s1"
      },
      {
        "kind": "delete_statement",
        "sid": "s3"
      },
      {
        "kind": "delete_statement",
        "sid": "s5"
      }
    ],
    "function": "t2",
    "id": "delete-three",
    "module": "main",
    "original_hash": "6e85df96168b07a7",
    "provenance": []
  },
  "candidates_tried": 1,
  "outcome": "repaired",
  "rounds": [
    {
      "accepted": true,
      "candidate": "delete-three",
      "diff": "- t2: delete s1\n- t2: delete s3\n- t2: delete s5",
      "patched_outcome": "PASS",
      "reason": "all required properties and preserved behaviour hold",
      "round": 0
    }
  ]
}
