{
  "accepted_patch": {
    "changes": [
      {
        "a": "s1",
        "b": "s2",
        "kind": "swap_statements"
      }
    ],
    "function": "t1",
    "id": "swap",
    "module": "main",
    "original_hash": "3212d42b1bcd701e",
    "provenance": []
  },
  "candidates_tried": 1,
  "outcome": "repaired",
  "rounds": [
    {
      "accepted": true,
      "candidate": "swap",
      "diff": "- t1: swap s1 <-> s2",
      "patched_outcome": "PASS",
      "reason": "all required properties and preserved behaviour hold",
      "round": 0
    }
  ]
}
