{
  "outcome": "FAIL",
  "complete": true,
  "states_explored": 1,
  "transitions_explored": 0,
  "properties": [
    {
      "id": "deadlock",
      "outcome": "FAIL",
      "detail": "a reachable state has no enabled step and unfinished threads"
    }
  ],
  "diagnostics": [
    {
      "property": "deadlock",
      "outcome": "FAIL",
      "message": "reachable global deadlock",
      "complete": true,
      "counterexample": [],
      "final_instances": [
        {
          "thread": 0,
          "frame": 0,
          "function": 0,
          "sid": 0,
          "status": "running"
        }
      ],
      "blocked": [],
      "cir_statements": [
        {
          "module": "main",
          "function": "main",
          "sid": "s1"
        }
      ],
      "proven_facts": [
        "reached a counterexample state after 0 step(s)",
        "explored 1 reachable states"
      ],
      "repair_hints": [
        "check lock acquisition order, channel capacity, and missing notify/join"
      ]
    }
  ],
  "boundary_events": [],
  "unsupported": [],
  "invalid": []
}
