     Locking 1 package to highest compatible version
   Compiling concir_sync v0.1.0 (/Users/kevin/local-repos/ConcPlanVerify/runtime/concir_sync)
   Compiling probe v0.1.0 (/Users/kevin/local-repos/ConcPlanVerify/experiments/strong-link-v29-online/semaphore__throttle_n_permits/glm-5.3-flash/G3_concir/rep0/code/round-1/source-proj)
error[E0382]: the type `Arc` does not implement `Copy`
  --> src/main.rs:24:28
   |
21 |     let s = Semaphore::new(2);
   |         - this move could be avoided by cloning the original `Arc`, which is inexpensive
22 |
23 |     let h1 = thread::spawn(move || w1(s.clone()));
   |                            -------    - variable moved due to use in closure
   |                            |
   |                            value moved into closure here
24 |     let h2 = thread::spawn(move || w2(s.clone()));
   |                            ^^^^^^^    - use occurs due to use in closure
   |                            |
   |                            value used here after move
   |
   = note: consider using `Arc::clone`
help: consider cloning the value before moving it into the closure
   |
23 ~     let value = s.clone();
24 ~     let h1 = thread::spawn(move || w1(value.clone()));
   |

error[E0382]: the type `Arc` does not implement `Copy`
  --> src/main.rs:25:28
   |
21 |     let s = Semaphore::new(2);
   |         - this move could be avoided by cloning the original `Arc`, which is inexpensive
...
24 |     let h2 = thread::spawn(move || w2(s.clone()));
   |                            -------    - variable moved due to use in closure
   |                            |
   |                            value moved into closure here
25 |     let h3 = thread::spawn(move || w3(s.clone()));
   |                            ^^^^^^^    - use occurs due to use in closure
   |                            |
   |                            value used here after move
   |
   = note: consider using `Arc::clone`
help: consider cloning the value before moving it into the closure
   |
24 ~     let value = s.clone();
25 ~     let h2 = thread::spawn(move || w2(value.clone()));
   |

For more information about this error, try `rustc --explain E0382`.
error: could not compile `probe` (bin "probe") due to 2 previous errors
