{
  "attributes": [
    {
      "construction_site": null,
      "evidence": "absent",
      "expected": "semaphore_initial",
      "expected_capacity": 0,
      "observed": null,
      "observed_capacity": null,
      "reason": "no used semaphore construction is bound to this CIR resource",
      "resource_id": "main::g12",
      "runtime": null,
      "status": "unknown"
    },
    {
      "construction_site": null,
      "evidence": "absent",
      "expected": "semaphore_initial",
      "expected_capacity": 0,
      "observed": null,
      "observed_capacity": null,
      "reason": "no used semaphore construction is bound to this CIR resource",
      "resource_id": "main::gN",
      "runtime": null,
      "status": "unknown"
    }
  ],
  "scope": "identity, channel-capacity attributes, and uncovered sync are separate; a conforming finite trace does not override a capacity conflict or an unknown capacity",
  "uncovered_sync": [],
  "unresolved": {
    "g12_semaphore0#962": {
      "reason": "semaphore initial value must come from the single construction that is acquired or released",
      "site": "962",
      "used_constructions": 0
    },
    "gN_semaphore0#1040": {
      "reason": "semaphore initial value must come from the single construction that is acquired or released",
      "site": "1040",
      "used_constructions": 0
    },
    "notifier#2508": {
      "entry": null,
      "reason": "thread entry is not unambiguous",
      "site": "2508"
    },
    "w1#1328": {
      "entry": null,
      "reason": "thread entry is not unambiguous",
      "site": "1328"
    },
    "w2#1883": {
      "entry": null,
      "reason": "thread entry is not unambiguous",
      "site": "1883"
    }
  },
  "verified": {
    "cv_condvar0#305": {
      "cir": "main::cv",
      "rule": "exact"
    },
    "m_mutex0#261": {
      "cir": "main::m",
      "rule": "exact"
    }
  },
  "violated": {}
}
