{
  "binary_sha256": "21c30dd62c22c468ed164d293633b38c9879c7be0322fbbd1dd5546899d5aed9",
  "bounded": true,
  "events": 1184,
  "git_rev": "a35dc867d6327c772d48bd7c0473a6606fcc467a",
  "properties": [
    {
      "detail": "decided by behavior (hang/timeout) and Miri",
      "id": "deadlock",
      "kind": "deadlock_free",
      "req": [
        "R2",
        "R3",
        "R5",
        "R7",
        "R8",
        "R9"
      ],
      "source": "properties",
      "status": "deferred"
    },
    {
      "id": "main::w1 holds [main::m] at once",
      "kind": "reachable",
      "req": [
        "R4",
        "R5",
        "R6"
      ],
      "source": "preserved",
      "status": "PASS_bounded"
    }
  ],
  "resource_map": {
    "cv_condvar0#305": null,
    "g12_semaphore0#962": null,
    "gN_semaphore0#1040": null,
    "m_mutex0#261": "main::m",
    "notifier#2508": null,
    "w1#1328": null,
    "w2#1883": null
  },
  "status": "ok",
  "traces": 32,
  "unmapped_resources": [
    "cv_condvar0#305",
    "g12_semaphore0#962",
    "gN_semaphore0#1040",
    "notifier#2508",
    "w1#1328",
    "w2#1883"
  ]
}
