{
  "attributes": [],
  "scope": "identity, channel-capacity attributes, and uncovered sync are separate; a conforming finite trace does not override a capacity conflict or an unknown capacity",
  "uncovered_sync": [],
  "unresolved": {
    "h1#669": {
      "entry": null,
      "reason": "thread entry is not unambiguous",
      "site": "669"
    },
    "h2#706": {
      "entry": null,
      "reason": "thread entry is not unambiguous",
      "site": "706"
    },
    "h3#743": {
      "entry": null,
      "reason": "thread entry is not unambiguous",
      "site": "743"
    }
  },
  "verified": {
    "a_mutex0": {
      "cir": "main::a",
      "rule": "exact"
    },
    "b_mutex0": {
      "cir": "main::b",
      "rule": "exact"
    },
    "c_mutex0": {
      "cir": "main::c",
      "rule": "exact"
    }
  },
  "violated": {}
}
