{
  "gpt-6-luna/G3_concir": {
    "planned": 24,
    "executed": 24,
    "budget_exhausted": 0,
    "transport_error": 0,
    "accepted": 20,
    "delivered_evaluable": 20,
    "delivered_unevaluable": 0,
    "not_delivered": 4,
    "delivery_rate": 0.8333,
    "build_fail": 0,
    "RF_delivered_all": 0.6392,
    "RF_delivered_acc": 0.767,
    "RF_last_generated_all": 0.7206,
    "RF_last_generated_eval": 0.7519,
    "calls": 32,
    "input_tokens_known": 195660,
    "output_tokens_known": 75792,
    "reasoning_tokens_known": 48294,
    "token_fields_missing": 0,
    "stage_loss": {
      "delivered": 20,
      "cir_unsupported": 1,
      "checker_capability_gap": 2,
      "code_candidate_error": 1
    }
  },
  "glm-5.3-flash/G3_concir": {
    "planned": 24,
    "executed": 22,
    "budget_exhausted": 1,
    "transport_error": 1,
    "accepted": 18,
    "delivered_evaluable": 18,
    "delivered_unevaluable": 0,
    "not_delivered": 6,
    "delivery_rate": 0.75,
    "build_fail": 0,
    "RF_delivered_all": 0.5728,
    "RF_delivered_acc": 0.7637,
    "RF_last_generated_all": 0.6374,
    "RF_last_generated_eval": 0.7284,
    "calls": 29,
    "input_tokens_known": 143069,
    "output_tokens_known": 35761,
    "reasoning_tokens_known": 11906,
    "token_fields_missing": 25,
    "stage_loss": {
      "delivered": 18,
      "external_transport": 1,
      "checker_capability_gap": 2,
      "cir_generation_failed": 1,
      "external_budget": 1,
      "cir_unsupported": 1
    }
  }
}
