{
  "attributes": [],
  "scope": "identity, channel-capacity attributes, and uncovered sync are separate; a conforming finite trace does not override a capacity conflict or an unknown capacity",
  "uncovered_sync": [],
  "unresolved": {
    "h1#265": {
      "entry": null,
      "reason": "thread entry is not unambiguous",
      "site": "265"
    },
    "h2#524": {
      "entry": null,
      "reason": "thread entry is not unambiguous",
      "site": "524"
    },
    "h3#783": {
      "entry": null,
      "reason": "thread entry is not unambiguous",
      "site": "783"
    }
  },
  "verified": {
    "a_mutex0#87": {
      "cir": "main::a",
      "rule": "exact"
    },
    "b_mutex0#125": {
      "cir": "main::b",
      "rule": "exact"
    },
    "c_mutex0#163": {
      "cir": "main::c",
      "rule": "exact"
    }
  },
  "violated": {}
}
