{
  "binary_sha256": "e0c7e3d122f2f08fd7483f248e9c263102d81964c8219b8a126b84d43cb41c0e",
  "bounded": true,
  "events": 480,
  "git_rev": "a35dc867d6327c772d48bd7c0473a6606fcc467a",
  "properties": [
    {
      "detail": "decided by behavior (hang/timeout) and Miri",
      "id": "no-deadlock",
      "kind": "deadlock_free",
      "req": [
        "R5",
        "R6",
        "R8",
        "R9"
      ],
      "source": "properties",
      "status": "deferred"
    },
    {
      "id": "main::t1 completes",
      "kind": "reachable",
      "req": [
        "R1",
        "R7",
        "R8"
      ],
      "source": "preserved",
      "status": "not_observed"
    },
    {
      "id": "main::t2 completes",
      "kind": "reachable",
      "req": [
        "R1",
        "R7",
        "R8"
      ],
      "source": "preserved",
      "status": "not_observed"
    },
    {
      "id": "main::t3 completes",
      "kind": "reachable",
      "req": [
        "R1",
        "R7",
        "R8"
      ],
      "source": "preserved",
      "status": "not_observed"
    },
    {
      "id": "main::t1 holds [main::a, main::b] at once",
      "kind": "reachable",
      "req": [
        "R2",
        "R3",
        "R4"
      ],
      "source": "preserved",
      "status": "PASS_bounded"
    },
    {
      "id": "main::t2 holds [main::b, main::c] at once",
      "kind": "reachable",
      "req": [
        "R2",
        "R3",
        "R4"
      ],
      "source": "preserved",
      "status": "PASS_bounded"
    },
    {
      "id": "main::t3 holds [main::c, main::a] at once",
      "kind": "reachable",
      "req": [
        "R2",
        "R3",
        "R4"
      ],
      "source": "preserved",
      "status": "PASS_bounded"
    }
  ],
  "resource_map": {
    "a_mutex0#87": "main::a",
    "b_mutex0#125": "main::b",
    "c_mutex0#163": "main::c",
    "h1#265": null,
    "h2#524": null,
    "h3#783": null
  },
  "status": "ok",
  "traces": 32,
  "unmapped_resources": [
    "h1#265",
    "h2#524",
    "h3#783"
  ]
}
