{
  "attributes": [
    {
      "construction_site": "546",
      "evidence": "param_from_call",
      "expected": "bounded",
      "expected_capacity": 1,
      "observed": "bounded",
      "observed_capacity": 1,
      "reason": "source bounded matches CIR bounded",
      "resource_id": "main::ch",
      "runtime": "ch_rx",
      "status": "match"
    },
    {
      "construction_site": "546",
      "evidence": "param_from_call",
      "expected": "bounded",
      "expected_capacity": 1,
      "observed": "bounded",
      "observed_capacity": 1,
      "reason": "source bounded matches CIR bounded",
      "resource_id": "main::ch",
      "runtime": "ch_tx",
      "status": "match"
    }
  ],
  "scope": "identity, channel-capacity attributes, and uncovered sync are separate; a conforming finite trace does not override a capacity conflict or an unknown capacity",
  "uncovered_sync": [],
  "unresolved": {},
  "verified": {
    "ch_rx": {
      "cir": "main::ch",
      "rule": "channel-name"
    },
    "ch_tx": {
      "cir": "main::ch",
      "rule": "channel-name"
    },
    "m_mutex0#511": {
      "cir": "main::m",
      "rule": "exact"
    },
    "receiver#735": {
      "cir": "main::receiver",
      "rule": "spawn-entry"
    },
    "sender#623": {
      "cir": "main::sender",
      "rule": "spawn-entry"
    }
  },
  "violated": {}
}
