{
  "analysis_started": false,
  "assumptions": {
    "no_spurious_wakeups": true,
    "sequential_consistency": true
  },
  "binary_sha256": "e0c7e3d122f2f08fd7483f248e9c263102d81964c8219b8a126b84d43cb41c0e",
  "boundary_events": [],
  "bounds": {
    "max_boundary_events": 256,
    "max_depth": 64,
    "max_frames_per_thread": 8,
    "max_states": 20000,
    "max_threads": 8
  },
  "complete": true,
  "contract_fingerprint": "d0fd79ee9220080e",
  "diagnostics": [],
  "git_rev": "a35dc867d6327c772d48bd7c0473a6606fcc467a",
  "invalid": [
    {
      "code": "C001",
      "location": null,
      "message": "unknown function 'main::t1'"
    }
  ],
  "model_fingerprint": "3bc613152be39721",
  "outcome": "INVALID",
  "properties": [],
  "states_explored": 0,
  "transitions_explored": 0,
  "unsupported": []
}
