{
  "attributes": [],
  "scope": "identity, channel-capacity attributes, and uncovered sync are separate; a conforming finite trace does not override a capacity conflict or an unknown capacity",
  "uncovered_sync": [],
  "unresolved": {},
  "verified": {
    "a_mutex0#363": {
      "cir": "main::a",
      "rule": "exact"
    },
    "b_mutex0#401": {
      "cir": "main::b",
      "rule": "exact"
    },
    "t1#506": {
      "cir": "main::t1",
      "rule": "spawn-entry"
    },
    "t2#640": {
      "cir": "main::t2",
      "rule": "spawn-entry"
    }
  },
  "violated": {}
}
