{
  "analysis_started": true,
  "assumptions": {
    "no_spurious_wakeups": true,
    "sequential_consistency": true
  },
  "binary_sha256": "bc4ea47ef9841b62637faef926ef94804b92a95c3ab39ee690f0e2cf08681e47",
  "boundary_events": [],
  "bounds": {
    "max_boundary_events": 256,
    "max_depth": 64,
    "max_frames_per_thread": 8,
    "max_states": 20000,
    "max_threads": 8
  },
  "complete": true,
  "contract_fingerprint": "123fff53389ad502",
  "diagnostics": [],
  "git_rev": "a35dc867d6327c772d48bd7c0473a6606fcc467a",
  "invalid": [],
  "model_fingerprint": "f1e849125c68404f",
  "outcome": "PASS",
  "properties": [
    {
      "detail": "no deadlock state reachable",
      "id": "no-deadlock",
      "outcome": "PASS"
    },
    {
      "detail": "preserved reachability: completed(f0)",
      "id": "preserved: main::w1 completes",
      "outcome": "PASS"
    },
    {
      "detail": "preserved reachability: completed(f1)",
      "id": "preserved: main::w2 completes",
      "outcome": "PASS"
    },
    {
      "detail": "preserved reachability: holds_all(f0, [r0])",
      "id": "preserved: main::w1 holds [main::s] at once",
      "outcome": "PASS"
    }
  ],
  "states_explored": 31,
  "transitions_explored": 44,
  "unsupported": []
}
