     Locking 1 package to highest compatible version
   Compiling concir_sync v0.1.0 (/Users/kevin/local-repos/ConcPlanVerify/runtime/concir_sync)
   Compiling probe v0.1.0 (/Users/kevin/local-repos/ConcPlanVerify/experiments/strong-link-v29-ablation/without_diagnostics/lock-order__partial_deadlock_bystander/gpt-6-luna/G3_concir/rep0/code/round-1/source-proj)
error[E0618]: expected function, found `Arc<std::sync::Mutex<{integer}>>`
  --> src/main.rs:66:31
   |
 5 | / fn a(
 6 | |     a: Arc<Mutex<i32>>,
 7 | |     b: Arc<Mutex<()>>,
 8 | |     sa: Arc<Semaphore>,
 9 | |     sb: Arc<Semaphore>,
10 | | ) {
   | |_- this function of the same name is available here, but it's shadowed by the local binding
...
62 |           let a = Arc::clone(&a_lock);
   |               - `a` has type `Arc<std::sync::Mutex<{integer}>>`
...
66 |           thread::spawn(move || a(a, b, sa, sb))
   |                                 ^--------------
   |                                 |
   |                                 call expression requires function

error[E0618]: expected function, found `Arc<std::sync::Mutex<()>>`
  --> src/main.rs:73:31
   |
25 | / fn b(
26 | |     a: Arc<Mutex<i32>>,
27 | |     b: Arc<Mutex<()>>,
28 | |     sa: Arc<Semaphore>,
29 | |     sb: Arc<Semaphore>,
30 | | ) {
   | |_- this function of the same name is available here, but it's shadowed by the local binding
...
70 |           let b = Arc::clone(&b_lock);
   |               - `b` has type `Arc<std::sync::Mutex<()>>`
...
73 |           thread::spawn(move || b(a, b, sa, sb))
   |                                 ^--------------
   |                                 |
   |                                 call expression requires function

warning: variable does not need to be mutable
  --> src/main.rs:12:9
   |
12 |     let mut a_guard = a.lock().unwrap();
   |         ----^^^^^^^
   |         |
   |         help: remove this `mut`
   |
   = note: `#[warn(unused_mut)]` (part of `#[warn(unused)]`) on by default

warning: value assigned to `i` is never read
  --> src/main.rs:50:9
   |
50 |         i = 1;
   |         ^^^^^ this value is reassigned later and never used
51 |         i = 0;
   |         ----- `i` is overwritten here before the previous value is read
   |
   = note: `#[warn(unused_assignments)]` (part of `#[warn(unused)]`) on by default

For more information about this error, try `rustc --explain E0618`.
warning: `probe` (bin "probe") generated 2 warnings
error: could not compile `probe` (bin "probe") due to 2 previous errors; 2 warnings emitted
