{
  "attributes": [
    {
      "construction_site": null,
      "evidence": "absent",
      "expected": "semaphore_initial",
      "expected_capacity": 0,
      "observed": null,
      "observed_capacity": null,
      "reason": "no used semaphore construction is bound to this CIR resource",
      "resource_id": "main::g12",
      "runtime": null,
      "status": "unknown"
    },
    {
      "construction_site": null,
      "evidence": "absent",
      "expected": "semaphore_initial",
      "expected_capacity": 0,
      "observed": null,
      "observed_capacity": null,
      "reason": "no used semaphore construction is bound to this CIR resource",
      "resource_id": "main::gN",
      "runtime": null,
      "status": "unknown"
    }
  ],
  "scope": "identity, channel-capacity attributes, and uncovered sync are separate; a conforming finite trace does not override a capacity conflict or an unknown capacity",
  "uncovered_sync": [],
  "unresolved": {
    "finished#3658": {
      "candidates": [],
      "reason": "no structural evidence",
      "site": "3658"
    },
    "waiter#4145": {
      "entry": "waiter",
      "reason": "thread entry is not unambiguous",
      "site": "4145"
    },
    "waiter#4309": {
      "entry": "waiter",
      "reason": "thread entry is not unambiguous",
      "site": "4309"
    }
  },
  "verified": {
    "cv#3626": {
      "cir": "main::cv",
      "rule": "exact"
    },
    "m#3593": {
      "cir": "main::m",
      "rule": "exact"
    },
    "notifier#4472": {
      "cir": "main::notifier",
      "rule": "spawn-entry"
    }
  },
  "violated": {}
}
