{
  "attributes": [
    {
      "construction_site": null,
      "evidence": "absent",
      "expected": "semaphore_initial",
      "expected_capacity": 1,
      "observed": null,
      "observed_capacity": null,
      "reason": "no used semaphore construction is bound to this CIR resource",
      "resource_id": "main::s",
      "runtime": null,
      "status": "unknown"
    }
  ],
  "scope": "identity, channel-capacity attributes, and uncovered sync are separate; a conforming finite trace does not override a capacity conflict or an unknown capacity",
  "uncovered_sync": [],
  "unresolved": {
    "activation#1200": {
      "entry": "activation",
      "reason": "thread entry is not unambiguous",
      "site": "1200"
    },
    "activation#1256": {
      "entry": "activation",
      "reason": "thread entry is not unambiguous",
      "site": "1256"
    },
    "s_mutex0#1510": {
      "candidates": [],
      "reason": "no structural evidence",
      "site": "1510"
    }
  },
  "verified": {},
  "violated": {}
}
