   Compiling probe v0.1.0 (/Users/kevin/local-repos/ConcPlanVerify/experiments/strong-link-v28/replay-work/new/semaphore__acquire_twice_no_release__gpt-6-luna__G3_concir/source-proj)
warning: variable `work` is assigned to, but never used
 --> src/main.rs:6:9
  |
6 |     let mut work = 0;
  |         ^^^^^^^^
  |
  = note: consider using `_work` instead
  = note: `#[warn(unused_variables)]` (part of `#[warn(unused)]`) on by default

warning: value assigned to `work` is never read
  --> src/main.rs:9:5
   |
 9 |     work += 1;
   |     ^^^^^^^^^ this value is reassigned later and never used
...
13 |     work += 1;
   |     --------- `work` is overwritten here before the previous value is read
   |
   = note: `#[warn(unused_assignments)]` (part of `#[warn(unused)]`) on by default

warning: value assigned to `work` is never read
  --> src/main.rs:13:5
   |
13 |     work += 1;
   |     ^^^^^^^^^
   |
   = help: maybe it is overwritten before being read?

warning: variable `work` is assigned to, but never used
  --> src/main.rs:18:9
   |
18 |     let mut work = 0;
   |         ^^^^^^^^
   |
   = note: consider using `_work` instead

warning: value assigned to `work` is never read
  --> src/main.rs:21:5
   |
21 |     work += 1;
   |     ^^^^^^^^^ this value is reassigned later and never used
...
25 |     work += 1;
   |     --------- `work` is overwritten here before the previous value is read

warning: value assigned to `work` is never read
  --> src/main.rs:25:5
   |
25 |     work += 1;
   |     ^^^^^^^^^
   |
   = help: maybe it is overwritten before being read?

warning: `probe` (bin "probe") generated 6 warnings
    Finished `dev` profile [unoptimized + debuginfo] target(s) in 0.11s
