{
  "analysis_started": true,
  "assumptions": {
    "no_spurious_wakeups": true,
    "sequential_consistency": true
  },
  "binary_sha256": "2b59d7df842dde2ac2e275080c61c64d41a0a5e723eb1e0f2f4e5376a4d67694",
  "boundary_events": [],
  "bounds": {
    "max_boundary_events": 256,
    "max_depth": 64,
    "max_frames_per_thread": 8,
    "max_states": 20000,
    "max_threads": 8
  },
  "complete": true,
  "contract_fingerprint": "5f5bc6499160fa94",
  "diagnostics": [],
  "git_rev": "a35dc867d6327c772d48bd7c0473a6606fcc467a",
  "invalid": [],
  "model_fingerprint": "f4f7bbecaf496b12",
  "outcome": "PASS",
  "properties": [
    {
      "detail": "no deadlock state reachable",
      "id": "no-deadlock",
      "outcome": "PASS"
    },
    {
      "detail": "preserved reachability: completed(f1)",
      "id": "preserved: main::s1 completes",
      "outcome": "PASS"
    },
    {
      "detail": "preserved reachability: channel_empty(r0)",
      "id": "preserved: the channel is drained",
      "outcome": "PASS"
    }
  ],
  "states_explored": 9,
  "transitions_explored": 10,
  "unsupported": []
}
