{
  "binary_sha256": "2b59d7df842dde2ac2e275080c61c64d41a0a5e723eb1e0f2f4e5376a4d67694",
  "bounded": true,
  "events": 192,
  "git_rev": "a35dc867d6327c772d48bd7c0473a6606fcc467a",
  "properties": [
    {
      "detail": "decided by behavior (hang/timeout) and Miri",
      "id": "no-deadlock",
      "kind": "deadlock_free",
      "req": [
        "R2",
        "R3",
        "R4",
        "R5"
      ],
      "source": "properties",
      "status": "deferred"
    },
    {
      "id": "main::s1 completes",
      "kind": "reachable",
      "req": [
        "R1",
        "R3",
        "R5"
      ],
      "source": "preserved",
      "status": "PASS_bounded"
    },
    {
      "id": "the channel is drained",
      "kind": "reachable",
      "req": [
        "R1",
        "R2",
        "R3",
        "R5",
        "R6"
      ],
      "source": "preserved",
      "status": "PASS_bounded"
    }
  ],
  "resource_map": {
    "ch": "main::ch",
    "r#340": null,
    "s1#290": "main::s1"
  },
  "status": "ok",
  "traces": 32,
  "unmapped_resources": [
    "r#340"
  ]
}
