{
  "attributes": [
    {
      "construction_site": null,
      "evidence": "absent",
      "expected": "semaphore_initial",
      "expected_capacity": 0,
      "observed": null,
      "observed_capacity": null,
      "reason": "no used semaphore construction is bound to this CIR resource",
      "resource_id": "main::sa",
      "runtime": null,
      "status": "unknown"
    },
    {
      "construction_site": null,
      "evidence": "absent",
      "expected": "semaphore_initial",
      "expected_capacity": 0,
      "observed": null,
      "observed_capacity": null,
      "reason": "no used semaphore construction is bound to this CIR resource",
      "resource_id": "main::sb",
      "runtime": null,
      "status": "unknown"
    }
  ],
  "scope": "identity, channel-capacity attributes, and uncovered sync are separate; a conforming finite trace does not override a capacity conflict or an unknown capacity",
  "uncovered_sync": [],
  "unresolved": {
    "_hbystander#1165": {
      "entry": null,
      "reason": "thread entry is not unambiguous",
      "site": "1165"
    },
    "ha#1267": {
      "entry": null,
      "reason": "thread entry is not unambiguous",
      "site": "1267"
    },
    "hb#1949": {
      "entry": null,
      "reason": "thread entry is not unambiguous",
      "site": "1949"
    },
    "sa_semaphore0#732": {
      "reason": "semaphore initial value must come from the single construction that is acquired or released",
      "site": "732",
      "used_constructions": 0
    },
    "sb_semaphore0#805": {
      "reason": "semaphore initial value must come from the single construction that is acquired or released",
      "site": "805",
      "used_constructions": 0
    }
  },
  "verified": {
    "a_mutex0#602": {
      "cir": "main::a",
      "rule": "exact"
    },
    "b_mutex0#669": {
      "cir": "main::b",
      "rule": "exact"
    }
  },
  "violated": {}
}
