cached         gpt-6-luna     atomic-data__atomic_lost_update
ok             gpt-6-luna     atomic-data__bounded_counter_invariant
ok             gpt-6-luna     atomic-data__counter_overflow_safety
error          gpt-6-luna     channel__bounded_backpressure_lock_held
ok             gpt-6-luna     channel__rendezvous_both_send
ok             gpt-6-luna     channel__send_while_holding_mutex
ok             gpt-6-luna     condvar__bare_wait_no_predicate
no_candidate   gpt-6-luna     condvar__lost_wakeup_notify_before_wait
ok             gpt-6-luna     condvar__notify_one_multi_waiter_wrong_pick
no_candidate   gpt-6-luna     condvar__same_cv_different_locks
ok             gpt-6-luna     lock-order__abba_2lock
ok             gpt-6-luna     lock-order__cross_module_cycle
ok             gpt-6-luna     lock-order__cycle_3lock
no_candidate   gpt-6-luna     lock-order__partial_deadlock_bystander
ok             gpt-6-luna     lock-order__two_independent_cycles
ok             gpt-6-luna     semaphore__acquire_twice_no_release
ok             gpt-6-luna     semaphore__permit_leak
ok             gpt-6-luna     semaphore__throttle_n_permits
ok             gpt-6-luna     structure__finite_call_loop
ok             gpt-6-luna     structure__nested_scope_lock_order
no_candidate   gpt-6-luna     structure__scope_bound_k_workers
ok             gpt-6-luna     structure__scope_worker_abba
ok             gpt-6-luna     structure__spawn_join_loop_finite
ok             gpt-6-luna     structure__worker_with_payload
ok             glm-5.3-flash  atomic-data__atomic_lost_update
ok             glm-5.3-flash  atomic-data__bounded_counter_invariant
no_candidate   glm-5.3-flash  atomic-data__counter_overflow_safety
ok             glm-5.3-flash  channel__bounded_backpressure_lock_held
no_candidate   glm-5.3-flash  channel__rendezvous_both_send
no_candidate   glm-5.3-flash  channel__send_while_holding_mutex
no_candidate   glm-5.3-flash  condvar__bare_wait_no_predicate
no_candidate   glm-5.3-flash  condvar__lost_wakeup_notify_before_wait
no_candidate   glm-5.3-flash  condvar__notify_one_multi_waiter_wrong_pick
no_candidate   glm-5.3-flash  condvar__same_cv_different_locks
ok             glm-5.3-flash  lock-order__abba_2lock
no_candidate   glm-5.3-flash  lock-order__cross_module_cycle
ok             glm-5.3-flash  lock-order__cycle_3lock
no_candidate   glm-5.3-flash  lock-order__partial_deadlock_bystander
ok             glm-5.3-flash  lock-order__two_independent_cycles
ok             glm-5.3-flash  semaphore__acquire_twice_no_release
ok             glm-5.3-flash  semaphore__permit_leak
no_candidate   glm-5.3-flash  semaphore__throttle_n_permits
no_candidate   glm-5.3-flash  structure__finite_call_loop
ok             glm-5.3-flash  structure__nested_scope_lock_order
no_candidate   glm-5.3-flash  structure__scope_bound_k_workers
ok             glm-5.3-flash  structure__scope_worker_abba
ok             glm-5.3-flash  structure__spawn_join_loop_finite
ok             glm-5.3-flash  structure__worker_with_payload
{
  "cells": 48,
  "replayed": 31,
  "no_candidate": 16,
  "errors": 1,
  "changed": 7,
  "verdict_changed": 7
}
