{
  "analysis_started": true,
  "assumptions": {
    "no_spurious_wakeups": true,
    "sequential_consistency": true
  },
  "binary_sha256": "21c30dd62c22c468ed164d293633b38c9879c7be0322fbbd1dd5546899d5aed9",
  "boundary_events": [],
  "bounds": {
    "max_boundary_events": 4096,
    "max_depth": 40,
    "max_frames_per_thread": 32,
    "max_states": 10000,
    "max_threads": 16
  },
  "complete": true,
  "contract_fingerprint": "10b14e792a11f537",
  "diagnostics": [],
  "git_rev": "a35dc867d6327c772d48bd7c0473a6606fcc467a",
  "invalid": [],
  "model_fingerprint": "0c1af40c60d2cba1",
  "outcome": "PASS",
  "properties": [
    {
      "detail": "no deadlock state reachable",
      "id": "deadlock",
      "outcome": "PASS"
    }
  ],
  "states_explored": 6,
  "transitions_explored": 6,
  "unsupported": []
}
