{
  "binary_sha256": "e0c7e3d122f2f08fd7483f248e9c263102d81964c8219b8a126b84d43cb41c0e",
  "bounded": true,
  "events": 448,
  "git_rev": "a35dc867d6327c772d48bd7c0473a6606fcc467a",
  "properties": [
    {
      "detail": "decided by behavior (hang/timeout) and Miri",
      "id": "no-deadlock",
      "kind": "deadlock_free",
      "req": [
        "R1",
        "R2",
        "R3",
        "R4"
      ],
      "source": "properties",
      "status": "deferred"
    }
  ],
  "resource_map": {
    "ch1_rx": null,
    "ch1_tx": null,
    "ch2_rx": null,
    "ch2_tx": null,
    "n_mutex0#1495": null,
    "r#1865": null,
    "s#1768": null
  },
  "status": "ok",
  "traces": 32,
  "unmapped_resources": [
    "ch1_rx",
    "ch1_tx",
    "ch2_rx",
    "ch2_tx",
    "n_mutex0#1495",
    "r#1865",
    "s#1768"
  ]
}
