             ^^^^^^^^^^ not found in `crate::cir_trace`

error[E0425]: cannot find function `unlock` in module `crate::cir_trace`
   --> src/main.rs:101:35
    |
101 |                 crate::cir_trace::unlock(_g_r_main__m.take(), tag, "main::m", "s4");
    |                                   ^^^^^^ not found in `crate::cir_trace`

warning: unnecessary parentheses around `if` condition
  --> src/main.rs:55:25
   |
55 |                 pc = if (shared.r_main__ready.lock().unwrap().clone() == true) { 4 } else { 2 };
   |                         ^                                                    ^
   |
   = note: `#[warn(unused_parens)]` (part of `#[warn(unused)]`) on by default
help: remove these parentheses
   |
55 -                 pc = if (shared.r_main__ready.lock().unwrap().clone() == true) { 4 } else { 2 };
55 +                 pc = if shared.r_main__ready.lock().unwrap().clone() == true { 4 } else { 2 };
   |

Some errors have detailed explanations: E0425, E0428, E0433.
For more information about an error, try `rustc --explain E0425`.
warning: `probe` (bin "probe") generated 1 warning
error: could not compile `probe` (bin "probe") due to 11 previous errors; 1 warning emitted
