     Locking 1 package to highest compatible version
   Compiling concir_sync v0.1.0 (/Users/kevin/local-repos/ConcPlanVerify/runtime/concir_sync)
   Compiling probe v0.1.0 (/Users/kevin/local-repos/ConcPlanVerify/experiments/evidence-20260925/reeval/work/rep0/condvar__lost_wakeup_notify_before_wait/G3_codegen/original)
error[E0583]: file not found for module `cir_trace`
 --> src/main.rs:2:1
  |
2 | mod cir_trace;
  | ^^^^^^^^^^^^^^
  |
  = help: to create the module `cir_trace`, create file "src/cir_trace.rs" or "src/cir_trace/mod.rs"
  = note: if there is a `mod cir_trace` elsewhere in the crate already, import it with `use crate::...` instead

warning: unnecessary parentheses around `if` condition
  --> src/main.rs:53:25
   |
53 |                 pc = if (shared.r_main__ready.lock().unwrap().clone() == true) { 4 } else { 2 };
   |                         ^                                                    ^
   |
   = note: `#[warn(unused_parens)]` (part of `#[warn(unused)]`) on by default
help: remove these parentheses
   |
53 -                 pc = if (shared.r_main__ready.lock().unwrap().clone() == true) { 4 } else { 2 };
53 +                 pc = if shared.r_main__ready.lock().unwrap().clone() == true { 4 } else { 2 };
   |

For more information about this error, try `rustc --explain E0583`.
warning: `probe` (bin "probe") generated 1 warning
error: could not compile `probe` (bin "probe") due to 1 previous error; 1 warning emitted
warning: unused dependency `concir_sync`
  --> Cargo.toml:11:1
   |
11 | concir_sync = { path = "/Users/kevin/local-repos/ConcPlanVerify/runtime/concir_sync" }
   | ^^^^^^^^^^^^^^^^^^^^^^^^^^^^^^^^^^^^^^^^^^^^^^^^^^^^^^^^^^^^^^^^^^^^^^^^^^^^^^^^^^^^^^
   |
   = note: `cargo::unused_dependencies` is set to `warn` by default
help: consider removing the dependency on `concir_sync`
warning: `probe` (manifest) generated 1 warning
