{
  "attributes": [],
  "scope": "identity, channel-capacity attributes, and uncovered sync are separate; a conforming finite trace does not override a capacity conflict or an unknown capacity",
  "uncovered_sync": [],
  "unresolved": {
    "t1#1173": {
      "entry": null,
      "reason": "thread entry is not unambiguous",
      "site": "1173"
    },
    "t2#1459": {
      "entry": null,
      "reason": "thread entry is not unambiguous",
      "site": "1459"
    },
    "t3#1714": {
      "entry": null,
      "reason": "thread entry is not unambiguous",
      "site": "1714"
    },
    "t4#2000": {
      "entry": null,
      "reason": "thread entry is not unambiguous",
      "site": "2000"
    }
  },
  "verified": {
    "a_mutex0#922": {
      "cir": "main::a",
      "rule": "exact"
    },
    "b_mutex0#971": {
      "cir": "main::b",
      "rule": "exact"
    },
    "c_mutex0#1020": {
      "cir": "main::c",
      "rule": "exact"
    },
    "d_mutex0#1069": {
      "cir": "main::d",
      "rule": "exact"
    }
  },
  "violated": {}
}
