composer-2.5 atomic-data/atomic_lost_update G0_direct accepted=True req=2
composer-2.5 atomic-data/atomic_lost_update G2_tools_iter accepted=True req=3
composer-2.5 atomic-data/atomic_lost_update G3_concir accepted=True req=8
composer-2.5 atomic-data/bounded_counter_invariant G2_tools_iter accepted=True req=9
composer-2.5 atomic-data/bounded_counter_invariant G3_concir accepted=True req=13
composer-2.5 atomic-data/counter_overflow_safety G0_direct accepted=True req=14
composer-2.5 atomic-data/counter_overflow_safety G2_tools_iter accepted=True req=15
composer-2.5 atomic-data/counter_overflow_safety G3_concir accepted=True req=17
composer-2.5 channel/bounded_backpressure_lock_held G0_direct accepted=True req=18
composer-2.5 channel/bounded_backpressure_lock_held G2_tools_iter accepted=True req=19
composer-2.5 channel/bounded_backpressure_lock_held G3_concir accepted=True req=23
composer-2.5 channel/rendezvous_both_send G0_direct accepted=True req=24
composer-2.5 channel/rendezvous_both_send G2_tools_iter accepted=True req=25
composer-2.5 channel/rendezvous_both_send G3_concir accepted=False req=29
composer-2.5 channel/send_while_holding_mutex G0_direct accepted=False req=30
composer-2.5 channel/send_while_holding_mutex G2_tools_iter accepted=True req=31
composer-2.5 channel/send_while_holding_mutex G3_concir accepted=False req=35
composer-2.5 condvar/bare_wait_no_predicate G0_direct accepted=True req=36
composer-2.5 condvar/bare_wait_no_predicate G2_tools_iter accepted=False req=40
composer-2.5 condvar/bare_wait_no_predicate G3_concir accepted=False req=44
composer-2.5 condvar/lost_wakeup_notify_before_wait G0_direct accepted=True req=45
composer-2.5 condvar/lost_wakeup_notify_before_wait G2_tools_iter accepted=True req=46
composer-2.5 condvar/lost_wakeup_notify_before_wait G3_concir accepted=True req=50
composer-2.5 condvar/notify_one_multi_waiter_wrong_pick G0_direct accepted=True req=51
composer-2.5 condvar/notify_one_multi_waiter_wrong_pick G2_tools_iter accepted=True req=52
composer-2.5 condvar/notify_one_multi_waiter_wrong_pick G3_concir accepted=False req=56
composer-2.5 condvar/same_cv_different_locks G0_direct accepted=False req=57
composer-2.5 condvar/same_cv_different_locks G2_tools_iter accepted=False req=61
composer-2.5 condvar/same_cv_different_locks G3_concir accepted=False req=64
composer-2.5 lock-order/abba_2lock G0_direct accepted=True req=65
composer-2.5 lock-order/abba_2lock G2_tools_iter accepted=True req=66
composer-2.5 lock-order/abba_2lock G3_concir accepted=True req=71
composer-2.5 lock-order/cross_module_cycle G0_direct accepted=True req=72
composer-2.5 lock-order/cross_module_cycle G2_tools_iter accepted=True req=73
composer-2.5 lock-order/cross_module_cycle G3_concir accepted=False req=77
composer-2.5 lock-order/cycle_3lock G0_direct accepted=True req=78
composer-2.5 lock-order/cycle_3lock G2_tools_iter accepted=True req=79
composer-2.5 lock-order/cycle_3lock G3_concir accepted=False req=83
composer-2.5 lock-order/partial_deadlock_bystander G0_direct accepted=False req=84
composer-2.5 lock-order/partial_deadlock_bystander G2_tools_iter accepted=False req=88
composer-2.5 lock-order/partial_deadlock_bystander G3_concir accepted=False req=92
composer-2.5 lock-order/two_independent_cycles G0_direct accepted=True req=93
composer-2.5 lock-order/two_independent_cycles G2_tools_iter accepted=True req=94
composer-2.5 lock-order/two_independent_cycles G3_concir accepted=False req=98
composer-2.5 semaphore/acquire_twice_no_release G0_direct accepted=True req=99
composer-2.5 semaphore/acquire_twice_no_release G2_tools_iter accepted=True req=100
composer-2.5 semaphore/acquire_twice_no_release G3_concir accepted=True req=104
composer-2.5 semaphore/permit_leak G0_direct accepted=True req=105
composer-2.5 semaphore/permit_leak G2_tools_iter accepted=True req=106
composer-2.5 semaphore/permit_leak G3_concir accepted=False req=110
composer-2.5 semaphore/throttle_n_permits G0_direct accepted=True req=111
composer-2.5 semaphore/throttle_n_permits G2_tools_iter accepted=True req=112
composer-2.5 semaphore/throttle_n_permits G3_concir accepted=True req=117
composer-2.5 structure/finite_call_loop G0_direct accepted=True req=118
composer-2.5 structure/finite_call_loop G2_tools_iter accepted=True req=119
composer-2.5 structure/finite_call_loop G3_concir accepted=False req=123
composer-2.5 structure/nested_scope_lock_order G0_direct accepted=True req=124
composer-2.5 structure/nested_scope_lock_order G2_tools_iter accepted=True req=125
composer-2.5 structure/nested_scope_lock_order G3_concir accepted=False req=129
composer-2.5 structure/scope_bound_k_workers G0_direct accepted=True req=130
composer-2.5 structure/scope_bound_k_workers G2_tools_iter accepted=True req=131
composer-2.5 structure/scope_bound_k_workers G3_concir accepted=False req=135
composer-2.5 structure/scope_worker_abba G0_direct accepted=True req=136
composer-2.5 structure/scope_worker_abba G2_tools_iter accepted=True req=137
composer-2.5 structure/scope_worker_abba G3_concir accepted=True req=141
composer-2.5 structure/spawn_join_loop_finite G0_direct accepted=True req=142
composer-2.5 structure/spawn_join_loop_finite G2_tools_iter accepted=True req=143
composer-2.5 structure/spawn_join_loop_finite G3_concir accepted=True req=147
composer-2.5 structure/worker_with_payload G0_direct accepted=True req=148
composer-2.5 structure/worker_with_payload G2_tools_iter accepted=True req=149
composer-2.5 structure/worker_with_payload G3_concir accepted=True req=153
