grok-4.7 atomic-data/atomic_lost_update G0_direct accepted=True req=1
grok-4.7 atomic-data/atomic_lost_update G2_tools_iter accepted=True req=2
grok-4.7 atomic-data/atomic_lost_update G3_concir accepted=True req=6
grok-4.7 atomic-data/bounded_counter_invariant G0_direct accepted=True req=7
grok-4.7 atomic-data/bounded_counter_invariant G2_tools_iter accepted=True req=8
grok-4.7 atomic-data/bounded_counter_invariant G3_concir accepted=False req=12
grok-4.7 atomic-data/counter_overflow_safety G0_direct accepted=True req=13
grok-4.7 atomic-data/counter_overflow_safety G2_tools_iter accepted=True req=17
grok-4.7 atomic-data/counter_overflow_safety G3_concir accepted=False req=21
grok-4.7 channel/bounded_backpressure_lock_held G0_direct accepted=False req=22
grok-4.7 channel/bounded_backpressure_lock_held G2_tools_iter accepted=True req=23
grok-4.7 channel/bounded_backpressure_lock_held G3_concir accepted=True req=28
grok-4.7 channel/rendezvous_both_send G0_direct accepted=False req=29
grok-4.7 channel/rendezvous_both_send G2_tools_iter accepted=True req=30
grok-4.7 channel/rendezvous_both_send G3_concir accepted=False req=34
grok-4.7 channel/send_while_holding_mutex G0_direct accepted=True req=35
grok-4.7 channel/send_while_holding_mutex G2_tools_iter accepted=True req=36
grok-4.7 channel/send_while_holding_mutex G3_concir accepted=False req=40
grok-4.7 condvar/bare_wait_no_predicate G0_direct accepted=True req=41
grok-4.7 condvar/bare_wait_no_predicate G2_tools_iter accepted=True req=42
grok-4.7 condvar/bare_wait_no_predicate G3_concir accepted=False req=46
grok-4.7 condvar/lost_wakeup_notify_before_wait G0_direct accepted=True req=47
grok-4.7 condvar/lost_wakeup_notify_before_wait G2_tools_iter accepted=True req=49
grok-4.7 condvar/lost_wakeup_notify_before_wait G3_concir accepted=False req=53
grok-4.7 condvar/notify_one_multi_waiter_wrong_pick G0_direct accepted=False req=54
grok-4.7 condvar/notify_one_multi_waiter_wrong_pick G2_tools_iter accepted=False req=58
grok-4.7 condvar/notify_one_multi_waiter_wrong_pick G3_concir accepted=False req=62
grok-4.7 condvar/same_cv_different_locks G0_direct accepted=False req=63
grok-4.7 condvar/same_cv_different_locks G2_tools_iter accepted=True req=67
grok-4.7 condvar/same_cv_different_locks G3_concir accepted=False req=70
grok-4.7 lock-order/abba_2lock G0_direct accepted=True req=71
grok-4.7 lock-order/abba_2lock G2_tools_iter accepted=True req=72
grok-4.7 lock-order/abba_2lock G3_concir accepted=False req=76
grok-4.7 lock-order/cross_module_cycle G0_direct accepted=True req=77
grok-4.7 lock-order/cross_module_cycle G2_tools_iter accepted=True req=79
grok-4.7 lock-order/cross_module_cycle G3_concir accepted=False req=83
grok-4.7 lock-order/cycle_3lock G0_direct accepted=True req=84
grok-4.7 lock-order/cycle_3lock G2_tools_iter accepted=True req=85
grok-4.7 lock-order/cycle_3lock G3_concir accepted=False req=89
grok-4.7 lock-order/partial_deadlock_bystander G0_direct accepted=False req=91
grok-4.7 lock-order/partial_deadlock_bystander G2_tools_iter accepted=True req=93
grok-4.7 lock-order/partial_deadlock_bystander G3_concir accepted=False req=98
grok-4.7 lock-order/two_independent_cycles G0_direct accepted=True req=99
grok-4.7 lock-order/two_independent_cycles G2_tools_iter accepted=True req=100
grok-4.7 lock-order/two_independent_cycles G3_concir accepted=True req=104
grok-4.7 semaphore/acquire_twice_no_release G0_direct accepted=True req=105
grok-4.7 semaphore/acquire_twice_no_release G2_tools_iter accepted=True req=106
grok-4.7 semaphore/acquire_twice_no_release G3_concir accepted=True req=108
grok-4.7 semaphore/permit_leak G0_direct accepted=True req=109
grok-4.7 semaphore/permit_leak G2_tools_iter accepted=True req=110
grok-4.7 semaphore/permit_leak G3_concir accepted=True req=114
grok-4.7 semaphore/throttle_n_permits G0_direct accepted=True req=115
grok-4.7 semaphore/throttle_n_permits G2_tools_iter accepted=True req=116
grok-4.7 semaphore/throttle_n_permits G3_concir accepted=False req=120
grok-4.7 structure/finite_call_loop G0_direct accepted=True req=121
grok-4.7 structure/finite_call_loop G2_tools_iter accepted=True req=122
grok-4.7 structure/finite_call_loop G3_concir accepted=False req=126
grok-4.7 structure/nested_scope_lock_order G0_direct accepted=True req=127
grok-4.7 structure/nested_scope_lock_order G2_tools_iter accepted=True req=128
grok-4.7 structure/nested_scope_lock_order G3_concir accepted=True req=130
grok-4.7 structure/scope_bound_k_workers G0_direct accepted=True req=131
grok-4.7 structure/scope_bound_k_workers G2_tools_iter accepted=True req=132
grok-4.7 structure/scope_bound_k_workers G3_concir accepted=False req=136
grok-4.7 structure/scope_worker_abba G0_direct accepted=True req=137
grok-4.7 structure/scope_worker_abba G2_tools_iter accepted=True req=138
grok-4.7 structure/scope_worker_abba G3_concir accepted=False req=142
grok-4.7 structure/spawn_join_loop_finite G0_direct accepted=True req=143
grok-4.7 structure/spawn_join_loop_finite G2_tools_iter accepted=True req=144
grok-4.7 structure/spawn_join_loop_finite G3_concir accepted=False req=150
grok-4.7 structure/worker_with_payload G0_direct accepted=True req=151
grok-4.7 structure/worker_with_payload G2_tools_iter accepted=True req=152
grok-4.7 structure/worker_with_payload G3_concir accepted=False req=156
