composer-2.5 atomic-data/atomic_lost_update no_verified_cir
composer-2.5 atomic-data/bounded_counter_invariant accepted=True accepted req=1
composer-2.5 atomic-data/counter_overflow_safety accepted=True accepted req=3
composer-2.5 channel/bounded_backpressure_lock_held accepted=True accepted req=4
composer-2.5 channel/rendezvous_both_send accepted=True accepted req=6
composer-2.5 channel/send_while_holding_mutex accepted=True accepted req=8
composer-2.5 condvar/bare_wait_no_predicate no_verified_cir
composer-2.5 condvar/lost_wakeup_notify_before_wait no_verified_cir
composer-2.5 condvar/notify_one_multi_waiter_wrong_pick accepted=False source_build_failed req=11
composer-2.5 condvar/same_cv_different_locks no_verified_cir
composer-2.5 lock-order/abba_2lock accepted=True accepted req=12
composer-2.5 lock-order/cross_module_cycle accepted=False source_build_failed req=15
composer-2.5 lock-order/cycle_3lock accepted=True accepted req=16
composer-2.5 lock-order/partial_deadlock_bystander no_verified_cir
composer-2.5 lock-order/two_independent_cycles accepted=True accepted req=18
composer-2.5 semaphore/acquire_twice_no_release accepted=True accepted req=19
composer-2.5 semaphore/permit_leak accepted=True accepted req=21
composer-2.5 semaphore/throttle_n_permits accepted=True accepted req=22
composer-2.5 structure/finite_call_loop accepted=True accepted req=23
composer-2.5 structure/nested_scope_lock_order accepted=True accepted req=24
composer-2.5 structure/scope_bound_k_workers accepted=True accepted req=25
composer-2.5 structure/scope_worker_abba accepted=True accepted req=26
composer-2.5 structure/spawn_join_loop_finite accepted=False instrumented_build_failed req=29
composer-2.5 structure/worker_with_payload accepted=True accepted req=31
