composer-2.5 atomic-data/atomic_lost_update accepted=False status=generation_failed req=4
composer-2.5 atomic-data/bounded_counter_invariant accepted=True status=accepted req=6
composer-2.5 atomic-data/counter_overflow_safety accepted=True status=accepted req=11
composer-2.5 channel/bounded_backpressure_lock_held accepted=True status=accepted req=15
composer-2.5 channel/rendezvous_both_send accepted=True status=accepted req=19
composer-2.5 channel/send_while_holding_mutex accepted=False status=generation_failed req=25
composer-2.5 condvar/bare_wait_no_predicate accepted=False status=generation_failed req=29
composer-2.5 condvar/lost_wakeup_notify_before_wait accepted=False status=generation_failed req=33
composer-2.5 condvar/notify_one_multi_waiter_wrong_pick accepted=False status=generation_failed req=39
composer-2.5 condvar/same_cv_different_locks accepted=False status=unsupported req=41
composer-2.5 lock-order/abba_2lock accepted=False status=generation_failed req=46
composer-2.5 lock-order/cross_module_cycle accepted=False status=generation_failed req=53
composer-2.5 lock-order/cycle_3lock accepted=True status=accepted req=55
composer-2.5 lock-order/partial_deadlock_bystander accepted=False status=generation_failed req=59
composer-2.5 lock-order/two_independent_cycles accepted=True status=accepted req=61
composer-2.5 semaphore/acquire_twice_no_release accepted=False status=generation_failed req=66
composer-2.5 semaphore/permit_leak accepted=False status=generation_failed req=70
composer-2.5 semaphore/throttle_n_permits accepted=False status=generation_failed req=75
composer-2.5 structure/finite_call_loop accepted=True status=accepted req=77
composer-2.5 structure/nested_scope_lock_order accepted=True status=accepted req=79
composer-2.5 structure/scope_bound_k_workers accepted=False status=generation_failed req=85
composer-2.5 structure/scope_worker_abba accepted=True status=accepted req=87
composer-2.5 structure/spawn_join_loop_finite accepted=True status=accepted req=89
composer-2.5 structure/worker_with_payload accepted=False status=generation_failed req=94
