selected 59 CIR cells
no_holes atomic-data/bounded_counter_invariant
no_holes atomic-data/counter_overflow_safety
no_holes channel/bounded_backpressure_lock_held
no_holes channel/rendezvous_both_send
no_holes channel/send_while_holding_mutex
no_holes condvar/bare_wait_no_predicate
no_holes condvar/lost_wakeup_notify_before_wait
no_holes lock-order/abba_2lock
no_holes lock-order/cross_module_cycle
no_holes lock-order/cycle_3lock
no_holes lock-order/two_independent_cycles
no_holes semaphore/acquire_twice_no_release
no_holes semaphore/permit_leak
no_holes semaphore/throttle_n_permits
no_holes structure/finite_call_loop
no_holes structure/nested_scope_lock_order
no_holes structure/scope_bound_k_workers
no_holes structure/scope_worker_abba
no_holes structure/spawn_join_loop_finite
no_holes structure/worker_with_payload
no_holes atomic-data/bounded_counter_invariant
no_holes atomic-data/counter_overflow_safety
no_holes channel/bounded_backpressure_lock_held
no_holes channel/rendezvous_both_send
no_holes channel/send_while_holding_mutex
no_holes condvar/bare_wait_no_predicate
no_holes condvar/lost_wakeup_notify_before_wait
no_holes lock-order/abba_2lock
no_holes lock-order/cross_module_cycle
no_holes lock-order/two_independent_cycles
no_holes semaphore/acquire_twice_no_release
no_holes semaphore/permit_leak
no_holes semaphore/throttle_n_permits
no_holes structure/finite_call_loop
no_holes structure/nested_scope_lock_order
no_holes structure/scope_bound_k_workers
no_holes structure/scope_worker_abba
no_holes structure/spawn_join_loop_finite
no_holes structure/worker_with_payload
no_holes atomic-data/bounded_counter_invariant
no_holes atomic-data/counter_overflow_safety
no_holes channel/bounded_backpressure_lock_held
no_holes channel/rendezvous_both_send
no_holes channel/send_while_holding_mutex
no_holes condvar/bare_wait_no_predicate
no_holes condvar/lost_wakeup_notify_before_wait
no_holes lock-order/abba_2lock
no_holes lock-order/cross_module_cycle
no_holes lock-order/cycle_3lock
no_holes lock-order/two_independent_cycles
no_holes semaphore/acquire_twice_no_release
no_holes semaphore/permit_leak
no_holes semaphore/throttle_n_permits
no_holes structure/finite_call_loop
no_holes structure/nested_scope_lock_order
no_holes structure/scope_bound_k_workers
no_holes structure/scope_worker_abba
no_holes structure/spawn_join_loop_finite
no_holes structure/worker_with_payload
requests 0
