atomic-data comment#0 tn
atomic-data rename-local#0 tn
atomic-data rename-local#1 tn
atomic-data rename-local#2 tn
atomic-data delete-lock-line#0 no_detection_evidence
atomic-data comment#0 tn
atomic-data rename-local#0 tn
atomic-data rename-local#1 tn
atomic-data rename-local#2 tn
atomic-data delete-lock-line#0 no_detection_evidence
atomic-data comment#0 tn
atomic-data rename-local#0 tn
atomic-data rename-local#1 tn
atomic-data rename-local#2 tn
atomic-data delete-lock-line#0 no_detection_evidence
channel comment#0 tn
channel rename-local#1 tn
channel rename-local#2 tn
channel comment#0 tn
channel rename-local#1 tn
channel rename-local#2 tn
channel comment#0 tn
channel rename-local#1 tn
channel rename-local#2 tn
channel comment#0 tn
channel rename-local#1 tn
channel rename-local#2 tn
channel comment#0 tn
channel rename-local#1 tn
channel rename-local#2 tn
channel comment#0 tn
channel rename-local#2 tn
condvar comment#0 tn
condvar rename-local#0 tn
condvar rename-local#1 tn
condvar rename-local#2 tn
condvar delete-lock-line#0 no_detection_evidence
lock-order comment#0 tn
lock-order rename-local#0 tn
lock-order rename-local#1 tn
lock-order rename-local#2 tn
lock-order delete-lock-line#0 invalid_mutant
lock-order comment#0 tn
lock-order rename-local#0 tn
lock-order rename-local#1 tn
lock-order rename-local#2 tn
lock-order delete-lock-line#0 no_detection_evidence
lock-order comment#0 tn
lock-order delete-lock-line#0 invalid_mutant
lock-order comment#0 tn
lock-order delete-lock-line#0 invalid_mutant
lock-order comment#0 tn
lock-order swap-locks#0 uncertain_detected
lock-order swap-locks#1 no_detection_evidence
lock-order delete-lock-line#0 no_detection_evidence
lock-order comment#0 tn
lock-order rename-local#0 tn
lock-order rename-local#1 tn
lock-order rename-local#2 tn
lock-order delete-lock-line#0 invalid_mutant
lock-order comment#0 tn
lock-order rename-local#0 tn
lock-order rename-local#1 tn
lock-order rename-local#2 tn
lock-order delete-lock-line#0 no_detection_evidence
lock-order comment#0 tn
lock-order rename-local#0 tn
lock-order rename-local#1 tn
lock-order rename-local#2 tn
lock-order delete-lock-line#0 invalid_mutant
lock-order comment#0 tn
lock-order rename-local#0 tn
lock-order rename-local#1 tn
lock-order rename-local#2 tn
lock-order delete-lock-line#0 no_detection_evidence
semaphore comment#0 tn
semaphore rename-local#0 tn
semaphore rename-local#1 tn
semaphore rename-local#2 tn
semaphore double-release#0 no_detection_evidence
semaphore comment#0 tn
semaphore rename-local#0 tn
semaphore rename-local#1 tn
semaphore rename-local#2 tn
semaphore double-release#0 no_detection_evidence
semaphore comment#0 tn
semaphore rename-local#0 tn
semaphore rename-local#1 tn
semaphore rename-local#2 tn
semaphore double-release#0 no_detection_evidence
semaphore comment#0 tn
semaphore rename-local#0 tn
semaphore rename-local#1 tn
semaphore rename-local#2 tn
semaphore double-release#0 no_detection_evidence
semaphore comment#0 tn
semaphore rename-local#0 tn
semaphore rename-local#1 tn
semaphore rename-local#2 tn
semaphore double-release#0 no_detection_evidence
structure comment#0 tn
structure comment#0 tn
structure rename-local#0 tn
structure swap-locks#0 no_detection_evidence
structure rename-local#1 tn
structure swap-locks#1 uncertain_detected
structure rename-local#2 tn
structure delete-lock-line#0 no_detection_evidence
structure comment#0 tn
structure rename-local#0 tn
structure swap-locks#0 no_detection_evidence
structure rename-local#1 tn
structure swap-locks#1 uncertain_detected
structure rename-local#2 tn
structure delete-lock-line#0 no_detection_evidence
structure comment#0 tn
structure rename-local#0 tn
structure rename-local#1 tn
structure rename-local#2 tn
structure double-release#0 no_detection_evidence
structure comment#0 tn
structure rename-local#0 tn
structure rename-local#1 tn
structure rename-local#2 tn
structure delete-lock-line#0 invalid_mutant
structure comment#0 tn
structure rename-local#0 tn
structure rename-local#1 tn
structure comment#0 tn
structure rename-local#0 tn
structure rename-local#1 tn
structure comment#0 tn
structure rename-local#2 tn
structure delete-lock-line#0 no_detection_evidence
structure comment#0 tn
structure delete-lock-line#0 no_detection_evidence
structure comment#0 tn
structure rename-local#0 tn
structure rename-local#2 tn
structure delete-lock-line#0 no_detection_evidence
done
