{
  "attributes": [],
  "scope": "identity, channel-capacity attributes, and uncovered sync are separate; a conforming finite trace does not override a capacity conflict or an unknown capacity",
  "uncovered_sync": [],
  "unresolved": {
    "r#625": {
      "entry": null,
      "reason": "thread entry is not unambiguous",
      "site": "625"
    },
    "rx1": {
      "reason": "channel endpoint has no channel token",
      "site": null
    },
    "rx2": {
      "reason": "channel endpoint has no channel token",
      "site": null
    },
    "s#372": {
      "entry": null,
      "reason": "thread entry is not unambiguous",
      "site": "372"
    },
    "tx1": {
      "reason": "channel endpoint has no channel token",
      "site": null
    },
    "tx2": {
      "reason": "channel endpoint has no channel token",
      "site": null
    }
  },
  "verified": {
    "lock_mutex0#163": {
      "cir": "main::lock",
      "rule": "exact"
    }
  },
  "violated": {}
}
