{
  "attributes": [],
  "scope": "identity, channel-capacity attributes, and uncovered sync are separate; a conforming finite trace does not override a capacity conflict or an unknown capacity",
  "uncovered_sync": [],
  "unresolved": {
    "handle_t1#333": {
      "entry": null,
      "reason": "thread entry is not unambiguous",
      "site": "333"
    },
    "handle_t2#1064": {
      "entry": null,
      "reason": "thread entry is not unambiguous",
      "site": "1064"
    }
  },
  "verified": {
    "a_mutex0#136": {
      "cir": "main::a",
      "rule": "exact"
    },
    "b_mutex0#174": {
      "cir": "main::b",
      "rule": "exact"
    }
  },
  "violated": {}
}
