{
  "binary_sha256": "e0c7e3d122f2f08fd7483f248e9c263102d81964c8219b8a126b84d43cb41c0e",
  "bounded": true,
  "events": 352,
  "git_rev": "a35dc867d6327c772d48bd7c0473a6606fcc467a",
  "properties": [
    {
      "detail": "decided by behavior (hang/timeout) and Miri",
      "id": "no-deadlock",
      "kind": "deadlock_free",
      "req": [
        "R4",
        "R6"
      ],
      "source": "properties",
      "status": "deferred"
    },
    {
      "id": "main::outer completes",
      "kind": "reachable",
      "req": [
        "R5"
      ],
      "source": "preserved",
      "status": "PASS_bounded"
    },
    {
      "id": "main::x1 holds [a, b] at once",
      "kind": "reachable",
      "req": [
        "R3"
      ],
      "source": "preserved",
      "status": "PASS_bounded"
    },
    {
      "id": "main::x2 holds [a, b] at once",
      "kind": "reachable",
      "req": [
        "R3"
      ],
      "source": "preserved",
      "status": "PASS_bounded"
    }
  ],
  "resource_map": {
    "a_mutex0#769": "main::a",
    "b_mutex0#807": "main::b",
    "outer#915": "main::outer",
    "x1#513": "main::x1",
    "x2#639": "main::x2"
  },
  "status": "ok",
  "traces": 32,
  "unmapped_resources": []
}
