{
  "attributes": [],
  "scope": "identity, channel-capacity attributes, and uncovered sync are separate; a conforming finite trace does not override a capacity conflict or an unknown capacity",
  "uncovered_sync": [],
  "unresolved": {},
  "verified": {
    "m_mutex0#411": {
      "cir": "main::m",
      "rule": "exact"
    },
    "w1#476": {
      "cir": "main::w1",
      "rule": "spawn-entry"
    },
    "w2#550": {
      "cir": "main::w2",
      "rule": "spawn-entry"
    }
  },
  "violated": {}
}
