     Locking 1 package to highest compatible version
   Compiling concir_sync v0.1.0 (/Users/kevin/local-repos/ConcPlanVerify/runtime/concir_sync)
   Compiling probe v0.1.0 (/Users/kevin/local-repos/ConcPlanVerify/experiments/strong-link-v24-debug/final-controls/channel__bounded_backpressure_lock_held/glm-5.3-flash/unchanged_candidate/proj)
warning: unused import: `Condvar`
 --> src/main.rs:2:30
  |
2 | use cir_trace::sync::{Mutex, Condvar};
  |                              ^^^^^^^
  |
  = note: `#[warn(unused_imports)]` (part of `#[warn(unused)]`) on by default

warning: unused import: `std::thread`
 --> src/main.rs:5:5
  |
5 | use std::thread;
  |     ^^^^^^^^^^^

warning: value assigned to `v2` is never read
  --> src/main.rs:30:27
   |
30 |         let mut v2: i32 = 0;
   |                           ^ this value is reassigned later and never used
31 |         v2 = v1;
   |         ------- `v2` is overwritten here before the previous value is read
   |
   = note: `#[warn(unused_assignments)]` (part of `#[warn(unused)]`) on by default

warning: `probe` (bin "probe") generated 3 warnings (run `cargo fix --bin "probe" -p probe` to apply 2 suggestions)
    Finished `dev` profile [unoptimized + debuginfo] target(s) in 0.32s
