{
  "attributes": [
    {
      "construction_site": null,
      "evidence": "absent",
      "expected": "semaphore_initial",
      "expected_capacity": 0,
      "observed": null,
      "observed_capacity": null,
      "reason": "no used semaphore construction is bound to this CIR resource",
      "resource_id": "main::sa",
      "runtime": null,
      "status": "unknown"
    },
    {
      "construction_site": null,
      "evidence": "absent",
      "expected": "semaphore_initial",
      "expected_capacity": 0,
      "observed": null,
      "observed_capacity": null,
      "reason": "no used semaphore construction is bound to this CIR resource",
      "resource_id": "main::sb",
      "runtime": null,
      "status": "unknown"
    }
  ],
  "scope": "identity, channel-capacity attributes, and uncovered sync are separate; a conforming finite trace does not override a capacity conflict or an unknown capacity",
  "uncovered_sync": [],
  "unresolved": {
    "bystander_task#4057": {
      "entry": "bystander_task",
      "reason": "thread entry is not unambiguous",
      "site": "4057"
    },
    "flag_mutex0#3758": {
      "candidates": [],
      "reason": "no structural evidence",
      "site": "3758"
    },
    "res_mutex0#3578": {
      "reason": "duplicate runtime resource name",
      "site": "3578"
    },
    "res_mutex0#3633": {
      "reason": "duplicate runtime resource name",
      "site": "3633"
    },
    "worker_a#4334": {
      "entry": "worker_a",
      "reason": "thread entry is not unambiguous",
      "site": "4334"
    },
    "worker_b#4623": {
      "entry": "worker_b",
      "reason": "thread entry is not unambiguous",
      "site": "4623"
    }
  },
  "verified": {},
  "violated": {}
}
