     Locking 1 package to highest compatible version
   Compiling concir_sync v0.1.0 (/Users/kevin/local-repos/ConcPlanVerify/runtime/concir_sync)
   Compiling probe v0.1.0 (/Users/kevin/local-repos/ConcPlanVerify/experiments/multimodel-v1/pilot-20260926T185711-gpt6luna/GPT 6 Luna/lock-order__cross_module_cycle/rep0/code/round-2/proj)
warning: unused import: `Condvar`
 --> src/main.rs:2:30
  |
2 | use cir_trace::sync::{Mutex, Condvar};
  |                              ^^^^^^^
  |
  = note: `#[warn(unused_imports)]` (part of `#[warn(unused)]`) on by default

warning: static variable `a` should have an upper case name
 --> src/main.rs:6:12
  |
6 | pub static a: Mutex<()> = Mutex::new_named("a_mutex0", ());
  |            ^ help: convert the identifier to upper case: `A`
  |
  = note: `#[warn(non_upper_case_globals)]` (part of `#[warn(nonstandard_style)]`) on by default

warning: static variable `b` should have an upper case name
  --> src/main.rs:11:16
   |
11 |     pub static b: Mutex<()> = Mutex::new_named("b_mutex0", ());
   |                ^
   |
help: convert the identifier to upper case
   |
11 -     pub static b: Mutex<()> = Mutex::new_named("b_mutex0", ());
11 +     pub static B: Mutex<()> = Mutex::new_named("b_mutex0", ());
   |

warning: `probe` (bin "probe") generated 3 warnings (run `cargo fix --bin "probe" -p probe` to apply 2 suggestions)
    Finished `dev` profile [unoptimized + debuginfo] target(s) in 0.28s
