{
  "attributes": [],
  "scope": "identity, channel-capacity attributes, and uncovered sync are separate; a conforming finite trace does not override a capacity conflict or an unknown capacity",
  "uncovered_sync": [],
  "unresolved": {
    "inner_task#1290": {
      "entry": "inner_task",
      "reason": "thread entry is not unambiguous",
      "site": "1290"
    },
    "inner_task#1352": {
      "entry": "inner_task",
      "reason": "thread entry is not unambiguous",
      "site": "1352"
    }
  },
  "verified": {
    "a_mutex0#1642": {
      "cir": "main::a",
      "rule": "exact"
    },
    "b_mutex0#1695": {
      "cir": "main::b",
      "rule": "exact"
    },
    "outer#1744": {
      "cir": "main::outer",
      "rule": "spawn-entry"
    }
  },
  "violated": {}
}
