{
  "analysis_started": true,
  "assumptions": {
    "no_spurious_wakeups": true,
    "sequential_consistency": true
  },
  "binary_sha256": "2b59d7df842dde2ac2e275080c61c64d41a0a5e723eb1e0f2f4e5376a4d67694",
  "boundary_events": [],
  "bounds": {
    "max_boundary_events": 4096,
    "max_depth": 40,
    "max_frames_per_thread": 32,
    "max_states": 10000,
    "max_threads": 16
  },
  "complete": true,
  "contract_fingerprint": "ba7cb6b2a1bb7790",
  "diagnostics": [],
  "git_rev": "a35dc867d6327c772d48bd7c0473a6606fcc467a",
  "invalid": [],
  "model_fingerprint": "9eadc78fe5a9288c",
  "outcome": "PASS",
  "properties": [
    {
      "detail": "no deadlock state reachable",
      "id": "deadlock",
      "outcome": "PASS"
    }
  ],
  "states_explored": 10,
  "transitions_explored": 11,
  "unsupported": []
}
