{
  "attributes": [],
  "scope": "identity, channel-capacity attributes, and uncovered sync are separate; a conforming finite trace does not override a capacity conflict or an unknown capacity",
  "uncovered_sync": [],
  "unresolved": {
    "r#1314": {
      "entry": null,
      "reason": "thread entry is not unambiguous",
      "site": "1314"
    },
    "res_mutex0#434": {
      "candidates": [],
      "reason": "no structural evidence",
      "site": "434"
    },
    "rx1": {
      "reason": "channel endpoint has no channel token",
      "site": null
    },
    "rx2": {
      "reason": "channel endpoint has no channel token",
      "site": null
    },
    "s#518": {
      "entry": null,
      "reason": "thread entry is not unambiguous",
      "site": "518"
    },
    "tx1": {
      "reason": "channel endpoint has no channel token",
      "site": null
    },
    "tx2": {
      "reason": "channel endpoint has no channel token",
      "site": null
    }
  },
  "verified": {},
  "violated": {}
}
