{
  "attributes": [
    {
      "construction_site": "347",
      "evidence": "literal_initial",
      "expected": "semaphore_initial",
      "expected_capacity": 1,
      "observed": 1,
      "observed_capacity": 1,
      "reason": "initial count of the used construction matches the CIR",
      "resource_id": "main::s",
      "runtime": "s_semaphore0#347",
      "status": "match"
    }
  ],
  "scope": "identity, channel-capacity attributes, and uncovered sync are separate; a conforming finite trace does not override a capacity conflict or an unknown capacity",
  "uncovered_sync": [],
  "unresolved": {
    "w1#471": {
      "entry": "w1",
      "reason": "thread entry is not unambiguous",
      "site": "471"
    },
    "w2#617": {
      "entry": "w2",
      "reason": "thread entry is not unambiguous",
      "site": "617"
    },
    "w3#763": {
      "entry": "w3",
      "reason": "thread entry is not unambiguous",
      "site": "763"
    }
  },
  "verified": {
    "s_semaphore0#347": {
      "cir": "main::s",
      "rule": "used-construction"
    },
    "w1#398": {
      "cir": "main::w1",
      "rule": "spawn-entry"
    },
    "w2#544": {
      "cir": "main::w2",
      "rule": "spawn-entry"
    },
    "w3#690": {
      "cir": "main::w3",
      "rule": "spawn-entry"
    }
  },
  "violated": {}
}
