{
  "attributes": [],
  "scope": "identity, channel-capacity attributes, and uncovered sync are separate; a conforming finite trace does not override a capacity conflict or an unknown capacity",
  "uncovered_sync": [],
  "unresolved": {
    "t1_handle#195": {
      "entry": null,
      "reason": "thread entry is not unambiguous",
      "site": "195"
    },
    "t2_handle#1225": {
      "entry": null,
      "reason": "thread entry is not unambiguous",
      "site": "1225"
    }
  },
  "verified": {
    "a_mutex0#70": {
      "cir": "main::a",
      "rule": "exact"
    },
    "b_mutex0#107": {
      "cir": "main::b",
      "rule": "exact"
    }
  },
  "violated": {}
}
