{
  "attributes": [],
  "scope": "identity, channel-capacity attributes, and uncovered sync are separate; a conforming finite trace does not override a capacity conflict or an unknown capacity",
  "uncovered_sync": [],
  "unresolved": {
    "t1#223": {
      "entry": null,
      "reason": "thread entry is not unambiguous",
      "site": "223"
    },
    "t2#481": {
      "entry": null,
      "reason": "thread entry is not unambiguous",
      "site": "481"
    }
  },
  "verified": {
    "a_mutex0#87": {
      "cir": "main::a",
      "rule": "exact"
    },
    "b_mutex0#125": {
      "cir": "main::b",
      "rule": "exact"
    }
  },
  "violated": {}
}
