{
  "attributes": [],
  "scope": "identity, channel-capacity attributes, and uncovered sync are separate; a conforming finite trace does not override a capacity conflict or an unknown capacity",
  "uncovered_sync": [],
  "unresolved": {
    "shared_mutex0#590": {
      "candidates": [],
      "reason": "no structural evidence",
      "site": "590"
    }
  },
  "verified": {
    "w1#698": {
      "cir": "main::w1",
      "rule": "spawn-entry"
    },
    "w2#742": {
      "cir": "main::w2",
      "rule": "spawn-entry"
    }
  },
  "violated": {}
}
