{
  "attributes": [],
  "scope": "identity, channel-capacity attributes, and uncovered sync are separate; a conforming finite trace does not override a capacity conflict or an unknown capacity",
  "uncovered_sync": [],
  "unresolved": {
    "r#461": {
      "entry": null,
      "reason": "thread entry is not unambiguous",
      "site": "461"
    },
    "rx": {
      "reason": "channel endpoint has no channel token",
      "site": null
    },
    "s1#299": {
      "entry": null,
      "reason": "thread entry is not unambiguous",
      "site": "299"
    },
    "tx": {
      "reason": "channel endpoint has no channel token",
      "site": null
    }
  },
  "verified": {},
  "violated": {}
}
