{
  "attributes": [],
  "scope": "identity, channel-capacity attributes, and uncovered sync are separate; a conforming finite trace does not override a capacity conflict or an unknown capacity",
  "uncovered_sync": [],
  "unresolved": {
    "worker#1315": {
      "entry": "worker",
      "reason": "thread entry is not unambiguous",
      "site": "1315"
    },
    "worker#1453": {
      "entry": "worker",
      "reason": "thread entry is not unambiguous",
      "site": "1453"
    }
  },
  "verified": {
    "a_mutex0#1110": {
      "cir": "main::a",
      "rule": "exact"
    },
    "b_mutex0#1148": {
      "cir": "main::b",
      "rule": "exact"
    }
  },
  "violated": {}
}
