{
  "binary_sha256": "e0c7e3d122f2f08fd7483f248e9c263102d81964c8219b8a126b84d43cb41c0e",
  "bounded": true,
  "events": 320,
  "git_rev": "a35dc867d6327c772d48bd7c0473a6606fcc467a",
  "properties": [
    {
      "detail": "decided by behavior (hang/timeout) and Miri",
      "id": "no-deadlock",
      "kind": "deadlock_free",
      "req": [
        "R5",
        "R6",
        "R8",
        "R9"
      ],
      "source": "properties",
      "status": "deferred"
    },
    {
      "id": "main::t1 completes",
      "kind": "reachable",
      "req": [
        "R2",
        "R7",
        "R8"
      ],
      "source": "preserved",
      "status": "PASS_bounded"
    },
    {
      "id": "other::t2 completes",
      "kind": "reachable",
      "req": [
        "R2",
        "R7",
        "R8"
      ],
      "source": "preserved",
      "status": "PASS_bounded"
    },
    {
      "detail": "resource main::a not observed",
      "id": "main::t1 holds [main::a, other::b] at once",
      "kind": "reachable",
      "req": [
        "R1",
        "R3",
        "R4"
      ],
      "source": "preserved",
      "status": "unmapped"
    },
    {
      "detail": "resource main::a not observed",
      "id": "other::t2 holds [main::a, other::b] at once",
      "kind": "reachable",
      "req": [
        "R1",
        "R3",
        "R4"
      ],
      "source": "preserved",
      "status": "unmapped"
    }
  ],
  "resource_map": {
    "res_mutex0#570": null,
    "res_mutex0#624": null,
    "t1#759": "main::t1",
    "t2#873": "other::t2"
  },
  "status": "ok",
  "traces": 32,
  "unmapped_resources": [
    "res_mutex0#570",
    "res_mutex0#624"
  ]
}
