{
  "binary_sha256": "e0c7e3d122f2f08fd7483f248e9c263102d81964c8219b8a126b84d43cb41c0e",
  "bounded": true,
  "events": 448,
  "git_rev": "a35dc867d6327c772d48bd7c0473a6606fcc467a",
  "properties": [
    {
      "detail": "decided by behavior (hang/timeout) and Miri",
      "id": "no-deadlock",
      "kind": "deadlock_free",
      "req": [
        "R3",
        "R4",
        "R5",
        "R6",
        "R7"
      ],
      "source": "properties",
      "status": "deferred"
    },
    {
      "id": "main::sender completes",
      "kind": "reachable",
      "req": [
        "R1",
        "R3",
        "R5",
        "R6"
      ],
      "source": "preserved",
      "status": "PASS_bounded"
    },
    {
      "id": "main::receiver completes",
      "kind": "reachable",
      "req": [
        "R1",
        "R3",
        "R5",
        "R6"
      ],
      "source": "preserved",
      "status": "PASS_bounded"
    }
  ],
  "resource_map": {
    "ch": null,
    "m_mutex0#621": null,
    "receiver#845": "main::receiver",
    "sender#733": "main::sender"
  },
  "status": "ok",
  "traces": 32,
  "unmapped_resources": [
    "ch",
    "m_mutex0#621"
  ]
}
