{
  "attributes": [],
  "scope": "identity, channel-capacity attributes, and uncovered sync are separate; a conforming finite trace does not override a capacity conflict or an unknown capacity",
  "uncovered_sync": [],
  "unresolved": {},
  "verified": {
    "c#526": {
      "cir": "main::c",
      "rule": "exact"
    },
    "m_mutex0#504": {
      "cir": "main::m",
      "rule": "exact"
    },
    "w1#627": {
      "cir": "main::w1",
      "rule": "spawn-entry"
    },
    "w2#741": {
      "cir": "main::w2",
      "rule": "spawn-entry"
    }
  },
  "violated": {}
}
