{
  "attributes": [],
  "scope": "identity, channel-capacity attributes, and uncovered sync are separate; a conforming finite trace does not override a capacity conflict or an unknown capacity",
  "uncovered_sync": [],
  "unresolved": {
    "worker#437": {
      "entry": "worker",
      "reason": "thread entry is not unambiguous",
      "site": "437"
    },
    "worker#515": {
      "entry": "worker",
      "reason": "thread entry is not unambiguous",
      "site": "515"
    }
  },
  "verified": {
    "c#363": {
      "cir": "main::c",
      "rule": "exact"
    }
  },
  "violated": {}
}
