{
  "attributes": [],
  "scope": "identity, channel-capacity attributes, and uncovered sync are separate; a conforming finite trace does not override a capacity conflict or an unknown capacity",
  "uncovered_sync": [],
  "unresolved": {},
  "verified": {
    "a_mutex0#687": {
      "cir": "main::a",
      "rule": "exact"
    },
    "b_mutex0#725": {
      "cir": "main::b",
      "rule": "exact"
    },
    "outer#753": {
      "cir": "main::outer",
      "rule": "spawn-entry"
    },
    "x1#489": {
      "cir": "main::x1",
      "rule": "spawn-entry"
    },
    "x2#546": {
      "cir": "main::x2",
      "rule": "spawn-entry"
    }
  },
  "violated": {}
}
