     Locking 1 package to highest compatible version
   Compiling concir_sync v0.1.0 (/Users/kevin/local-repos/ConcPlanVerify/runtime/concir_sync)
   Compiling probe v0.1.0 (/Users/kevin/local-repos/ConcPlanVerify/experiments/strong-link-v29-online/structure__worker_with_payload/gpt-6-luna/G3_concir/rep0/code/round-1/proj)
warning: unused import: `Condvar`
 --> src/main.rs:2:30
  |
2 | use cir_trace::sync::{Mutex, Condvar};
  |                              ^^^^^^^
  |
  = note: `#[warn(unused_imports)]` (part of `#[warn(unused)]`) on by default

warning: unused import: `std::thread`
 --> src/main.rs:4:5
  |
4 | use std::thread;
  |     ^^^^^^^^^^^

warning: value assigned to `tmp` is never read
  --> src/main.rs:12:5
   |
12 |     tmp = tmp + 1;
   |     ^^^^^^^^^^^^^
   |
   = help: maybe it is overwritten before being read?
   = note: `#[warn(unused_assignments)]` (part of `#[warn(unused)]`) on by default

warning: function `__cir_obs_State` should have a snake case name
  --> src/main.rs:45:4
   |
45 | fn __cir_obs_State(v: &State, r: &str) { crate::cir_trace::record_value(&format!("{}::acc", r), v.acc as i64); }
   |    ^^^^^^^^^^^^^^^ help: convert the identifier to snake case (notice the capitalization): `__cir_obs_state`
   |
   = note: `#[warn(non_snake_case)]` (part of `#[warn(nonstandard_style)]`) on by default

warning: `probe` (bin "probe") generated 4 warnings (run `cargo fix --bin "probe" -p probe` to apply 2 suggestions)
    Finished `dev` profile [unoptimized + debuginfo] target(s) in 0.29s
