{
  "binary_sha256": "e0c7e3d122f2f08fd7483f248e9c263102d81964c8219b8a126b84d43cb41c0e",
  "bounded": true,
  "events": 489,
  "git_rev": "a35dc867d6327c772d48bd7c0473a6606fcc467a",
  "properties": [
    {
      "detail": "decided by behavior (hang/timeout) and Miri",
      "id": "deadlock",
      "kind": "deadlock_free",
      "req": [
        "R2",
        "R3",
        "R5",
        "R7",
        "R8",
        "R9"
      ],
      "source": "properties",
      "status": "deferred"
    },
    {
      "id": "main::w1 holds [main::m] at once",
      "kind": "reachable",
      "req": [
        "R4",
        "R5",
        "R6"
      ],
      "source": "preserved",
      "status": "PASS_bounded"
    }
  ],
  "resource_map": {
    "cv_condvar0#909": null,
    "g12_semaphore0#942": null,
    "gN_semaphore0#974": null,
    "m_mutex0#815": "main::m",
    "notifier#1359": null,
    "w1#1079": "main::w1",
    "w2#1216": null
  },
  "status": "ok",
  "traces": 32,
  "unmapped_resources": [
    "cv_condvar0#909",
    "g12_semaphore0#942",
    "gN_semaphore0#974",
    "notifier#1359",
    "w2#1216"
  ]
}
