{
  "attributes": [],
  "scope": "identity, channel-capacity attributes, and uncovered sync are separate; a conforming finite trace does not override a capacity conflict or an unknown capacity",
  "uncovered_sync": [],
  "unresolved": {},
  "verified": {
    "a_mutex0#663": {
      "cir": "main::a",
      "rule": "exact"
    },
    "b_mutex0#701": {
      "cir": "main::b",
      "rule": "exact"
    },
    "outer#788": {
      "cir": "main::outer",
      "rule": "spawn-entry"
    },
    "x1#439": {
      "cir": "main::x1",
      "rule": "spawn-entry"
    },
    "x2#536": {
      "cir": "main::x2",
      "rule": "spawn-entry"
    }
  },
  "violated": {}
}
