{
  "attributes": [],
  "scope": "identity, channel-capacity attributes, and uncovered sync are separate; a conforming finite trace does not override a capacity conflict or an unknown capacity",
  "uncovered_sync": [],
  "unresolved": {
    "new#807": {
      "entry": "new",
      "reason": "thread entry is not unambiguous",
      "site": "807"
    },
    "outer_1#1106": {
      "entry": null,
      "reason": "thread entry is not unambiguous",
      "site": "1106"
    }
  },
  "verified": {
    "a_mutex0#622": {
      "cir": "main::a",
      "rule": "exact"
    },
    "b_mutex0#660": {
      "cir": "main::b",
      "rule": "exact"
    }
  },
  "violated": {}
}
