{
  "attributes": [],
  "scope": "identity, channel-capacity attributes, and uncovered sync are separate; a conforming finite trace does not override a capacity conflict or an unknown capacity",
  "uncovered_sync": [],
  "unresolved": {
    "m_condvar0#118": {
      "candidates": [],
      "reason": "no structural evidence",
      "site": "118"
    },
    "notifier#460": {
      "entry": null,
      "reason": "thread entry is not unambiguous",
      "site": "460"
    },
    "waiter#180": {
      "entry": null,
      "reason": "thread entry is not unambiguous",
      "site": "180"
    }
  },
  "verified": {
    "m_mutex0#97": {
      "cir": "main::m",
      "rule": "exact"
    }
  },
  "violated": {}
}
