{
  "binary_sha256": "21c30dd62c22c468ed164d293633b38c9879c7be0322fbbd1dd5546899d5aed9",
  "bounded": true,
  "events": 384,
  "git_rev": "a35dc867d6327c772d48bd7c0473a6606fcc467a",
  "properties": [
    {
      "detail": "decided by behavior (hang/timeout) and Miri",
      "id": "no-deadlock",
      "kind": "deadlock_free",
      "req": [
        "R3",
        "R4",
        "R6"
      ],
      "source": "properties",
      "status": "deferred"
    },
    {
      "detail": "var_cmp is not implemented (only var_eq is)",
      "id": "counter-bound",
      "kind": "safety",
      "req": [
        "R2",
        "R5"
      ],
      "source": "properties",
      "status": "unsupported"
    },
    {
      "id": "main::w1 completes",
      "kind": "reachable",
      "req": [
        "R1",
        "R6"
      ],
      "source": "preserved",
      "status": "PASS_bounded"
    },
    {
      "id": "main::w2 completes",
      "kind": "reachable",
      "req": [
        "R1",
        "R6"
      ],
      "source": "preserved",
      "status": "PASS_bounded"
    }
  ],
  "resource_map": {
    "m_mutex0#267": "main::m",
    "w1#319": "main::w1",
    "w2#393": "main::w2"
  },
  "status": "ok",
  "traces": 32,
  "unmapped_resources": []
}
