   Compiling probe v0.1.0 (/Users/kevin/local-repos/ConcPlanVerify/experiments/strong-link-v28/replay-work/new/semaphore__acquire_twice_no_release__deepseek-flash__G3_concir/proj)
warning: unused import: `std::thread`
 --> src/main.rs:4:5
  |
4 | use std::thread;
  |     ^^^^^^^^^^^
  |
  = note: `#[warn(unused_imports)]` (part of `#[warn(unused)]`) on by default

warning: variable `tmp` is assigned to, but never used
 --> src/main.rs:7:9
  |
7 |     let mut tmp: i32 = 0;
  |         ^^^^^^^
  |
  = note: consider using `_tmp` instead
  = note: `#[warn(unused_variables)]` (part of `#[warn(unused)]`) on by default

warning: value assigned to `tmp` is never read
  --> src/main.rs:11:9
   |
11 |         tmp = 1;
   |         ^^^^^^^ this value is reassigned later and never used
...
17 |         tmp = 2;
   |         ------- `tmp` is overwritten here before the previous value is read
   |
   = note: `#[warn(unused_assignments)]` (part of `#[warn(unused)]`) on by default

warning: value assigned to `tmp` is never read
  --> src/main.rs:17:9
   |
17 |         tmp = 2;
   |         ^^^^^^^
   |
   = help: maybe it is overwritten before being read?

warning: variable `tmp` is assigned to, but never used
  --> src/main.rs:23:9
   |
23 |     let mut tmp: i32 = 0;
   |         ^^^^^^^
   |
   = note: consider using `_tmp` instead

warning: value assigned to `tmp` is never read
  --> src/main.rs:27:9
   |
27 |         tmp = 1;
   |         ^^^^^^^ this value is reassigned later and never used
...
33 |         tmp = 2;
   |         ------- `tmp` is overwritten here before the previous value is read

warning: value assigned to `tmp` is never read
  --> src/main.rs:33:9
   |
33 |         tmp = 2;
   |         ^^^^^^^
   |
   = help: maybe it is overwritten before being read?

warning: `probe` (bin "probe") generated 7 warnings (run `cargo fix --bin "probe" -p probe` to apply 1 suggestion)
    Finished `dev` profile [unoptimized + debuginfo] target(s) in 0.17s
