   Compiling probe v0.1.0 (/Users/kevin/local-repos/ConcPlanVerify/experiments/strong-link-v28/replay-work/new/semaphore__acquire_twice_no_release__deepseek-flash__G3_concir/source-proj)
warning: variable `tmp` is assigned to, but never used
 --> src/main.rs:6:9
  |
6 |     let mut tmp: i32 = 0;
  |         ^^^^^^^
  |
  = note: consider using `_tmp` instead
  = note: `#[warn(unused_variables)]` (part of `#[warn(unused)]`) on by default

warning: value assigned to `tmp` is never read
  --> src/main.rs:10:9
   |
10 |         tmp = 1;
   |         ^^^^^^^ this value is reassigned later and never used
...
16 |         tmp = 2;
   |         ------- `tmp` is overwritten here before the previous value is read
   |
   = note: `#[warn(unused_assignments)]` (part of `#[warn(unused)]`) on by default

warning: value assigned to `tmp` is never read
  --> src/main.rs:16:9
   |
16 |         tmp = 2;
   |         ^^^^^^^
   |
   = help: maybe it is overwritten before being read?

warning: variable `tmp` is assigned to, but never used
  --> src/main.rs:22:9
   |
22 |     let mut tmp: i32 = 0;
   |         ^^^^^^^
   |
   = note: consider using `_tmp` instead

warning: value assigned to `tmp` is never read
  --> src/main.rs:26:9
   |
26 |         tmp = 1;
   |         ^^^^^^^ this value is reassigned later and never used
...
32 |         tmp = 2;
   |         ------- `tmp` is overwritten here before the previous value is read

warning: value assigned to `tmp` is never read
  --> src/main.rs:32:9
   |
32 |         tmp = 2;
   |         ^^^^^^^
   |
   = help: maybe it is overwritten before being read?

warning: `probe` (bin "probe") generated 6 warnings
    Finished `dev` profile [unoptimized + debuginfo] target(s) in 0.12s
