     Locking 1 package to highest compatible version
   Compiling concir_sync v0.1.0 (/Users/kevin/local-repos/ConcPlanVerify/runtime/concir_sync)
   Compiling probe v0.1.0 (/Users/kevin/local-repos/ConcPlanVerify/experiments/strong-link-v23-thinking/lock-order__abba_2lock/glm-5.3-flash/G3_concir/rep0/code/round-1/proj)
warning: unused import: `Condvar`
 --> src/main.rs:2:30
  |
2 | use cir_trace::sync::{Mutex, Condvar};
  |                              ^^^^^^^
  |
  = note: `#[warn(unused_imports)]` (part of `#[warn(unused)]`) on by default

warning: variable does not need to be mutable
 --> src/main.rs:7:9
  |
7 |     let mut guard_a = a.lock().unwrap();
  |         ----^^^^^^^
  |         |
  |         help: remove this `mut`
  |
  = note: `#[warn(unused_mut)]` (part of `#[warn(unused)]`) on by default

warning: variable does not need to be mutable
 --> src/main.rs:9:9
  |
9 |     let mut guard_b = b.lock().unwrap();
  |         ----^^^^^^^
  |         |
  |         help: remove this `mut`

warning: variable does not need to be mutable
  --> src/main.rs:22:9
   |
22 |     let mut guard_a = a.lock().unwrap();
   |         ----^^^^^^^
   |         |
   |         help: remove this `mut`

warning: variable does not need to be mutable
  --> src/main.rs:24:9
   |
24 |     let mut guard_b = b.lock().unwrap();
   |         ----^^^^^^^
   |         |
   |         help: remove this `mut`

warning: `probe` (bin "probe") generated 5 warnings (run `cargo fix --bin "probe" -p probe` to apply 5 suggestions)
    Finished `dev` profile [unoptimized + debuginfo] target(s) in 0.27s
