     Locking 1 package to highest compatible version
   Compiling concir_sync v0.1.0 (/Users/kevin/local-repos/ConcPlanVerify/runtime/concir_sync)
   Compiling probe v0.1.0 (/Users/kevin/local-repos/ConcPlanVerify/experiments/strong-link-v23-thinking/lock-order__abba_2lock/glm-5.3-flash/G3_concir/rep0/code/round-1/source-proj)
warning: variable does not need to be mutable
 --> src/main.rs:5:9
  |
5 |     let mut guard_a = a.lock().unwrap();
  |         ----^^^^^^^
  |         |
  |         help: remove this `mut`
  |
  = note: `#[warn(unused_mut)]` (part of `#[warn(unused)]`) on by default

warning: variable does not need to be mutable
 --> src/main.rs:7:9
  |
7 |     let mut guard_b = b.lock().unwrap();
  |         ----^^^^^^^
  |         |
  |         help: remove this `mut`

warning: variable does not need to be mutable
  --> src/main.rs:20:9
   |
20 |     let mut guard_a = a.lock().unwrap();
   |         ----^^^^^^^
   |         |
   |         help: remove this `mut`

warning: variable does not need to be mutable
  --> src/main.rs:22:9
   |
22 |     let mut guard_b = b.lock().unwrap();
   |         ----^^^^^^^
   |         |
   |         help: remove this `mut`

warning: `probe` (bin "probe") generated 4 warnings (run `cargo fix --bin "probe" -p probe` to apply 4 suggestions)
warning: unused dependency `concir_sync`
  --> Cargo.toml:11:1
   |
11 | concir_sync = { path = "/Users/kevin/local-repos/ConcPlanVerify/runtime/concir_sync" }
   | ^^^^^^^^^^^^^^^^^^^^^^^^^^^^^^^^^^^^^^^^^^^^^^^^^^^^^^^^^^^^^^^^^^^^^^^^^^^^^^^^^^^^^^
   |
   = note: `cargo::unused_dependencies` is set to `warn` by default
help: consider removing the dependency on `concir_sync`
warning: `probe` (manifest) generated 1 warning
    Finished `dev` profile [unoptimized + debuginfo] target(s) in 0.21s
