evaluable G2_tools_iter r0 atomic-data/atomic_lost_update rf=0.4444444444444444
skip no_artifact (0, 'atomic-data/atomic_lost_update', 'G3_concir')
skip no_artifact (0, 'atomic-data/atomic_lost_update', 'G3_codegen')
evaluable G0_direct r0 atomic-data/bounded_counter_invariant rf=0.5714285714285714
evaluable G1_self_iter r0 atomic-data/bounded_counter_invariant rf=0.2857142857142857
evaluable G2_tools_iter r0 atomic-data/bounded_counter_invariant rf=0.5714285714285714
evaluable G3_concir r0 atomic-data/bounded_counter_invariant rf=0.5714285714285714
original_build_error G3_codegen r0 atomic-data/bounded_counter_invariant rf=None
evaluable G0_direct r0 atomic-data/counter_overflow_safety rf=0.5714285714285714
evaluable G1_self_iter r0 atomic-data/counter_overflow_safety rf=0.2857142857142857
evaluable G2_tools_iter r0 atomic-data/counter_overflow_safety rf=0.2857142857142857
evaluable G3_concir r0 atomic-data/counter_overflow_safety rf=0.5714285714285714
original_build_error G3_codegen r0 atomic-data/counter_overflow_safety rf=None
evaluable G0_direct r0 channel/bounded_backpressure_lock_held rf=0.75
evaluable G1_self_iter r0 channel/bounded_backpressure_lock_held rf=0.0
evaluable G2_tools_iter r0 channel/bounded_backpressure_lock_held rf=0.0
evaluable G3_concir r0 channel/bounded_backpressure_lock_held rf=0.75
original_build_error G3_codegen r0 channel/bounded_backpressure_lock_held rf=None
evaluable G0_direct r0 channel/rendezvous_both_send rf=0.14285714285714285
evaluable G1_self_iter r0 channel/rendezvous_both_send rf=0.14285714285714285
evaluable G2_tools_iter r0 channel/rendezvous_both_send rf=0.14285714285714285
evaluable G3_concir r0 channel/rendezvous_both_send rf=0.8571428571428571
original_build_error G3_codegen r0 channel/rendezvous_both_send rf=None
evaluable G0_direct r0 channel/send_while_holding_mutex rf=0.8
evaluable G1_self_iter r0 channel/send_while_holding_mutex rf=0.0
evaluable G2_tools_iter r0 channel/send_while_holding_mutex rf=0.0
skip no_artifact (0, 'channel/send_while_holding_mutex', 'G3_concir')
original_build_error G3_codegen r0 channel/send_while_holding_mutex rf=None
evaluable G0_direct r0 condvar/bare_wait_no_predicate rf=0.4
evaluable G1_self_iter r0 condvar/bare_wait_no_predicate rf=0.4
evaluable G2_tools_iter r0 condvar/bare_wait_no_predicate rf=0.4
evaluable G3_concir r0 condvar/bare_wait_no_predicate rf=0.4
original_build_error G3_codegen r0 condvar/bare_wait_no_predicate rf=None
evaluable G0_direct r0 condvar/lost_wakeup_notify_before_wait rf=0.4
evaluable G1_self_iter r0 condvar/lost_wakeup_notify_before_wait rf=0.4
evaluable G2_tools_iter r0 condvar/lost_wakeup_notify_before_wait rf=0.4
evaluable G3_concir r0 condvar/lost_wakeup_notify_before_wait rf=0.4
original_build_error G3_codegen r0 condvar/lost_wakeup_notify_before_wait rf=None
evaluable G0_direct r0 condvar/notify_one_multi_waiter_wrong_pick rf=0.0
evaluable G1_self_iter r0 condvar/notify_one_multi_waiter_wrong_pick rf=0.8
evaluable G2_tools_iter r0 condvar/notify_one_multi_waiter_wrong_pick rf=0.8
skip no_artifact (0, 'condvar/notify_one_multi_waiter_wrong_pick', 'G3_concir')
skip no_artifact (0, 'condvar/notify_one_multi_waiter_wrong_pick', 'G3_codegen')
evaluable G0_direct r0 condvar/same_cv_different_locks rf=0.0
evaluable G1_self_iter r0 condvar/same_cv_different_locks rf=0.0
evaluable G2_tools_iter r0 condvar/same_cv_different_locks rf=0.0
skip no_artifact (0, 'condvar/same_cv_different_locks', 'G3_concir')
skip no_artifact (0, 'condvar/same_cv_different_locks', 'G3_codegen')
evaluable G0_direct r0 lock-order/abba_2lock rf=0.3333333333333333
evaluable G1_self_iter r0 lock-order/abba_2lock rf=0.8888888888888888
evaluable G2_tools_iter r0 lock-order/abba_2lock rf=0.8888888888888888
evaluable G3_concir r0 lock-order/abba_2lock rf=0.8888888888888888
original_build_error G3_codegen r0 lock-order/abba_2lock rf=None
evaluable G0_direct r0 lock-order/cross_module_cycle rf=0.9
evaluable G1_self_iter r0 lock-order/cross_module_cycle rf=0.6
evaluable G2_tools_iter r0 lock-order/cross_module_cycle rf=0.9
evaluable G3_concir r0 lock-order/cross_module_cycle rf=0.9
original_build_error G3_codegen r0 lock-order/cross_module_cycle rf=None
evaluable G0_direct r0 lock-order/cycle_3lock rf=0.9
evaluable G1_self_iter r0 lock-order/cycle_3lock rf=0.9
evaluable G2_tools_iter r0 lock-order/cycle_3lock rf=0.9
evaluable G3_concir r0 lock-order/cycle_3lock rf=0.9
original_build_error G3_codegen r0 lock-order/cycle_3lock rf=None
evaluable G0_direct r0 lock-order/partial_deadlock_bystander rf=0.0
evaluable G1_self_iter r0 lock-order/partial_deadlock_bystander rf=0.0
evaluable G2_tools_iter r0 lock-order/partial_deadlock_bystander rf=0.8333333333333334
skip no_artifact (0, 'lock-order/partial_deadlock_bystander', 'G3_concir')
skip no_artifact (0, 'lock-order/partial_deadlock_bystander', 'G3_codegen')
evaluable G0_direct r0 lock-order/two_independent_cycles rf=0.9166666666666666
evaluable G1_self_iter r0 lock-order/two_independent_cycles rf=0.9166666666666666
evaluable G2_tools_iter r0 lock-order/two_independent_cycles rf=0.9166666666666666
evaluable G3_concir r0 lock-order/two_independent_cycles rf=0.9166666666666666
original_build_error G3_codegen r0 lock-order/two_independent_cycles rf=None
evaluable G0_direct r0 semaphore/acquire_twice_no_release rf=0.5714285714285714
evaluable G1_self_iter r0 semaphore/acquire_twice_no_release rf=0.5714285714285714
evaluable G2_tools_iter r0 semaphore/acquire_twice_no_release rf=0.5714285714285714
evaluable G3_concir r0 semaphore/acquire_twice_no_release rf=0.8571428571428571
original_build_error G3_codegen r0 semaphore/acquire_twice_no_release rf=None
evaluable G0_direct r0 semaphore/permit_leak rf=0.5714285714285714
evaluable G1_self_iter r0 semaphore/permit_leak rf=0.8571428571428571
evaluable G2_tools_iter r0 semaphore/permit_leak rf=0.8571428571428571
evaluable G3_concir r0 semaphore/permit_leak rf=0.8571428571428571
original_build_error G3_codegen r0 semaphore/permit_leak rf=None
evaluable G0_direct r0 semaphore/throttle_n_permits rf=0.5714285714285714
evaluable G1_self_iter r0 semaphore/throttle_n_permits rf=0.5714285714285714
evaluable G2_tools_iter r0 semaphore/throttle_n_permits rf=0.5714285714285714
evaluable G3_concir r0 semaphore/throttle_n_permits rf=0.8571428571428571
original_build_error G3_codegen r0 semaphore/throttle_n_permits rf=None
evaluable G0_direct r0 structure/finite_call_loop rf=0.6
evaluable G1_self_iter r0 structure/finite_call_loop rf=0.6
evaluable G2_tools_iter r0 structure/finite_call_loop rf=0.6
evaluable G3_concir r0 structure/finite_call_loop rf=0.6
original_build_error G3_codegen r0 structure/finite_call_loop rf=None
evaluable G0_direct r0 structure/nested_scope_lock_order rf=0.5714285714285714
evaluable G1_self_iter r0 structure/nested_scope_lock_order rf=0.5714285714285714
evaluable G2_tools_iter r0 structure/nested_scope_lock_order rf=0.5714285714285714
evaluable G3_concir r0 structure/nested_scope_lock_order rf=0.5714285714285714
original_build_error G3_codegen r0 structure/nested_scope_lock_order rf=None
evaluable G0_direct r0 structure/scope_bound_k_workers rf=0.42857142857142855
evaluable G1_self_iter r0 structure/scope_bound_k_workers rf=0.42857142857142855
evaluable G2_tools_iter r0 structure/scope_bound_k_workers rf=0.42857142857142855
evaluable G3_concir r0 structure/scope_bound_k_workers rf=0.5714285714285714
original_build_error G3_codegen r0 structure/scope_bound_k_workers rf=None
evaluable G0_direct r0 structure/scope_worker_abba rf=0.6666666666666666
evaluable G1_self_iter r0 structure/scope_worker_abba rf=0.6666666666666666
evaluable G2_tools_iter r0 structure/scope_worker_abba rf=0.6666666666666666
evaluable G3_concir r0 structure/scope_worker_abba rf=0.6666666666666666
original_build_error G3_codegen r0 structure/scope_worker_abba rf=None
evaluable G0_direct r0 structure/spawn_join_loop_finite rf=0.5
evaluable G1_self_iter r0 structure/spawn_join_loop_finite rf=0.5
evaluable G2_tools_iter r0 structure/spawn_join_loop_finite rf=0.5
evaluable G3_concir r0 structure/spawn_join_loop_finite rf=0.5
original_build_error G3_codegen r0 structure/spawn_join_loop_finite rf=None
original_build_error G0_direct r0 structure/worker_with_payload rf=None
evaluable G1_self_iter r0 structure/worker_with_payload rf=0.375
evaluable G2_tools_iter r0 structure/worker_with_payload rf=0.375
evaluable G3_concir r0 structure/worker_with_payload rf=0.5
original_build_error G3_codegen r0 structure/worker_with_payload rf=None
evaluable G0_direct r1 atomic-data/atomic_lost_update rf=0.2222222222222222
evaluable G1_self_iter r1 atomic-data/atomic_lost_update rf=0.4444444444444444
evaluable G2_tools_iter r1 atomic-data/atomic_lost_update rf=0.4444444444444444
skip no_artifact (1, 'atomic-data/atomic_lost_update', 'G3_concir')
evaluable G0_direct r1 atomic-data/bounded_counter_invariant rf=0.5714285714285714
evaluable G1_self_iter r1 atomic-data/bounded_counter_invariant rf=0.5714285714285714
evaluable G2_tools_iter r1 atomic-data/bounded_counter_invariant rf=0.5714285714285714
evaluable G3_concir r1 atomic-data/bounded_counter_invariant rf=0.5714285714285714
evaluable G0_direct r1 atomic-data/counter_overflow_safety rf=0.5714285714285714
evaluable G1_self_iter r1 atomic-data/counter_overflow_safety rf=0.2857142857142857
evaluable G2_tools_iter r1 atomic-data/counter_overflow_safety rf=0.5714285714285714
evaluable G3_concir r1 atomic-data/counter_overflow_safety rf=0.5714285714285714
evaluable G0_direct r1 channel/bounded_backpressure_lock_held rf=0.75
evaluable G1_self_iter r1 channel/bounded_backpressure_lock_held rf=0.75
evaluable G2_tools_iter r1 channel/bounded_backpressure_lock_held rf=0.75
evaluable G3_concir r1 channel/bounded_backpressure_lock_held rf=0.75
evaluable G0_direct r1 channel/rendezvous_both_send rf=0.14285714285714285
evaluable G1_self_iter r1 channel/rendezvous_both_send rf=0.14285714285714285
evaluable G2_tools_iter r1 channel/rendezvous_both_send rf=0.14285714285714285
evaluable G3_concir r1 channel/rendezvous_both_send rf=0.14285714285714285
original_build_error G0_direct r1 channel/send_while_holding_mutex rf=None
evaluable G1_self_iter r1 channel/send_while_holding_mutex rf=0.8
original_build_error G2_tools_iter r1 channel/send_while_holding_mutex rf=None
evaluable G3_concir r1 channel/send_while_holding_mutex rf=0.8
evaluable G0_direct r1 condvar/bare_wait_no_predicate rf=0.4
evaluable G1_self_iter r1 condvar/bare_wait_no_predicate rf=0.4
evaluable G2_tools_iter r1 condvar/bare_wait_no_predicate rf=0.4
evaluable G3_concir r1 condvar/bare_wait_no_predicate rf=0.4
evaluable G0_direct r1 condvar/lost_wakeup_notify_before_wait rf=0.4
evaluable G1_self_iter r1 condvar/lost_wakeup_notify_before_wait rf=0.4
original_build_error G2_tools_iter r1 condvar/lost_wakeup_notify_before_wait rf=None
evaluable G3_concir r1 condvar/lost_wakeup_notify_before_wait rf=0.4
evaluable G0_direct r1 condvar/notify_one_multi_waiter_wrong_pick rf=0.0
evaluable G1_self_iter r1 condvar/notify_one_multi_waiter_wrong_pick rf=0.8
evaluable G2_tools_iter r1 condvar/notify_one_multi_waiter_wrong_pick rf=0.8
skip no_artifact (1, 'condvar/notify_one_multi_waiter_wrong_pick', 'G3_concir')
evaluable G0_direct r1 condvar/same_cv_different_locks rf=0.0
evaluable G1_self_iter r1 condvar/same_cv_different_locks rf=0.0
evaluable G2_tools_iter r1 condvar/same_cv_different_locks rf=0.8
skip no_artifact (1, 'condvar/same_cv_different_locks', 'G3_concir')
evaluable G0_direct r1 lock-order/abba_2lock rf=0.3333333333333333
evaluable G1_self_iter r1 lock-order/abba_2lock rf=0.8888888888888888
evaluable G2_tools_iter r1 lock-order/abba_2lock rf=0.8888888888888888
evaluable G3_concir r1 lock-order/abba_2lock rf=0.8888888888888888
evaluable G0_direct r1 lock-order/cross_module_cycle rf=0.9
evaluable G1_self_iter r1 lock-order/cross_module_cycle rf=0.6
evaluable G2_tools_iter r1 lock-order/cross_module_cycle rf=0.9
evaluable G3_concir r1 lock-order/cross_module_cycle rf=0.9
evaluable G0_direct r1 lock-order/cycle_3lock rf=0.0
evaluable G1_self_iter r1 lock-order/cycle_3lock rf=0.9
evaluable G2_tools_iter r1 lock-order/cycle_3lock rf=0.9
skip no_artifact (1, 'lock-order/cycle_3lock', 'G3_concir')
original_build_error G0_direct r1 lock-order/partial_deadlock_bystander rf=0.0
evaluable G1_self_iter r1 lock-order/partial_deadlock_bystander rf=0.0
evaluable G2_tools_iter r1 lock-order/partial_deadlock_bystander rf=0.5
skip no_artifact (1, 'lock-order/partial_deadlock_bystander', 'G3_concir')
evaluable G0_direct r1 lock-order/two_independent_cycles rf=0.9166666666666666
evaluable G1_self_iter r1 lock-order/two_independent_cycles rf=0.9166666666666666
evaluable G2_tools_iter r1 lock-order/two_independent_cycles rf=0.9166666666666666
evaluable G3_concir r1 lock-order/two_independent_cycles rf=0.9166666666666666
evaluable G0_direct r1 semaphore/acquire_twice_no_release rf=0.5714285714285714
evaluable G1_self_iter r1 semaphore/acquire_twice_no_release rf=0.8571428571428571
evaluable G2_tools_iter r1 semaphore/acquire_twice_no_release rf=0.5714285714285714
evaluable G3_concir r1 semaphore/acquire_twice_no_release rf=0.8571428571428571
evaluable G0_direct r1 semaphore/permit_leak rf=0.8571428571428571
evaluable G1_self_iter r1 semaphore/permit_leak rf=0.8571428571428571
evaluable G2_tools_iter r1 semaphore/permit_leak rf=0.8571428571428571
evaluable G3_concir r1 semaphore/permit_leak rf=0.8571428571428571
evaluable G0_direct r1 semaphore/throttle_n_permits rf=0.5714285714285714
evaluable G1_self_iter r1 semaphore/throttle_n_permits rf=0.5714285714285714
evaluable G2_tools_iter r1 semaphore/throttle_n_permits rf=0.5714285714285714
evaluable G3_concir r1 semaphore/throttle_n_permits rf=0.8571428571428571
evaluable G0_direct r1 structure/finite_call_loop rf=0.6
evaluable G1_self_iter r1 structure/finite_call_loop rf=0.6
evaluable G2_tools_iter r1 structure/finite_call_loop rf=0.6
evaluable G3_concir r1 structure/finite_call_loop rf=0.6
evaluable G0_direct r1 structure/nested_scope_lock_order rf=0.5714285714285714
evaluable G1_self_iter r1 structure/nested_scope_lock_order rf=0.5714285714285714
evaluable G2_tools_iter r1 structure/nested_scope_lock_order rf=0.5714285714285714
evaluable G3_concir r1 structure/nested_scope_lock_order rf=0.5714285714285714
evaluable G0_direct r1 structure/scope_bound_k_workers rf=0.42857142857142855
evaluable G1_self_iter r1 structure/scope_bound_k_workers rf=0.42857142857142855
evaluable G2_tools_iter r1 structure/scope_bound_k_workers rf=0.42857142857142855
evaluable G3_concir r1 structure/scope_bound_k_workers rf=0.5714285714285714
evaluable G0_direct r1 structure/scope_worker_abba rf=0.6666666666666666
evaluable G1_self_iter r1 structure/scope_worker_abba rf=0.6666666666666666
evaluable G2_tools_iter r1 structure/scope_worker_abba rf=0.6666666666666666
evaluable G3_concir r1 structure/scope_worker_abba rf=0.6666666666666666
evaluable G0_direct r1 structure/spawn_join_loop_finite rf=0.5
evaluable G1_self_iter r1 structure/spawn_join_loop_finite rf=0.5
evaluable G2_tools_iter r1 structure/spawn_join_loop_finite rf=0.5
evaluable G3_concir r1 structure/spawn_join_loop_finite rf=0.5
evaluable G0_direct r1 structure/worker_with_payload rf=0.375
evaluable G1_self_iter r1 structure/worker_with_payload rf=0.375
evaluable G2_tools_iter r1 structure/worker_with_payload rf=0.375
evaluable G3_concir r1 structure/worker_with_payload rf=0.375
evaluable G0_direct r2 atomic-data/atomic_lost_update rf=0.2222222222222222
evaluable G1_self_iter r2 atomic-data/atomic_lost_update rf=0.4444444444444444
evaluable G2_tools_iter r2 atomic-data/atomic_lost_update rf=0.4444444444444444
skip no_artifact (2, 'atomic-data/atomic_lost_update', 'G3_concir')
evaluable G0_direct r2 atomic-data/bounded_counter_invariant rf=0.5714285714285714
evaluable G1_self_iter r2 atomic-data/bounded_counter_invariant rf=0.5714285714285714
evaluable G2_tools_iter r2 atomic-data/bounded_counter_invariant rf=0.5714285714285714
evaluable G3_concir r2 atomic-data/bounded_counter_invariant rf=0.5714285714285714
evaluable G0_direct r2 atomic-data/counter_overflow_safety rf=0.5714285714285714
evaluable G1_self_iter r2 atomic-data/counter_overflow_safety rf=0.2857142857142857
evaluable G2_tools_iter r2 atomic-data/counter_overflow_safety rf=0.2857142857142857
evaluable G3_concir r2 atomic-data/counter_overflow_safety rf=0.5714285714285714
evaluable G0_direct r2 channel/bounded_backpressure_lock_held rf=0.75
evaluable G1_self_iter r2 channel/bounded_backpressure_lock_held rf=0.0
evaluable G2_tools_iter r2 channel/bounded_backpressure_lock_held rf=0.0
evaluable G3_concir r2 channel/bounded_backpressure_lock_held rf=0.75
evaluable G0_direct r2 channel/rendezvous_both_send rf=0.14285714285714285
evaluable G1_self_iter r2 channel/rendezvous_both_send rf=0.14285714285714285
evaluable G2_tools_iter r2 channel/rendezvous_both_send rf=0.14285714285714285
evaluable G3_concir r2 channel/rendezvous_both_send rf=0.14285714285714285
original_build_error G0_direct r2 channel/send_while_holding_mutex rf=None
evaluable G1_self_iter r2 channel/send_while_holding_mutex rf=0.8
evaluable G2_tools_iter r2 channel/send_while_holding_mutex rf=0.8
evaluable G3_concir r2 channel/send_while_holding_mutex rf=0.8
evaluable G0_direct r2 condvar/bare_wait_no_predicate rf=0.4
evaluable G1_self_iter r2 condvar/bare_wait_no_predicate rf=0.4
evaluable G2_tools_iter r2 condvar/bare_wait_no_predicate rf=0.4
evaluable G3_concir r2 condvar/bare_wait_no_predicate rf=0.4
evaluable G0_direct r2 condvar/lost_wakeup_notify_before_wait rf=0.4
evaluable G1_self_iter r2 condvar/lost_wakeup_notify_before_wait rf=0.4
evaluable G2_tools_iter r2 condvar/lost_wakeup_notify_before_wait rf=0.4
evaluable G3_concir r2 condvar/lost_wakeup_notify_before_wait rf=0.4
evaluable G0_direct r2 condvar/notify_one_multi_waiter_wrong_pick rf=0.0
evaluable G1_self_iter r2 condvar/notify_one_multi_waiter_wrong_pick rf=0.8
evaluable G2_tools_iter r2 condvar/notify_one_multi_waiter_wrong_pick rf=0.8
skip no_artifact (2, 'condvar/notify_one_multi_waiter_wrong_pick', 'G3_concir')
evaluable G0_direct r2 condvar/same_cv_different_locks rf=0.0
evaluable G1_self_iter r2 condvar/same_cv_different_locks rf=0.8
evaluable G2_tools_iter r2 condvar/same_cv_different_locks rf=0.0
skip no_artifact (2, 'condvar/same_cv_different_locks', 'G3_concir')
evaluable G0_direct r2 lock-order/abba_2lock rf=0.5555555555555556
evaluable G1_self_iter r2 lock-order/abba_2lock rf=0.8888888888888888
evaluable G2_tools_iter r2 lock-order/abba_2lock rf=0.8888888888888888
evaluable G3_concir r2 lock-order/abba_2lock rf=0.8888888888888888
evaluable G0_direct r2 lock-order/cross_module_cycle rf=0.9
evaluable G1_self_iter r2 lock-order/cross_module_cycle rf=0.6
evaluable G2_tools_iter r2 lock-order/cross_module_cycle rf=0.9
evaluable G3_concir r2 lock-order/cross_module_cycle rf=0.9
evaluable G0_direct r2 lock-order/cycle_3lock rf=0.9
evaluable G1_self_iter r2 lock-order/cycle_3lock rf=0.9
evaluable G2_tools_iter r2 lock-order/cycle_3lock rf=0.9
evaluable G3_concir r2 lock-order/cycle_3lock rf=0.9
evaluable G0_direct r2 lock-order/partial_deadlock_bystander rf=0.0
evaluable G1_self_iter r2 lock-order/partial_deadlock_bystander rf=0.0
evaluable G2_tools_iter r2 lock-order/partial_deadlock_bystander rf=0.0
skip no_artifact (2, 'lock-order/partial_deadlock_bystander', 'G3_concir')
evaluable G0_direct r2 lock-order/two_independent_cycles rf=0.9166666666666666
evaluable G1_self_iter r2 lock-order/two_independent_cycles rf=0.9166666666666666
evaluable G2_tools_iter r2 lock-order/two_independent_cycles rf=0.9166666666666666
evaluable G3_concir r2 lock-order/two_independent_cycles rf=0.9166666666666666
evaluable G0_direct r2 semaphore/acquire_twice_no_release rf=0.0
evaluable G1_self_iter r2 semaphore/acquire_twice_no_release rf=0.5714285714285714
evaluable G2_tools_iter r2 semaphore/acquire_twice_no_release rf=0.0
evaluable G3_concir r2 semaphore/acquire_twice_no_release rf=0.8571428571428571
evaluable G0_direct r2 semaphore/permit_leak rf=0.5714285714285714
evaluable G1_self_iter r2 semaphore/permit_leak rf=0.8571428571428571
evaluable G2_tools_iter r2 semaphore/permit_leak rf=0.8571428571428571
evaluable G3_concir r2 semaphore/permit_leak rf=0.8571428571428571
evaluable G0_direct r2 semaphore/throttle_n_permits rf=0.5714285714285714
evaluable G1_self_iter r2 semaphore/throttle_n_permits rf=0.5714285714285714
evaluable G2_tools_iter r2 semaphore/throttle_n_permits rf=0.5714285714285714
evaluable G3_concir r2 semaphore/throttle_n_permits rf=0.8571428571428571
evaluable G0_direct r2 structure/finite_call_loop rf=0.6
evaluable G1_self_iter r2 structure/finite_call_loop rf=0.6
evaluable G2_tools_iter r2 structure/finite_call_loop rf=0.6
evaluable G3_concir r2 structure/finite_call_loop rf=0.6
evaluable G0_direct r2 structure/nested_scope_lock_order rf=0.5714285714285714
evaluable G1_self_iter r2 structure/nested_scope_lock_order rf=0.5714285714285714
evaluable G2_tools_iter r2 structure/nested_scope_lock_order rf=0.5714285714285714
evaluable G3_concir r2 structure/nested_scope_lock_order rf=0.5714285714285714
evaluable G0_direct r2 structure/scope_bound_k_workers rf=0.42857142857142855
evaluable G1_self_iter r2 structure/scope_bound_k_workers rf=0.42857142857142855
evaluable G2_tools_iter r2 structure/scope_bound_k_workers rf=0.42857142857142855
evaluable G3_concir r2 structure/scope_bound_k_workers rf=0.5714285714285714
evaluable G0_direct r2 structure/scope_worker_abba rf=0.6666666666666666
evaluable G1_self_iter r2 structure/scope_worker_abba rf=0.6666666666666666
evaluable G2_tools_iter r2 structure/scope_worker_abba rf=0.6666666666666666
evaluable G3_concir r2 structure/scope_worker_abba rf=0.6666666666666666
evaluable G0_direct r2 structure/spawn_join_loop_finite rf=0.5
evaluable G1_self_iter r2 structure/spawn_join_loop_finite rf=0.5
evaluable G2_tools_iter r2 structure/spawn_join_loop_finite rf=0.5
evaluable G3_concir r2 structure/spawn_join_loop_finite rf=0.5
evaluable G0_direct r2 structure/worker_with_payload rf=0.375
evaluable G1_self_iter r2 structure/worker_with_payload rf=0.375
evaluable G2_tools_iter r2 structure/worker_with_payload rf=0.375
evaluable G3_concir r2 structure/worker_with_payload rf=0.5
processed 310
