{
  "attributes": [],
  "scope": "identity, channel-capacity attributes, and uncovered sync are separate; a conforming finite trace does not override a capacity conflict or an unknown capacity",
  "uncovered_sync": [],
  "unresolved": {
    "notifier#552": {
      "entry": null,
      "reason": "thread entry is not unambiguous",
      "site": "552"
    },
    "waiter#288": {
      "entry": null,
      "reason": "thread entry is not unambiguous",
      "site": "288"
    }
  },
  "verified": {
    "cv#210": {
      "cir": "main::cv",
      "rule": "exact"
    },
    "m#177": {
      "cir": "main::m",
      "rule": "exact"
    }
  },
  "violated": {}
}
