{
  "attributes": [],
  "scope": "identity, channel-capacity attributes, and uncovered sync are separate; a conforming finite trace does not override a capacity conflict or an unknown capacity",
  "uncovered_sync": [],
  "unresolved": {
    "notifier#1164": {
      "entry": null,
      "reason": "thread entry is not unambiguous",
      "site": "1164"
    },
    "shared_condvar0#215": {
      "candidates": [],
      "reason": "no structural evidence",
      "site": "215"
    },
    "shared_mutex0#194": {
      "candidates": [],
      "reason": "no structural evidence",
      "site": "194"
    },
    "waiter#313": {
      "entry": null,
      "reason": "thread entry is not unambiguous",
      "site": "313"
    }
  },
  "verified": {},
  "violated": {}
}
