     Locking 1 package to highest compatible version
   Compiling concir_sync v0.1.0 (/Users/kevin/local-repos/ConcPlanVerify/runtime/concir_sync)
   Compiling probe v0.1.0 (/Users/kevin/local-repos/ConcPlanVerify/experiments/strong-link-v29-replay/atomic-data__counter_overflow_safety/gpt-6-luna/G3_concir/rep0/round-3/proj)
warning: unused import: `Condvar`
 --> src/main.rs:2:30
  |
2 | use cir_trace::sync::{Mutex, Condvar};
  |                              ^^^^^^^
  |
  = note: `#[warn(unused_imports)]` (part of `#[warn(unused)]`) on by default

warning: unused import: `std::thread`
 --> src/main.rs:4:5
  |
4 | use std::thread;
  |     ^^^^^^^^^^^

warning: function `__cir_obs_Shared` should have a snake case name
  --> src/main.rs:42:4
   |
42 | fn __cir_obs_Shared(v: &Shared, r: &str) { crate::cir_trace::record_value(&format!("{}::c", r), v.c as i64); }
   |    ^^^^^^^^^^^^^^^^ help: convert the identifier to snake case (notice the capitalization): `__cir_obs_shared`
   |
   = note: `#[warn(non_snake_case)]` (part of `#[warn(nonstandard_style)]`) on by default

warning: `probe` (bin "probe") generated 3 warnings (run `cargo fix --bin "probe" -p probe` to apply 2 suggestions)
    Finished `dev` profile [unoptimized + debuginfo] target(s) in 0.36s
