{
  "attributes": [
    {
      "construction_site": "1326",
      "evidence": "literal_initial",
      "expected": "semaphore_initial",
      "expected_capacity": 0,
      "observed": 1,
      "observed_capacity": 1,
      "reason": "initial count of the used construction differs from the CIR",
      "resource_id": "main::sa",
      "runtime": "sa_semaphore0#1326",
      "status": "mismatch"
    },
    {
      "construction_site": "1358",
      "evidence": "literal_initial",
      "expected": "semaphore_initial",
      "expected_capacity": 0,
      "observed": 1,
      "observed_capacity": 1,
      "reason": "initial count of the used construction differs from the CIR",
      "resource_id": "main::sb",
      "runtime": "sb_semaphore0#1358",
      "status": "mismatch"
    }
  ],
  "scope": "identity, channel-capacity attributes, and uncovered sync are separate; a conforming finite trace does not override a capacity conflict or an unknown capacity",
  "uncovered_sync": [],
  "unresolved": {
    "a_lock_mutex0#1250": {
      "candidates": [],
      "reason": "no structural evidence",
      "site": "1250"
    },
    "b_lock_mutex0#1292": {
      "candidates": [],
      "reason": "no structural evidence",
      "site": "1292"
    }
  },
  "verified": {
    "a#1542": {
      "cir": "main::a",
      "rule": "spawn-entry"
    },
    "b#1774": {
      "cir": "main::b",
      "rule": "spawn-entry"
    },
    "bystander#1846": {
      "cir": "main::bystander",
      "rule": "spawn-entry"
    },
    "sa_semaphore0#1326": {
      "cir": "main::sa",
      "rule": "used-construction"
    },
    "sb_semaphore0#1358": {
      "cir": "main::sb",
      "rule": "used-construction"
    }
  },
  "violated": {}
}
