{
  "attributes": [
    {
      "construction_site": "1054",
      "evidence": "literal_initial",
      "expected": "semaphore_initial",
      "expected_capacity": 0,
      "observed": 0,
      "observed_capacity": 0,
      "reason": "initial count of the used construction matches the CIR",
      "resource_id": "main::sa",
      "runtime": "sa_semaphore0#1054",
      "status": "match"
    },
    {
      "construction_site": "1086",
      "evidence": "literal_initial",
      "expected": "semaphore_initial",
      "expected_capacity": 0,
      "observed": 0,
      "observed_capacity": 0,
      "reason": "initial count of the used construction matches the CIR",
      "resource_id": "main::sb",
      "runtime": "sb_semaphore0#1086",
      "status": "match"
    }
  ],
  "scope": "identity, channel-capacity attributes, and uncovered sync are separate; a conforming finite trace does not override a capacity conflict or an unknown capacity",
  "uncovered_sync": [],
  "unresolved": {
    "a_lock_mutex0#974": {
      "candidates": [],
      "reason": "no structural evidence",
      "site": "974"
    },
    "b_lock_mutex0#1020": {
      "candidates": [],
      "reason": "no structural evidence",
      "site": "1020"
    },
    "hby#1573": {
      "entry": null,
      "reason": "thread entry is not unambiguous",
      "site": "1573"
    }
  },
  "verified": {
    "a#1270": {
      "cir": "main::a",
      "rule": "spawn-entry"
    },
    "b#1502": {
      "cir": "main::b",
      "rule": "spawn-entry"
    },
    "sa_semaphore0#1054": {
      "cir": "main::sa",
      "rule": "used-construction"
    },
    "sb_semaphore0#1086": {
      "cir": "main::sb",
      "rule": "used-construction"
    }
  },
  "violated": {}
}
