     Locking 1 package to highest compatible version
   Compiling concir_sync v0.1.0 (/Users/kevin/local-repos/ConcPlanVerify/runtime/concir_sync)
   Compiling probe v0.1.0 (/Users/kevin/local-repos/ConcPlanVerify/experiments/strong-link-v29-ablation/without_explore/lock-order__partial_deadlock_bystander/gpt-6-luna/G3_concir/rep0/code/round-2/proj)
warning: unused import: `Condvar`
 --> src/main.rs:2:30
  |
2 | use cir_trace::sync::{Mutex, Condvar};
  |                              ^^^^^^^
  |
  = note: `#[warn(unused_imports)]` (part of `#[warn(unused)]`) on by default

warning: unused import: `std::thread`
 --> src/main.rs:5:5
  |
5 | use std::thread;
  |     ^^^^^^^^^^^

warning: unused variable: `hby`
  --> src/main.rs:74:9
   |
74 |     let hby = crate::cir_trace::spawn("hby#1573", bystander);
   |         ^^^ help: if this is intentional, prefix it with an underscore: `_hby`
   |
   = note: `#[warn(unused_variables)]` (part of `#[warn(unused)]`) on by default

warning: `probe` (bin "probe") generated 3 warnings (run `cargo fix --bin "probe" -p probe` to apply 3 suggestions)
    Finished `dev` profile [unoptimized + debuginfo] target(s) in 0.31s
