{
  "attributes": [],
  "scope": "identity, channel-capacity attributes, and uncovered sync are separate; a conforming finite trace does not override a capacity conflict or an unknown capacity",
  "uncovered_sync": [],
  "unresolved": {
    "other_mutex0#643": {
      "candidates": [],
      "reason": "no structural evidence",
      "site": "643"
    }
  },
  "verified": {
    "cv_condvar0#686": {
      "cir": "main::cv",
      "rule": "exact"
    },
    "m_mutex0#598": {
      "cir": "main::m",
      "rule": "exact"
    },
    "notifier#925": {
      "cir": "main::notifier",
      "rule": "spawn-entry"
    },
    "waiter#790": {
      "cir": "main::waiter",
      "rule": "spawn-entry"
    }
  },
  "violated": {}
}
