{
  "attributes": [
    {
      "construction_site": "81",
      "evidence": "literal_initial",
      "expected": "semaphore_initial",
      "expected_capacity": 1,
      "observed": 1,
      "observed_capacity": 1,
      "reason": "initial count of the used construction matches the CIR",
      "resource_id": "main::s",
      "runtime": "s_semaphore0#81",
      "status": "match"
    }
  ],
  "scope": "identity, channel-capacity attributes, and uncovered sync are separate; a conforming finite trace does not override a capacity conflict or an unknown capacity",
  "uncovered_sync": [],
  "unresolved": {
    "w1#127": {
      "entry": null,
      "reason": "thread entry is not unambiguous",
      "site": "127"
    },
    "w2#258": {
      "entry": null,
      "reason": "thread entry is not unambiguous",
      "site": "258"
    }
  },
  "verified": {
    "s_semaphore0#81": {
      "cir": "main::s",
      "rule": "used-construction"
    }
  },
  "violated": {}
}
