{
  "attributes": [
    {
      "construction_site": null,
      "evidence": "absent",
      "expected": "semaphore_initial",
      "expected_capacity": 0,
      "observed": null,
      "observed_capacity": null,
      "reason": "no used semaphore construction is bound to this CIR resource",
      "resource_id": "main::sa",
      "runtime": null,
      "status": "unknown"
    },
    {
      "construction_site": null,
      "evidence": "absent",
      "expected": "semaphore_initial",
      "expected_capacity": 0,
      "observed": null,
      "observed_capacity": null,
      "reason": "no used semaphore construction is bound to this CIR resource",
      "resource_id": "main::sb",
      "runtime": null,
      "status": "unknown"
    }
  ],
  "scope": "identity, channel-capacity attributes, and uncovered sync are separate; a conforming finite trace does not override a capacity conflict or an unknown capacity",
  "uncovered_sync": [],
  "unresolved": {
    "forget#1536": {
      "entry": "forget",
      "reason": "thread entry is not unambiguous",
      "site": "1536"
    },
    "forget#2295": {
      "entry": "forget",
      "reason": "thread entry is not unambiguous",
      "site": "2295"
    },
    "hby#3011": {
      "entry": null,
      "reason": "thread entry is not unambiguous",
      "site": "3011"
    },
    "res_semaphore0#1051": {
      "reason": "semaphore initial value must come from the single construction that is acquired or released",
      "site": "1051",
      "used_constructions": 0
    },
    "res_semaphore0#1133": {
      "reason": "semaphore initial value must come from the single construction that is acquired or released",
      "site": "1133",
      "used_constructions": 0
    }
  },
  "verified": {
    "a_mutex0#318": {
      "cir": "main::a",
      "rule": "exact"
    },
    "b_mutex0#432": {
      "cir": "main::b",
      "rule": "exact"
    }
  },
  "violated": {}
}
