{
  "binary_sha256": "bc4ea47ef9841b62637faef926ef94804b92a95c3ab39ee690f0e2cf08681e47",
  "bounded": true,
  "events": 572,
  "git_rev": "a35dc867d6327c772d48bd7c0473a6606fcc467a",
  "properties": [
    {
      "detail": "decided by behavior (hang/timeout) and Miri",
      "id": "no-deadlock",
      "kind": "deadlock_free",
      "req": [
        "R6",
        "R7"
      ],
      "source": "properties",
      "status": "deferred"
    },
    {
      "id": "ready-set",
      "kind": "reachability",
      "req": [
        "R3",
        "R4",
        "R8",
        "R9"
      ],
      "source": "properties",
      "status": "PASS_bounded"
    },
    {
      "id": "main::waiter completes",
      "kind": "reachable",
      "req": [
        "R1",
        "R4",
        "R5",
        "R6",
        "R7",
        "R9"
      ],
      "source": "preserved",
      "status": "PASS_bounded"
    },
    {
      "id": "main::notifier completes",
      "kind": "reachable",
      "req": [
        "R1",
        "R3",
        "R7"
      ],
      "source": "preserved",
      "status": "PASS_bounded"
    },
    {
      "id": "main::ready == True",
      "kind": "reachable",
      "req": [
        "R3",
        "R8"
      ],
      "source": "preserved",
      "status": "PASS_bounded"
    }
  ],
  "resource_map": {
    "cv_condvar0#435": null,
    "m_mutex0#391": "main::m",
    "notifier#695": "main::notifier",
    "waiter#540": "main::waiter"
  },
  "status": "ok",
  "traces": 32,
  "unmapped_resources": [
    "cv_condvar0#435"
  ]
}
