{
  "attributes": [],
  "scope": "identity, channel-capacity attributes, and uncovered sync are separate; a conforming finite trace does not override a capacity conflict or an unknown capacity",
  "uncovered_sync": [],
  "unresolved": {
    "rx": {
      "reason": "channel endpoint has no channel token",
      "site": null
    },
    "tx": {
      "reason": "channel endpoint has no channel token",
      "site": null
    }
  },
  "verified": {
    "m_mutex0#515": {
      "cir": "main::m",
      "rule": "exact"
    },
    "receiver#692": {
      "cir": "main::receiver",
      "rule": "spawn-entry"
    },
    "sender#621": {
      "cir": "main::sender",
      "rule": "spawn-entry"
    }
  },
  "violated": {}
}
