{
  "binary_sha256": "7b2543ed3ded482cd17cdfcc4060e71816f3a379a50598f239be4d8dc29ed790",
  "bounded": true,
  "events": 384,
  "git_rev": "unknown",
  "properties": [
    {
      "detail": "decided by behavior (hang/timeout) and Miri",
      "id": "no-deadlock",
      "kind": "deadlock_free",
      "req": [
        "R4",
        "R5",
        "R6"
      ],
      "source": "properties",
      "status": "deferred"
    },
    {
      "id": "main::w1 completes",
      "kind": "reachable",
      "req": [
        "R1",
        "R6"
      ],
      "source": "preserved",
      "status": "PASS_bounded"
    },
    {
      "id": "main::w2 completes",
      "kind": "reachable",
      "req": [
        "R1",
        "R6"
      ],
      "source": "preserved",
      "status": "PASS_bounded"
    },
    {
      "id": "main::w1 holds [main::s] at once",
      "kind": "reachable",
      "req": [
        "R2",
        "R3"
      ],
      "source": "preserved",
      "status": "PASS_bounded"
    }
  ],
  "resource_map": {
    "s_semaphore0#515": "main::s",
    "w1#566": "main::w1",
    "w2#640": "main::w2"
  },
  "status": "ok",
  "traces": 32,
  "unmapped_resources": []
}
