{
  "attributes": [],
  "scope": "identity, channel-capacity attributes, and uncovered sync are separate; a conforming finite trace does not override a capacity conflict or an unknown capacity",
  "uncovered_sync": [],
  "unresolved": {},
  "verified": {
    "a_mutex0#528": {
      "cir": "main::a",
      "rule": "exact"
    },
    "b_mutex0#566": {
      "cir": "main::b",
      "rule": "exact"
    },
    "c_mutex0#604": {
      "cir": "main::c",
      "rule": "exact"
    },
    "t1#686": {
      "cir": "main::t1",
      "rule": "spawn-entry"
    },
    "t2#795": {
      "cir": "main::t2",
      "rule": "spawn-entry"
    },
    "t3#904": {
      "cir": "main::t3",
      "rule": "spawn-entry"
    }
  },
  "violated": {}
}
