{
  "attributes": [
    {
      "construction_site": null,
      "evidence": "unresolved_endpoint",
      "expected": "rendezvous",
      "expected_capacity": 0,
      "observed": null,
      "observed_capacity": null,
      "reason": "no single traced construction for this endpoint",
      "resource_id": "main::ch1",
      "runtime": "ch1",
      "status": "unknown"
    },
    {
      "construction_site": null,
      "evidence": "unresolved_endpoint",
      "expected": "rendezvous",
      "expected_capacity": 0,
      "observed": null,
      "observed_capacity": null,
      "reason": "no single traced construction for this endpoint",
      "resource_id": "main::ch2",
      "runtime": "ch2",
      "status": "unknown"
    }
  ],
  "scope": "identity, channel-capacity attributes, and uncovered sync are separate; a conforming finite trace does not override a capacity conflict or an unknown capacity",
  "uncovered_sync": [],
  "unresolved": {
    "lock_mutex0#622": {
      "candidates": [],
      "reason": "no structural evidence",
      "site": "622"
    }
  },
  "verified": {
    "ch1": {
      "cir": "main::ch1",
      "rule": "exact"
    },
    "ch2": {
      "cir": "main::ch2",
      "rule": "exact"
    },
    "r#895": {
      "cir": "main::r",
      "rule": "spawn-entry"
    },
    "s#789": {
      "cir": "main::s",
      "rule": "spawn-entry"
    }
  },
  "violated": {}
}
