{
  "attributes": [
    {
      "construction_site": "1016",
      "evidence": "literal_initial",
      "expected": "semaphore_initial",
      "expected_capacity": 0,
      "observed": 1,
      "observed_capacity": 1,
      "reason": "initial count of the used construction differs from the CIR",
      "resource_id": "main::sa",
      "runtime": "sa_semaphore0#1016",
      "status": "mismatch"
    },
    {
      "construction_site": "1048",
      "evidence": "literal_initial",
      "expected": "semaphore_initial",
      "expected_capacity": 0,
      "observed": 1,
      "observed_capacity": 1,
      "reason": "initial count of the used construction differs from the CIR",
      "resource_id": "main::sb",
      "runtime": "sb_semaphore0#1048",
      "status": "mismatch"
    }
  ],
  "scope": "identity, channel-capacity attributes, and uncovered sync are separate; a conforming finite trace does not override a capacity conflict or an unknown capacity",
  "uncovered_sync": [],
  "unresolved": {
    "_hby#1536": {
      "entry": null,
      "reason": "thread entry is not unambiguous",
      "site": "1536"
    },
    "a_lock_mutex0#936": {
      "candidates": [],
      "reason": "no structural evidence",
      "site": "936"
    },
    "b_lock_mutex0#982": {
      "candidates": [],
      "reason": "no structural evidence",
      "site": "982"
    }
  },
  "verified": {
    "a#1232": {
      "cir": "main::a",
      "rule": "spawn-entry"
    },
    "b#1464": {
      "cir": "main::b",
      "rule": "spawn-entry"
    },
    "sa_semaphore0#1016": {
      "cir": "main::sa",
      "rule": "used-construction"
    },
    "sb_semaphore0#1048": {
      "cir": "main::sb",
      "rule": "used-construction"
    }
  },
  "violated": {}
}
