{
  "attributes": [
    {
      "construction_site": "360",
      "evidence": "literal_initial",
      "expected": "semaphore_initial",
      "expected_capacity": 2,
      "observed": 2,
      "observed_capacity": 2,
      "reason": "initial count of the used construction matches the CIR",
      "resource_id": "main::s",
      "runtime": "s_semaphore0#360",
      "status": "match"
    }
  ],
  "scope": "identity, channel-capacity attributes, and uncovered sync are separate; a conforming finite trace does not override a capacity conflict or an unknown capacity",
  "uncovered_sync": [],
  "unresolved": {},
  "verified": {
    "s_semaphore0#360": {
      "cir": "main::s",
      "rule": "used-construction"
    },
    "w1#455": {
      "cir": "main::w1",
      "rule": "spawn-entry"
    },
    "w2#499": {
      "cir": "main::w2",
      "rule": "spawn-entry"
    },
    "w3#543": {
      "cir": "main::w3",
      "rule": "spawn-entry"
    }
  },
  "violated": {}
}
