{
  "attributes": [],
  "scope": "identity, channel-capacity attributes, and uncovered sync are separate; a conforming finite trace does not override a capacity conflict or an unknown capacity",
  "uncovered_sync": [],
  "unresolved": {
    "h1#890": {
      "entry": null,
      "reason": "thread entry is not unambiguous",
      "site": "890"
    },
    "h2#927": {
      "entry": null,
      "reason": "thread entry is not unambiguous",
      "site": "927"
    },
    "h3#964": {
      "entry": null,
      "reason": "thread entry is not unambiguous",
      "site": "964"
    }
  },
  "verified": {},
  "violated": {}
}
