{
  "attributes": [],
  "scope": "identity, channel-capacity attributes, and uncovered sync are separate; a conforming finite trace does not override a capacity conflict or an unknown capacity",
  "uncovered_sync": [],
  "unresolved": {
    "notifier#784": {
      "entry": null,
      "reason": "thread entry is not unambiguous",
      "site": "784"
    },
    "waiter#334": {
      "entry": null,
      "reason": "thread entry is not unambiguous",
      "site": "334"
    }
  },
  "verified": {
    "cv_condvar0#226": {
      "cir": "main::cv",
      "rule": "exact"
    },
    "m_mutex0#182": {
      "cir": "main::m",
      "rule": "exact"
    }
  },
  "violated": {}
}
