{
  "attributes": [],
  "scope": "identity, channel-capacity attributes, and uncovered sync are separate; a conforming finite trace does not override a capacity conflict or an unknown capacity",
  "uncovered_sync": [],
  "unresolved": {
    "worker#1203": {
      "entry": "worker",
      "reason": "thread entry is not unambiguous",
      "site": "1203"
    },
    "worker#1309": {
      "entry": "worker",
      "reason": "thread entry is not unambiguous",
      "site": "1309"
    }
  },
  "verified": {
    "c#1094": {
      "cir": "main::c",
      "rule": "exact"
    }
  },
  "violated": {}
}
