{
  "attributes": [],
  "scope": "identity, channel-capacity attributes, and uncovered sync are separate; a conforming finite trace does not override a capacity conflict or an unknown capacity",
  "uncovered_sync": [],
  "unresolved": {
    "worker#1512": {
      "entry": "worker",
      "reason": "thread entry is not unambiguous",
      "site": "1512"
    },
    "worker#1636": {
      "entry": "worker",
      "reason": "thread entry is not unambiguous",
      "site": "1636"
    }
  },
  "verified": {
    "a_mutex0#1385": {
      "cir": "main::a",
      "rule": "exact"
    },
    "b_mutex0#1423": {
      "cir": "main::b",
      "rule": "exact"
    }
  },
  "violated": {}
}
