     Locking 1 package to highest compatible version
   Compiling concir_sync v0.1.0 (/Users/kevin/local-repos/ConcPlanVerify/runtime/concir_sync)
   Compiling probe v0.1.0 (/Users/kevin/local-repos/ConcPlanVerify/experiments/strong-link-v28-main/channel__bounded_backpressure_lock_held/gpt-6-luna/G3_concir/rep0/code/round-1/source-proj)
error[E0382]: the type `Arc` does not implement `Copy`
  --> src/main.rs:28:41
   |
24 |     let m = Arc::new(Mutex::new(()));
   |         - this move could be avoided by cloning the original `Arc`, which is inexpensive
...
27 |     let sender_thread = thread::spawn(move || sender(m.clone(), tx));
   |                                       -------        - variable moved due to use in closure
   |                                       |
   |                                       value moved into closure here
28 |     let receiver_thread = thread::spawn(move || receiver(m, rx));
   |                                         ^^^^^^^          - use occurs due to use in closure
   |                                         |
   |                                         value used here after move
   |
   = note: consider using `Arc::clone`
help: consider cloning the value before moving it into the closure
   |
27 ~     let value = m.clone();
28 ~     let sender_thread = thread::spawn(move || sender(value.clone(), tx));
   |

For more information about this error, try `rustc --explain E0382`.
error: could not compile `probe` (bin "probe") due to 1 previous error
warning: unused dependency `concir_sync`
  --> Cargo.toml:11:1
   |
11 | concir_sync = { path = "/Users/kevin/local-repos/ConcPlanVerify/runtime/concir_sync" }
   | ^^^^^^^^^^^^^^^^^^^^^^^^^^^^^^^^^^^^^^^^^^^^^^^^^^^^^^^^^^^^^^^^^^^^^^^^^^^^^^^^^^^^^^
   |
   = note: `cargo::unused_dependencies` is set to `warn` by default
help: consider removing the dependency on `concir_sync`
warning: `probe` (manifest) generated 1 warning
