     Locking 1 package to highest compatible version
   Compiling concir_sync v0.1.0 (/Users/kevin/local-repos/ConcPlanVerify/runtime/concir_sync)
   Compiling probe v0.1.0 (/Users/kevin/local-repos/ConcPlanVerify/experiments/strong-link-v29-online/lock-order__cross_module_cycle/gpt-6-luna/G3_concir/rep0/code/round-2/proj)
warning: unused import: `Condvar`
 --> src/main.rs:2:30
  |
2 | use cir_trace::sync::{Mutex, Condvar};
  |                              ^^^^^^^
  |
  = note: `#[warn(unused_imports)]` (part of `#[warn(unused)]`) on by default

warning: unused import: `std::thread`
 --> src/main.rs:4:5
  |
4 | use std::thread;
  |     ^^^^^^^^^^^

warning: variable `work` is assigned to, but never used
  --> src/main.rs:17:13
   |
17 |         let mut work = 0;
   |             ^^^^^^^^
   |
   = note: consider using `_work` instead
   = note: `#[warn(unused_variables)]` (part of `#[warn(unused)]`) on by default

warning: value assigned to `work` is never read
  --> src/main.rs:18:9
   |
18 |         work = 1;
   |         ^^^^^^^^
   |
   = help: maybe it is overwritten before being read?
   = note: `#[warn(unused_assignments)]` (part of `#[warn(unused)]`) on by default

warning: variable `work` is assigned to, but never used
  --> src/main.rs:29:9
   |
29 |     let mut work = 0;
   |         ^^^^^^^^
   |
   = note: consider using `_work` instead

warning: value assigned to `work` is never read
  --> src/main.rs:30:5
   |
30 |     work = 1;
   |     ^^^^^^^^
   |
   = help: maybe it is overwritten before being read?

warning: static variable `a` should have an upper case name
 --> src/main.rs:6:8
  |
6 | static a: Mutex<()> = Mutex::new_named("a_mutex0", ());
  |        ^
  |
  = note: `#[warn(non_upper_case_globals)]` (part of `#[warn(nonstandard_style)]`) on by default
help: convert the identifier to upper case
  |
6 - static a: Mutex<()> = Mutex::new_named("a_mutex0", ());
6 + static A: Mutex<()> = Mutex::new_named("a_mutex0", ());
  |

warning: static variable `b` should have an upper case name
  --> src/main.rs:11:16
   |
11 |     pub static b: Mutex<()> = Mutex::new_named("b_mutex0", ());
   |                ^
   |
help: convert the identifier to upper case
   |
11 -     pub static b: Mutex<()> = Mutex::new_named("b_mutex0", ());
11 +     pub static B: Mutex<()> = Mutex::new_named("b_mutex0", ());
   |

warning: `probe` (bin "probe") generated 8 warnings (run `cargo fix --bin "probe" -p probe` to apply 4 suggestions)
    Finished `dev` profile [unoptimized + debuginfo] target(s) in 0.30s
