     Locking 1 package to highest compatible version
   Compiling concir_sync v0.1.0 (/Users/kevin/local-repos/ConcPlanVerify/runtime/concir_sync)
   Compiling probe v0.1.0 (/Users/kevin/local-repos/ConcPlanVerify/experiments/strong-link-v29-online/lock-order__cross_module_cycle/gpt-6-luna/G3_concir/rep0/code/round-2/source-proj)
warning: variable `work` is assigned to, but never used
  --> src/main.rs:15:13
   |
15 |         let mut work = 0;
   |             ^^^^^^^^
   |
   = note: consider using `_work` instead
   = note: `#[warn(unused_variables)]` (part of `#[warn(unused)]`) on by default

warning: value assigned to `work` is never read
  --> src/main.rs:16:9
   |
16 |         work = 1;
   |         ^^^^^^^^
   |
   = help: maybe it is overwritten before being read?
   = note: `#[warn(unused_assignments)]` (part of `#[warn(unused)]`) on by default

warning: variable `work` is assigned to, but never used
  --> src/main.rs:27:9
   |
27 |     let mut work = 0;
   |         ^^^^^^^^
   |
   = note: consider using `_work` instead

warning: value assigned to `work` is never read
  --> src/main.rs:28:5
   |
28 |     work = 1;
   |     ^^^^^^^^
   |
   = help: maybe it is overwritten before being read?

warning: static variable `a` should have an upper case name
 --> src/main.rs:4:8
  |
4 | static a: Mutex<()> = Mutex::new(());
  |        ^
  |
  = note: `#[warn(non_upper_case_globals)]` (part of `#[warn(nonstandard_style)]`) on by default
help: convert the identifier to upper case
  |
4 - static a: Mutex<()> = Mutex::new(());
4 + static A: Mutex<()> = Mutex::new(());
  |

warning: static variable `b` should have an upper case name
 --> src/main.rs:9:16
  |
9 |     pub static b: Mutex<()> = Mutex::new(());
  |                ^
  |
help: convert the identifier to upper case
  |
9 -     pub static b: Mutex<()> = Mutex::new(());
9 +     pub static B: Mutex<()> = Mutex::new(());
  |

warning: `probe` (bin "probe") generated 6 warnings (run `cargo fix --bin "probe" -p probe` to apply 2 suggestions)
warning: unused dependency `concir_sync`
  --> Cargo.toml:11:1
   |
11 | concir_sync = { path = "/Users/kevin/local-repos/ConcPlanVerify/runtime/concir_sync" }
   | ^^^^^^^^^^^^^^^^^^^^^^^^^^^^^^^^^^^^^^^^^^^^^^^^^^^^^^^^^^^^^^^^^^^^^^^^^^^^^^^^^^^^^^
   |
   = note: `cargo::unused_dependencies` is set to `warn` by default
help: consider removing the dependency on `concir_sync`
warning: `probe` (manifest) generated 1 warning
    Finished `dev` profile [unoptimized + debuginfo] target(s) in 0.20s
