{
  "attributes": [],
  "scope": "identity, channel-capacity attributes, and uncovered sync are separate; a conforming finite trace does not override a capacity conflict or an unknown capacity",
  "uncovered_sync": [],
  "unresolved": {},
  "verified": {
    "a_mutex0#745": {
      "cir": "main::a",
      "rule": "exact"
    },
    "b_mutex0#783": {
      "cir": "main::b",
      "rule": "exact"
    },
    "c_mutex0#821": {
      "cir": "main::c",
      "rule": "exact"
    },
    "t1#926": {
      "cir": "main::t1",
      "rule": "spawn-entry"
    },
    "t2#1060": {
      "cir": "main::t2",
      "rule": "spawn-entry"
    },
    "t3#1194": {
      "cir": "main::t3",
      "rule": "spawn-entry"
    }
  },
  "violated": {}
}
