     Locking 1 package to highest compatible version
   Compiling concir_sync v0.1.0 (/Users/kevin/local-repos/ConcPlanVerify/runtime/concir_sync)
   Compiling probe v0.1.0 (/Users/kevin/local-repos/ConcPlanVerify/experiments/multimodel-v1/pilot-20260926T185711-gpt6luna/GPT 6 Luna/lock-order__abba_2lock/rep0/code/round-2/source-proj)
warning: value assigned to `work` is never read
  --> src/main.rs:8:20
   |
 8 |     let mut work = 0;
   |                    ^ this value is reassigned later and never used
...
11 |     work = 1;
   |     -------- `work` is overwritten here before the previous value is read
   |
   = note: `#[warn(unused_assignments)]` (part of `#[warn(unused)]`) on by default

warning: value assigned to `work` is never read
  --> src/main.rs:18:20
   |
18 |     let mut work = 0;
   |                    ^ this value is reassigned later and never used
...
21 |     work = 1;
   |     -------- `work` is overwritten here before the previous value is read

warning: static variable `a` should have an upper case name
 --> src/main.rs:4:8
  |
4 | static a: Mutex<()> = Mutex::new(());
  |        ^
  |
  = note: `#[warn(non_upper_case_globals)]` (part of `#[warn(nonstandard_style)]`) on by default
help: convert the identifier to upper case
  |
4 - static a: Mutex<()> = Mutex::new(());
4 + static A: Mutex<()> = Mutex::new(());
  |

warning: static variable `b` should have an upper case name
 --> src/main.rs:5:8
  |
5 | static b: Mutex<()> = Mutex::new(());
  |        ^
  |
help: convert the identifier to upper case
  |
5 - static b: Mutex<()> = Mutex::new(());
5 + static B: Mutex<()> = Mutex::new(());
  |

warning: `probe` (bin "probe") generated 4 warnings (run `cargo fix --bin "probe" -p probe` to apply 2 suggestions)
warning: unused dependency `concir_sync`
  --> Cargo.toml:11:1
   |
11 | concir_sync = { path = "/Users/kevin/local-repos/ConcPlanVerify/runtime/concir_sync" }
   | ^^^^^^^^^^^^^^^^^^^^^^^^^^^^^^^^^^^^^^^^^^^^^^^^^^^^^^^^^^^^^^^^^^^^^^^^^^^^^^^^^^^^^^
   |
   = note: `cargo::unused_dependencies` is set to `warn` by default
help: consider removing the dependency on `concir_sync`
warning: `probe` (manifest) generated 1 warning
    Finished `dev` profile [unoptimized + debuginfo] target(s) in 0.23s
