{
  "attributes": [
    {
      "construction_site": null,
      "evidence": "absent",
      "expected": "semaphore_initial",
      "expected_capacity": 0,
      "observed": null,
      "observed_capacity": null,
      "reason": "no used semaphore construction is bound to this CIR resource",
      "resource_id": "main::g12",
      "runtime": null,
      "status": "unknown"
    },
    {
      "construction_site": null,
      "evidence": "absent",
      "expected": "semaphore_initial",
      "expected_capacity": 0,
      "observed": null,
      "observed_capacity": null,
      "reason": "no used semaphore construction is bound to this CIR resource",
      "resource_id": "main::gN",
      "runtime": null,
      "status": "unknown"
    }
  ],
  "scope": "identity, channel-capacity attributes, and uncovered sync are separate; a conforming finite trace does not override a capacity conflict or an unknown capacity",
  "uncovered_sync": [],
  "unresolved": {
    "g12_semaphore0#1049": {
      "reason": "semaphore initial value must come from the single construction that is acquired or released",
      "site": "1049",
      "used_constructions": 0
    },
    "g_n_semaphore0#1199": {
      "reason": "semaphore initial value must come from the single construction that is acquired or released",
      "site": "1199",
      "used_constructions": 0
    }
  },
  "verified": {
    "cv_condvar0#971": {
      "cir": "main::cv",
      "rule": "exact"
    },
    "m_mutex0#927": {
      "cir": "main::m",
      "rule": "exact"
    },
    "notifier#1677": {
      "cir": "main::notifier",
      "rule": "spawn-entry"
    },
    "w1#1342": {
      "cir": "main::w1",
      "rule": "spawn-entry"
    },
    "w2#1489": {
      "cir": "main::w2",
      "rule": "spawn-entry"
    }
  },
  "violated": {}
}
