{
  "attributes": [],
  "scope": "identity, channel-capacity attributes, and uncovered sync are separate; a conforming finite trace does not override a capacity conflict or an unknown capacity",
  "uncovered_sync": [],
  "unresolved": {
    "clone#221": {
      "entry": "clone",
      "reason": "thread entry is not unambiguous",
      "site": "221"
    },
    "x1#340": {
      "entry": null,
      "reason": "thread entry is not unambiguous",
      "site": "340"
    },
    "x2#556": {
      "entry": null,
      "reason": "thread entry is not unambiguous",
      "site": "556"
    }
  },
  "verified": {
    "a_mutex0#87": {
      "cir": "main::a",
      "rule": "exact"
    },
    "b_mutex0#125": {
      "cir": "main::b",
      "rule": "exact"
    }
  },
  "violated": {}
}
