{
  "attributes": [],
  "scope": "identity, channel-capacity attributes, and uncovered sync are separate; a conforming finite trace does not override a capacity conflict or an unknown capacity",
  "uncovered_sync": [],
  "unresolved": {
    "acc_mutex0#1264": {
      "candidates": [],
      "reason": "no structural evidence",
      "site": "1264"
    },
    "worker#1426": {
      "entry": "worker",
      "reason": "thread entry is not unambiguous",
      "site": "1426"
    },
    "worker#1565": {
      "entry": "worker",
      "reason": "thread entry is not unambiguous",
      "site": "1565"
    }
  },
  "verified": {
    "m_mutex0#1224": {
      "cir": "main::m",
      "rule": "exact"
    }
  },
  "violated": {}
}
