     Locking 1 package to highest compatible version
   Compiling concir_sync v0.1.0 (/Users/kevin/local-repos/ConcPlanVerify/runtime/concir_sync)
   Compiling probe v0.1.0 (/Users/kevin/local-repos/ConcPlanVerify/experiments/strong-link-v29-ablation/without_goal_gate/lock-order__partial_deadlock_bystander/gpt-6-luna/G3_concir/rep0/code/round-2/source-proj)
error[E0597]: `sa` does not live long enough
   --> src/main.rs:58:19
    |
 55 |     let sa = Semaphore::new(1);
    |         -- binding `sa` declared here
...
 58 |     let sa_seed = sa.acquire();
    |                   ^^ borrowed value does not live long enough
...
 65 |         thread::spawn(move || a(lock_a, lock_b, sa_seed, sb))
    |         ----------------------------------------------------- argument requires that `sa` is borrowed for `'static`
...
 82 | }
    | - `sa` dropped here while still borrowed
    |
note: requirement that the value outlives `'static` introduced here
   --> /Users/kevin/.rustup/toolchains/nightly-aarch64-apple-darwin/lib/rustlib/src/rust/library/std/src/thread/functions.rs:128:15
    |
128 |     F: Send + 'static,
    |               ^^^^^^^

error[E0597]: `sb` does not live long enough
   --> src/main.rs:59:19
    |
 56 |     let sb = Semaphore::new(1);
    |         -- binding `sb` declared here
...
 59 |     let sb_seed = sb.acquire();
    |                   ^^ borrowed value does not live long enough
...
 72 |         thread::spawn(move || b(lock_a, lock_b, sa, sb_seed))
    |         ----------------------------------------------------- argument requires that `sb` is borrowed for `'static`
...
 82 | }
    | - `sb` dropped here while still borrowed
    |
note: requirement that the value outlives `'static` introduced here
   --> /Users/kevin/.rustup/toolchains/nightly-aarch64-apple-darwin/lib/rustlib/src/rust/library/std/src/thread/functions.rs:128:15
    |
128 |     F: Send + 'static,
    |               ^^^^^^^

For more information about this error, try `rustc --explain E0597`.
error: could not compile `probe` (bin "probe") due to 2 previous errors
