{
  "attributes": [],
  "scope": "identity, channel-capacity attributes, and uncovered sync are separate; a conforming finite trace does not override a capacity conflict or an unknown capacity",
  "uncovered_sync": [],
  "unresolved": {
    "w1#325": {
      "entry": null,
      "reason": "thread entry is not unambiguous",
      "site": "325"
    },
    "w2#748": {
      "entry": null,
      "reason": "thread entry is not unambiguous",
      "site": "748"
    }
  },
  "verified": {
    "m_mutex0#225": {
      "cir": "main::m",
      "rule": "exact"
    }
  },
  "violated": {}
}
