{
  "attributes": [],
  "scope": "identity, channel-capacity attributes, and uncovered sync are separate; a conforming finite trace does not override a capacity conflict or an unknown capacity",
  "uncovered_sync": [],
  "unresolved": {
    "worker#1250": {
      "entry": "worker",
      "reason": "thread entry is not unambiguous",
      "site": "1250"
    },
    "worker#1409": {
      "entry": "worker",
      "reason": "thread entry is not unambiguous",
      "site": "1409"
    }
  },
  "verified": {
    "a_mutex0#952": {
      "cir": "main::a",
      "rule": "exact"
    },
    "b_mutex0#990": {
      "cir": "main::b",
      "rule": "exact"
    }
  },
  "violated": {}
}
