{
  "binary_sha256": "bc4ea47ef9841b62637faef926ef94804b92a95c3ab39ee690f0e2cf08681e47",
  "bounded": true,
  "events": 192,
  "git_rev": "a35dc867d6327c772d48bd7c0473a6606fcc467a",
  "properties": [
    {
      "detail": "decided by behavior (hang/timeout) and Miri",
      "id": "no-deadlock",
      "kind": "deadlock_free",
      "req": [
        "R2",
        "R3",
        "R4",
        "R5"
      ],
      "source": "properties",
      "status": "deferred"
    },
    {
      "id": "main::s1 completes",
      "kind": "reachable",
      "req": [
        "R1",
        "R3",
        "R5"
      ],
      "source": "preserved",
      "status": "PASS_bounded"
    },
    {
      "id": "the channel is drained",
      "kind": "reachable",
      "req": [
        "R1",
        "R2",
        "R3",
        "R5",
        "R6"
      ],
      "source": "preserved",
      "status": "PASS_bounded"
    }
  ],
  "resource_map": {
    "ch_rx": "main::ch",
    "ch_tx": "main::ch",
    "r#322": null,
    "s1#269": "main::s1"
  },
  "status": "ok",
  "traces": 32,
  "unmapped_resources": [
    "r#322"
  ]
}
