{
  "attributes": [],
  "scope": "identity, channel-capacity attributes, and uncovered sync are separate; a conforming finite trace does not override a capacity conflict or an unknown capacity",
  "uncovered_sync": [],
  "unresolved": {
    "t1#673": {
      "entry": null,
      "reason": "thread entry is not unambiguous",
      "site": "673"
    },
    "t2#723": {
      "entry": null,
      "reason": "thread entry is not unambiguous",
      "site": "723"
    }
  },
  "verified": {
    "a_mutex0": {
      "cir": "main::a",
      "rule": "exact"
    },
    "b_mutex0": {
      "cir": "other::b",
      "rule": "exact"
    }
  },
  "violated": {}
}
