     Locking 1 package to highest compatible version
   Compiling concir_sync v0.1.0 (/Users/kevin/local-repos/ConcPlanVerify/runtime/concir_sync)
   Compiling probe v0.1.0 (/Users/kevin/local-repos/ConcPlanVerify/experiments/strong-link-v27-main/lock-order__cross_module_cycle/gpt-6-luna/G3_concir/rep1/code/round-3/proj)
warning: unused imports: `Condvar` and `Mutex`
 --> src/main.rs:2:23
  |
2 | use cir_trace::sync::{Mutex, Condvar};
  |                       ^^^^^  ^^^^^^^
  |
  = note: `#[warn(unused_imports)]` (part of `#[warn(unused)]`) on by default

warning: value assigned to `work` is never read
  --> src/main.rs:9:24
   |
 9 |         let mut work = 0;
   |                        ^ this value is reassigned later and never used
...
12 |         work = 1;
   |         -------- `work` is overwritten here before the previous value is read
   |
   = note: `#[warn(unused_assignments)]` (part of `#[warn(unused)]`) on by default

warning: value assigned to `work` is never read
  --> src/main.rs:25:24
   |
25 |         let mut work = 0;
   |                        ^ this value is reassigned later and never used
...
28 |         work = 1;
   |         -------- `work` is overwritten here before the previous value is read

warning: static variable `a` should have an upper case name
 --> src/main.rs:6:16
  |
6 |     pub static a: Mutex<()> = Mutex::new_named("a_mutex0", ());
  |                ^ help: convert the identifier to upper case: `A`
  |
  = note: `#[warn(non_upper_case_globals)]` (part of `#[warn(nonstandard_style)]`) on by default

warning: static variable `b` should have an upper case name
  --> src/main.rs:22:16
   |
22 |     pub static b: Mutex<()> = Mutex::new_named("b_mutex0", ());
   |                ^ help: convert the identifier to upper case: `B`

warning: `probe` (bin "probe") generated 5 warnings (run `cargo fix --bin "probe" -p probe` to apply 1 suggestion)
    Finished `dev` profile [unoptimized + debuginfo] target(s) in 0.30s
