{
  "attributes": [],
  "scope": "identity, channel-capacity attributes, and uncovered sync are separate; a conforming finite trace does not override a capacity conflict or an unknown capacity",
  "uncovered_sync": [],
  "unresolved": {
    "w1#607": {
      "entry": null,
      "reason": "thread entry is not unambiguous",
      "site": "607"
    },
    "w2#948": {
      "entry": null,
      "reason": "thread entry is not unambiguous",
      "site": "948"
    }
  },
  "verified": {
    "a_mutex0#164": {
      "cir": "main::a",
      "rule": "exact"
    },
    "b_mutex0#202": {
      "cir": "main::b",
      "rule": "exact"
    }
  },
  "violated": {}
}
