{
  "attributes": [],
  "scope": "identity, channel-capacity attributes, and uncovered sync are separate; a conforming finite trace does not override a capacity conflict or an unknown capacity",
  "uncovered_sync": [],
  "unresolved": {
    "worker#1401": {
      "entry": "worker",
      "reason": "thread entry is not unambiguous",
      "site": "1401"
    },
    "worker#1539": {
      "entry": "worker",
      "reason": "thread entry is not unambiguous",
      "site": "1539"
    }
  },
  "verified": {
    "a_mutex0#1196": {
      "cir": "main::a",
      "rule": "exact"
    },
    "b_mutex0#1234": {
      "cir": "main::b",
      "rule": "exact"
    }
  },
  "violated": {}
}
