{
  "attributes": [],
  "scope": "identity, channel-capacity attributes, and uncovered sync are separate; a conforming finite trace does not override a capacity conflict or an unknown capacity",
  "uncovered_sync": [],
  "unresolved": {
    "worker#1105": {
      "entry": "worker",
      "reason": "thread entry is not unambiguous",
      "site": "1105"
    },
    "worker#994": {
      "entry": "worker",
      "reason": "thread entry is not unambiguous",
      "site": "994"
    }
  },
  "verified": {
    "a_mutex0#808": {
      "cir": "main::a",
      "rule": "exact"
    },
    "b_mutex0#846": {
      "cir": "main::b",
      "rule": "exact"
    }
  },
  "violated": {}
}
