{
  "attributes": [
    {
      "construction_site": "631",
      "evidence": "param_from_call",
      "expected": "bounded",
      "expected_capacity": 1,
      "observed": "bounded",
      "observed_capacity": 1,
      "reason": "source bounded matches CIR bounded",
      "resource_id": "main::ch",
      "runtime": "ch",
      "status": "match"
    }
  ],
  "scope": "identity, channel-capacity attributes, and uncovered sync are separate; a conforming finite trace does not override a capacity conflict or an unknown capacity",
  "uncovered_sync": [],
  "unresolved": {},
  "verified": {
    "ch": {
      "cir": "main::ch",
      "rule": "exact"
    },
    "m_mutex0#602": {
      "cir": "main::m",
      "rule": "exact"
    },
    "receiver#817": {
      "cir": "main::receiver",
      "rule": "spawn-entry"
    },
    "sender#746": {
      "cir": "main::sender",
      "rule": "spawn-entry"
    }
  },
  "violated": {}
}
