{
  "attributes": [],
  "scope": "identity, channel-capacity attributes, and uncovered sync are separate; a conforming finite trace does not override a capacity conflict or an unknown capacity",
  "uncovered_sync": [],
  "unresolved": {
    "res_mutex0#250": {
      "candidates": [],
      "reason": "no structural evidence",
      "site": "250"
    },
    "w1#418": {
      "entry": null,
      "reason": "thread entry is not unambiguous",
      "site": "418"
    },
    "w2#659": {
      "entry": null,
      "reason": "thread entry is not unambiguous",
      "site": "659"
    }
  },
  "verified": {},
  "violated": {}
}
