     Locking 1 package to highest compatible version
   Compiling concir_sync v0.1.0 (/Users/kevin/local-repos/ConcPlanVerify/runtime/concir_sync)
   Compiling probe v0.1.0 (/Users/kevin/local-repos/ConcPlanVerify/experiments/evidence-20260925/g3-code-v4/composer-2.5/cells/lock-order__cross_module_cycle/code/round-2/source-proj)
warning: unused import: `std::sync::Mutex`
 --> src/main.rs:1:5
  |
1 | use std::sync::Mutex;
  |     ^^^^^^^^^^^^^^^^
  |
  = note: `#[warn(unused_imports)]` (part of `#[warn(unused)]`) on by default

warning: unused import: `std::thread`
 --> src/main.rs:2:5
  |
2 | use std::thread;
  |     ^^^^^^^^^^^

warning: static variable `b` should have an upper case name
 --> src/main.rs:7:16
  |
7 |     pub static b: Mutex<()> = Mutex::new(());
  |                ^
  |
  = note: `#[warn(non_upper_case_globals)]` (part of `#[warn(nonstandard_style)]`) on by default
help: convert the identifier to upper case
  |
7 -     pub static b: Mutex<()> = Mutex::new(());
7 +     pub static B: Mutex<()> = Mutex::new(());
  |

warning: static variable `a` should have an upper case name
  --> src/main.rs:21:16
   |
21 |     pub static a: Mutex<()> = Mutex::new(());
   |                ^
   |
help: convert the identifier to upper case
   |
21 -     pub static a: Mutex<()> = Mutex::new(());
21 +     pub static A: Mutex<()> = Mutex::new(());
   |

warning: `probe` (bin "probe") generated 4 warnings (run `cargo fix --bin "probe" -p probe` to apply 4 suggestions)
warning: unused dependency `concir_sync`
  --> Cargo.toml:11:1
   |
11 | concir_sync = { path = "/Users/kevin/local-repos/ConcPlanVerify/runtime/concir_sync" }
   | ^^^^^^^^^^^^^^^^^^^^^^^^^^^^^^^^^^^^^^^^^^^^^^^^^^^^^^^^^^^^^^^^^^^^^^^^^^^^^^^^^^^^^^
   |
   = note: `cargo::unused_dependencies` is set to `warn` by default
help: consider removing the dependency on `concir_sync`
warning: `probe` (manifest) generated 1 warning
    Finished `dev` profile [unoptimized + debuginfo] target(s) in 0.21s
