{
  "attributes": [
    {
      "construction_site": "1297",
      "evidence": "literal_initial",
      "expected": "semaphore_initial",
      "expected_capacity": 0,
      "observed": 0,
      "observed_capacity": 0,
      "reason": "initial count of the used construction matches the CIR",
      "resource_id": "main::sa",
      "runtime": "sa_semaphore0#1297",
      "status": "match"
    },
    {
      "construction_site": "1329",
      "evidence": "literal_initial",
      "expected": "semaphore_initial",
      "expected_capacity": 0,
      "observed": 0,
      "observed_capacity": 0,
      "reason": "initial count of the used construction matches the CIR",
      "resource_id": "main::sb",
      "runtime": "sb_semaphore0#1329",
      "status": "match"
    }
  ],
  "scope": "identity, channel-capacity attributes, and uncovered sync are separate; a conforming finite trace does not override a capacity conflict or an unknown capacity",
  "uncovered_sync": [],
  "unresolved": {
    "a_lock_mutex0#1200": {
      "candidates": [],
      "reason": "no structural evidence",
      "site": "1200"
    },
    "b_lock_mutex0#1263": {
      "candidates": [],
      "reason": "no structural evidence",
      "site": "1263"
    }
  },
  "verified": {
    "a#1513": {
      "cir": "main::a",
      "rule": "spawn-entry"
    },
    "b#1745": {
      "cir": "main::b",
      "rule": "spawn-entry"
    },
    "bystander#1817": {
      "cir": "main::bystander",
      "rule": "spawn-entry"
    },
    "sa_semaphore0#1297": {
      "cir": "main::sa",
      "rule": "used-construction"
    },
    "sb_semaphore0#1329": {
      "cir": "main::sb",
      "rule": "used-construction"
    }
  },
  "violated": {}
}
