     Locking 1 package to highest compatible version
   Compiling concir_sync v0.1.0 (/Users/kevin/local-repos/ConcPlanVerify/runtime/concir_sync)
   Compiling probe v0.1.0 (/Users/kevin/local-repos/ConcPlanVerify/experiments/evidence-20260925/reeval/work/rep1/channel__send_while_holding_mutex/G2_tools_iter/original)
error[E0599]: no method named `release` found for struct `Arc<Semaphore>` in the current scope
  --> src/main.rs:41:17
   |
41 |         s1_done.release();
   |                 ^^^^^^^ method not found in `Arc<Semaphore>`

error[E0599]: no method named `release` found for struct `Arc<Semaphore>` in the current scope
  --> src/main.rs:44:18
   |
44 |         s2_ready.release();
   |                  ^^^^^^^ method not found in `Arc<Semaphore>`

error[E0599]: no method named `release` found for struct `Arc<Semaphore>` in the current scope
  --> src/main.rs:56:18
   |
56 |         r1_ready.release();
   |                  ^^^^^^^ method not found in `Arc<Semaphore>`

error[E0599]: no method named `release` found for struct `Arc<Semaphore>` in the current scope
  --> src/main.rs:61:17
   |
61 |         r2_done.release();
   |                 ^^^^^^^ method not found in `Arc<Semaphore>`

For more information about this error, try `rustc --explain E0599`.
error: could not compile `probe` (bin "probe") due to 4 previous errors
