{
  "attributes": [],
  "scope": "identity, channel-capacity attributes, and uncovered sync are separate; a conforming finite trace does not override a capacity conflict or an unknown capacity",
  "uncovered_sync": [],
  "unresolved": {
    "worker#1366": {
      "entry": "worker",
      "reason": "thread entry is not unambiguous",
      "site": "1366"
    },
    "worker#1483": {
      "entry": "worker",
      "reason": "thread entry is not unambiguous",
      "site": "1483"
    }
  },
  "verified": {
    "a_mutex0#1246": {
      "cir": "main::a",
      "rule": "exact"
    },
    "b_mutex0#1284": {
      "cir": "main::b",
      "rule": "exact"
    }
  },
  "violated": {}
}
