{
  "attributes": [
    {
      "construction_site": "382",
      "evidence": "literal_initial",
      "expected": "semaphore_initial",
      "expected_capacity": 2,
      "observed": 2,
      "observed_capacity": 2,
      "reason": "initial count of the used construction matches the CIR",
      "resource_id": "main::s",
      "runtime": "s_semaphore0#382",
      "status": "match"
    }
  ],
  "scope": "identity, channel-capacity attributes, and uncovered sync are separate; a conforming finite trace does not override a capacity conflict or an unknown capacity",
  "uncovered_sync": [],
  "unresolved": {
    "worker#492": {
      "entry": "worker",
      "reason": "thread entry is not unambiguous",
      "site": "492"
    },
    "worker#546": {
      "entry": "worker",
      "reason": "thread entry is not unambiguous",
      "site": "546"
    },
    "worker#600": {
      "entry": "worker",
      "reason": "thread entry is not unambiguous",
      "site": "600"
    }
  },
  "verified": {
    "s_semaphore0#382": {
      "cir": "main::s",
      "rule": "used-construction"
    }
  },
  "violated": {}
}
