{
  "attributes": [],
  "scope": "identity, channel-capacity attributes, and uncovered sync are separate; a conforming finite trace does not override a capacity conflict or an unknown capacity",
  "uncovered_sync": [],
  "unresolved": {
    "worker#1129": {
      "entry": "worker",
      "reason": "thread entry is not unambiguous",
      "site": "1129"
    },
    "worker#1202": {
      "entry": "worker",
      "reason": "thread entry is not unambiguous",
      "site": "1202"
    }
  },
  "verified": {
    "m_mutex0#1002": {
      "cir": "main::m",
      "rule": "exact"
    }
  },
  "violated": {}
}
