{
  "attributes": [
    {
      "construction_site": "1047",
      "evidence": "param_from_call",
      "expected": "bounded",
      "expected_capacity": 1,
      "observed": "bounded",
      "observed_capacity": 2,
      "reason": "source constructor is bounded (capacity 2); CIR main::ch expects bounded (capacity Some(1))",
      "resource_id": "main::ch",
      "runtime": "ch",
      "status": "mismatch"
    }
  ],
  "scope": "identity, channel-capacity attributes, and uncovered sync are separate; a conforming finite trace does not override a capacity conflict or an unknown capacity",
  "uncovered_sync": [],
  "unresolved": {},
  "verified": {
    "ch": {
      "cir": "main::ch",
      "rule": "exact"
    },
    "m_mutex0#979": {
      "cir": "main::m",
      "rule": "exact"
    },
    "receiver#1286": {
      "cir": "main::receiver",
      "rule": "spawn-entry"
    },
    "sender#1158": {
      "cir": "main::sender",
      "rule": "spawn-entry"
    }
  },
  "violated": {}
}
