     Locking 1 package to highest compatible version
   Compiling concir_sync v0.1.0 (/Users/kevin/local-repos/ConcPlanVerify/runtime/concir_sync)
   Compiling probe v0.1.0 (/Users/kevin/local-repos/ConcPlanVerify/experiments/strong-link-v29-ablation/full/semaphore__acquire_twice_no_release/gpt-6-luna/G3_concir/rep0/code/round-1/source-proj)
warning: value assigned to `work` is never read
  --> src/main.rs:13:5
   |
13 |     work = work + 1;
   |     ^^^^^^^^^^^^^^^
   |
   = help: maybe it is overwritten before being read?
   = note: `#[warn(unused_assignments)]` (part of `#[warn(unused)]`) on by default

warning: value assigned to `work` is never read
  --> src/main.rs:25:5
   |
25 |     work = work + 1;
   |     ^^^^^^^^^^^^^^^
   |
   = help: maybe it is overwritten before being read?

error[E0382]: the type `Arc` does not implement `Copy`
  --> src/main.rs:33:28
   |
30 |     let s = Semaphore::new(1);
   |         - this move could be avoided by cloning the original `Arc`, which is inexpensive
31 |
32 |     let t1 = thread::spawn(move || w1(s.clone()));
   |                            -------    - variable moved due to use in closure
   |                            |
   |                            value moved into closure here
33 |     let t2 = thread::spawn(move || w2(s));
   |                            ^^^^^^^    - use occurs due to use in closure
   |                            |
   |                            value used here after move
   |
   = note: consider using `Arc::clone`
help: consider cloning the value before moving it into the closure
   |
32 ~     let value = s.clone();
33 ~     let t1 = thread::spawn(move || w1(value.clone()));
   |

For more information about this error, try `rustc --explain E0382`.
warning: `probe` (bin "probe") generated 2 warnings
error: could not compile `probe` (bin "probe") due to 1 previous error; 2 warnings emitted
