{
  "binary_sha256": "bc4ea47ef9841b62637faef926ef94804b92a95c3ab39ee690f0e2cf08681e47",
  "bounded": true,
  "events": 0,
  "git_rev": "a35dc867d6327c772d48bd7c0473a6606fcc467a",
  "properties": [
    {
      "detail": "decided by behavior (hang/timeout) and Miri",
      "id": "no-deadlock",
      "kind": "deadlock_free",
      "req": [
        "R6",
        "R9",
        "R10",
        "R11"
      ],
      "source": "properties",
      "status": "deferred"
    },
    {
      "detail": "no traces",
      "id": "a-completes",
      "kind": "always_reachable",
      "req": [
        "R6",
        "R7",
        "R11"
      ],
      "source": "properties",
      "status": "not_observed"
    },
    {
      "detail": "no traces",
      "id": "b-completes",
      "kind": "always_reachable",
      "req": [
        "R6",
        "R8",
        "R11"
      ],
      "source": "properties",
      "status": "not_observed"
    },
    {
      "detail": "no traces",
      "id": "main::a completes",
      "kind": "reachable",
      "req": [
        "R1",
        "R7",
        "R11"
      ],
      "source": "preserved",
      "status": "not_observed"
    },
    {
      "detail": "no traces",
      "id": "main::b completes",
      "kind": "reachable",
      "req": [
        "R1",
        "R8",
        "R11"
      ],
      "source": "preserved",
      "status": "not_observed"
    },
    {
      "detail": "no traces",
      "id": "main::a holds [main::a, main::b] at once",
      "kind": "reachable",
      "req": [
        "R3",
        "R4",
        "R5"
      ],
      "source": "preserved",
      "status": "not_observed"
    },
    {
      "detail": "no traces",
      "id": "main::b holds [main::a, main::b] at once",
      "kind": "reachable",
      "req": [
        "R3",
        "R4",
        "R5"
      ],
      "source": "preserved",
      "status": "not_observed"
    }
  ],
  "resource_map": {
    "a#1287": "main::a",
    "a_mutex0#1009": "main::a",
    "b#1496": "main::b",
    "b_mutex0#1067": "main::b",
    "bystander#1574": null,
    "sa_semaphore0#1101": null,
    "sb_semaphore0#1133": null
  },
  "status": "ok",
  "traces": 0,
  "unmapped_resources": [
    "bystander#1574",
    "sa_semaphore0#1101",
    "sb_semaphore0#1133"
  ]
}
