{
  "attributes": [],
  "scope": "identity, channel-capacity attributes, and uncovered sync are separate; a conforming finite trace does not override a capacity conflict or an unknown capacity",
  "uncovered_sync": [],
  "unresolved": {
    "t1_handle#458": {
      "entry": null,
      "reason": "thread entry is not unambiguous",
      "site": "458"
    },
    "t2_handle#497": {
      "entry": null,
      "reason": "thread entry is not unambiguous",
      "site": "497"
    }
  },
  "verified": {
    "a_mutex0": {
      "cir": "main::a",
      "rule": "exact"
    },
    "b_mutex0": {
      "cir": "main::b",
      "rule": "exact"
    }
  },
  "violated": {}
}
