     Locking 1 package to highest compatible version
   Compiling concir_sync v0.1.0 (/Users/kevin/local-repos/ConcPlanVerify/runtime/concir_sync)
   Compiling probe v0.1.0 (/Users/kevin/local-repos/ConcPlanVerify/experiments/evidence-20260925/g3-code-v4/composer-2.5/cells/lock-order__cross_module_cycle/code/round-1/proj)
error[E0433]: cannot find module or crate `cir_trace` in this scope
  --> src/main.rs:37:25
   |
37 |         let handle_t1 = cir_trace::spawn("t1", move || t1(a_t1, b_t1));
   |                         ^^^^^^^^^ use of unresolved module or unlinked crate `cir_trace`
   |
help: to make use of source file src/cir_trace.rs, use `mod cir_trace` in this file to declare the module
   |
 1 + mod cir_trace;
   |
help: consider importing this module
   |
18 +     use crate::cir_trace;
   |

error[E0433]: cannot find module or crate `cir_trace` in this scope
  --> src/main.rs:38:25
   |
38 |         let handle_t2 = cir_trace::spawn("t2", move || crate::other::t2(a_t2, b_t2));
   |                         ^^^^^^^^^ use of unresolved module or unlinked crate `cir_trace`
   |
help: to make use of source file src/cir_trace.rs, use `mod cir_trace` in this file to declare the module
   |
 1 + mod cir_trace;
   |
help: consider importing this module
   |
18 +     use crate::cir_trace;
   |

warning: unused imports: `Condvar` and `Mutex`
 --> src/main.rs:2:23
  |
2 | use cir_trace::sync::{Mutex, Condvar};
  |                       ^^^^^  ^^^^^^^
  |
  = note: `#[warn(unused_imports)]` (part of `#[warn(unused)]`) on by default

warning: unused import: `Arc`
 --> src/main.rs:3:17
  |
3 | use std::sync::{Arc};
  |                 ^^^

warning: unused import: `std::thread`
 --> src/main.rs:4:5
  |
4 | use std::thread;
  |     ^^^^^^^^^^^

warning: unused import: `std::thread`
  --> src/main.rs:19:9
   |
19 |     use std::thread;
   |         ^^^^^^^^^^^

For more information about this error, try `rustc --explain E0433`.
warning: `probe` (bin "probe") generated 4 warnings
error: could not compile `probe` (bin "probe") due to 2 previous errors; 4 warnings emitted
