     Locking 1 package to highest compatible version
   Compiling concir_sync v0.1.0 (/Users/kevin/local-repos/ConcPlanVerify/runtime/concir_sync)
   Compiling probe v0.1.0 (/Users/kevin/local-repos/ConcPlanVerify/experiments/strong-link-v27-main/lock-order__cross_module_cycle/gpt-6-luna/G3_concir/rep1/code/round-2/source-proj)
error[E0425]: cannot find type `Mutex` in this scope
 --> src/main.rs:4:19
  |
4 |     pub static a: Mutex<()> = Mutex::new(());
  |                   ^^^^^ not found in this scope
  |
help: consider importing one of these structs
  |
4 +     use crate::Mutex;
  |
4 +     use std::sync::Mutex;
  |
4 +     use std::sync::nonpoison::Mutex;
  |

error[E0433]: cannot find type `Mutex` in this scope
 --> src/main.rs:4:31
  |
4 |     pub static a: Mutex<()> = Mutex::new(());
  |                               ^^^^^ use of undeclared type `Mutex`
  |
help: consider importing one of these structs
  |
4 +     use crate::Mutex;
  |
4 +     use std::sync::Mutex;
  |
4 +     use std::sync::nonpoison::Mutex;
  |

warning: unused import: `std::sync::Mutex`
 --> src/main.rs:1:5
  |
1 | use std::sync::Mutex;
  |     ^^^^^^^^^^^^^^^^
  |
  = note: `#[warn(unused_imports)]` (part of `#[warn(unused)]`) on by default

Some errors have detailed explanations: E0425, E0433.
For more information about an error, try `rustc --explain E0425`.
warning: `probe` (bin "probe") generated 1 warning
error: could not compile `probe` (bin "probe") due to 2 previous errors; 1 warning emitted
warning: unused dependency `concir_sync`
  --> Cargo.toml:11:1
   |
11 | concir_sync = { path = "/Users/kevin/local-repos/ConcPlanVerify/runtime/concir_sync" }
   | ^^^^^^^^^^^^^^^^^^^^^^^^^^^^^^^^^^^^^^^^^^^^^^^^^^^^^^^^^^^^^^^^^^^^^^^^^^^^^^^^^^^^^^
   |
   = note: `cargo::unused_dependencies` is set to `warn` by default
help: consider removing the dependency on `concir_sync`
warning: `probe` (manifest) generated 1 warning
