{
  "attributes": [],
  "scope": "identity, channel-capacity attributes, and uncovered sync are separate; a conforming finite trace does not override a capacity conflict or an unknown capacity",
  "uncovered_sync": [],
  "unresolved": {
    "notifier_handle#1096": {
      "entry": null,
      "reason": "thread entry is not unambiguous",
      "site": "1096"
    },
    "shared_condvar0#214": {
      "candidates": [],
      "reason": "no structural evidence",
      "site": "214"
    },
    "shared_mutex0#193": {
      "candidates": [],
      "reason": "no structural evidence",
      "site": "193"
    },
    "waiter_handle#394": {
      "entry": null,
      "reason": "thread entry is not unambiguous",
      "site": "394"
    }
  },
  "verified": {},
  "violated": {}
}
