{
  "attributes": [],
  "scope": "identity, channel-capacity attributes, and uncovered sync are separate; a conforming finite trace does not override a capacity conflict or an unknown capacity",
  "uncovered_sync": [],
  "unresolved": {
    "c": {
      "reason": "channel endpoint has no channel token",
      "site": null
    },
    "ch_mutex0#1174": {
      "candidates": [],
      "reason": "no structural evidence",
      "site": "1174"
    },
    "receiver#1831": {
      "entry": null,
      "reason": "thread entry is not unambiguous",
      "site": "1831"
    },
    "sender#1294": {
      "entry": null,
      "reason": "thread entry is not unambiguous",
      "site": "1294"
    }
  },
  "verified": {
    "m_mutex0#1135": {
      "cir": "main::m",
      "rule": "exact"
    }
  },
  "violated": {}
}
