{
  "binary_sha256": "bc4ea47ef9841b62637faef926ef94804b92a95c3ab39ee690f0e2cf08681e47",
  "bounded": true,
  "events": 0,
  "git_rev": "a35dc867d6327c772d48bd7c0473a6606fcc467a",
  "properties": [
    {
      "detail": "decided by behavior (hang/timeout) and Miri",
      "id": "deadlock",
      "kind": "deadlock_free",
      "req": [
        "R2",
        "R3",
        "R5",
        "R7",
        "R8",
        "R9"
      ],
      "source": "properties",
      "status": "deferred"
    },
    {
      "detail": "no traces",
      "id": "main::w1 holds [main::m] at once",
      "kind": "reachable",
      "req": [
        "R4",
        "R5",
        "R6"
      ],
      "source": "preserved",
      "status": "not_observed"
    }
  ],
  "resource_map": {
    "cv_condvar0#1761": null,
    "g12_semaphore0#1794": null,
    "g_n_semaphore0#1827": null,
    "m_mutex0#1695": "main::m",
    "notifier#2369": null,
    "w1#1975": "main::w1",
    "w2#2172": null
  },
  "status": "ok",
  "traces": 0,
  "unmapped_resources": [
    "cv_condvar0#1761",
    "g12_semaphore0#1794",
    "g_n_semaphore0#1827",
    "notifier#2369",
    "w2#2172"
  ]
}
