     Locking 1 package to highest compatible version
   Compiling concir_sync v0.1.0 (/Users/kevin/local-repos/ConcPlanVerify/runtime/concir_sync)
   Compiling probe v0.1.0 (/Users/kevin/local-repos/ConcPlanVerify/experiments/g3-rootcause-v1/pilot-20260926T230952-gpt6luna/GPT 6 Luna/condvar__notify_one_multi_waiter_wrong_pick/rep0/code/round-3/source-proj)
warning: variable `gN` should have a snake case name
 --> src/main.rs:5:67
  |
5 | fn w1(m: Arc<Mutex<bool>>, cv: Arc<Condvar>, g12: Arc<Semaphore>, gN: Arc<Semaphore>) {
  |                                                                   ^^ help: convert the identifier to snake case: `g_n`
  |
  = note: `#[warn(non_snake_case)]` (part of `#[warn(nonstandard_style)]`) on by default

warning: variable `gN` should have a snake case name
  --> src/main.rs:20:67
   |
20 | fn w2(m: Arc<Mutex<bool>>, cv: Arc<Condvar>, g12: Arc<Semaphore>, gN: Arc<Semaphore>) {
   |                                                                   ^^ help: convert the identifier to snake case: `g_n`

warning: variable `gN` should have a snake case name
  --> src/main.rs:35:73
   |
35 | fn notifier(m: Arc<Mutex<bool>>, cv: Arc<Condvar>, g12: Arc<Semaphore>, gN: Arc<Semaphore>) {
   |                                                                         ^^ help: convert the identifier to snake case: `g_n`

warning: variable `gN` should have a snake case name
  --> src/main.rs:56:9
   |
56 |     let gN = Semaphore::new(2);
   |         ^^ help: convert the identifier to snake case: `g_n`

warning: variable `gN` should have a snake case name
  --> src/main.rs:62:13
   |
62 |         let gN = Arc::clone(&gN);
   |             ^^ help: convert the identifier to snake case: `g_n`

warning: variable `gN` should have a snake case name
  --> src/main.rs:70:13
   |
70 |         let gN = Arc::clone(&gN);
   |             ^^ help: convert the identifier to snake case: `g_n`

warning: variable `gN` should have a snake case name
  --> src/main.rs:78:13
   |
78 |         let gN = Arc::clone(&gN);
   |             ^^ help: convert the identifier to snake case: `g_n`

warning: `probe` (bin "probe") generated 7 warnings
    Finished `dev` profile [unoptimized + debuginfo] target(s) in 0.29s
