{
  "attributes": [],
  "scope": "identity, channel-capacity attributes, and uncovered sync are separate; a conforming finite trace does not override a capacity conflict or an unknown capacity",
  "uncovered_sync": [],
  "unresolved": {
    "rx": {
      "reason": "channel endpoint has no channel token",
      "site": null
    },
    "tx": {
      "reason": "channel endpoint has no channel token",
      "site": null
    }
  },
  "verified": {
    "r#316": {
      "cir": "main::r",
      "rule": "spawn-entry"
    },
    "s1#266": {
      "cir": "main::s1",
      "rule": "spawn-entry"
    }
  },
  "violated": {}
}
