{
  "attributes": [],
  "scope": "identity, channel-capacity attributes, and uncovered sync are separate; a conforming finite trace does not override a capacity conflict or an unknown capacity",
  "uncovered_sync": [],
  "unresolved": {
    "worker#733": {
      "entry": "worker",
      "reason": "thread entry is not unambiguous",
      "site": "733"
    },
    "worker#821": {
      "entry": "worker",
      "reason": "thread entry is not unambiguous",
      "site": "821"
    }
  },
  "verified": {
    "m_mutex0#647": {
      "cir": "main::m",
      "rule": "exact"
    }
  },
  "violated": {}
}
