{
  "attributes": [],
  "scope": "identity, channel-capacity attributes, and uncovered sync are separate; a conforming finite trace does not override a capacity conflict or an unknown capacity",
  "uncovered_sync": [],
  "unresolved": {
    "c_mutex0#358": {
      "candidates": [],
      "reason": "no structural evidence",
      "site": "358"
    },
    "w1#558": {
      "entry": null,
      "reason": "thread entry is not unambiguous",
      "site": "558"
    },
    "w2#1192": {
      "entry": null,
      "reason": "thread entry is not unambiguous",
      "site": "1192"
    }
  },
  "verified": {},
  "violated": {}
}
