{
  "attributes": [],
  "scope": "identity, channel-capacity attributes, and uncovered sync are separate; a conforming finite trace does not override a capacity conflict or an unknown capacity",
  "uncovered_sync": [],
  "unresolved": {
    "work#805": {
      "candidates": [],
      "reason": "no structural evidence",
      "site": "805"
    }
  },
  "verified": {
    "a_mutex0#704": {
      "cir": "main::a",
      "rule": "exact"
    },
    "b_mutex0#742": {
      "cir": "main::b",
      "rule": "exact"
    },
    "c_mutex0#780": {
      "cir": "main::c",
      "rule": "exact"
    },
    "t1#940": {
      "cir": "main::t1",
      "rule": "spawn-entry"
    },
    "t2#1088": {
      "cir": "main::t2",
      "rule": "spawn-entry"
    },
    "t3#1236": {
      "cir": "main::t3",
      "rule": "spawn-entry"
    }
  },
  "violated": {}
}
