{
  "attributes": [],
  "scope": "identity, channel-capacity attributes, and uncovered sync are separate; a conforming finite trace does not override a capacity conflict or an unknown capacity",
  "uncovered_sync": [],
  "unresolved": {
    "worker#1286": {
      "entry": "worker",
      "reason": "thread entry is not unambiguous",
      "site": "1286"
    },
    "worker#1351": {
      "entry": "worker",
      "reason": "thread entry is not unambiguous",
      "site": "1351"
    }
  },
  "verified": {
    "a_mutex0#1097": {
      "cir": "main::a",
      "rule": "exact"
    },
    "b_mutex0#1135": {
      "cir": "main::b",
      "rule": "exact"
    }
  },
  "violated": {}
}
