{
  "attributes": [],
  "scope": "identity, channel-capacity attributes, and uncovered sync are separate; a conforming finite trace does not override a capacity conflict or an unknown capacity",
  "uncovered_sync": [],
  "unresolved": {
    "notifier#967": {
      "entry": null,
      "reason": "thread entry is not unambiguous",
      "site": "967"
    },
    "shared_condvar0#203": {
      "candidates": [],
      "reason": "no structural evidence",
      "site": "203"
    },
    "shared_mutex0#182": {
      "candidates": [],
      "reason": "no structural evidence",
      "site": "182"
    },
    "waiter#425": {
      "entry": null,
      "reason": "thread entry is not unambiguous",
      "site": "425"
    }
  },
  "verified": {},
  "violated": {}
}
