{
  "attributes": [
    {
      "construction_site": null,
      "evidence": "absent",
      "expected": "semaphore_initial",
      "expected_capacity": 0,
      "observed": null,
      "observed_capacity": null,
      "reason": "no used semaphore construction is bound to this CIR resource",
      "resource_id": "main::g12",
      "runtime": null,
      "status": "unknown"
    },
    {
      "construction_site": null,
      "evidence": "absent",
      "expected": "semaphore_initial",
      "expected_capacity": 0,
      "observed": null,
      "observed_capacity": null,
      "reason": "no used semaphore construction is bound to this CIR resource",
      "resource_id": "main::gN",
      "runtime": null,
      "status": "unknown"
    }
  ],
  "scope": "identity, channel-capacity attributes, and uncovered sync are separate; a conforming finite trace does not override a capacity conflict or an unknown capacity",
  "uncovered_sync": [],
  "unresolved": {
    "notifier#1677": {
      "entry": null,
      "reason": "thread entry is not unambiguous",
      "site": "1677"
    },
    "w1#937": {
      "entry": null,
      "reason": "thread entry is not unambiguous",
      "site": "937"
    },
    "w2#1304": {
      "entry": null,
      "reason": "thread entry is not unambiguous",
      "site": "1304"
    }
  },
  "verified": {
    "cv_condvar0#703": {
      "cir": "main::cv",
      "rule": "exact"
    },
    "m_mutex0#663": {
      "cir": "main::m",
      "rule": "exact"
    }
  },
  "violated": {}
}
