{
  "attributes": [
    {
      "construction_site": null,
      "evidence": "absent",
      "expected": "semaphore_initial",
      "expected_capacity": 0,
      "observed": null,
      "observed_capacity": null,
      "reason": "no used semaphore construction is bound to this CIR resource",
      "resource_id": "main::sa",
      "runtime": null,
      "status": "unknown"
    },
    {
      "construction_site": null,
      "evidence": "absent",
      "expected": "semaphore_initial",
      "expected_capacity": 0,
      "observed": null,
      "observed_capacity": null,
      "reason": "no used semaphore construction is bound to this CIR resource",
      "resource_id": "main::sb",
      "runtime": null,
      "status": "unknown"
    }
  ],
  "scope": "identity, channel-capacity attributes, and uncovered sync are separate; a conforming finite trace does not override a capacity conflict or an unknown capacity",
  "uncovered_sync": [],
  "unresolved": {
    "flag#938": {
      "candidates": [],
      "reason": "no structural evidence",
      "site": "938"
    },
    "ha#1091": {
      "entry": null,
      "reason": "thread entry is not unambiguous",
      "site": "1091"
    },
    "hb#1660": {
      "entry": null,
      "reason": "thread entry is not unambiguous",
      "site": "1660"
    },
    "yield_now#2282": {
      "entry": "yield_now",
      "reason": "thread entry is not unambiguous",
      "site": "2282"
    }
  },
  "verified": {
    "a#819": {
      "cir": "main::a",
      "rule": "exact"
    },
    "b#846": {
      "cir": "main::b",
      "rule": "exact"
    }
  },
  "violated": {}
}
