{
  "attributes": [],
  "scope": "identity, channel-capacity attributes, and uncovered sync are separate; a conforming finite trace does not override a capacity conflict or an unknown capacity",
  "uncovered_sync": [],
  "unresolved": {
    "notifier#887": {
      "entry": null,
      "reason": "thread entry is not unambiguous",
      "site": "887"
    },
    "shared_condvar0#223": {
      "candidates": [],
      "reason": "no structural evidence",
      "site": "223"
    },
    "shared_mutex0#202": {
      "candidates": [],
      "reason": "no structural evidence",
      "site": "202"
    },
    "waiter#356": {
      "entry": null,
      "reason": "thread entry is not unambiguous",
      "site": "356"
    }
  },
  "verified": {},
  "violated": {}
}
