{
  "attributes": [],
  "scope": "identity, channel-capacity attributes, and uncovered sync are separate; a conforming finite trace does not override a capacity conflict or an unknown capacity",
  "uncovered_sync": [],
  "unresolved": {
    "m_condvar0#118": {
      "candidates": [],
      "reason": "no structural evidence",
      "site": "118"
    },
    "notifier#411": {
      "entry": null,
      "reason": "thread entry is not unambiguous",
      "site": "411"
    },
    "res_condvar0#689": {
      "candidates": [],
      "reason": "no structural evidence",
      "site": "689"
    },
    "res_mutex0#668": {
      "candidates": [],
      "reason": "no structural evidence",
      "site": "668"
    },
    "waiter#174": {
      "entry": null,
      "reason": "thread entry is not unambiguous",
      "site": "174"
    }
  },
  "verified": {
    "m_mutex0#97": {
      "cir": "main::m",
      "rule": "exact"
    }
  },
  "violated": {}
}
