{
  "attributes": [],
  "scope": "identity, channel-capacity attributes, and uncovered sync are separate; a conforming finite trace does not override a capacity conflict or an unknown capacity",
  "uncovered_sync": [],
  "unresolved": {
    "ready#1138": {
      "candidates": [],
      "reason": "no structural evidence",
      "site": "1138"
    }
  },
  "verified": {
    "cv#1171": {
      "cir": "main::cv",
      "rule": "exact"
    },
    "notifier#1425": {
      "cir": "main::notifier",
      "rule": "spawn-entry"
    },
    "waiter#1357": {
      "cir": "main::waiter",
      "rule": "spawn-entry"
    }
  },
  "violated": {}
}
