    Blocking waiting for file lock on package cache
     Locking 1 package to highest compatible version
    Blocking waiting for file lock on package cache
   Compiling concir_sync v0.1.0 (/Users/kevin/local-repos/ConcPlanVerify/runtime/concir_sync)
   Compiling probe v0.1.0 (/Users/kevin/local-repos/ConcPlanVerify/experiments/evidence-20260925/g3-code-v4/composer-2.5/cells/condvar__notify_one_multi_waiter_wrong_pick/code/round-2/source-proj)
error[E0599]: no associated function or constant named `release` found for struct `Semaphore` in the current scope
  --> src/main.rs:13:16
   |
13 |     Semaphore::release(&g12);
   |                ^^^^^^^ associated function or constant not found in `Semaphore`

error[E0599]: no associated function or constant named `release` found for struct `Semaphore` in the current scope
  --> src/main.rs:27:16
   |
27 |     Semaphore::release(&g12);
   |                ^^^^^^^ associated function or constant not found in `Semaphore`

error[E0599]: no associated function or constant named `release` found for struct `Semaphore` in the current scope
  --> src/main.rs:44:16
   |
44 |     Semaphore::release(&gN);
   |                ^^^^^^^ associated function or constant not found in `Semaphore`

error[E0599]: no associated function or constant named `release` found for struct `Semaphore` in the current scope
  --> src/main.rs:45:16
   |
45 |     Semaphore::release(&gN);
   |                ^^^^^^^ associated function or constant not found in `Semaphore`

For more information about this error, try `rustc --explain E0599`.
error: could not compile `probe` (bin "probe") due to 4 previous errors
