{
  "attributes": [
    {
      "construction_site": null,
      "evidence": "absent",
      "expected": "semaphore_initial",
      "expected_capacity": 1,
      "observed": null,
      "observed_capacity": null,
      "reason": "no used semaphore construction is bound to this CIR resource",
      "resource_id": "main::s",
      "runtime": null,
      "status": "unknown"
    }
  ],
  "scope": "identity, channel-capacity attributes, and uncovered sync are separate; a conforming finite trace does not override a capacity conflict or an unknown capacity",
  "uncovered_sync": [],
  "unresolved": {
    "res_semaphore0#117": {
      "candidates": [],
      "reason": "used semaphore construction does not match exactly one CIR semaphore",
      "site": "117"
    },
    "w1#168": {
      "entry": null,
      "reason": "thread entry is not unambiguous",
      "site": "168"
    },
    "w2#353": {
      "entry": null,
      "reason": "thread entry is not unambiguous",
      "site": "353"
    }
  },
  "verified": {},
  "violated": {}
}
