     Locking 1 package to highest compatible version
   Compiling concir_sync v0.1.0 (/Users/kevin/local-repos/ConcPlanVerify/runtime/concir_sync)
   Compiling probe v0.1.0 (/Users/kevin/local-repos/ConcPlanVerify/experiments/strong-link-v29-replay/channel__bounded_backpressure_lock_held/glm-5.3-flash/G3_concir/rep0/round-1/proj)
warning: unused imports: `Condvar` and `Mutex`
 --> src/main.rs:2:23
  |
2 | use cir_trace::sync::{Mutex, Condvar};
  |                       ^^^^^  ^^^^^^^
  |
  = note: `#[warn(unused_imports)]` (part of `#[warn(unused)]`) on by default

warning: unused import: `std::thread`
 --> src/main.rs:5:5
  |
5 | use std::thread;
  |     ^^^^^^^^^^^

warning: value assigned to `r1` is never read
  --> src/main.rs:28:23
   |
28 |     let mut r1: i32 = 0;
   |                       ^ this value is reassigned later and never used
...
32 |     crate::cir_trace::record("channel_recv", "ch"); r1 = ch.recv().unwrap();
   |                                                     ----------------------- `r1` is overwritten here before the previous value is read
   |
   = note: `#[warn(unused_assignments)]` (part of `#[warn(unused)]`) on by default

warning: value assigned to `r2` is never read
  --> src/main.rs:29:23
   |
29 |     let mut r2: i32 = 0;
   |                       ^ this value is reassigned later and never used
...
34 |     crate::cir_trace::record("channel_recv", "ch"); r2 = ch.recv().unwrap();
   |                                                     ----------------------- `r2` is overwritten here before the previous value is read

warning: `probe` (bin "probe") generated 4 warnings (run `cargo fix --bin "probe" -p probe` to apply 2 suggestions)
    Finished `dev` profile [unoptimized + debuginfo] target(s) in 0.40s
