     Locking 1 package to highest compatible version
   Compiling concir_sync v0.1.0 (/Users/kevin/local-repos/ConcPlanVerify/runtime/concir_sync)
   Compiling probe v0.1.0 (/Users/kevin/local-repos/ConcPlanVerify/experiments/strong-link-v29-replay/channel__bounded_backpressure_lock_held/glm-5.3-flash/G3_concir/rep0/round-1/source-proj)
warning: value assigned to `r1` is never read
  --> src/main.rs:26:23
   |
26 |     let mut r1: i32 = 0;
   |                       ^ this value is reassigned later and never used
...
30 |     r1 = ch.recv().unwrap();
   |     ----------------------- `r1` is overwritten here before the previous value is read
   |
   = note: `#[warn(unused_assignments)]` (part of `#[warn(unused)]`) on by default

warning: value assigned to `r2` is never read
  --> src/main.rs:27:23
   |
27 |     let mut r2: i32 = 0;
   |                       ^ this value is reassigned later and never used
...
32 |     r2 = ch.recv().unwrap();
   |     ----------------------- `r2` is overwritten here before the previous value is read

warning: `probe` (bin "probe") generated 2 warnings
warning: unused dependency `concir_sync`
  --> Cargo.toml:11:1
   |
11 | concir_sync = { path = "/Users/kevin/local-repos/ConcPlanVerify/runtime/concir_sync" }
   | ^^^^^^^^^^^^^^^^^^^^^^^^^^^^^^^^^^^^^^^^^^^^^^^^^^^^^^^^^^^^^^^^^^^^^^^^^^^^^^^^^^^^^^
   |
   = note: `cargo::unused_dependencies` is set to `warn` by default
help: consider removing the dependency on `concir_sync`
warning: `probe` (manifest) generated 1 warning
    Finished `dev` profile [unoptimized + debuginfo] target(s) in 0.34s
