     Locking 1 package to highest compatible version
   Compiling concir_sync v0.1.0 (/Users/kevin/local-repos/ConcPlanVerify/runtime/concir_sync)
   Compiling probe v0.1.0 (/Users/kevin/local-repos/ConcPlanVerify/experiments/strong-link-v27-main/semaphore__acquire_twice_no_release/gpt-6-luna/G3_concir/rep0/code/round-1/source-proj)
warning: variable `work` is assigned to, but never used
 --> src/main.rs:6:9
  |
6 |     let mut work = 0;
  |         ^^^^^^^^
  |
  = note: consider using `_work` instead
  = note: `#[warn(unused_variables)]` (part of `#[warn(unused)]`) on by default

warning: value assigned to `work` is never read
  --> src/main.rs:8:5
   |
 8 |     work += 1;
   |     ^^^^^^^^^ this value is reassigned later and never used
...
12 |     work += 1;
   |     --------- `work` is overwritten here before the previous value is read
   |
   = note: `#[warn(unused_assignments)]` (part of `#[warn(unused)]`) on by default

warning: value assigned to `work` is never read
  --> src/main.rs:12:5
   |
12 |     work += 1;
   |     ^^^^^^^^^
   |
   = help: maybe it is overwritten before being read?

warning: variable `work` is assigned to, but never used
  --> src/main.rs:17:9
   |
17 |     let mut work = 0;
   |         ^^^^^^^^
   |
   = note: consider using `_work` instead

warning: value assigned to `work` is never read
  --> src/main.rs:19:5
   |
19 |     work += 1;
   |     ^^^^^^^^^ this value is reassigned later and never used
...
23 |     work += 1;
   |     --------- `work` is overwritten here before the previous value is read

warning: value assigned to `work` is never read
  --> src/main.rs:23:5
   |
23 |     work += 1;
   |     ^^^^^^^^^
   |
   = help: maybe it is overwritten before being read?

warning: `probe` (bin "probe") generated 6 warnings
    Finished `dev` profile [unoptimized + debuginfo] target(s) in 0.88s
