     Locking 1 package to highest compatible version
   Compiling concir_sync v0.1.0 (/Users/kevin/local-repos/ConcPlanVerify/runtime/concir_sync)
   Compiling probe v0.1.0 (/Users/kevin/local-repos/ConcPlanVerify/experiments/strong-link-v27-main/structure__worker_with_payload/glm-5.3-flash/G3_concir/rep1/code/round-1/source-proj)
warning: value assigned to `tmp` is never read
 --> src/main.rs:6:19
  |
6 |     let mut tmp = 0;
  |                   ^ this value is reassigned later and never used
7 |     let mut res = 0;
8 |     tmp = n;
  |     ------- `tmp` is overwritten here before the previous value is read
  |
  = note: `#[warn(unused_assignments)]` (part of `#[warn(unused)]`) on by default

warning: value assigned to `res` is never read
 --> src/main.rs:7:19
  |
7 |     let mut res = 0;
  |                   ^ this value is reassigned later and never used
8 |     tmp = n;
9 |     res = tmp + 1;
  |     ------------- `res` is overwritten here before the previous value is read

warning: `probe` (bin "probe") generated 2 warnings
warning: unused dependency `concir_sync`
  --> Cargo.toml:11:1
   |
11 | concir_sync = { path = "/Users/kevin/local-repos/ConcPlanVerify/runtime/concir_sync" }
   | ^^^^^^^^^^^^^^^^^^^^^^^^^^^^^^^^^^^^^^^^^^^^^^^^^^^^^^^^^^^^^^^^^^^^^^^^^^^^^^^^^^^^^^
   |
   = note: `cargo::unused_dependencies` is set to `warn` by default
help: consider removing the dependency on `concir_sync`
warning: `probe` (manifest) generated 1 warning
    Finished `dev` profile [unoptimized + debuginfo] target(s) in 0.23s
