{
  "outcome": "FAIL",
  "complete": true,
  "states_explored": 3,
  "transitions_explored": 2,
  "properties": [
    {
      "id": "deadlock",
      "outcome": "FAIL",
      "detail": "a reachable state has no enabled step and unfinished threads"
    }
  ],
  "diagnostics": [
    {
      "property": "deadlock",
      "outcome": "FAIL",
      "message": "reachable global deadlock",
      "complete": true,
      "counterexample": [
        {
          "origin": {
            "module": 0,
            "function": 0,
            "sid": 0,
            "phase": "statement"
          },
          "thread": 0,
          "frame": 0
        },
        {
          "origin": {
            "module": 0,
            "function": 2,
            "sid": 0,
            "phase": "statement"
          },
          "thread": 2,
          "frame": 2
        }
      ],
      "final_instances": [
        {
          "thread": 0,
          "frame": 0,
          "function": 0,
          "sid": 0,
          "status": "running"
        },
        {
          "thread": 1,
          "frame": 1,
          "function": 1,
          "sid": 0,
          "status": "running"
        },
        {
          "thread": 2,
          "frame": 2,
          "function": 2,
          "sid": 0,
          "status": "running"
        }
      ],
      "blocked": [
        {
          "thread": 0,
          "kind": "scope",
          "resource": null,
          "holder": null,
          "waiting": 0,
          "detail": "waiting for scope members"
        },
        {
          "thread": 2,
          "kind": "channel_recv",
          "resource": 1,
          "holder": null,
          "waiting": 1,
          "detail": "channel receive blocked (empty)"
        }
      ],
      "cir_statements": [
        {
          "module": "main",
          "function": "main",
          "sid": "s1"
        },
        {
          "module": "main",
          "function": "sender",
          "sid": "s1"
        },
        {
          "module": "main",
          "function": "receiver",
          "sid": "s1"
        }
      ],
      "proven_facts": [
        "reached a counterexample state after 2 step(s)",
        "explored 3 reachable states"
      ],
      "repair_hints": [
        "check lock acquisition order, channel capacity, and missing notify/join"
      ]
    }
  ],
  "boundary_events": [],
  "unsupported": [],
  "invalid": [],
  "model_fingerprint": "484c8602c948ca00",
  "contract_fingerprint": "fcc4013cad479772",
  "assumptions": {
    "sequential_consistency": true,
    "no_spurious_wakeups": true
  },
  "bounds": {
    "max_threads": 16,
    "max_frames_per_thread": 32,
    "max_states": 10000,
    "max_depth": 40,
    "max_boundary_events": 4096
  },
  "analysis_started": true
}
