{
  "outcome": "PASS",
  "complete": true,
  "states_explored": 11,
  "transitions_explored": 14,
  "properties": [
    {
      "id": "final-B",
      "outcome": "PASS",
      "detail": "goal reachable via 5 step(s) ((scope_done(f0@0) && r0 == {a:\"X\",b:\"Y\",b:\"Z\"}))"
    }
  ],
  "diagnostics": [],
  "boundary_events": [],
  "unsupported": [],
  "invalid": [],
  "model_fingerprint": "ff1f6297652f11be",
  "contract_fingerprint": "02958cdff1292b98",
  "assumptions": {
    "sequential_consistency": true,
    "no_spurious_wakeups": true
  },
  "bounds": {
    "max_threads": 16,
    "max_frames_per_thread": 32,
    "max_states": 200000,
    "max_depth": 400,
    "max_boundary_events": 4096
  },
  "analysis_started": true
}
