{
  "outcome": "PASS",
  "complete": true,
  "states_explored": 12,
  "transitions_explored": 15,
  "properties": [
    {
      "id": "deadlock",
      "outcome": "PASS",
      "detail": "no deadlock state reachable"
    }
  ],
  "diagnostics": [],
  "boundary_events": [],
  "unsupported": [],
  "invalid": [],
  "model_fingerprint": "484c8602c948ca00",
  "contract_fingerprint": "fcc4013cad479772",
  "assumptions": {
    "sequential_consistency": true,
    "no_spurious_wakeups": true
  },
  "bounds": {
    "max_threads": 16,
    "max_frames_per_thread": 32,
    "max_states": 10000,
    "max_depth": 40,
    "max_boundary_events": 4096
  },
  "analysis_started": true
}
