{
  "valid": true,
  "diagnostics": [
    {
      "code": "E704",
      "severity": "warning",
      "message": "Var resource 'x' has no protection mapping",
      "path": "modules[0].resources[0]",
      "fix_hint": "add a protection mapping or change to Atomic type"
    },
    {
      "code": "E704",
      "severity": "warning",
      "message": "Var resource 'va' has no protection mapping",
      "path": "modules[0].resources[1]",
      "fix_hint": "add a protection mapping or change to Atomic type"
    },
    {
      "code": "E704",
      "severity": "warning",
      "message": "Var resource 'vb' has no protection mapping",
      "path": "modules[0].resources[2]",
      "fix_hint": "add a protection mapping or change to Atomic type"
    }
  ]
}
