{
  "outcome": "PASS",
  "complete": true,
  "states_explored": 11,
  "transitions_explored": 14,
  "properties": [
    {
      "id": "forbid-reachable-A",
      "outcome": "PASS",
      "detail": "invariant held in all reachable states"
    }
  ],
  "diagnostics": [],
  "boundary_events": [],
  "unsupported": [],
  "invalid": [],
  "model_fingerprint": "ff1f6297652f11be",
  "contract_fingerprint": "88e92c6d6a869943",
  "assumptions": {
    "sequential_consistency": true,
    "no_spurious_wakeups": true
  },
  "bounds": {
    "max_threads": 16,
    "max_frames_per_thread": 32,
    "max_states": 200000,
    "max_depth": 400,
    "max_boundary_events": 4096
  },
  "analysis_started": true
}
