{
  "outcome": "FAIL",
  "complete": true,
  "states_explored": 11,
  "transitions_explored": 14,
  "properties": [
    {
      "id": "final-A",
      "outcome": "FAIL",
      "detail": "goal '(scope_done(f0@0) && r0 == {a:\"X\",b:\"Y\",b:\"Z\"})' is not reachable in any execution"
    }
  ],
  "diagnostics": [
    {
      "property": "final-A",
      "outcome": "FAIL",
      "message": "goal '(scope_done(f0@0) && r0 == {a:\"X\",b:\"Y\",b:\"Z\"})' is unreachable",
      "complete": true,
      "counterexample": [],
      "final_instances": [],
      "blocked": [],
      "cir_statements": [],
      "proven_facts": [
        "exhaustively explored 11 reachable states"
      ],
      "repair_hints": [
        "a goal that is unreachable cannot be fixed by reordering; check whether the goal is ever produced"
      ]
    }
  ],
  "boundary_events": [],
  "unsupported": [],
  "invalid": [],
  "model_fingerprint": "ff1f6297652f11be",
  "contract_fingerprint": "bdc7718fbf8290c1",
  "assumptions": {
    "sequential_consistency": true,
    "no_spurious_wakeups": true
  },
  "bounds": {
    "max_threads": 16,
    "max_frames_per_thread": 32,
    "max_states": 200000,
    "max_depth": 400,
    "max_boundary_events": 4096
  },
  "analysis_started": true
}
