{
  "outcome": "PASS",
  "complete": true,
  "states_explored": 3,
  "transitions_explored": 2,
  "properties": [
    {
      "id": "outside",
      "outcome": "PASS",
      "detail": "goal reachable via 1 step(s) (!((r1 == {n:0} || r1 == {n:1})))"
    }
  ],
  "diagnostics": [],
  "boundary_events": [],
  "unsupported": [],
  "invalid": [],
  "model_fingerprint": "d0daebbca7db49c6",
  "contract_fingerprint": "fa159c9d85eabe92",
  "assumptions": {
    "sequential_consistency": true,
    "no_spurious_wakeups": true
  },
  "bounds": {
    "max_threads": 16,
    "max_frames_per_thread": 32,
    "max_states": 200000,
    "max_depth": 400,
    "max_boundary_events": 4096
  },
  "analysis_started": true
}
