{
  "binary_sha256": "e0c7e3d122f2f08fd7483f248e9c263102d81964c8219b8a126b84d43cb41c0e",
  "bounded": true,
  "events": 640,
  "git_rev": "a35dc867d6327c772d48bd7c0473a6606fcc467a",
  "properties": [
    {
      "detail": "decided by behavior (hang/timeout) and Miri",
      "id": "no-deadlock",
      "kind": "deadlock_free",
      "req": [
        "R5",
        "R6",
        "R7",
        "R8",
        "R9",
        "R11"
      ],
      "source": "properties",
      "status": "deferred"
    },
    {
      "id": "t1 completes",
      "kind": "reachable",
      "req": [
        "R1",
        "R5",
        "R10",
        "R11"
      ],
      "source": "preserved",
      "status": "not_observed"
    },
    {
      "id": "t2 completes",
      "kind": "reachable",
      "req": [
        "R1",
        "R5",
        "R10",
        "R11"
      ],
      "source": "preserved",
      "status": "not_observed"
    },
    {
      "id": "t3 completes",
      "kind": "reachable",
      "req": [
        "R1",
        "R5",
        "R10",
        "R11"
      ],
      "source": "preserved",
      "status": "not_observed"
    },
    {
      "id": "t4 completes",
      "kind": "reachable",
      "req": [
        "R1",
        "R5",
        "R10",
        "R11"
      ],
      "source": "preserved",
      "status": "not_observed"
    },
    {
      "id": "main::t1 holds [a, b] at once",
      "kind": "reachable",
      "req": [
        "R2",
        "R3",
        "R4",
        "R6"
      ],
      "source": "preserved",
      "status": "PASS_bounded"
    },
    {
      "id": "main::t2 holds [a, b] at once",
      "kind": "reachable",
      "req": [
        "R2",
        "R3",
        "R4",
        "R6"
      ],
      "source": "preserved",
      "status": "PASS_bounded"
    },
    {
      "id": "main::t3 holds [c, d] at once",
      "kind": "reachable",
      "req": [
        "R2",
        "R3",
        "R4",
        "R7"
      ],
      "source": "preserved",
      "status": "PASS_bounded"
    },
    {
      "id": "main::t4 holds [c, d] at once",
      "kind": "reachable",
      "req": [
        "R2",
        "R3",
        "R4",
        "R7"
      ],
      "source": "preserved",
      "status": "PASS_bounded"
    }
  ],
  "resource_map": {
    "a_mutex0#87": "main::a",
    "b_mutex0#125": "main::b",
    "c_mutex0#163": "main::c",
    "d_mutex0#201": "main::d",
    "h1#283": null,
    "h2#501": null,
    "h3#719": null,
    "h4#937": null
  },
  "status": "ok",
  "traces": 32,
  "unmapped_resources": [
    "h1#283",
    "h2#501",
    "h3#719",
    "h4#937"
  ]
}
