{
  "attributes": [],
  "scope": "identity, channel-capacity attributes, and uncovered sync are separate; a conforming finite trace does not override a capacity conflict or an unknown capacity",
  "uncovered_sync": [],
  "unresolved": {
    "worker#532": {
      "entry": "worker",
      "reason": "thread entry is not unambiguous",
      "site": "532"
    },
    "worker#643": {
      "entry": "worker",
      "reason": "thread entry is not unambiguous",
      "site": "643"
    }
  },
  "verified": {
    "a_mutex0#412": {
      "cir": "main::a",
      "rule": "exact"
    },
    "b_mutex0#450": {
      "cir": "main::b",
      "rule": "exact"
    }
  },
  "violated": {}
}
