{
  "attributes": [],
  "scope": "identity, channel-capacity attributes, and uncovered sync are separate; a conforming finite trace does not override a capacity conflict or an unknown capacity",
  "uncovered_sync": [],
  "unresolved": {
    "count_mutex0#1054": {
      "candidates": [],
      "reason": "no structural evidence",
      "site": "1054"
    },
    "worker#1171": {
      "entry": "worker",
      "reason": "thread entry is not unambiguous",
      "site": "1171"
    },
    "worker#1342": {
      "entry": "worker",
      "reason": "thread entry is not unambiguous",
      "site": "1342"
    }
  },
  "verified": {
    "a_mutex0#974": {
      "cir": "main::a",
      "rule": "exact"
    },
    "b_mutex0#1012": {
      "cir": "main::b",
      "rule": "exact"
    }
  },
  "violated": {}
}
