{
  "attributes": [],
  "scope": "identity, channel-capacity attributes, and uncovered sync are separate; a conforming finite trace does not override a capacity conflict or an unknown capacity",
  "uncovered_sync": [],
  "unresolved": {
    "res_mutex0#1161": {
      "candidates": [],
      "reason": "no structural evidence",
      "site": "1161"
    },
    "worker#1346": {
      "entry": "worker",
      "reason": "thread entry is not unambiguous",
      "site": "1346"
    },
    "worker#1407": {
      "entry": "worker",
      "reason": "thread entry is not unambiguous",
      "site": "1407"
    }
  },
  "verified": {},
  "violated": {}
}
