{
  "attributes": [],
  "scope": "identity, channel-capacity attributes, and uncovered sync are separate; a conforming finite trace does not override a capacity conflict or an unknown capacity",
  "uncovered_sync": [],
  "unresolved": {},
  "verified": {
    "a_mutex0#835": {
      "cir": "main::a",
      "rule": "exact"
    },
    "b_mutex0#873": {
      "cir": "main::b",
      "rule": "exact"
    },
    "c_mutex0#911": {
      "cir": "main::c",
      "rule": "exact"
    },
    "d_mutex0#949": {
      "cir": "main::d",
      "rule": "exact"
    },
    "t1#1031": {
      "cir": "main::t1",
      "rule": "spawn-entry"
    },
    "t2#1159": {
      "cir": "main::t2",
      "rule": "spawn-entry"
    },
    "t3#1287": {
      "cir": "main::t3",
      "rule": "spawn-entry"
    },
    "t4#1415": {
      "cir": "main::t4",
      "rule": "spawn-entry"
    }
  },
  "violated": {}
}
