     Locking 1 package to highest compatible version
   Compiling concir_sync v0.1.0 (/Users/kevin/local-repos/ConcPlanVerify/runtime/concir_sync)
   Compiling probe v0.1.0 (/Users/kevin/local-repos/ConcPlanVerify/experiments/g3-rootcause-v1/pilot-20260926T230952-kimi/Kimi/semaphore__throttle_n_permits/rep0/code/round-1/proj)
warning: unused import: `std::thread`
 --> src/main.rs:3:5
  |
3 | use std::thread;
  |     ^^^^^^^^^^^
  |
  = note: `#[warn(unused_imports)]` (part of `#[warn(unused)]`) on by default

warning: value assigned to `work` is never read
  --> src/main.rs:34:28
   |
34 |             let mut work = 0;
   |                            ^ this value is reassigned later and never used
35 |             work = 1;
   |             -------- `work` is overwritten here before the previous value is read
   |
   = note: `#[warn(unused_assignments)]` (part of `#[warn(unused)]`) on by default

warning: value assigned to `work` is never read
  --> src/main.rs:23:28
   |
23 |             let mut work = 0;
   |                            ^ this value is reassigned later and never used
24 |             work = 1;
   |             -------- `work` is overwritten here before the previous value is read

warning: value assigned to `work` is never read
  --> src/main.rs:12:28
   |
12 |             let mut work = 0;
   |                            ^ this value is reassigned later and never used
13 |             work = 1;
   |             -------- `work` is overwritten here before the previous value is read

warning: `probe` (bin "probe") generated 4 warnings (run `cargo fix --bin "probe" -p probe` to apply 1 suggestion)
    Finished `dev` profile [unoptimized + debuginfo] target(s) in 0.30s
