     Locking 1 package to highest compatible version
   Compiling concir_sync v0.1.0 (/Users/kevin/local-repos/ConcPlanVerify/runtime/concir_sync)
   Compiling probe v0.1.0 (/Users/kevin/local-repos/ConcPlanVerify/experiments/g3-rootcause-v1/pilot-20260926T230952-kimi/Kimi/semaphore__throttle_n_permits/rep0/code/round-1/source-proj)
warning: value assigned to `work` is never read
  --> src/main.rs:33:28
   |
33 |             let mut work = 0;
   |                            ^ this value is reassigned later and never used
34 |             work = 1;
   |             -------- `work` is overwritten here before the previous value is read
   |
   = note: `#[warn(unused_assignments)]` (part of `#[warn(unused)]`) on by default

warning: value assigned to `work` is never read
  --> src/main.rs:22:28
   |
22 |             let mut work = 0;
   |                            ^ this value is reassigned later and never used
23 |             work = 1;
   |             -------- `work` is overwritten here before the previous value is read

warning: value assigned to `work` is never read
  --> src/main.rs:11:28
   |
11 |             let mut work = 0;
   |                            ^ this value is reassigned later and never used
12 |             work = 1;
   |             -------- `work` is overwritten here before the previous value is read

warning: `probe` (bin "probe") generated 3 warnings
    Finished `dev` profile [unoptimized + debuginfo] target(s) in 0.27s
