     Locking 1 package to highest compatible version
   Compiling concir_sync v0.1.0 (/Users/kevin/local-repos/ConcPlanVerify/runtime/concir_sync)
   Compiling probe v0.1.0 (/Users/kevin/local-repos/ConcPlanVerify/experiments/strong-link-v29-ablation/without_goal_gate/condvar__notify_one_multi_waiter_wrong_pick/gpt-6-luna/G3_concir/rep0/code/round-1/proj)
warning: unused import: `std::thread`
 --> src/main.rs:5:5
  |
5 | use std::thread;
  |     ^^^^^^^^^^^
  |
  = note: `#[warn(unused_imports)]` (part of `#[warn(unused)]`) on by default

warning: variable `gN` should have a snake case name
 --> src/main.rs:7:46
  |
7 | fn w1(m: Arc<Mutex<bool>>, cv: Arc<Condvar>, gN: Arc<Semaphore>) {
  |                                              ^^ help: convert the identifier to snake case: `g_n`
  |
  = note: `#[warn(non_snake_case)]` (part of `#[warn(nonstandard_style)]`) on by default

warning: variable `gN` should have a snake case name
  --> src/main.rs:16:46
   |
16 | fn w2(m: Arc<Mutex<bool>>, cv: Arc<Condvar>, gN: Arc<Semaphore>) {
   |                                              ^^ help: convert the identifier to snake case: `g_n`

warning: variable `gN` should have a snake case name
  --> src/main.rs:39:9
   |
39 |     let gN = Semaphore::new_named("gN_semaphore0#917", 2);
   |         ^^ help: convert the identifier to snake case: `g_n`

warning: variable `gN` should have a snake case name
  --> src/main.rs:44:13
   |
44 |         let gN = Arc::clone(&gN);
   |             ^^ help: convert the identifier to snake case: `g_n`

warning: variable `gN` should have a snake case name
  --> src/main.rs:50:13
   |
50 |         let gN = Arc::clone(&gN);
   |             ^^ help: convert the identifier to snake case: `g_n`

warning: `probe` (bin "probe") generated 6 warnings (run `cargo fix --bin "probe" -p probe` to apply 1 suggestion)
    Finished `dev` profile [unoptimized + debuginfo] target(s) in 0.31s
