{
  "binary_sha256": "bc4ea47ef9841b62637faef926ef94804b92a95c3ab39ee690f0e2cf08681e47",
  "bounded": true,
  "events": 924,
  "git_rev": "a35dc867d6327c772d48bd7c0473a6606fcc467a",
  "properties": [
    {
      "detail": "decided by behavior (hang/timeout) and Miri",
      "id": "deadlock",
      "kind": "deadlock_free",
      "req": [
        "R2",
        "R3",
        "R5",
        "R7",
        "R8",
        "R9"
      ],
      "source": "properties",
      "status": "deferred"
    },
    {
      "id": "main::w1 holds [main::m] at once",
      "kind": "reachable",
      "req": [
        "R4",
        "R5",
        "R6"
      ],
      "source": "preserved",
      "status": "PASS_bounded"
    }
  ],
  "resource_map": {
    "cv_condvar0#852": null,
    "g12_semaphore0#885": null,
    "gN_semaphore0#917": null,
    "m_mutex0#808": "main::m",
    "notifier#1412": null,
    "w1#1056": "main::w1",
    "w2#1230": null
  },
  "status": "ok",
  "traces": 32,
  "unmapped_resources": [
    "cv_condvar0#852",
    "g12_semaphore0#885",
    "gN_semaphore0#917",
    "notifier#1412",
    "w2#1230"
  ]
}
