     Locking 1 package to highest compatible version
   Compiling concir_sync v0.1.0 (/Users/kevin/local-repos/ConcPlanVerify/runtime/concir_sync)
   Compiling probe v0.1.0 (/Users/kevin/local-repos/ConcPlanVerify/experiments/strong-link-v29-ablation/without_goal_gate/condvar__notify_one_multi_waiter_wrong_pick/gpt-6-luna/G3_concir/rep0/code/round-1/source-proj)
warning: variable `gN` should have a snake case name
 --> src/main.rs:5:46
  |
5 | fn w1(m: Arc<Mutex<bool>>, cv: Arc<Condvar>, gN: Arc<Semaphore>) {
  |                                              ^^ help: convert the identifier to snake case: `g_n`
  |
  = note: `#[warn(non_snake_case)]` (part of `#[warn(nonstandard_style)]`) on by default

warning: variable `gN` should have a snake case name
  --> src/main.rs:14:46
   |
14 | fn w2(m: Arc<Mutex<bool>>, cv: Arc<Condvar>, gN: Arc<Semaphore>) {
   |                                              ^^ help: convert the identifier to snake case: `g_n`

warning: variable `gN` should have a snake case name
  --> src/main.rs:37:9
   |
37 |     let gN = Semaphore::new(2);
   |         ^^ help: convert the identifier to snake case: `g_n`

warning: variable `gN` should have a snake case name
  --> src/main.rs:42:13
   |
42 |         let gN = Arc::clone(&gN);
   |             ^^ help: convert the identifier to snake case: `g_n`

warning: variable `gN` should have a snake case name
  --> src/main.rs:48:13
   |
48 |         let gN = Arc::clone(&gN);
   |             ^^ help: convert the identifier to snake case: `g_n`

warning: `probe` (bin "probe") generated 5 warnings
    Finished `dev` profile [unoptimized + debuginfo] target(s) in 0.22s
