{
  "attributes": [],
  "scope": "identity, channel-capacity attributes, and uncovered sync are separate; a conforming finite trace does not override a capacity conflict or an unknown capacity",
  "uncovered_sync": [],
  "unresolved": {
    "shared_condvar0#472": {
      "candidates": [],
      "reason": "no structural evidence",
      "site": "472"
    },
    "shared_mutex0#451": {
      "candidates": [],
      "reason": "no structural evidence",
      "site": "451"
    }
  },
  "verified": {
    "notifier#671": {
      "cir": "main::notifier",
      "rule": "spawn-entry"
    },
    "waiter#599": {
      "cir": "main::waiter",
      "rule": "spawn-entry"
    }
  },
  "violated": {}
}
