{
  "attributes": [
    {
      "construction_site": null,
      "evidence": "unresolved_endpoint",
      "expected": "rendezvous",
      "expected_capacity": 0,
      "observed": null,
      "observed_capacity": null,
      "reason": "no single traced construction for this endpoint",
      "resource_id": "main::ch",
      "runtime": "ch",
      "status": "unknown"
    }
  ],
  "scope": "identity, channel-capacity attributes, and uncovered sync are separate; a conforming finite trace does not override a capacity conflict or an unknown capacity",
  "uncovered_sync": [],
  "unresolved": {},
  "verified": {
    "ch": {
      "cir": "main::ch",
      "rule": "exact"
    },
    "r#356": {
      "cir": "main::r",
      "rule": "spawn-entry"
    },
    "s1#299": {
      "cir": "main::s1",
      "rule": "spawn-entry"
    }
  },
  "violated": {}
}
