{
  "attributes": [
    {
      "construction_site": null,
      "evidence": "absent",
      "expected": "semaphore_initial",
      "expected_capacity": 0,
      "observed": null,
      "observed_capacity": null,
      "reason": "no used semaphore construction is bound to this CIR resource",
      "resource_id": "main::ready",
      "runtime": null,
      "status": "unknown"
    }
  ],
  "scope": "identity, channel-capacity attributes, and uncovered sync are separate; a conforming finite trace does not override a capacity conflict or an unknown capacity",
  "uncovered_sync": [],
  "unresolved": {
    "notifier#1600": {
      "entry": null,
      "reason": "thread entry is not unambiguous",
      "site": "1600"
    },
    "w1#903": {
      "entry": null,
      "reason": "thread entry is not unambiguous",
      "site": "903"
    },
    "w2#1234": {
      "entry": null,
      "reason": "thread entry is not unambiguous",
      "site": "1234"
    }
  },
  "verified": {
    "cv_condvar0#730": {
      "cir": "main::cv",
      "rule": "exact"
    },
    "m1_mutex0#644": {
      "cir": "main::m1",
      "rule": "exact"
    },
    "m2_mutex0#686": {
      "cir": "main::m2",
      "rule": "exact"
    }
  },
  "violated": {}
}
