{
  "attributes": [],
  "scope": "identity, channel-capacity attributes, and uncovered sync are separate; a conforming finite trace does not override a capacity conflict or an unknown capacity",
  "uncovered_sync": [],
  "unresolved": {
    "notifier#582": {
      "entry": null,
      "reason": "thread entry is not unambiguous",
      "site": "582"
    },
    "waiter#292": {
      "entry": null,
      "reason": "thread entry is not unambiguous",
      "site": "292"
    }
  },
  "verified": {
    "cv_condvar0#194": {
      "cir": "main::cv",
      "rule": "exact"
    },
    "m_mutex0#132": {
      "cir": "main::m",
      "rule": "exact"
    }
  },
  "violated": {}
}
