     Locking 1 package to highest compatible version
   Compiling concir_sync v0.1.0 (/Users/kevin/local-repos/ConcPlanVerify/runtime/concir_sync)
   Compiling probe v0.1.0 (/Users/kevin/local-repos/ConcPlanVerify/experiments/evidence-20260925/g3-code-v4/grok-4.7/cells/condvar__notify_one_multi_waiter_wrong_pick/code/round-1/source-proj)
error[E0599]: no method named `signal` found for struct `Arc<Semaphore>` in the current scope
  --> src/main.rs:40:9
   |
40 |     g12.signal();
   |         ^^^^^^ method not found in `Arc<Semaphore>`

error[E0599]: no method named `signal` found for struct `Arc<Semaphore>` in the current scope
  --> src/main.rs:45:8
   |
45 |     gN.signal();
   |        ^^^^^^ method not found in `Arc<Semaphore>`

error[E0599]: no method named `signal` found for struct `Arc<Semaphore>` in the current scope
  --> src/main.rs:50:9
   |
50 |     g12.signal();
   |         ^^^^^^ method not found in `Arc<Semaphore>`

error[E0599]: no method named `signal` found for struct `Arc<Semaphore>` in the current scope
  --> src/main.rs:55:8
   |
55 |     gN.signal();
   |        ^^^^^^ method not found in `Arc<Semaphore>`

For more information about this error, try `rustc --explain E0599`.
error: could not compile `probe` (bin "probe") due to 4 previous errors
