{
  "attributes": [],
  "scope": "identity, channel-capacity attributes, and uncovered sync are separate; a conforming finite trace does not override a capacity conflict or an unknown capacity",
  "uncovered_sync": [],
  "unresolved": {
    "cas_add#467": {
      "entry": "cas_add",
      "reason": "thread entry is not unambiguous",
      "site": "467"
    },
    "cas_add#569": {
      "entry": "cas_add",
      "reason": "thread entry is not unambiguous",
      "site": "569"
    }
  },
  "verified": {
    "c#393": {
      "cir": "main::c",
      "rule": "exact"
    }
  },
  "violated": {}
}
