{
  "attributes": [],
  "scope": "identity, channel-capacity attributes, and uncovered sync are separate; a conforming finite trace does not override a capacity conflict or an unknown capacity",
  "uncovered_sync": [],
  "unresolved": {
    "w1#311": {
      "entry": null,
      "reason": "thread entry is not unambiguous",
      "site": "311"
    },
    "w2#776": {
      "entry": null,
      "reason": "thread entry is not unambiguous",
      "site": "776"
    }
  },
  "verified": {
    "a_mutex0#131": {
      "cir": "main::a",
      "rule": "exact"
    },
    "b_mutex0#169": {
      "cir": "main::b",
      "rule": "exact"
    }
  },
  "violated": {}
}
