{
  "attributes": [],
  "scope": "identity, channel-capacity attributes, and uncovered sync are separate; a conforming finite trace does not override a capacity conflict or an unknown capacity",
  "uncovered_sync": [],
  "unresolved": {
    "t1#439": {
      "entry": null,
      "reason": "thread entry is not unambiguous",
      "site": "439"
    },
    "t2#858": {
      "entry": null,
      "reason": "thread entry is not unambiguous",
      "site": "858"
    }
  },
  "verified": {
    "a#183": {
      "cir": "main::a",
      "rule": "exact"
    },
    "b#243": {
      "cir": "other::b",
      "rule": "exact"
    }
  },
  "violated": {}
}
