 `#[warn(unused)]`) on by default

warning: unused import: `Arc`
 --> src/main.rs:5:17
  |
5 | use std::sync::{Arc};
  |                 ^^^

warning: variable does not need to be mutable
  --> src/main.rs:11:9
   |
11 |     let mut pc: usize = 0;
   |         ----^^
   |         |
   |         help: remove this `mut`
   |
   = note: `#[warn(unused_mut)]` (part of `#[warn(unused)]`) on by default

warning: unused variable: `shared`
  --> src/main.rs:10:29
   |
10 |     pub(crate) fn cf_helper(shared: crate::Shared, tag: &str) {
   |                             ^^^^^^ help: if this is intentional, prefix it with an underscore: `_shared`
   |
   = note: `#[warn(unused_variables)]` (part of `#[warn(unused)]`) on by default

warning: unused variable: `tag`
  --> src/main.rs:10:52
   |
10 |     pub(crate) fn cf_helper(shared: crate::Shared, tag: &str) {
   |                                                    ^^^ help: if this is intentional, prefix it with an underscore: `_tag`

For more information about this error, try `rustc --explain E0428`.
warning: `probe` (bin "probe") generated 5 warnings
error: could not compile `probe` (bin "probe") due to 1 previous error; 5 warnings emitted
