{
  "attributes": [
    {
      "construction_site": null,
      "evidence": "absent",
      "expected": "semaphore_initial",
      "expected_capacity": 2,
      "observed": null,
      "observed_capacity": null,
      "reason": "no used semaphore construction is bound to this CIR resource",
      "resource_id": "main::s",
      "runtime": null,
      "status": "unknown"
    }
  ],
  "scope": "identity, channel-capacity attributes, and uncovered sync are separate; a conforming finite trace does not override a capacity conflict or an unknown capacity",
  "uncovered_sync": [],
  "unresolved": {
    "s_semaphore0#509": {
      "reason": "semaphore initial value must come from the single construction that is acquired or released",
      "site": "509",
      "used_constructions": 0
    }
  },
  "verified": {
    "w1#618": {
      "cir": "main::w1",
      "rule": "spawn-entry"
    },
    "w2#662": {
      "cir": "main::w2",
      "rule": "spawn-entry"
    },
    "w3#706": {
      "cir": "main::w3",
      "rule": "spawn-entry"
    }
  },
  "violated": {}
}
