     Locking 1 package to highest compatible version
   Compiling concir_sync v0.1.0 (/Users/kevin/local-repos/ConcPlanVerify/runtime/concir_sync)
   Compiling probe v0.1.0 (/Users/kevin/local-repos/ConcPlanVerify/experiments/multimodel-v1/pilot-20260926T185711-kimi/Kimi/channel__bounded_backpressure_lock_held/rep0/code/round-1/proj)
warning: unused import: `Condvar`
 --> src/main.rs:2:30
  |
2 | use cir_trace::sync::{Mutex, Condvar};
  |                              ^^^^^^^
  |
  = note: `#[warn(unused_imports)]` (part of `#[warn(unused)]`) on by default

warning: unused import: `std::thread`
 --> src/main.rs:5:5
  |
5 | use std::thread;
  |     ^^^^^^^^^^^

warning: value assigned to `a` is never read
  --> src/main.rs:15:22
   |
15 |     let mut a: i32 = 0;
   |                      ^ this value is reassigned later and never used
16 |     let mut b: i32 = 0;
17 |     cir_trace::record("channel_recv", "ch"); a = ch.recv().unwrap();
   |                                              ---------------------- `a` is overwritten here before the previous value is read
   |
   = note: `#[warn(unused_assignments)]` (part of `#[warn(unused)]`) on by default

warning: value assigned to `b` is never read
  --> src/main.rs:16:22
   |
16 |     let mut b: i32 = 0;
   |                      ^ this value is reassigned later and never used
...
20 |     cir_trace::record("channel_recv", "ch"); b = ch.recv().unwrap();
   |                                              ---------------------- `b` is overwritten here before the previous value is read

warning: `probe` (bin "probe") generated 4 warnings (run `cargo fix --bin "probe" -p probe` to apply 2 suggestions)
    Finished `dev` profile [unoptimized + debuginfo] target(s) in 0.33s
