     Locking 1 package to highest compatible version
   Compiling concir_sync v0.1.0 (/Users/kevin/local-repos/ConcPlanVerify/runtime/concir_sync)
   Compiling probe v0.1.0 (/Users/kevin/local-repos/ConcPlanVerify/experiments/multimodel-v1/pilot-20260926T185711-kimi/Kimi/channel__bounded_backpressure_lock_held/rep0/code/round-1/source-proj)
warning: value assigned to `a` is never read
  --> src/main.rs:13:22
   |
13 |     let mut a: i32 = 0;
   |                      ^ this value is reassigned later and never used
14 |     let mut b: i32 = 0;
15 |     a = ch.recv().unwrap();
   |     ---------------------- `a` is overwritten here before the previous value is read
   |
   = note: `#[warn(unused_assignments)]` (part of `#[warn(unused)]`) on by default

warning: value assigned to `b` is never read
  --> src/main.rs:14:22
   |
14 |     let mut b: i32 = 0;
   |                      ^ this value is reassigned later and never used
...
18 |     b = ch.recv().unwrap();
   |     ---------------------- `b` is overwritten here before the previous value is read

warning: `probe` (bin "probe") generated 2 warnings
warning: unused dependency `concir_sync`
  --> Cargo.toml:11:1
   |
11 | concir_sync = { path = "/Users/kevin/local-repos/ConcPlanVerify/runtime/concir_sync" }
   | ^^^^^^^^^^^^^^^^^^^^^^^^^^^^^^^^^^^^^^^^^^^^^^^^^^^^^^^^^^^^^^^^^^^^^^^^^^^^^^^^^^^^^^
   |
   = note: `cargo::unused_dependencies` is set to `warn` by default
help: consider removing the dependency on `concir_sync`
warning: `probe` (manifest) generated 1 warning
    Finished `dev` profile [unoptimized + debuginfo] target(s) in 0.28s
