     Locking 1 package to highest compatible version
   Compiling concir_sync v0.1.0 (/Users/kevin/local-repos/ConcPlanVerify/runtime/concir_sync)
   Compiling probe v0.1.0 (/Users/kevin/local-repos/ConcPlanVerify/experiments/strong-link-v29-ablation/without_goal_gate/lock-order__abba_2lock/glm-5.3-flash/G3_concir/rep0/code/round-1/proj)
warning: unused import: `Condvar`
 --> src/main.rs:2:30
  |
2 | use cir_trace::sync::{Mutex, Condvar};
  |                              ^^^^^^^
  |
  = note: `#[warn(unused_imports)]` (part of `#[warn(unused)]`) on by default

warning: unused import: `std::thread`
 --> src/main.rs:4:5
  |
4 | use std::thread;
  |     ^^^^^^^^^^^

warning: variable does not need to be mutable
  --> src/main.rs:10:9
   |
10 |     let mut ga = a.lock().unwrap();
   |         ----^^
   |         |
   |         help: remove this `mut`
   |
   = note: `#[warn(unused_mut)]` (part of `#[warn(unused)]`) on by default

warning: variable does not need to be mutable
  --> src/main.rs:12:9
   |
12 |     let mut gb = b.lock().unwrap();
   |         ----^^
   |         |
   |         help: remove this `mut`

warning: variable does not need to be mutable
  --> src/main.rs:29:9
   |
29 |     let mut ga = a.lock().unwrap();
   |         ----^^
   |         |
   |         help: remove this `mut`

warning: variable does not need to be mutable
  --> src/main.rs:31:9
   |
31 |     let mut gb = b.lock().unwrap();
   |         ----^^
   |         |
   |         help: remove this `mut`

warning: `probe` (bin "probe") generated 6 warnings (run `cargo fix --bin "probe" -p probe` to apply 6 suggestions)
    Finished `dev` profile [unoptimized + debuginfo] target(s) in 0.30s
