{
  "attributes": [],
  "scope": "identity, channel-capacity attributes, and uncovered sync are separate; a conforming finite trace does not override a capacity conflict or an unknown capacity",
  "uncovered_sync": [],
  "unresolved": {
    "res_mutex0#268": {
      "candidates": [],
      "reason": "no structural evidence",
      "site": "268"
    },
    "w1#357": {
      "entry": null,
      "reason": "thread entry is not unambiguous",
      "site": "357"
    },
    "w2#822": {
      "entry": null,
      "reason": "thread entry is not unambiguous",
      "site": "822"
    }
  },
  "verified": {},
  "violated": {}
}
