{
  "attributes": [],
  "scope": "identity, channel-capacity attributes, and uncovered sync are separate; a conforming finite trace does not override a capacity conflict or an unknown capacity",
  "uncovered_sync": [],
  "unresolved": {},
  "verified": {
    "cv#561": {
      "cir": "main::cv",
      "rule": "exact"
    },
    "m#511": {
      "cir": "main::m",
      "rule": "exact"
    },
    "notifier#719": {
      "cir": "main::notifier",
      "rule": "spawn-entry"
    },
    "waiter#646": {
      "cir": "main::waiter",
      "rule": "spawn-entry"
    }
  },
  "violated": {}
}
