{
  "attributes": [],
  "scope": "identity, channel-capacity attributes, and uncovered sync are separate; a conforming finite trace does not override a capacity conflict or an unknown capacity",
  "uncovered_sync": [],
  "unresolved": {
    "shared_mutex0#462": {
      "candidates": [],
      "reason": "no structural evidence",
      "site": "462"
    },
    "shared_mutex1#478": {
      "candidates": [],
      "reason": "no structural evidence",
      "site": "478"
    }
  },
  "verified": {
    "w1#560": {
      "cir": "main::w1",
      "rule": "spawn-entry"
    },
    "w2#676": {
      "cir": "main::w2",
      "rule": "spawn-entry"
    }
  },
  "violated": {}
}
