     Locking 1 package to highest compatible version
   Compiling concir_sync v0.1.0 (/Users/kevin/local-repos/ConcPlanVerify/runtime/concir_sync)
   Compiling probe v0.1.0 (/Users/kevin/local-repos/ConcPlanVerify/experiments/evidence-20260925/g3-code-v4/grok-4.7/cells/condvar__notify_one_multi_waiter_wrong_pick/code/round-3/source-proj)
warning: variable `gN` should have a snake case name
  --> src/main.rs:11:9
   |
11 |     let gN = Semaphore::new(2);
   |         ^^ help: convert the identifier to snake case: `g_n`
   |
   = note: `#[warn(non_snake_case)]` (part of `#[warn(nonstandard_style)]`) on by default

warning: variable `gN_w1` should have a snake case name
  --> src/main.rs:16:13
   |
16 |         let gN_w1 = gN.acquire();
   |             ^^^^^ help: convert the identifier to snake case: `g_n_w1`

warning: variable `gN_w2` should have a snake case name
  --> src/main.rs:17:13
   |
17 |         let gN_w2 = gN.acquire();
   |             ^^^^^ help: convert the identifier to snake case: `g_n_w2`

warning: variable `gN_n` should have a snake case name
  --> src/main.rs:26:13
   |
26 |         let gN_n = Arc::clone(&gN);
   |             ^^^^ help: convert the identifier to snake case: `g_n_n`

warning: variable `gN` should have a snake case name
  --> src/main.rs:40:59
   |
40 | fn w1(m: Arc<Mutex<bool>>, cv: Arc<Condvar>, g12: Permit, gN: Permit) {
   |                                                           ^^ help: convert the identifier to snake case: `g_n`

warning: variable `gN` should have a snake case name
  --> src/main.rs:50:59
   |
50 | fn w2(m: Arc<Mutex<bool>>, cv: Arc<Condvar>, g12: Permit, gN: Permit) {
   |                                                           ^^ help: convert the identifier to snake case: `g_n`

warning: variable `gN` should have a snake case name
  --> src/main.rs:60:73
   |
60 | fn notifier(m: Arc<Mutex<bool>>, cv: Arc<Condvar>, g12: Arc<Semaphore>, gN: Arc<Semaphore>) {
   |                                                                         ^^ help: convert the identifier to snake case: `g_n`

warning: variable `_gN_a` should have a snake case name
  --> src/main.rs:69:9
   |
69 |     let _gN_a = std::mem::ManuallyDrop::new(gN.acquire());
   |         ^^^^^ help: convert the identifier to snake case: `_g_n_a`

warning: variable `_gN_b` should have a snake case name
  --> src/main.rs:70:9
   |
70 |     let _gN_b = std::mem::ManuallyDrop::new(gN.acquire());
   |         ^^^^^ help: convert the identifier to snake case: `_g_n_b`

warning: `probe` (bin "probe") generated 9 warnings
    Finished `dev` profile [unoptimized + debuginfo] target(s) in 0.27s
