{
  "attributes": [],
  "scope": "identity, channel-capacity attributes, and uncovered sync are separate; a conforming finite trace does not override a capacity conflict or an unknown capacity",
  "uncovered_sync": [],
  "unresolved": {
    "shared": {
      "reason": "channel endpoint has no channel token",
      "site": null
    }
  },
  "verified": {
    "receiver#1748": {
      "cir": "main::receiver",
      "rule": "spawn-entry"
    },
    "sender#1688": {
      "cir": "main::sender",
      "rule": "spawn-entry"
    }
  },
  "violated": {}
}
