{
  "binary_sha256": "bc4ea47ef9841b62637faef926ef94804b92a95c3ab39ee690f0e2cf08681e47",
  "bounded": true,
  "events": 576,
  "git_rev": "a35dc867d6327c772d48bd7c0473a6606fcc467a",
  "properties": [
    {
      "detail": "decided by behavior (hang/timeout) and Miri",
      "id": "no-deadlock",
      "kind": "deadlock_free",
      "req": [
        "R5",
        "R6",
        "R8",
        "R9"
      ],
      "source": "properties",
      "status": "deferred"
    },
    {
      "id": "main::t1 completes",
      "kind": "reachable",
      "req": [
        "R1",
        "R7",
        "R8"
      ],
      "source": "preserved",
      "status": "PASS_bounded"
    },
    {
      "id": "main::t2 completes",
      "kind": "reachable",
      "req": [
        "R1",
        "R7",
        "R8"
      ],
      "source": "preserved",
      "status": "PASS_bounded"
    },
    {
      "id": "main::t3 completes",
      "kind": "reachable",
      "req": [
        "R1",
        "R7",
        "R8"
      ],
      "source": "preserved",
      "status": "PASS_bounded"
    },
    {
      "id": "main::t1 holds [main::a, main::b] at once",
      "kind": "reachable",
      "req": [
        "R2",
        "R3",
        "R4"
      ],
      "source": "preserved",
      "status": "PASS_bounded"
    },
    {
      "id": "main::t2 holds [main::b, main::c] at once",
      "kind": "reachable",
      "req": [
        "R2",
        "R3",
        "R4"
      ],
      "source": "preserved",
      "status": "PASS_bounded"
    },
    {
      "id": "main::t3 holds [main::c, main::a] at once",
      "kind": "reachable",
      "req": [
        "R2",
        "R3",
        "R4"
      ],
      "source": "preserved",
      "status": "PASS_bounded"
    }
  ],
  "resource_map": {
    "a_mutex0#681": "main::a",
    "b_mutex0#719": "main::b",
    "c_mutex0#757": "main::c",
    "t1#846": "main::t1",
    "t2#960": "main::t2",
    "t3#1074": "main::t3"
  },
  "status": "ok",
  "traces": 32,
  "unmapped_resources": []
}
