   Compiling probe v0.1.0 (/Users/kevin/local-repos/ConcPlanVerify/experiments/strong-link-v28/replay-work/old/condvar__notify_one_multi_waiter_wrong_pick__deepseek-flash__G3_concir/source-proj)
warning: variable `gN` should have a snake case name
  --> src/main.rs:11:9
   |
11 |     let gN = Semaphore::new(2);
   |         ^^ help: convert the identifier to snake case: `g_n`
   |
   = note: `#[warn(non_snake_case)]` (part of `#[warn(nonstandard_style)]`) on by default

warning: variable `notifier_gN1` should have a snake case name
  --> src/main.rs:20:9
   |
20 |     let notifier_gN1 = gN.acquire();
   |         ^^^^^^^^^^^^ help: convert the identifier to snake case: `notifier_g_n1`

warning: variable `notifier_gN2` should have a snake case name
  --> src/main.rs:21:9
   |
21 |     let notifier_gN2 = gN.acquire();
   |         ^^^^^^^^^^^^ help: convert the identifier to snake case: `notifier_g_n2`

warning: variable `gN` should have a snake case name
  --> src/main.rs:26:9
   |
26 |     let gN = &gN;
   |         ^^ help: convert the identifier to snake case: `g_n`

warning: `probe` (bin "probe") generated 4 warnings
    Finished `dev` profile [unoptimized + debuginfo] target(s) in 0.12s
