{
  "outcome": "PASS",
  "complete": true,
  "states_explored": 4,
  "transitions_explored": 3,
  "properties": [
    {
      "id": "completed",
      "outcome": "PASS",
      "detail": "goal reachable via 2 step(s) (completed(f1))"
    }
  ],
  "diagnostics": [],
  "boundary_events": [],
  "unsupported": [],
  "invalid": [],
  "model_fingerprint": "c4f50d99f85bf681",
  "contract_fingerprint": "91facc5583714f27",
  "assumptions": {
    "sequential_consistency": true,
    "no_spurious_wakeups": true
  },
  "bounds": {
    "max_threads": 16,
    "max_frames_per_thread": 32,
    "max_states": 200000,
    "max_depth": 400,
    "max_boundary_events": 4096
  },
  "analysis_started": true
}
