{
  "analysis_started": true,
  "assumptions": {
    "no_spurious_wakeups": true,
    "sequential_consistency": true
  },
  "binary_sha256": "bc4ea47ef9841b62637faef926ef94804b92a95c3ab39ee690f0e2cf08681e47",
  "boundary_events": [],
  "bounds": {
    "max_boundary_events": 256,
    "max_depth": 64,
    "max_frames_per_thread": 8,
    "max_states": 20000,
    "max_threads": 8
  },
  "complete": true,
  "contract_fingerprint": "65e8fa0662c705d6",
  "diagnostics": [],
  "git_rev": "a35dc867d6327c772d48bd7c0473a6606fcc467a",
  "invalid": [],
  "model_fingerprint": "cf70ca660a76769b",
  "outcome": "PASS",
  "properties": [
    {
      "detail": "no deadlock state reachable",
      "id": "no-deadlock",
      "outcome": "PASS"
    },
    {
      "detail": "preserved reachability: completed(f2)",
      "id": "preserved: main::outer completes",
      "outcome": "PASS"
    },
    {
      "detail": "preserved reachability: holds_all(f0, [r0, r1])",
      "id": "preserved: main::x1 holds [a, b] at once",
      "outcome": "PASS"
    },
    {
      "detail": "preserved reachability: holds_all(f1, [r0, r1])",
      "id": "preserved: main::x2 holds [a, b] at once",
      "outcome": "PASS"
    }
  ],
  "states_explored": 41,
  "transitions_explored": 58,
  "unsupported": []
}
