{
  "attributes": [],
  "scope": "identity, channel-capacity attributes, and uncovered sync are separate; a conforming finite trace does not override a capacity conflict or an unknown capacity",
  "uncovered_sync": [],
  "unresolved": {
    "lock_mutex0#812": {
      "candidates": [],
      "reason": "no structural evidence",
      "site": "812"
    },
    "r#1612": {
      "entry": null,
      "reason": "thread entry is not unambiguous",
      "site": "1612"
    },
    "rx1": {
      "reason": "channel endpoint has no channel token",
      "site": null
    },
    "rx2": {
      "reason": "channel endpoint has no channel token",
      "site": null
    },
    "s#1126": {
      "entry": null,
      "reason": "thread entry is not unambiguous",
      "site": "1126"
    },
    "tx1": {
      "reason": "channel endpoint has no channel token",
      "site": null
    },
    "tx2": {
      "reason": "channel endpoint has no channel token",
      "site": null
    }
  },
  "verified": {},
  "violated": {}
}
