{
  "analysis_started": true,
  "assumptions": {
    "no_spurious_wakeups": true,
    "sequential_consistency": true
  },
  "binary_sha256": "2a8f769ff27a64098aa529120d4c2877078015bcfd63a870a04a1a8de5f0e96f",
  "boundary_events": [],
  "bounds": {
    "max_boundary_events": 256,
    "max_depth": 64,
    "max_frames_per_thread": 8,
    "max_states": 20000,
    "max_threads": 8
  },
  "complete": true,
  "contract_fingerprint": "92c6805ed28cf7c0",
  "diagnostics": [],
  "git_rev": "unknown",
  "invalid": [],
  "model_fingerprint": "2d475cea9dd1dd75",
  "outcome": "PASS",
  "properties": [
    {
      "detail": "no deadlock state reachable",
      "id": "no-deadlock",
      "outcome": "PASS"
    },
    {
      "detail": "preserved reachability: completed(f1)",
      "id": "preserved: main::sender completes",
      "outcome": "PASS"
    },
    {
      "detail": "preserved reachability: completed(f2)",
      "id": "preserved: main::receiver completes",
      "outcome": "PASS"
    }
  ],
  "states_explored": 87,
  "transitions_explored": 172,
  "unsupported": []
}
