{
  "binary_sha256": "2a8f769ff27a64098aa529120d4c2877078015bcfd63a870a04a1a8de5f0e96f",
  "bounded": true,
  "events": 384,
  "git_rev": "unknown",
  "properties": [
    {
      "detail": "decided by behavior (hang/timeout) and Miri",
      "id": "no-deadlock",
      "kind": "deadlock_free",
      "req": [
        "R3",
        "R4",
        "R5",
        "R6",
        "R7"
      ],
      "source": "properties",
      "status": "deferred"
    },
    {
      "id": "main::sender completes",
      "kind": "reachable",
      "req": [
        "R1",
        "R3",
        "R5",
        "R6"
      ],
      "source": "preserved",
      "status": "PASS_bounded"
    },
    {
      "id": "main::receiver completes",
      "kind": "reachable",
      "req": [
        "R1",
        "R3",
        "R5",
        "R6"
      ],
      "source": "preserved",
      "status": "PASS_bounded"
    }
  ],
  "resource_map": {
    "ch": null,
    "m_mutex0#979": null,
    "receiver#1286": "main::receiver",
    "sender#1158": "main::sender"
  },
  "status": "ok",
  "traces": 32,
  "unmapped_resources": [
    "ch",
    "m_mutex0#979"
  ]
}
