{
  "attributes": [],
  "scope": "identity, channel-capacity attributes, and uncovered sync are separate; a conforming finite trace does not override a capacity conflict or an unknown capacity",
  "uncovered_sync": [],
  "unresolved": {
    "rx1": {
      "reason": "channel endpoint has no channel token",
      "site": null
    },
    "rx2": {
      "reason": "channel endpoint has no channel token",
      "site": null
    },
    "tx1": {
      "reason": "channel endpoint has no channel token",
      "site": null
    },
    "tx2": {
      "reason": "channel endpoint has no channel token",
      "site": null
    }
  },
  "verified": {
    "lk_mutex0#671": {
      "cir": "main::lk",
      "rule": "exact"
    },
    "r#906": {
      "cir": "main::r",
      "rule": "spawn-entry"
    },
    "s#851": {
      "cir": "main::s",
      "rule": "spawn-entry"
    }
  },
  "violated": {}
}
