{
  "binary_sha256": "e0c7e3d122f2f08fd7483f248e9c263102d81964c8219b8a126b84d43cb41c0e",
  "bounded": true,
  "events": 448,
  "git_rev": "a35dc867d6327c772d48bd7c0473a6606fcc467a",
  "properties": [
    {
      "detail": "decided by behavior (hang/timeout) and Miri",
      "id": "no-deadlock",
      "kind": "deadlock_free",
      "req": [
        "R1",
        "R2",
        "R3",
        "R4"
      ],
      "source": "properties",
      "status": "deferred"
    }
  ],
  "resource_map": {
    "lk_mutex0#671": null,
    "r#906": null,
    "rx1": null,
    "rx2": null,
    "s#851": null,
    "tx1": null,
    "tx2": null
  },
  "status": "ok",
  "traces": 32,
  "unmapped_resources": [
    "lk_mutex0#671",
    "r#906",
    "rx1",
    "rx2",
    "s#851",
    "tx1",
    "tx2"
  ]
}
