{
  "analysis_started": true,
  "assumptions": {
    "no_spurious_wakeups": true,
    "sequential_consistency": true
  },
  "binary_sha256": "e0c7e3d122f2f08fd7483f248e9c263102d81964c8219b8a126b84d43cb41c0e",
  "boundary_events": [],
  "bounds": {
    "max_boundary_events": 4096,
    "max_depth": 40,
    "max_frames_per_thread": 32,
    "max_states": 10000,
    "max_threads": 16
  },
  "complete": true,
  "contract_fingerprint": "10b14e792a11f537",
  "diagnostics": [],
  "git_rev": "a35dc867d6327c772d48bd7c0473a6606fcc467a",
  "invalid": [],
  "model_fingerprint": "c2a57e5e78588317",
  "outcome": "PASS",
  "properties": [
    {
      "detail": "no deadlock state reachable",
      "id": "deadlock",
      "outcome": "PASS"
    }
  ],
  "states_explored": 7,
  "transitions_explored": 6,
  "unsupported": []
}
