{
  "attributes": [],
  "scope": "identity, channel-capacity attributes, and uncovered sync are separate; a conforming finite trace does not override a capacity conflict or an unknown capacity",
  "uncovered_sync": [],
  "unresolved": {
    "handle_w1#358": {
      "entry": null,
      "reason": "thread entry is not unambiguous",
      "site": "358"
    },
    "handle_w2#896": {
      "entry": null,
      "reason": "thread entry is not unambiguous",
      "site": "896"
    }
  },
  "verified": {
    "c": {
      "cir": "main::c",
      "rule": "exact"
    }
  },
  "violated": {}
}
