{
  "attributes": [],
  "scope": "identity, channel-capacity attributes, and uncovered sync are separate; a conforming finite trace does not override a capacity conflict or an unknown capacity",
  "uncovered_sync": [],
  "unresolved": {
    "notifier#504": {
      "entry": null,
      "reason": "thread entry is not unambiguous",
      "site": "504"
    },
    "waiter#239": {
      "entry": null,
      "reason": "thread entry is not unambiguous",
      "site": "239"
    }
  },
  "verified": {
    "cv_condvar0#140": {
      "cir": "main::cv",
      "rule": "exact"
    },
    "m_mutex0#96": {
      "cir": "main::m",
      "rule": "exact"
    }
  },
  "violated": {}
}
