{
  "attributes": [
    {
      "construction_site": null,
      "evidence": "absent",
      "expected": "semaphore_initial",
      "expected_capacity": 0,
      "observed": null,
      "observed_capacity": null,
      "reason": "no used semaphore construction is bound to this CIR resource",
      "resource_id": "main::sa",
      "runtime": null,
      "status": "unknown"
    },
    {
      "construction_site": null,
      "evidence": "absent",
      "expected": "semaphore_initial",
      "expected_capacity": 0,
      "observed": null,
      "observed_capacity": null,
      "reason": "no used semaphore construction is bound to this CIR resource",
      "resource_id": "main::sb",
      "runtime": null,
      "status": "unknown"
    }
  ],
  "scope": "identity, channel-capacity attributes, and uncovered sync are separate; a conforming finite trace does not override a capacity conflict or an unknown capacity",
  "uncovered_sync": [],
  "unresolved": {
    "a#1904": {
      "reason": "duplicate runtime resource name",
      "site": "1904"
    },
    "b#1931": {
      "reason": "duplicate runtime resource name",
      "site": "1931"
    }
  },
  "verified": {
    "a#2115": {
      "cir": "main::a",
      "rule": "spawn-entry"
    },
    "b#2227": {
      "cir": "main::b",
      "rule": "spawn-entry"
    },
    "bystander#2347": {
      "cir": "main::bystander",
      "rule": "spawn-entry"
    }
  },
  "violated": {}
}
