{
  "attributes": [],
  "scope": "identity, channel-capacity attributes, and uncovered sync are separate; a conforming finite trace does not override a capacity conflict or an unknown capacity",
  "uncovered_sync": [],
  "unresolved": {},
  "verified": {
    "a_mutex0#434": {
      "cir": "module1::a",
      "rule": "exact"
    },
    "b_mutex0#475": {
      "cir": "module2::b",
      "rule": "exact"
    },
    "t1#575": {
      "cir": "module1::t1",
      "rule": "spawn-entry"
    },
    "t2#701": {
      "cir": "module2::t2",
      "rule": "spawn-entry"
    }
  },
  "violated": {}
}
