{
  "attributes": [],
  "scope": "identity, channel-capacity attributes, and uncovered sync are separate; a conforming finite trace does not override a capacity conflict or an unknown capacity",
  "uncovered_sync": [],
  "unresolved": {
    "t1#589": {
      "entry": null,
      "reason": "thread entry is not unambiguous",
      "site": "589"
    },
    "t2#633": {
      "entry": null,
      "reason": "thread entry is not unambiguous",
      "site": "633"
    }
  },
  "verified": {
    "a_mutex0": {
      "cir": "main::a",
      "rule": "exact"
    },
    "b_mutex0": {
      "cir": "other::b",
      "rule": "exact"
    }
  },
  "violated": {}
}
