{
  "attributes": [],
  "scope": "identity, channel-capacity attributes, and uncovered sync are separate; a conforming finite trace does not override a capacity conflict or an unknown capacity",
  "uncovered_sync": [],
  "unresolved": {
    "acc#507": {
      "candidates": [],
      "reason": "no structural evidence",
      "site": "507"
    }
  },
  "verified": {
    "m_mutex0#483": {
      "cir": "main::m",
      "rule": "exact"
    },
    "w1#552": {
      "cir": "main::w1",
      "rule": "spawn-entry"
    },
    "w2#685": {
      "cir": "main::w2",
      "rule": "spawn-entry"
    }
  },
  "violated": {}
}
