   Compiling probe v0.1.0 (/Users/kevin/local-repos/ConcPlanVerify/experiments/strong-link-v28/replay-work/old/semaphore__throttle_n_permits__deepseek-flash__G3_concir/source-proj)
warning: value assigned to `work` is never read
 --> src/main.rs:7:20
  |
7 |     let mut work = 0;
  |                    ^ this value is reassigned later and never used
8 |     work = 1;
  |     -------- `work` is overwritten here before the previous value is read
  |
  = note: `#[warn(unused_assignments)]` (part of `#[warn(unused)]`) on by default

warning: value assigned to `work` is never read
  --> src/main.rs:15:20
   |
15 |     let mut work = 0;
   |                    ^ this value is reassigned later and never used
16 |     work = 2;
   |     -------- `work` is overwritten here before the previous value is read

warning: value assigned to `work` is never read
  --> src/main.rs:23:20
   |
23 |     let mut work = 0;
   |                    ^ this value is reassigned later and never used
24 |     work = 3;
   |     -------- `work` is overwritten here before the previous value is read

warning: `probe` (bin "probe") generated 3 warnings
    Finished `dev` profile [unoptimized + debuginfo] target(s) in 0.13s
