{
  "attributes": [
    {
      "construction_site": "279",
      "evidence": "literal_initial",
      "expected": "semaphore_initial",
      "expected_capacity": 1,
      "observed": 1,
      "observed_capacity": 1,
      "reason": "initial count of the used construction matches the CIR",
      "resource_id": "main::s",
      "runtime": "s_semaphore0#279",
      "status": "match"
    }
  ],
  "scope": "identity, channel-capacity attributes, and uncovered sync are separate; a conforming finite trace does not override a capacity conflict or an unknown capacity",
  "uncovered_sync": [],
  "unresolved": {
    "worker#360": {
      "entry": "worker",
      "reason": "thread entry is not unambiguous",
      "site": "360"
    },
    "worker#414": {
      "entry": "worker",
      "reason": "thread entry is not unambiguous",
      "site": "414"
    }
  },
  "verified": {
    "s_semaphore0#279": {
      "cir": "main::s",
      "rule": "used-construction"
    }
  },
  "violated": {}
}
