{
  "attributes": [
    {
      "construction_site": null,
      "evidence": "absent",
      "expected": "semaphore_initial",
      "expected_capacity": 0,
      "observed": null,
      "observed_capacity": null,
      "reason": "no used semaphore construction is bound to this CIR resource",
      "resource_id": "main::sa",
      "runtime": null,
      "status": "unknown"
    },
    {
      "construction_site": null,
      "evidence": "absent",
      "expected": "semaphore_initial",
      "expected_capacity": 0,
      "observed": null,
      "observed_capacity": null,
      "reason": "no used semaphore construction is bound to this CIR resource",
      "resource_id": "main::sb",
      "runtime": null,
      "status": "unknown"
    }
  ],
  "scope": "identity, channel-capacity attributes, and uncovered sync are separate; a conforming finite trace does not override a capacity conflict or an unknown capacity",
  "uncovered_sync": [],
  "unresolved": {
    "flag#2212": {
      "candidates": [],
      "reason": "no structural evidence",
      "site": "2212"
    },
    "lock_a_mutex0#1994": {
      "candidates": [],
      "reason": "no structural evidence",
      "site": "1994"
    },
    "lock_b_mutex0#2053": {
      "candidates": [],
      "reason": "no structural evidence",
      "site": "2053"
    },
    "worker_a#2863": {
      "entry": null,
      "reason": "thread entry is not unambiguous",
      "site": "2863"
    },
    "worker_b#3725": {
      "entry": null,
      "reason": "thread entry is not unambiguous",
      "site": "3725"
    }
  },
  "verified": {},
  "violated": {}
}
