{
  "binary_sha256": "bc4ea47ef9841b62637faef926ef94804b92a95c3ab39ee690f0e2cf08681e47",
  "bounded": true,
  "events": 268,
  "git_rev": "a35dc867d6327c772d48bd7c0473a6606fcc467a",
  "properties": [
    {
      "detail": "decided by behavior (hang/timeout) and Miri",
      "id": "no-deadlock",
      "kind": "deadlock_free",
      "req": [
        "R4",
        "R5",
        "R8"
      ],
      "source": "properties",
      "status": "deferred"
    },
    {
      "id": "both-increments",
      "kind": "always_reachable",
      "req": [
        "R2",
        "R3",
        "R6"
      ],
      "source": "properties",
      "status": "PASS_bounded"
    },
    {
      "id": "main::w1 completes",
      "kind": "reachable",
      "req": [
        "R1",
        "R8"
      ],
      "source": "preserved",
      "status": "PASS_bounded"
    },
    {
      "id": "main::w2 completes",
      "kind": "reachable",
      "req": [
        "R1",
        "R8"
      ],
      "source": "preserved",
      "status": "PASS_bounded"
    },
    {
      "id": "main::c == 2",
      "kind": "reachable",
      "req": [
        "R3",
        "R6",
        "R7"
      ],
      "source": "preserved",
      "status": "PASS_bounded"
    }
  ],
  "resource_map": {
    "c#886": "main::c",
    "w1#958": "main::w1",
    "w2#1032": "main::w2"
  },
  "status": "ok",
  "traces": 32,
  "unmapped_resources": []
}
