   Compiling probe v0.1.0 (/Users/kevin/local-repos/ConcPlanVerify/experiments/strong-link-v28/replay-work/old/channel__bounded_backpressure_lock_held__deepseek-flash__G3_concir/source-proj)
warning: value assigned to `v1` is never read
  --> src/main.rs:17:18
   |
17 |     let mut v1 = 0;
   |                  ^ this value is reassigned later and never used
18 |     let mut v2 = 0;
19 |     v1 = ch.recv().unwrap();
   |     ----------------------- `v1` is overwritten here before the previous value is read
   |
   = note: `#[warn(unused_assignments)]` (part of `#[warn(unused)]`) on by default

warning: value assigned to `v2` is never read
  --> src/main.rs:18:18
   |
18 |     let mut v2 = 0;
   |                  ^ this value is reassigned later and never used
19 |     v1 = ch.recv().unwrap();
20 |     v2 = ch.recv().unwrap();
   |     ----------------------- `v2` is overwritten here before the previous value is read

warning: `probe` (bin "probe") generated 2 warnings
warning: unused dependency `concir_sync`
  --> Cargo.toml:11:1
   |
11 | concir_sync = { path = "/Users/kevin/local-repos/ConcPlanVerify/runtime/concir_sync" }
   | ^^^^^^^^^^^^^^^^^^^^^^^^^^^^^^^^^^^^^^^^^^^^^^^^^^^^^^^^^^^^^^^^^^^^^^^^^^^^^^^^^^^^^^
   |
   = note: `cargo::unused_dependencies` is set to `warn` by default
help: consider removing the dependency on `concir_sync`
warning: `probe` (manifest) generated 1 warning
    Finished `dev` profile [unoptimized + debuginfo] target(s) in 0.12s
