{
  "attributes": [
    {
      "construction_site": "312",
      "evidence": "param_from_call",
      "expected": "rendezvous",
      "expected_capacity": 0,
      "observed": "rendezvous",
      "observed_capacity": 0,
      "reason": "source rendezvous matches CIR rendezvous",
      "resource_id": "main::ch",
      "runtime": "ch_rx",
      "status": "match"
    },
    {
      "construction_site": "312",
      "evidence": "param_from_call",
      "expected": "rendezvous",
      "expected_capacity": 0,
      "observed": "rendezvous",
      "observed_capacity": 0,
      "reason": "source rendezvous matches CIR rendezvous",
      "resource_id": "main::ch",
      "runtime": "ch_tx",
      "status": "match"
    }
  ],
  "scope": "identity, channel-capacity attributes, and uncovered sync are separate; a conforming finite trace does not override a capacity conflict or an unknown capacity",
  "uncovered_sync": [],
  "unresolved": {},
  "verified": {
    "ch_rx": {
      "cir": "main::ch",
      "rule": "channel-name"
    },
    "ch_tx": {
      "cir": "main::ch",
      "rule": "channel-name"
    },
    "r#407": {
      "cir": "main::r",
      "rule": "spawn-entry"
    },
    "s1#354": {
      "cir": "main::s1",
      "rule": "spawn-entry"
    }
  },
  "violated": {}
}
