{
  "analysis_started": true,
  "assumptions": {
    "no_spurious_wakeups": true,
    "sequential_consistency": true
  },
  "binary_sha256": "bc4ea47ef9841b62637faef926ef94804b92a95c3ab39ee690f0e2cf08681e47",
  "boundary_events": [],
  "bounds": {
    "max_boundary_events": 4096,
    "max_depth": 40,
    "max_frames_per_thread": 32,
    "max_states": 10000,
    "max_threads": 16
  },
  "complete": true,
  "contract_fingerprint": "3d8229ff960a9606",
  "diagnostics": [],
  "git_rev": "a35dc867d6327c772d48bd7c0473a6606fcc467a",
  "invalid": [],
  "model_fingerprint": "2d482b64b2617c44",
  "outcome": "PASS",
  "properties": [
    {
      "detail": "no deadlock state reachable",
      "id": "deadlock",
      "outcome": "PASS"
    },
    {
      "detail": "preserved reachability: holds_all(f0, [r0])",
      "id": "preserved: main::w1 holds [main::m] at once",
      "outcome": "PASS"
    }
  ],
  "states_explored": 152,
  "transitions_explored": 276,
  "unsupported": []
}
