     Locking 1 package to highest compatible version
   Compiling concir_sync v0.1.0 (/Users/kevin/local-repos/ConcPlanVerify/runtime/concir_sync)
   Compiling probe v0.1.0 (/Users/kevin/local-repos/ConcPlanVerify/experiments/strong-link-v27-main/atomic-data__atomic_lost_update/gpt-6-luna/G3_concir/rep0/code/round-1/proj)
warning: unused import: `std::thread`
 --> src/main.rs:3:5
  |
3 | use std::thread;
  |     ^^^^^^^^^^^
  |
  = note: `#[warn(unused_imports)]` (part of `#[warn(unused)]`) on by default

warning: static variable `c` should have an upper case name
 --> src/main.rs:5:8
  |
5 | static c: AtomicI32 = AtomicI32::new(0);
  |        ^
  |
  = note: `#[warn(non_upper_case_globals)]` (part of `#[warn(nonstandard_style)]`) on by default
help: convert the identifier to upper case (notice the capitalization)
  |
5 - static c: AtomicI32 = AtomicI32::new(0);
5 + static C: AtomicI32 = AtomicI32::new(0);
  |

warning: `probe` (bin "probe") generated 2 warnings (run `cargo fix --bin "probe" -p probe` to apply 2 suggestions)
    Finished `dev` profile [unoptimized + debuginfo] target(s) in 0.29s
