{
  "attributes": [],
  "scope": "identity, channel-capacity attributes, and uncovered sync are separate; a conforming finite trace does not override a capacity conflict or an unknown capacity",
  "uncovered_sync": [],
  "unresolved": {},
  "verified": {
    "a_mutex0#684": {
      "cir": "main::a",
      "rule": "exact"
    },
    "b_mutex0#722": {
      "cir": "main::b",
      "rule": "exact"
    },
    "c_mutex0#760": {
      "cir": "main::c",
      "rule": "exact"
    },
    "t1#847": {
      "cir": "main::t1",
      "rule": "spawn-entry"
    },
    "t2#959": {
      "cir": "main::t2",
      "rule": "spawn-entry"
    },
    "t3#1071": {
      "cir": "main::t3",
      "rule": "spawn-entry"
    }
  },
  "violated": {}
}
