{
  "attributes": [
    {
      "construction_site": null,
      "evidence": "absent",
      "expected": "semaphore_initial",
      "expected_capacity": 2,
      "observed": null,
      "observed_capacity": null,
      "reason": "no used semaphore construction is bound to this CIR resource",
      "resource_id": "main::s",
      "runtime": null,
      "status": "unknown"
    }
  ],
  "scope": "identity, channel-capacity attributes, and uncovered sync are separate; a conforming finite trace does not override a capacity conflict or an unknown capacity",
  "uncovered_sync": [],
  "unresolved": {
    "available#878": {
      "candidates": [],
      "reason": "no structural evidence",
      "site": "878"
    },
    "permits#842": {
      "candidates": [],
      "reason": "no structural evidence",
      "site": "842"
    }
  },
  "verified": {
    "w1#949": {
      "cir": "main::w1",
      "rule": "spawn-entry"
    },
    "w2#1040": {
      "cir": "main::w2",
      "rule": "spawn-entry"
    },
    "w3#1131": {
      "cir": "main::w3",
      "rule": "spawn-entry"
    }
  },
  "violated": {}
}
