{
  "attributes": [],
  "scope": "identity, channel-capacity attributes, and uncovered sync are separate; a conforming finite trace does not override a capacity conflict or an unknown capacity",
  "uncovered_sync": [],
  "unresolved": {
    "notifier_handle#980": {
      "entry": null,
      "reason": "thread entry is not unambiguous",
      "site": "980"
    },
    "shared_condvar0#208": {
      "candidates": [],
      "reason": "no structural evidence",
      "site": "208"
    },
    "shared_mutex0#187": {
      "candidates": [],
      "reason": "no structural evidence",
      "site": "187"
    },
    "waiter_handle#350": {
      "entry": null,
      "reason": "thread entry is not unambiguous",
      "site": "350"
    }
  },
  "verified": {},
  "violated": {}
}
