     Locking 1 package to highest compatible version
   Compiling concir_sync v0.1.0 (/Users/kevin/local-repos/ConcPlanVerify/runtime/concir_sync)
   Compiling probe v0.1.0 (/Users/kevin/local-repos/ConcPlanVerify/experiments/strong-link-v29-online/condvar__notify_one_multi_waiter_wrong_pick/gpt-6-luna/G3_concir/rep0/code/round-3/proj)
warning: unused import: `std::thread`
 --> src/main.rs:5:5
  |
5 | use std::thread;
  |     ^^^^^^^^^^^
  |
  = note: `#[warn(unused_imports)]` (part of `#[warn(unused)]`) on by default

warning: variable `gN` should have a snake case name
  --> src/main.rs:10:5
   |
10 |     gN: &'static Arc<Semaphore>,
   |     ^^ help: convert the identifier to snake case: `g_n`
   |
   = note: `#[warn(non_snake_case)]` (part of `#[warn(nonstandard_style)]`) on by default

warning: variable `gN` should have a snake case name
  --> src/main.rs:27:5
   |
27 |     gN: &'static Arc<Semaphore>,
   |     ^^ help: convert the identifier to snake case: `g_n`

warning: variable `gN_permit1` should have a snake case name
  --> src/main.rs:45:5
   |
45 |     gN_permit1: Permit,
   |     ^^^^^^^^^^ help: convert the identifier to snake case: `g_n_permit1`

warning: variable `gN_permit2` should have a snake case name
  --> src/main.rs:46:5
   |
46 |     gN_permit2: Permit,
   |     ^^^^^^^^^^ help: convert the identifier to snake case: `g_n_permit2`

warning: variable `gN` should have a snake case name
  --> src/main.rs:66:9
   |
66 |     let gN: &'static Arc<Semaphore> = Box::leak(Box::new(Semaphore::new_named("gN_semaphore0#1501", 2)));
   |         ^^ help: convert the identifier to snake case: `g_n`

warning: variable `gN_permit1` should have a snake case name
  --> src/main.rs:70:9
   |
70 |     let gN_permit1 = gN.acquire();
   |         ^^^^^^^^^^ help: convert the identifier to snake case: `g_n_permit1`

warning: variable `gN_permit2` should have a snake case name
  --> src/main.rs:71:9
   |
71 |     let gN_permit2 = gN.acquire();
   |         ^^^^^^^^^^ help: convert the identifier to snake case: `g_n_permit2`

warning: `probe` (bin "probe") generated 8 warnings (run `cargo fix --bin "probe" -p probe` to apply 1 suggestion)
    Finished `dev` profile [unoptimized + debuginfo] target(s) in 0.31s
