     Locking 1 package to highest compatible version
   Compiling concir_sync v0.1.0 (/Users/kevin/local-repos/ConcPlanVerify/runtime/concir_sync)
   Compiling probe v0.1.0 (/Users/kevin/local-repos/ConcPlanVerify/experiments/strong-link-v29-online/condvar__notify_one_multi_waiter_wrong_pick/gpt-6-luna/G3_concir/rep0/code/round-3/source-proj)
warning: variable `gN` should have a snake case name
 --> src/main.rs:8:5
  |
8 |     gN: &'static Arc<Semaphore>,
  |     ^^ help: convert the identifier to snake case: `g_n`
  |
  = note: `#[warn(non_snake_case)]` (part of `#[warn(nonstandard_style)]`) on by default

warning: variable `gN` should have a snake case name
  --> src/main.rs:25:5
   |
25 |     gN: &'static Arc<Semaphore>,
   |     ^^ help: convert the identifier to snake case: `g_n`

warning: variable `gN_permit1` should have a snake case name
  --> src/main.rs:43:5
   |
43 |     gN_permit1: Permit,
   |     ^^^^^^^^^^ help: convert the identifier to snake case: `g_n_permit1`

warning: variable `gN_permit2` should have a snake case name
  --> src/main.rs:44:5
   |
44 |     gN_permit2: Permit,
   |     ^^^^^^^^^^ help: convert the identifier to snake case: `g_n_permit2`

warning: variable `gN` should have a snake case name
  --> src/main.rs:64:9
   |
64 |     let gN: &'static Arc<Semaphore> = Box::leak(Box::new(Semaphore::new(2)));
   |         ^^ help: convert the identifier to snake case: `g_n`

warning: variable `gN_permit1` should have a snake case name
  --> src/main.rs:68:9
   |
68 |     let gN_permit1 = gN.acquire();
   |         ^^^^^^^^^^ help: convert the identifier to snake case: `g_n_permit1`

warning: variable `gN_permit2` should have a snake case name
  --> src/main.rs:69:9
   |
69 |     let gN_permit2 = gN.acquire();
   |         ^^^^^^^^^^ help: convert the identifier to snake case: `g_n_permit2`

warning: `probe` (bin "probe") generated 7 warnings
    Finished `dev` profile [unoptimized + debuginfo] target(s) in 0.22s
