{
  "attributes": [],
  "scope": "identity, channel-capacity attributes, and uncovered sync are separate; a conforming finite trace does not override a capacity conflict or an unknown capacity",
  "uncovered_sync": [],
  "unresolved": {
    "t1#1142": {
      "entry": null,
      "reason": "thread entry is not unambiguous",
      "site": "1142"
    },
    "t2#1587": {
      "entry": null,
      "reason": "thread entry is not unambiguous",
      "site": "1587"
    }
  },
  "verified": {
    "a_mutex0#970": {
      "cir": "main::a",
      "rule": "exact"
    },
    "b_mutex0#1008": {
      "cir": "main::b",
      "rule": "exact"
    }
  },
  "violated": {}
}
