{
  "attributes": [
    {
      "construction_site": "1259",
      "evidence": "literal_initial",
      "expected": "semaphore_initial",
      "expected_capacity": 0,
      "observed": 1,
      "observed_capacity": 1,
      "reason": "initial count of the used construction differs from the CIR",
      "resource_id": "main::sa",
      "runtime": "sa_semaphore0#1259",
      "status": "mismatch"
    },
    {
      "construction_site": "1291",
      "evidence": "literal_initial",
      "expected": "semaphore_initial",
      "expected_capacity": 0,
      "observed": 1,
      "observed_capacity": 1,
      "reason": "initial count of the used construction differs from the CIR",
      "resource_id": "main::sb",
      "runtime": "sb_semaphore0#1291",
      "status": "mismatch"
    }
  ],
  "scope": "identity, channel-capacity attributes, and uncovered sync are separate; a conforming finite trace does not override a capacity conflict or an unknown capacity",
  "uncovered_sync": [],
  "unresolved": {
    "a_lock_mutex0#1162": {
      "candidates": [],
      "reason": "no structural evidence",
      "site": "1162"
    },
    "b_lock_mutex0#1225": {
      "candidates": [],
      "reason": "no structural evidence",
      "site": "1225"
    }
  },
  "verified": {
    "a#1475": {
      "cir": "main::a",
      "rule": "spawn-entry"
    },
    "b#1707": {
      "cir": "main::b",
      "rule": "spawn-entry"
    },
    "bystander#1779": {
      "cir": "main::bystander",
      "rule": "spawn-entry"
    },
    "sa_semaphore0#1259": {
      "cir": "main::sa",
      "rule": "used-construction"
    },
    "sb_semaphore0#1291": {
      "cir": "main::sb",
      "rule": "used-construction"
    }
  },
  "violated": {}
}
