{
  "attributes": [],
  "scope": "identity, channel-capacity attributes, and uncovered sync are separate; a conforming finite trace does not override a capacity conflict or an unknown capacity",
  "uncovered_sync": [],
  "unresolved": {
    "new#326": {
      "entry": "new",
      "reason": "thread entry is not unambiguous",
      "site": "326"
    },
    "yield_now#623": {
      "entry": "yield_now",
      "reason": "thread entry is not unambiguous",
      "site": "623"
    }
  },
  "verified": {
    "a_mutex0#131": {
      "cir": "main::a",
      "rule": "exact"
    },
    "b_mutex0#169": {
      "cir": "main::b",
      "rule": "exact"
    }
  },
  "violated": {}
}
