{
  "attributes": [],
  "scope": "identity, channel-capacity attributes, and uncovered sync are separate; a conforming finite trace does not override a capacity conflict or an unknown capacity",
  "uncovered_sync": [],
  "unresolved": {
    "notifier#1117": {
      "entry": null,
      "reason": "thread entry is not unambiguous",
      "site": "1117"
    },
    "shared_condvar0#278": {
      "candidates": [],
      "reason": "no structural evidence",
      "site": "278"
    },
    "shared_mutex0#257": {
      "candidates": [],
      "reason": "no structural evidence",
      "site": "257"
    },
    "waiter#411": {
      "entry": null,
      "reason": "thread entry is not unambiguous",
      "site": "411"
    }
  },
  "verified": {},
  "violated": {}
}
