     Locking 1 package to highest compatible version
   Compiling concir_sync v0.1.0 (/Users/kevin/local-repos/ConcPlanVerify/runtime/concir_sync)
   Compiling probe v0.1.0 (/Users/kevin/local-repos/ConcPlanVerify/experiments/strong-link-v28/replay-work/new/lock-order__cross_module_cycle__gpt-6-luna__G3_concir/source-proj)
warning: value assigned to `work` is never read
  --> src/main.rs:7:24
   |
 7 |         let mut work = 0;
   |                        ^ this value is reassigned later and never used
...
10 |         work = 1;
   |         -------- `work` is overwritten here before the previous value is read
   |
   = note: `#[warn(unused_assignments)]` (part of `#[warn(unused)]`) on by default

warning: value assigned to `work` is never read
  --> src/main.rs:23:24
   |
23 |         let mut work = 0;
   |                        ^ this value is reassigned later and never used
...
26 |         work = 1;
   |         -------- `work` is overwritten here before the previous value is read

warning: static variable `a` should have an upper case name
 --> src/main.rs:4:16
  |
4 |     pub static a: Mutex<()> = Mutex::new(());
  |                ^ help: convert the identifier to upper case: `A`
  |
  = note: `#[warn(non_upper_case_globals)]` (part of `#[warn(nonstandard_style)]`) on by default

warning: static variable `b` should have an upper case name
  --> src/main.rs:20:16
   |
20 |     pub static b: Mutex<()> = Mutex::new(());
   |                ^ help: convert the identifier to upper case: `B`

warning: `probe` (bin "probe") generated 4 warnings
warning: unused dependency `concir_sync`
  --> Cargo.toml:11:1
   |
11 | concir_sync = { path = "/Users/kevin/local-repos/ConcPlanVerify/runtime/concir_sync" }
   | ^^^^^^^^^^^^^^^^^^^^^^^^^^^^^^^^^^^^^^^^^^^^^^^^^^^^^^^^^^^^^^^^^^^^^^^^^^^^^^^^^^^^^^
   |
   = note: `cargo::unused_dependencies` is set to `warn` by default
help: consider removing the dependency on `concir_sync`
warning: `probe` (manifest) generated 1 warning
    Finished `dev` profile [unoptimized + debuginfo] target(s) in 0.23s
