{
  "records": 3,
  "complete": 3,
  "not_complete": 0,
  "errors": [],
  "nondeterministic": [],
  "paired": 1,
  "both_repaired": 1
}
{
  "records": 4,
  "complete": 4,
  "not_complete": 0,
  "errors": [],
  "nondeterministic": [],
  "paired": 1,
  "both_repaired": 1
}
PASS  refuse_existing_batch_without_resume: rc=2
PASS  resume_after_crash_no_overwrite: rc=0 partial=1 final=3 complete=True
PASS  cohort_change_refused_new_tag_ok: cfg=2 timeout=2 new=0
PASS  failure_not_bound_to_old_artifact: new=no_artifact kept=complete
PASS  replay_pending_recovery_full_and_idempotent: fields=True reused=True sum=0 audit=True
PASS  recovery_refuses_incomplete: missing=identity_mismatch tampered=identity_mismatch timeout=replay_timeout fail=replay_failed
PASS  stats_distinct_config_and_pairing: rc=0 pairs=1 errors=[]
PASS  external_out_behavior: rc=0 tail=behavior regression passed
lifecycle regression passed
