{
  "attributes": [],
  "scope": "identity, channel-capacity attributes, and uncovered sync are separate; a conforming finite trace does not override a capacity conflict or an unknown capacity",
  "uncovered_sync": [],
  "unresolved": {},
  "verified": {
    "a#3180": {
      "cir": "main::a",
      "rule": "exact"
    },
    "b#3243": {
      "cir": "other::b",
      "rule": "exact"
    },
    "t1#3392": {
      "cir": "main::t1",
      "rule": "spawn-entry"
    },
    "t2#3519": {
      "cir": "other::t2",
      "rule": "spawn-entry"
    }
  },
  "violated": {}
}
