{
  "outcome": "INVALID",
  "complete": false,
  "states_explored": 1,
  "transitions_explored": 0,
  "properties": [
    {
      "id": "deadlock",
      "outcome": "UNKNOWN",
      "detail": "no deadlock found, but the search was incomplete"
    }
  ],
  "diagnostics": [],
  "boundary_events": [],
  "unsupported": [],
  "invalid": [
    {
      "code": "E900",
      "message": "no place for shared resource 1",
      "location": null
    }
  ],
  "model_fingerprint": "0a6542a05eecd36d",
  "contract_fingerprint": "0f71e36134ba5f8f",
  "assumptions": {
    "sequential_consistency": true,
    "no_spurious_wakeups": true
  },
  "bounds": {
    "max_threads": 16,
    "max_frames_per_thread": 32,
    "max_states": 10000,
    "max_depth": 40,
    "max_boundary_events": 4096
  }
}
