{
  "outcome": "PASS",
  "complete": true,
  "states_explored": 3,
  "transitions_explored": 2,
  "properties": [
    {
      "id": "deadlock",
      "outcome": "PASS",
      "detail": "no deadlock state reachable"
    }
  ],
  "diagnostics": [],
  "boundary_events": [],
  "unsupported": [],
  "invalid": [],
  "model_fingerprint": "0a6542a05eecd36d",
  "contract_fingerprint": "0f71e36134ba5f8f",
  "assumptions": {
    "sequential_consistency": true,
    "no_spurious_wakeups": true
  },
  "bounds": {
    "max_threads": 16,
    "max_frames_per_thread": 32,
    "max_states": 10000,
    "max_depth": 40,
    "max_boundary_events": 4096
  }
}
