{
  "outcome": "PASS",
  "complete": true,
  "states_explored": 3,
  "transitions_explored": 2,
  "properties": [
    {
      "id": "forbidden",
      "outcome": "PASS",
      "detail": "goal reachable via 1 step(s) (!((r1 == 0 || r1 == 1)))"
    }
  ],
  "diagnostics": [],
  "boundary_events": [],
  "unsupported": [],
  "invalid": [],
  "model_fingerprint": "b8e6ef532dfa761e",
  "contract_fingerprint": "3b28101c1074aaf8",
  "assumptions": {
    "sequential_consistency": true,
    "no_spurious_wakeups": true
  },
  "bounds": {
    "max_threads": 16,
    "max_frames_per_thread": 32,
    "max_states": 200000,
    "max_depth": 400,
    "max_boundary_events": 4096
  }
}
