{
  "outcome": "INVALID",
  "complete": false,
  "states_explored": 145,
  "transitions_explored": 209,
  "properties": [
    {
      "id": "deadlock",
      "outcome": "UNKNOWN",
      "detail": "no deadlock found, but the search was incomplete"
    }
  ],
  "diagnostics": [],
  "boundary_events": [],
  "unsupported": [],
  "invalid": [
    {
      "code": "E510",
      "message": "thread 1 unlocked Mutex 0 it does not hold",
      "location": "main::w1.s4"
    },
    {
      "code": "E510",
      "message": "thread 1 unlocked free Mutex 0",
      "location": "main::w1.s4"
    },
    {
      "code": "E510",
      "message": "thread 1 unlocked Mutex 0 it does not hold",
      "location": "main::w1.s4"
    },
    {
      "code": "E510",
      "message": "thread 2 unlocked free Mutex 1",
      "location": "main::w2.s4"
    },
    {
      "code": "E510",
      "message": "thread 1 unlocked Mutex 0 it does not hold",
      "location": "main::w1.s4"
    },
    {
      "code": "E510",
      "message": "thread 1 unlocked free Mutex 0",
      "location": "main::w1.s4"
    },
    {
      "code": "E510",
      "message": "thread 1 unlocked free Mutex 0",
      "location": "main::w1.s4"
    },
    {
      "code": "E510",
      "message": "thread 2 unlocked free Mutex 1",
      "location": "main::w2.s4"
    },
    {
      "code": "E510",
      "message": "thread 2 unlocked free Mutex 1",
      "location": "main::w2.s4"
    },
    {
      "code": "E510",
      "message": "thread 1 unlocked Mutex 0 it does not hold",
      "location": "main::w1.s4"
    },
    {
      "code": "E510",
      "message": "thread 1 unlocked free Mutex 0",
      "location": "main::w1.s4"
    },
    {
      "code": "E510",
      "message": "thread 1 unlocked Mutex 0 it does not hold",
      "location": "main::w1.s4"
    },
    {
      "code": "E510",
      "message": "thread 1 unlocked free Mutex 0",
      "location": "main::w1.s4"
    },
    {
      "code": "E510",
      "message": "thread 2 unlocked free Mutex 1",
      "location": "main::w2.s4"
    },
    {
      "code": "E510",
      "message": "thread 2 unlocked free Mutex 1",
      "location": "main::w2.s4"
    },
    {
      "code": "E510",
      "message": "thread 1 unlocked free Mutex 0",
      "location": "main::w1.s4"
    },
    {
      "code": "E510",
      "message": "thread 1 unlocked free Mutex 0",
      "location": "main::w1.s4"
    },
    {
      "code": "E510",
      "message": "thread 1 unlocked Mutex 0 it does not hold",
      "location": "main::w1.s4"
    },
    {
      "code": "E510",
      "message": "thread 1 unlocked free Mutex 0",
      "location": "main::w1.s4"
    },
    {
      "code": "E510",
      "message": "thread 2 unlocked free Mutex 1",
      "location": "main::w2.s4"
    },
    {
      "code": "E510",
      "message": "thread 2 unlocked free Mutex 1",
      "location": "main::w2.s4"
    },
    {
      "code": "E510",
      "message": "thread 2 unlocked free Mutex 1",
      "location": "main::w2.s4"
    },
    {
      "code": "E510",
      "message": "thread 1 unlocked free Mutex 0",
      "location": "main::w1.s4"
    },
    {
      "code": "E510",
      "message": "thread 1 unlocked free Mutex 0",
      "location": "main::w1.s4"
    },
    {
      "code": "E510",
      "message": "thread 1 unlocked free Mutex 0",
      "location": "main::w1.s4"
    },
    {
      "code": "E510",
      "message": "thread 2 unlocked free Mutex 1",
      "location": "main::w2.s4"
    },
    {
      "code": "E510",
      "message": "thread 2 unlocked free Mutex 1",
      "location": "main::w2.s4"
    },
    {
      "code": "E510",
      "message": "thread 2 unlocked free Mutex 1",
      "location": "main::w2.s4"
    },
    {
      "code": "E510",
      "message": "thread 1 unlocked free Mutex 0",
      "location": "main::w1.s4"
    },
    {
      "code": "E510",
      "message": "thread 2 unlocked free Mutex 1",
      "location": "main::w2.s4"
    }
  ],
  "model_fingerprint": "964ee9280383f41e",
  "contract_fingerprint": "07e61dc98d3c927c",
  "assumptions": {
    "sequential_consistency": true,
    "no_spurious_wakeups": true
  },
  "bounds": {
    "max_threads": 16,
    "max_frames_per_thread": 32,
    "max_states": 10000,
    "max_depth": 40,
    "max_boundary_events": 4096
  }
}
