{
  "outcome": "PASS",
  "complete": true,
  "states_explored": 3,
  "transitions_explored": 2,
  "properties": [
    {
      "id": "x-zero",
      "outcome": "PASS",
      "detail": "invariant held in all reachable states"
    }
  ],
  "diagnostics": [],
  "boundary_events": [],
  "unsupported": [],
  "invalid": [],
  "model_fingerprint": "b7761803cfccb907",
  "contract_fingerprint": "22843ea776d649f5",
  "assumptions": {
    "sequential_consistency": true,
    "no_spurious_wakeups": true
  },
  "bounds": {
    "max_threads": 16,
    "max_frames_per_thread": 32,
    "max_states": 200000,
    "max_depth": 400,
    "max_boundary_events": 4096
  }
}
