{
  "outcome": "FAIL",
  "complete": true,
  "states_explored": 2,
  "transitions_explored": 1,
  "properties": [
    {
      "id": "nonzero",
      "outcome": "FAIL",
      "detail": "counterexample reached a violating state"
    }
  ],
  "diagnostics": [
    {
      "property": "nonzero",
      "outcome": "FAIL",
      "message": "safety invariant violated",
      "complete": true,
      "counterexample": [],
      "final_instances": [
        {
          "thread": 0,
          "frame": 0,
          "function": 0,
          "sid": 0,
          "status": "running"
        }
      ],
      "blocked": [],
      "cir_statements": [
        {
          "module": "main",
          "function": "main",
          "sid": "s2"
        }
      ],
      "proven_facts": [
        "reached a counterexample state after 0 step(s)",
        "explored 2 reachable states"
      ],
      "repair_hints": []
    }
  ],
  "boundary_events": [],
  "unsupported": [],
  "invalid": [],
  "model_fingerprint": "1ea8641c51e11d37",
  "contract_fingerprint": "7d2425087850008f",
  "assumptions": {
    "sequential_consistency": true,
    "no_spurious_wakeups": true
  },
  "bounds": {
    "max_threads": 16,
    "max_frames_per_thread": 32,
    "max_states": 200000,
    "max_depth": 400,
    "max_boundary_events": 4096
  }
}
