{
  "accepted_patch": {
    "changes": [
      {
        "kind": "delete_statement",
        "sid": "s1"
      }
    ],
    "function": "main",
    "id": "delete-write",
    "module": "main",
    "original_hash": "14cf70e0b310a553",
    "provenance": []
  },
  "candidates_tried": 1,
  "outcome": "repaired",
  "rounds": [
    {
      "accepted": true,
      "candidate": "delete-write",
      "diff": "- main: delete s1",
      "patched_outcome": "PASS",
      "reason": "all required properties and preserved behaviour hold",
      "round": 0
    }
  ]
}
