{
  "outcome": "UNKNOWN",
  "complete": false,
  "states_explored": 51,
  "transitions_explored": 60,
  "properties": [
    {
      "id": "deadlock",
      "outcome": "UNKNOWN",
      "detail": "no deadlock found, but the search was incomplete"
    }
  ],
  "diagnostics": [],
  "boundary_events": [
    {
      "kind": "depth_limit",
      "thread": null,
      "frame": null,
      "function": null,
      "detail": "depth limit 40 reached"
    }
  ],
  "unsupported": [],
  "invalid": [],
  "model_fingerprint": "178592774f774aaa",
  "contract_fingerprint": "ba7cb6b2a1bb7790",
  "assumptions": {
    "sequential_consistency": true,
    "no_spurious_wakeups": true
  },
  "bounds": {
    "max_threads": 16,
    "max_frames_per_thread": 32,
    "max_states": 10000,
    "max_depth": 40,
    "max_boundary_events": 4096
  }
}
