{
  "attributes": [],
  "scope": "identity, channel-capacity attributes, and uncovered sync are separate; a conforming finite trace does not override a capacity conflict or an unknown capacity",
  "uncovered_sync": [],
  "unresolved": {
    "ch_condvar0#187": {
      "candidates": [],
      "reason": "no structural evidence",
      "site": "187"
    },
    "ch_mutex0#167": {
      "candidates": [],
      "reason": "no structural evidence",
      "site": "167"
    },
    "receiver#1359": {
      "entry": null,
      "reason": "thread entry is not unambiguous",
      "site": "1359"
    },
    "sender#376": {
      "entry": null,
      "reason": "thread entry is not unambiguous",
      "site": "376"
    }
  },
  "verified": {
    "m_mutex0#291": {
      "cir": "main::m",
      "rule": "exact"
    }
  },
  "violated": {}
}
