{
  "attributes": [],
  "scope": "identity, channel-capacity attributes, and uncovered sync are separate; a conforming finite trace does not override a capacity conflict or an unknown capacity",
  "uncovered_sync": [],
  "unresolved": {
    "c#1110": {
      "candidates": [],
      "reason": "no structural evidence",
      "site": "1110"
    }
  },
  "verified": {
    "m_mutex0#1072": {
      "cir": "main::m",
      "rule": "exact"
    },
    "w1#1241": {
      "cir": "main::w1",
      "rule": "spawn-entry"
    },
    "w2#1355": {
      "cir": "main::w2",
      "rule": "spawn-entry"
    }
  },
  "violated": {}
}
