     Locking 1 package to highest compatible version
   Compiling concir_sync v0.1.0 (/Users/kevin/local-repos/ConcPlanVerify/runtime/concir_sync)
   Compiling probe v0.1.0 (/Users/kevin/local-repos/ConcPlanVerify/experiments/strong-link-v29-ablation/without_explore/semaphore__throttle_n_permits/glm-5.3-flash/G3_concir/rep0/code/round-1/source-proj)
warning: value assigned to `work` is never read
 --> src/main.rs:8:5
  |
8 |     work = work + 1;
  |     ^^^^^^^^^^^^^^^
  |
  = help: maybe it is overwritten before being read?
  = note: `#[warn(unused_assignments)]` (part of `#[warn(unused)]`) on by default

warning: value assigned to `work` is never read
  --> src/main.rs:15:5
   |
15 |     work = work + 1;
   |     ^^^^^^^^^^^^^^^
   |
   = help: maybe it is overwritten before being read?

warning: value assigned to `work` is never read
  --> src/main.rs:22:5
   |
22 |     work = work + 1;
   |     ^^^^^^^^^^^^^^^
   |
   = help: maybe it is overwritten before being read?

error[E0382]: the type `Arc` does not implement `Copy`
  --> src/main.rs:29:28
   |
27 |     let s = Semaphore::new(2);
   |         - this move could be avoided by cloning the original `Arc`, which is inexpensive
28 |     let h1 = thread::spawn(move || w1(&s));
   |                            -------     - variable moved due to use in closure
   |                            |
   |                            value moved into closure here
29 |     let h2 = thread::spawn(move || w2(&s));
   |                            ^^^^^^^     - use occurs due to use in closure
   |                            |
   |                            value used here after move
   |
   = note: consider using `Arc::clone`
help: consider cloning the value before moving it into the closure
   |
28 ~     let value = s.clone();
29 ~     let h1 = thread::spawn(move || w1(&value));
   |

error[E0382]: the type `Arc` does not implement `Copy`
  --> src/main.rs:30:28
   |
27 |     let s = Semaphore::new(2);
   |         - this move could be avoided by cloning the original `Arc`, which is inexpensive
28 |     let h1 = thread::spawn(move || w1(&s));
29 |     let h2 = thread::spawn(move || w2(&s));
   |                            -------     - variable moved due to use in closure
   |                            |
   |                            value moved into closure here
30 |     let h3 = thread::spawn(move || w3(&s));
   |                            ^^^^^^^     - use occurs due to use in closure
   |                            |
   |                            value used here after move
   |
   = note: consider using `Arc::clone`
help: consider cloning the value before moving it into the closure
   |
29 ~     let value = s.clone();
30 ~     let h2 = thread::spawn(move || w2(&value));
   |

For more information about this error, try `rustc --explain E0382`.
warning: `probe` (bin "probe") generated 3 warnings
error: could not compile `probe` (bin "probe") due to 2 previous errors; 3 warnings emitted
