{
  "attributes": [],
  "scope": "identity, channel-capacity attributes, and uncovered sync are separate; a conforming finite trace does not override a capacity conflict or an unknown capacity",
  "uncovered_sync": [],
  "unresolved": {},
  "verified": {
    "a_mutex0#900": {
      "cir": "main::a",
      "rule": "exact"
    },
    "b_mutex0#938": {
      "cir": "main::b",
      "rule": "exact"
    },
    "outer#1040": {
      "cir": "main::outer",
      "rule": "spawn-entry"
    },
    "x1#580": {
      "cir": "main::x1",
      "rule": "spawn-entry"
    },
    "x2#738": {
      "cir": "main::x2",
      "rule": "spawn-entry"
    }
  },
  "violated": {}
}
