{
  "attributes": [],
  "scope": "identity, channel-capacity attributes, and uncovered sync are separate; a conforming finite trace does not override a capacity conflict or an unknown capacity",
  "uncovered_sync": [],
  "unresolved": {
    "h1#139": {
      "entry": null,
      "reason": "thread entry is not unambiguous",
      "site": "139"
    },
    "h2#313": {
      "entry": null,
      "reason": "thread entry is not unambiguous",
      "site": "313"
    },
    "res_mutex0#87": {
      "candidates": [],
      "reason": "no structural evidence",
      "site": "87"
    }
  },
  "verified": {},
  "violated": {}
}
