   Compiling probe v0.1.0 (/Users/kevin/local-repos/ConcPlanVerify/experiments/strong-link-v28/replay-work/new/channel__bounded_backpressure_lock_held__deepseek-flash__G3_concir/proj)
warning: unused import: `Condvar`
 --> src/main.rs:2:30
  |
2 | use cir_trace::sync::{Mutex, Condvar};
  |                              ^^^^^^^
  |
  = note: `#[warn(unused_imports)]` (part of `#[warn(unused)]`) on by default

warning: unused import: `std::thread`
 --> src/main.rs:5:5
  |
5 | use std::thread;
  |     ^^^^^^^^^^^

warning: value assigned to `v1` is never read
  --> src/main.rs:19:18
   |
19 |     let mut v1 = 0;
   |                  ^ this value is reassigned later and never used
20 |     let mut v2 = 0;
21 |     cir_trace::record("channel_recv", "ch"); v1 = ch.recv().unwrap();
   |                                              ----------------------- `v1` is overwritten here before the previous value is read
   |
   = note: `#[warn(unused_assignments)]` (part of `#[warn(unused)]`) on by default

warning: value assigned to `v2` is never read
  --> src/main.rs:20:18
   |
20 |     let mut v2 = 0;
   |                  ^ this value is reassigned later and never used
21 |     cir_trace::record("channel_recv", "ch"); v1 = ch.recv().unwrap();
22 |     cir_trace::record("channel_recv", "ch"); v2 = ch.recv().unwrap();
   |                                              ----------------------- `v2` is overwritten here before the previous value is read

warning: `probe` (bin "probe") generated 4 warnings (run `cargo fix --bin "probe" -p probe` to apply 2 suggestions)
    Finished `dev` profile [unoptimized + debuginfo] target(s) in 0.15s
