{
  "attributes": [],
  "scope": "identity, channel-capacity attributes, and uncovered sync are separate; a conforming finite trace does not override a capacity conflict or an unknown capacity",
  "uncovered_sync": [],
  "unresolved": {},
  "verified": {
    "a_mutex0#658": {
      "cir": "main::a",
      "rule": "exact"
    },
    "b_mutex0#696": {
      "cir": "main::b",
      "rule": "exact"
    },
    "c_mutex0#734": {
      "cir": "main::c",
      "rule": "exact"
    },
    "d_mutex0#772": {
      "cir": "main::d",
      "rule": "exact"
    },
    "t1#854": {
      "cir": "main::t1",
      "rule": "spawn-entry"
    },
    "t2#968": {
      "cir": "main::t2",
      "rule": "spawn-entry"
    },
    "t3#1082": {
      "cir": "main::t3",
      "rule": "spawn-entry"
    },
    "t4#1196": {
      "cir": "main::t4",
      "rule": "spawn-entry"
    }
  },
  "violated": {}
}
