     Locking 1 package to highest compatible version
   Compiling concir_sync v0.1.0 (/Users/kevin/local-repos/ConcPlanVerify/runtime/concir_sync)
   Compiling probe v0.1.0 (/Users/kevin/local-repos/ConcPlanVerify/experiments/strong-link-v29-ablation/without_diagnostics/semaphore__permit_leak/gpt-6-luna/G3_concir/rep0/code/round-1/source-proj)
warning: value assigned to `work` is never read
 --> src/main.rs:8:5
  |
8 |     work = work + 1;
  |     ^^^^^^^^^^^^^^^
  |
  = help: maybe it is overwritten before being read?
  = note: `#[warn(unused_assignments)]` (part of `#[warn(unused)]`) on by default

warning: value assigned to `work` is never read
  --> src/main.rs:15:5
   |
15 |     work = work + 1;
   |     ^^^^^^^^^^^^^^^
   |
   = help: maybe it is overwritten before being read?

error[E0382]: the type `Arc` does not implement `Copy`
  --> src/main.rs:23:28
   |
20 |     let s = Semaphore::new(1);
   |         - this move could be avoided by cloning the original `Arc`, which is inexpensive
21 |
22 |     let t1 = thread::spawn(move || w1(s.clone()));
   |                            -------    - variable moved due to use in closure
   |                            |
   |                            value moved into closure here
23 |     let t2 = thread::spawn(move || w2(s.clone()));
   |                            ^^^^^^^    - use occurs due to use in closure
   |                            |
   |                            value used here after move
   |
   = note: consider using `Arc::clone`
help: consider cloning the value before moving it into the closure
   |
22 ~     let value = s.clone();
23 ~     let t1 = thread::spawn(move || w1(value.clone()));
   |

For more information about this error, try `rustc --explain E0382`.
warning: `probe` (bin "probe") generated 2 warnings
error: could not compile `probe` (bin "probe") due to 1 previous error; 2 warnings emitted
