{
  "attributes": [],
  "scope": "identity, channel-capacity attributes, and uncovered sync are separate; a conforming finite trace does not override a capacity conflict or an unknown capacity",
  "uncovered_sync": [],
  "unresolved": {
    "notifier#899": {
      "entry": null,
      "reason": "thread entry is not unambiguous",
      "site": "899"
    },
    "shared_condvar0#213": {
      "candidates": [],
      "reason": "no structural evidence",
      "site": "213"
    },
    "shared_mutex0#192": {
      "candidates": [],
      "reason": "no structural evidence",
      "site": "192"
    },
    "waiter#417": {
      "entry": null,
      "reason": "thread entry is not unambiguous",
      "site": "417"
    }
  },
  "verified": {},
  "violated": {}
}
