   Compiling probe v0.1.0 (/Users/kevin/local-repos/ConcPlanVerify/experiments/strong-link-v28/replay-work/old/lock-order__cross_module_cycle__deepseek-flash__G3_concir/proj)
warning: unused imports: `Condvar` and `Mutex`
 --> src/main.rs:2:23
  |
2 | use cir_trace::sync::{Mutex, Condvar};
  |                       ^^^^^  ^^^^^^^
  |
  = note: `#[warn(unused_imports)]` (part of `#[warn(unused)]`) on by default

warning: unused import: `std::thread`
 --> src/main.rs:3:5
  |
3 | use std::thread;
  |     ^^^^^^^^^^^

warning: value assigned to `work` is never read
  --> src/main.rs:16:29
   |
16 |         let mut work: i32 = 0;
   |                             ^ this value is reassigned later and never used
17 |         work = 1;
   |         -------- `work` is overwritten here before the previous value is read
   |
   = note: `#[warn(unused_assignments)]` (part of `#[warn(unused)]`) on by default

warning: value assigned to `work` is never read
  --> src/main.rs:37:29
   |
37 |         let mut work: i32 = 0;
   |                             ^ this value is reassigned later and never used
38 |         work = 1;
   |         -------- `work` is overwritten here before the previous value is read

warning: `probe` (bin "probe") generated 4 warnings (run `cargo fix --bin "probe" -p probe` to apply 2 suggestions)
    Finished `dev` profile [unoptimized + debuginfo] target(s) in 0.14s
