     Locking 1 package to highest compatible version
   Compiling concir_sync v0.1.0 (/Users/kevin/local-repos/ConcPlanVerify/runtime/concir_sync)
   Compiling probe v0.1.0 (/Users/kevin/local-repos/ConcPlanVerify/experiments/strong-link-v27-main/atomic-data__atomic_lost_update/gpt-6-luna/G3_concir/rep0/code/round-2/source-proj)
warning: static variable `c` should have an upper case name
 --> src/main.rs:4:8
  |
4 | static c: AtomicI32 = AtomicI32::new(0);
  |        ^
  |
  = note: `#[warn(non_upper_case_globals)]` (part of `#[warn(nonstandard_style)]`) on by default
help: convert the identifier to upper case (notice the capitalization)
  |
4 - static c: AtomicI32 = AtomicI32::new(0);
4 + static C: AtomicI32 = AtomicI32::new(0);
  |

warning: `probe` (bin "probe") generated 1 warning (run `cargo fix --bin "probe" -p probe` to apply 1 suggestion)
warning: unused dependency `concir_sync`
  --> Cargo.toml:11:1
   |
11 | concir_sync = { path = "/Users/kevin/local-repos/ConcPlanVerify/runtime/concir_sync" }
   | ^^^^^^^^^^^^^^^^^^^^^^^^^^^^^^^^^^^^^^^^^^^^^^^^^^^^^^^^^^^^^^^^^^^^^^^^^^^^^^^^^^^^^^
   |
   = note: `cargo::unused_dependencies` is set to `warn` by default
help: consider removing the dependency on `concir_sync`
warning: `probe` (manifest) generated 1 warning
    Finished `dev` profile [unoptimized + debuginfo] target(s) in 0.21s
