[  1/12] p1_same__main__a__r1                         not_executed           53ms
{
  "batch_id": "behavior-deadline",
  "batch_fingerprint": "fb35472823ef6b8342715e3e80fcafd9b20a602066d98bb4c5df95792af8877b",
  "binary_sha256": "65a8f633f986e890d2e4256700db3ab62c1ee3b69418af30e61531b3c96b62c6",
  "code_fingerprint": "de959ce581e29b8ce06c5831ab5250bbb101b494f89a0bef84348314664a56ab",
  "manifest": "/private/tmp/concir-pilot-v2-audit/workspace/experiments/pilot-v2/behavior/tiny_manifest.json",
  "suites": [
    "pilot"
  ],
  "planned": 12,
  "executed": 1,
  "reused": 0,
  "replay_recovered": 0,
  "not_executed": 11,
  "resume_mismatch": 0,
  "total_budget_s": 0.05,
  "search_timeout_s": 2,
  "replay_timeout_s": 2,
  "env_collection_ms": 81,
  "env_outside_budget": true,
  "resume": false,
  "results_dir": "/private/tmp/concir-pilot-v2-audit/workspace/experiments/pilot-v2/behavior/results/batches/behavior-deadline"
}
PASS  normal_repair_and_replay: repaired
PASS  nonzero_legal_artifact: no_acceptable_candidate exit=1
PASS  stale_success_not_masking: no_artifact
PASS  stdout_without_artifact: no_artifact
PASS  corrupt_json_artifact: json_error
PASS  spawn_error_structured: spawn_error
PASS  replay_failure_detected: tampered replay non-zero
PASS  duplicate_rerun_single_index: index=1
PASS  same_name_changed_value_distinct: 81a6ef72/440e7750
PASS  resume_refuses_incomplete: good=True missing=artifact-missing timeout=timeout replay_to=status=replay_timeout
PASS  tiny_budget_hard_deadline: elapsed=0.146s full_sleep=False
behavior regression passed
