{
  "batches": [
    {
      "batch": "heavy-v2",
      "records": 3,
      "unique_attempt_dirs": 3,
      "outcomes": {
        "repaired": 2,
        "no_acceptable_candidate": 1
      }
    },
    {
      "batch": "matrix-v2",
      "records": 12,
      "unique_attempt_dirs": 12,
      "outcomes": {
        "FAIL": 11,
        "UNKNOWN": 1
      }
    },
    {
      "batch": "pilot-v2",
      "records": 180,
      "unique_attempt_dirs": 180,
      "outcomes": {
        "analysis_unknown": 12,
        "repaired": 72,
        "budget_exhausted": 26,
        "no_acceptable_candidate": 54,
        "already_satisfied": 12,
        "search_timeout": 4
      }
    },
    {
      "batch": "smoke-v2",
      "records": 24,
      "unique_attempt_dirs": 24,
      "outcomes": {
        "no_acceptable_candidate": 11,
        "repaired": 7,
        "already_satisfied": 3,
        "budget_exhausted": 3
      }
    }
  ],
  "paired": {
    "pairs": 60,
    "both_repaired": 30,
    "r1_both": 12,
    "b": {
      "verification_calls": 150,
      "states_explored": 480602,
      "wall_ms": 14213
    },
    "c": {
      "verification_calls": 132,
      "states_explored": 385814,
      "wall_ms": 11318
    }
  },
  "auditor_issues": [],
  "identity_checks": 57
}
replay p1_cross_shared pilot 0 0.005
replay p2_cross_shared pilot 0 0.377
replay p2_interf pilot 0 3.369
replay e_module_order pilot 0 0.42
replay c_scope_restricted pilot 0 0.004
replay c_preserved_unsatisfiable pilot 0 0.005
replay c_bounds_unknown pilot 0 0.004
replay c_already_correct pilot 0 0.003
replay p3_same heavy 0 88.152
