     Locking 1 package to highest compatible version
   Compiling concir_sync v0.1.0 (/Users/kevin/local-repos/ConcPlanVerify/runtime/concir_sync)
   Compiling probe v0.1.0 (/Users/kevin/local-repos/ConcPlanVerify/experiments/evidence-20260925/g3-code-v4/composer-2.5/cells/semaphore__acquire_twice_no_release/code/round-1/proj)
warning: unused import: `std::thread`
 --> src/main.rs:4:5
  |
4 | use std::thread;
  |     ^^^^^^^^^^^
  |
  = note: `#[warn(unused_imports)]` (part of `#[warn(unused)]`) on by default

warning: value assigned to `work` is never read
  --> src/main.rs:7:20
   |
 7 |     let mut work = 0;
   |                    ^ this value is reassigned later and never used
...
10 |         work = 1;
   |         -------- `work` is overwritten here before the previous value is read
   |
   = note: `#[warn(unused_assignments)]` (part of `#[warn(unused)]`) on by default

warning: value assigned to `work` is never read
  --> src/main.rs:10:9
   |
10 |         work = 1;
   |         ^^^^^^^^ this value is reassigned later and never used
...
14 |         work = 2;
   |         -------- `work` is overwritten here before the previous value is read

warning: value assigned to `work` is never read
  --> src/main.rs:20:20
   |
20 |     let mut work = 0;
   |                    ^ this value is reassigned later and never used
...
23 |         work = 1;
   |         -------- `work` is overwritten here before the previous value is read

warning: value assigned to `work` is never read
  --> src/main.rs:23:9
   |
23 |         work = 1;
   |         ^^^^^^^^ this value is reassigned later and never used
...
27 |         work = 2;
   |         -------- `work` is overwritten here before the previous value is read

warning: `probe` (bin "probe") generated 5 warnings (run `cargo fix --bin "probe" -p probe` to apply 1 suggestion)
    Finished `dev` profile [unoptimized + debuginfo] target(s) in 0.25s
