     Locking 1 package to highest compatible version
   Compiling concir_sync v0.1.0 (/Users/kevin/local-repos/ConcPlanVerify/runtime/concir_sync)
   Compiling probe v0.1.0 (/Users/kevin/local-repos/ConcPlanVerify/experiments/evidence-20260925/g3-code-v4/composer-2.5/cells/semaphore__acquire_twice_no_release/code/round-1/source-proj)
warning: value assigned to `work` is never read
 --> src/main.rs:6:20
  |
6 |     let mut work = 0;
  |                    ^ this value is reassigned later and never used
...
9 |         work = 1;
  |         -------- `work` is overwritten here before the previous value is read
  |
  = note: `#[warn(unused_assignments)]` (part of `#[warn(unused)]`) on by default

warning: value assigned to `work` is never read
  --> src/main.rs:9:9
   |
 9 |         work = 1;
   |         ^^^^^^^^ this value is reassigned later and never used
...
13 |         work = 2;
   |         -------- `work` is overwritten here before the previous value is read

warning: value assigned to `work` is never read
  --> src/main.rs:19:20
   |
19 |     let mut work = 0;
   |                    ^ this value is reassigned later and never used
...
22 |         work = 1;
   |         -------- `work` is overwritten here before the previous value is read

warning: value assigned to `work` is never read
  --> src/main.rs:22:9
   |
22 |         work = 1;
   |         ^^^^^^^^ this value is reassigned later and never used
...
26 |         work = 2;
   |         -------- `work` is overwritten here before the previous value is read

warning: `probe` (bin "probe") generated 4 warnings
    Finished `dev` profile [unoptimized + debuginfo] target(s) in 0.21s
