{
  "attributes": [
    {
      "construction_site": "621",
      "evidence": "param_from_call",
      "expected": "rendezvous",
      "expected_capacity": 0,
      "observed": "rendezvous",
      "observed_capacity": 0,
      "reason": "source rendezvous matches CIR rendezvous",
      "resource_id": "main::ch1",
      "runtime": "ch1_rx",
      "status": "match"
    },
    {
      "construction_site": "621",
      "evidence": "param_from_call",
      "expected": "rendezvous",
      "expected_capacity": 0,
      "observed": "rendezvous",
      "observed_capacity": 0,
      "reason": "source rendezvous matches CIR rendezvous",
      "resource_id": "main::ch1",
      "runtime": "ch1_tx",
      "status": "match"
    },
    {
      "construction_site": "665",
      "evidence": "param_from_call",
      "expected": "rendezvous",
      "expected_capacity": 0,
      "observed": "rendezvous",
      "observed_capacity": 0,
      "reason": "source rendezvous matches CIR rendezvous",
      "resource_id": "main::ch2",
      "runtime": "ch2_rx",
      "status": "match"
    },
    {
      "construction_site": "665",
      "evidence": "param_from_call",
      "expected": "rendezvous",
      "expected_capacity": 0,
      "observed": "rendezvous",
      "observed_capacity": 0,
      "reason": "source rendezvous matches CIR rendezvous",
      "resource_id": "main::ch2",
      "runtime": "ch2_tx",
      "status": "match"
    }
  ],
  "scope": "identity, channel-capacity attributes, and uncovered sync are separate; a conforming finite trace does not override a capacity conflict or an unknown capacity",
  "uncovered_sync": [],
  "unresolved": {},
  "verified": {
    "ch1_rx": {
      "cir": "main::ch1",
      "rule": "channel-name"
    },
    "ch1_tx": {
      "cir": "main::ch1",
      "rule": "channel-name"
    },
    "ch2_rx": {
      "cir": "main::ch2",
      "rule": "channel-name"
    },
    "ch2_tx": {
      "cir": "main::ch2",
      "rule": "channel-name"
    },
    "r#815": {
      "cir": "main::r",
      "rule": "spawn-entry"
    },
    "s#745": {
      "cir": "main::s",
      "rule": "spawn-entry"
    },
    "shared_lock_mutex0#584": {
      "cir": "main::shared_lock",
      "rule": "exact"
    }
  },
  "violated": {}
}
