{
  "attributes": [],
  "scope": "identity, channel-capacity attributes, and uncovered sync are separate; a conforming finite trace does not override a capacity conflict or an unknown capacity",
  "uncovered_sync": [],
  "unresolved": {
    "t1#299": {
      "entry": null,
      "reason": "thread entry is not unambiguous",
      "site": "299"
    },
    "t2#511": {
      "entry": null,
      "reason": "thread entry is not unambiguous",
      "site": "511"
    },
    "t3#723": {
      "entry": null,
      "reason": "thread entry is not unambiguous",
      "site": "723"
    },
    "t4#935": {
      "entry": null,
      "reason": "thread entry is not unambiguous",
      "site": "935"
    }
  },
  "verified": {
    "a_mutex0#87": {
      "cir": "main::a",
      "rule": "exact"
    },
    "b_mutex0#125": {
      "cir": "main::b",
      "rule": "exact"
    },
    "c_mutex0#163": {
      "cir": "main::c",
      "rule": "exact"
    },
    "d_mutex0#201": {
      "cir": "main::d",
      "rule": "exact"
    }
  },
  "violated": {}
}
