{
  "attributes": [
    {
      "construction_site": null,
      "evidence": "absent",
      "expected": "semaphore_initial",
      "expected_capacity": 1,
      "observed": null,
      "observed_capacity": null,
      "reason": "no used semaphore construction is bound to this CIR resource",
      "resource_id": "main::s",
      "runtime": null,
      "status": "unknown"
    }
  ],
  "scope": "identity, channel-capacity attributes, and uncovered sync are separate; a conforming finite trace does not override a capacity conflict or an unknown capacity",
  "uncovered_sync": [],
  "unresolved": {
    "available#1093": {
      "candidates": [],
      "reason": "no structural evidence",
      "site": "1093"
    },
    "permits#1057": {
      "candidates": [],
      "reason": "no structural evidence",
      "site": "1057"
    }
  },
  "verified": {
    "w1#1169": {
      "cir": "main::w1",
      "rule": "spawn-entry"
    },
    "w2#1265": {
      "cir": "main::w2",
      "rule": "spawn-entry"
    }
  },
  "violated": {}
}
