     Locking 1 package to highest compatible version
   Compiling concir_sync v0.1.0 (/Users/kevin/local-repos/ConcPlanVerify/runtime/concir_sync)
   Compiling probe v0.1.0 (/Users/kevin/local-repos/ConcPlanVerify/experiments/g3-rootcause-v1/pilot-20260926T230952-gpt6luna/GPT 6 Luna/lock-order__abba_2lock/rep0/code/round-1/source-proj)
warning: variable `work` is assigned to, but never used
 --> src/main.rs:7:9
  |
7 |     let mut work = 0;
  |         ^^^^^^^^
  |
  = note: consider using `_work` instead
  = note: `#[warn(unused_variables)]` (part of `#[warn(unused)]`) on by default

warning: value assigned to `work` is never read
 --> src/main.rs:8:5
  |
8 |     work = 1;
  |     ^^^^^^^^
  |
  = help: maybe it is overwritten before being read?
  = note: `#[warn(unused_assignments)]` (part of `#[warn(unused)]`) on by default

warning: variable `work` is assigned to, but never used
  --> src/main.rs:16:9
   |
16 |     let mut work = 0;
   |         ^^^^^^^^
   |
   = note: consider using `_work` instead

warning: value assigned to `work` is never read
  --> src/main.rs:17:5
   |
17 |     work = 1;
   |     ^^^^^^^^
   |
   = help: maybe it is overwritten before being read?

warning: `probe` (bin "probe") generated 4 warnings
warning: unused dependency `concir_sync`
  --> Cargo.toml:11:1
   |
11 | concir_sync = { path = "/Users/kevin/local-repos/ConcPlanVerify/runtime/concir_sync" }
   | ^^^^^^^^^^^^^^^^^^^^^^^^^^^^^^^^^^^^^^^^^^^^^^^^^^^^^^^^^^^^^^^^^^^^^^^^^^^^^^^^^^^^^^
   |
   = note: `cargo::unused_dependencies` is set to `warn` by default
help: consider removing the dependency on `concir_sync`
warning: `probe` (manifest) generated 1 warning
    Finished `dev` profile [unoptimized + debuginfo] target(s) in 0.26s
