{
  "attributes": [
    {
      "construction_site": null,
      "evidence": "absent",
      "expected": "bounded",
      "expected_capacity": 1,
      "observed": null,
      "observed_capacity": null,
      "reason": "no single traced construction for this endpoint",
      "resource_id": "main::ch",
      "runtime": "ch_rx",
      "status": "unknown"
    },
    {
      "construction_site": null,
      "evidence": "absent",
      "expected": "bounded",
      "expected_capacity": 1,
      "observed": null,
      "observed_capacity": null,
      "reason": "no single traced construction for this endpoint",
      "resource_id": "main::ch",
      "runtime": "ch_tx",
      "status": "unknown"
    }
  ],
  "scope": "identity, channel-capacity attributes, and uncovered sync are separate; a conforming finite trace does not override a capacity conflict or an unknown capacity",
  "uncovered_sync": [],
  "unresolved": {
    "receiver#1049": {
      "entry": null,
      "reason": "thread entry is not unambiguous",
      "site": "1049"
    },
    "sender#401": {
      "entry": null,
      "reason": "thread entry is not unambiguous",
      "site": "401"
    }
  },
  "verified": {
    "ch_rx": {
      "cir": "main::ch",
      "rule": "channel-name"
    },
    "ch_tx": {
      "cir": "main::ch",
      "rule": "channel-name"
    },
    "m_mutex0#254": {
      "cir": "main::m",
      "rule": "exact"
    }
  },
  "violated": {}
}
