     Locking 1 package to highest compatible version
   Compiling concir_sync v0.1.0 (/Users/kevin/local-repos/ConcPlanVerify/runtime/concir_sync)
   Compiling probe v0.1.0 (/Users/kevin/local-repos/ConcPlanVerify/experiments/multimodel-v1/pilot-20260926T185711-kimi/Kimi/semaphore__permit_leak/rep0/code/round-1/source-proj)
warning: value assigned to `work` is never read
 --> src/main.rs:5:20
  |
5 |     let mut work = 0;
  |                    ^ this value is reassigned later and never used
6 |     work = 1;
  |     -------- `work` is overwritten here before the previous value is read
  |
  = note: `#[warn(unused_assignments)]` (part of `#[warn(unused)]`) on by default

warning: value assigned to `work` is never read
  --> src/main.rs:13:20
   |
13 |     let mut work = 0;
   |                    ^ this value is reassigned later and never used
14 |     work = 2;
   |     -------- `work` is overwritten here before the previous value is read

warning: `probe` (bin "probe") generated 2 warnings
    Finished `dev` profile [unoptimized + debuginfo] target(s) in 0.23s
