{
  "attributes": [],
  "scope": "identity, channel-capacity attributes, and uncovered sync are separate; a conforming finite trace does not override a capacity conflict or an unknown capacity",
  "uncovered_sync": [],
  "unresolved": {
    "h1#332": {
      "entry": null,
      "reason": "thread entry is not unambiguous",
      "site": "332"
    },
    "h2#584": {
      "entry": null,
      "reason": "thread entry is not unambiguous",
      "site": "584"
    }
  },
  "verified": {
    "a_mutex0#154": {
      "cir": "main::a",
      "rule": "exact"
    },
    "b_mutex0#192": {
      "cir": "main::b",
      "rule": "exact"
    }
  },
  "violated": {}
}
