     Locking 1 package to highest compatible version
   Compiling concir_sync v0.1.0 (/Users/kevin/local-repos/ConcPlanVerify/runtime/concir_sync)
   Compiling probe v0.1.0 (/Users/kevin/local-repos/ConcPlanVerify/experiments/strong-link-v27-main/semaphore__acquire_twice_no_release/gpt-6-luna/G3_concir/rep2/code/round-1/proj)
warning: unused import: `std::thread`
 --> src/main.rs:4:5
  |
4 | use std::thread;
  |     ^^^^^^^^^^^
  |
  = note: `#[warn(unused_imports)]` (part of `#[warn(unused)]`) on by default

warning: variable `work` is assigned to, but never used
 --> src/main.rs:7:9
  |
7 |     let mut work = 0;
  |         ^^^^^^^^
  |
  = note: consider using `_work` instead
  = note: `#[warn(unused_variables)]` (part of `#[warn(unused)]`) on by default

warning: value assigned to `work` is never read
  --> src/main.rs:10:5
   |
10 |     work += 1;
   |     ^^^^^^^^^ this value is reassigned later and never used
...
14 |     work += 1;
   |     --------- `work` is overwritten here before the previous value is read
   |
   = note: `#[warn(unused_assignments)]` (part of `#[warn(unused)]`) on by default

warning: value assigned to `work` is never read
  --> src/main.rs:14:5
   |
14 |     work += 1;
   |     ^^^^^^^^^
   |
   = help: maybe it is overwritten before being read?

warning: variable `work` is assigned to, but never used
  --> src/main.rs:19:9
   |
19 |     let mut work = 0;
   |         ^^^^^^^^
   |
   = note: consider using `_work` instead

warning: value assigned to `work` is never read
  --> src/main.rs:22:5
   |
22 |     work += 1;
   |     ^^^^^^^^^ this value is reassigned later and never used
...
26 |     work += 1;
   |     --------- `work` is overwritten here before the previous value is read

warning: value assigned to `work` is never read
  --> src/main.rs:26:5
   |
26 |     work += 1;
   |     ^^^^^^^^^
   |
   = help: maybe it is overwritten before being read?

warning: `probe` (bin "probe") generated 7 warnings (run `cargo fix --bin "probe" -p probe` to apply 1 suggestion)
    Finished `dev` profile [unoptimized + debuginfo] target(s) in 0.33s
