     Locking 1 package to highest compatible version
   Compiling concir_sync v0.1.0 (/Users/kevin/local-repos/ConcPlanVerify/runtime/concir_sync)
   Compiling probe v0.1.0 (/Users/kevin/local-repos/ConcPlanVerify/experiments/multimodel-v1/pilot-20260926T185711-gpt6luna/GPT 6 Luna/atomic-data__bounded_counter_invariant/rep0/code/round-1/proj)
warning: unused import: `Condvar`
 --> src/main.rs:2:30
  |
2 | use cir_trace::sync::{Mutex, Condvar};
  |                              ^^^^^^^
  |
  = note: `#[warn(unused_imports)]` (part of `#[warn(unused)]`) on by default

warning: static variable `m` should have an upper case name
 --> src/main.rs:9:8
  |
9 | static m: Mutex<Counter> = Mutex::new_named("m_mutex0", Counter { c: 0 });
  |        ^
  |
  = note: `#[warn(non_upper_case_globals)]` (part of `#[warn(nonstandard_style)]`) on by default
help: convert the identifier to upper case
  |
9 - static m: Mutex<Counter> = Mutex::new_named("m_mutex0", Counter { c: 0 });
9 + static M: Mutex<Counter> = Mutex::new_named("m_mutex0", Counter { c: 0 });
  |

warning: `probe` (bin "probe") generated 2 warnings (run `cargo fix --bin "probe" -p probe` to apply 2 suggestions)
    Finished `dev` profile [unoptimized + debuginfo] target(s) in 0.28s
