{
  "binary_sha256": "21c30dd62c22c468ed164d293633b38c9879c7be0322fbbd1dd5546899d5aed9",
  "bounded": true,
  "events": 570,
  "git_rev": "a35dc867d6327c772d48bd7c0473a6606fcc467a",
  "properties": [
    {
      "detail": "decided by behavior (hang/timeout) and Miri",
      "id": "no-deadlock",
      "kind": "deadlock_free",
      "req": [
        "R6",
        "R7"
      ],
      "source": "properties",
      "status": "deferred"
    },
    {
      "id": "ready-set",
      "kind": "reachability",
      "req": [
        "R3",
        "R4",
        "R8",
        "R9"
      ],
      "source": "properties",
      "status": "PASS_bounded"
    },
    {
      "id": "main::waiter completes",
      "kind": "reachable",
      "req": [
        "R1",
        "R4",
        "R5",
        "R6",
        "R7",
        "R9"
      ],
      "source": "preserved",
      "status": "PASS_bounded"
    },
    {
      "id": "main::notifier completes",
      "kind": "reachable",
      "req": [
        "R1",
        "R3",
        "R7"
      ],
      "source": "preserved",
      "status": "PASS_bounded"
    },
    {
      "id": "main::ready == True",
      "kind": "reachable",
      "req": [
        "R3",
        "R8"
      ],
      "source": "preserved",
      "status": "PASS_bounded"
    }
  ],
  "resource_map": {
    "cv_condvar0#123": null,
    "m_mutex0#79": "main::m",
    "notifier#384": "main::notifier",
    "waiter#232": "main::waiter"
  },
  "status": "ok",
  "traces": 32,
  "unmapped_resources": [
    "cv_condvar0#123"
  ]
}
