{
  "attributes": [],
  "scope": "identity, channel-capacity attributes, and uncovered sync are separate; a conforming finite trace does not override a capacity conflict or an unknown capacity",
  "uncovered_sync": [],
  "unresolved": {
    "notifier_handle#201": {
      "entry": null,
      "reason": "thread entry is not unambiguous",
      "site": "201"
    },
    "ready_condvar0#122": {
      "candidates": [],
      "reason": "no structural evidence",
      "site": "122"
    },
    "ready_mutex0#101": {
      "candidates": [],
      "reason": "no structural evidence",
      "site": "101"
    },
    "waiter_handle#496": {
      "entry": null,
      "reason": "thread entry is not unambiguous",
      "site": "496"
    }
  },
  "verified": {},
  "violated": {}
}
