{
  "attributes": [],
  "scope": "identity, channel-capacity attributes, and uncovered sync are separate; a conforming finite trace does not override a capacity conflict or an unknown capacity",
  "uncovered_sync": [],
  "unresolved": {},
  "verified": {
    "cv#522": {
      "cir": "main::cv",
      "rule": "exact"
    },
    "m#489": {
      "cir": "main::m",
      "rule": "exact"
    },
    "notifier#710": {
      "cir": "main::notifier",
      "rule": "spawn-entry"
    },
    "waiter#643": {
      "cir": "main::waiter",
      "rule": "spawn-entry"
    }
  },
  "violated": {}
}
