{
  "attributes": [],
  "scope": "identity, channel-capacity attributes, and uncovered sync are separate; a conforming finite trace does not override a capacity conflict or an unknown capacity",
  "uncovered_sync": [],
  "unresolved": {
    "m_mutex0#1534": {
      "candidates": [],
      "reason": "no structural evidence",
      "site": "1534"
    }
  },
  "verified": {
    "c": {
      "cir": "main::c",
      "rule": "exact"
    },
    "w1#1681": {
      "cir": "main::w1",
      "rule": "spawn-entry"
    },
    "w2#1810": {
      "cir": "main::w2",
      "rule": "spawn-entry"
    }
  },
  "violated": {}
}
