{
  "attributes": [
    {
      "construction_site": "997",
      "evidence": "literal_initial",
      "expected": "semaphore_initial",
      "expected_capacity": 0,
      "observed": 1,
      "observed_capacity": 1,
      "reason": "initial count of the used construction differs from the CIR",
      "resource_id": "main::sa",
      "runtime": "sa_semaphore0#997",
      "status": "mismatch"
    },
    {
      "construction_site": "1029",
      "evidence": "literal_initial",
      "expected": "semaphore_initial",
      "expected_capacity": 0,
      "observed": 1,
      "observed_capacity": 1,
      "reason": "initial count of the used construction differs from the CIR",
      "resource_id": "main::sb",
      "runtime": "sb_semaphore0#1029",
      "status": "mismatch"
    }
  ],
  "scope": "identity, channel-capacity attributes, and uncovered sync are separate; a conforming finite trace does not override a capacity conflict or an unknown capacity",
  "uncovered_sync": [],
  "unresolved": {
    "a_lock_mutex0#917": {
      "candidates": [],
      "reason": "no structural evidence",
      "site": "917"
    },
    "b_lock_mutex0#963": {
      "candidates": [],
      "reason": "no structural evidence",
      "site": "963"
    }
  },
  "verified": {
    "a#1193": {
      "cir": "main::a",
      "rule": "spawn-entry"
    },
    "b#1405": {
      "cir": "main::b",
      "rule": "spawn-entry"
    },
    "bystander#1477": {
      "cir": "main::bystander",
      "rule": "spawn-entry"
    },
    "sa_semaphore0#997": {
      "cir": "main::sa",
      "rule": "used-construction"
    },
    "sb_semaphore0#1029": {
      "cir": "main::sb",
      "rule": "used-construction"
    }
  },
  "violated": {}
}
