{
  "attributes": [],
  "scope": "identity, channel-capacity attributes, and uncovered sync are separate; a conforming finite trace does not override a capacity conflict or an unknown capacity",
  "uncovered_sync": [],
  "unresolved": {
    "done_mutex0#545": {
      "candidates": [],
      "reason": "no structural evidence",
      "site": "545"
    },
    "lock_mutex0#426": {
      "candidates": [],
      "reason": "no structural evidence",
      "site": "426"
    },
    "r#1650": {
      "entry": null,
      "reason": "thread entry is not unambiguous",
      "site": "1650"
    },
    "rx1": {
      "reason": "channel endpoint has no channel token",
      "site": null
    },
    "rx2": {
      "reason": "channel endpoint has no channel token",
      "site": null
    },
    "s#782": {
      "entry": null,
      "reason": "thread entry is not unambiguous",
      "site": "782"
    },
    "tx1": {
      "reason": "channel endpoint has no channel token",
      "site": null
    },
    "tx2": {
      "reason": "channel endpoint has no channel token",
      "site": null
    }
  },
  "verified": {},
  "violated": {}
}
