     Locking 1 package to highest compatible version
   Compiling concir_sync v0.1.0 (/Users/kevin/local-repos/ConcPlanVerify/runtime/concir_sync)
   Compiling probe v0.1.0 (/Users/kevin/local-repos/ConcPlanVerify/experiments/evidence-20260925/mutation-g3/work/semaphore/double_release/proj)
warning: unused import: `std::thread`
 --> src/main.rs:4:5
  |
4 | use std::thread;
  |     ^^^^^^^^^^^
  |
  = note: `#[warn(unused_imports)]` (part of `#[warn(unused)]`) on by default

error[E0382]: use of moved value: `permit`
  --> src/main.rs:8:23
   |
 7 |     let permit = s.acquire();
   |         ------ move occurs because `permit` has type `Permit<'_>`, which does not implement the `Copy` trait
 8 |     permit.release(); permit.release();
   |            ---------  ^^^^^^ value used here after move
   |            |
   |            `permit` moved due to this method call
   |
note: `concir_sync::Permit::<'a>::release` takes ownership of the receiver `self`, which moves `permit`
  --> /Users/kevin/local-repos/ConcPlanVerify/runtime/concir_sync/src/lib.rs:80:20
   |
80 |     pub fn release(self) {}
   |                    ^^^^

For more information about this error, try `rustc --explain E0382`.
warning: `probe` (bin "probe") generated 1 warning
error: could not compile `probe` (bin "probe") due to 1 previous error; 1 warning emitted
