{
  "binary_sha256": "bc4ea47ef9841b62637faef926ef94804b92a95c3ab39ee690f0e2cf08681e47",
  "bounded": true,
  "events": 1056,
  "git_rev": "a35dc867d6327c772d48bd7c0473a6606fcc467a",
  "properties": [
    {
      "detail": "decided by behavior (hang/timeout) and Miri",
      "id": "no-deadlock",
      "kind": "deadlock_free",
      "req": [
        "R6",
        "R9",
        "R10",
        "R11"
      ],
      "source": "properties",
      "status": "deferred"
    },
    {
      "id": "a-completes",
      "kind": "always_reachable",
      "req": [
        "R6",
        "R7",
        "R11"
      ],
      "source": "properties",
      "status": "PASS_bounded"
    },
    {
      "id": "b-completes",
      "kind": "always_reachable",
      "req": [
        "R6",
        "R8",
        "R11"
      ],
      "source": "properties",
      "status": "PASS_bounded"
    },
    {
      "id": "main::a completes",
      "kind": "reachable",
      "req": [
        "R1",
        "R7",
        "R11"
      ],
      "source": "preserved",
      "status": "PASS_bounded"
    },
    {
      "id": "main::b completes",
      "kind": "reachable",
      "req": [
        "R1",
        "R8",
        "R11"
      ],
      "source": "preserved",
      "status": "PASS_bounded"
    },
    {
      "detail": "resource main::a not observed",
      "id": "main::a holds [main::a, main::b] at once",
      "kind": "reachable",
      "req": [
        "R3",
        "R4",
        "R5"
      ],
      "source": "preserved",
      "status": "unmapped"
    },
    {
      "detail": "resource main::a not observed",
      "id": "main::b holds [main::a, main::b] at once",
      "kind": "reachable",
      "req": [
        "R3",
        "R4",
        "R5"
      ],
      "source": "preserved",
      "status": "unmapped"
    }
  ],
  "resource_map": {
    "a#1364": "main::a",
    "b#1566": "main::b",
    "bystander#1643": null,
    "lock_a_mutex0#950": null,
    "lock_b_mutex0#992": null,
    "sa_semaphore0#1071": null,
    "sb_semaphore0#1149": null
  },
  "status": "ok",
  "traces": 32,
  "unmapped_resources": [
    "bystander#1643",
    "lock_a_mutex0#950",
    "lock_b_mutex0#992",
    "sa_semaphore0#1071",
    "sb_semaphore0#1149"
  ]
}
