{
  "attributes": [],
  "scope": "identity, channel-capacity attributes, and uncovered sync are separate; a conforming finite trace does not override a capacity conflict or an unknown capacity",
  "uncovered_sync": [],
  "unresolved": {
    "receiver#1530": {
      "entry": null,
      "reason": "thread entry is not unambiguous",
      "site": "1530"
    },
    "rx": {
      "reason": "channel endpoint has no channel token",
      "site": null
    },
    "sender#892": {
      "entry": null,
      "reason": "thread entry is not unambiguous",
      "site": "892"
    },
    "tx": {
      "reason": "channel endpoint has no channel token",
      "site": null
    }
  },
  "verified": {
    "m_mutex0#730": {
      "cir": "main::m",
      "rule": "exact"
    }
  },
  "violated": {}
}
