{
  "analysis_started": true,
  "assumptions": {
    "no_spurious_wakeups": true,
    "sequential_consistency": true
  },
  "binary_sha256": "21c30dd62c22c468ed164d293633b38c9879c7be0322fbbd1dd5546899d5aed9",
  "boundary_events": [],
  "bounds": {
    "max_boundary_events": 256,
    "max_depth": 64,
    "max_frames_per_thread": 8,
    "max_states": 20000,
    "max_threads": 8
  },
  "complete": true,
  "contract_fingerprint": "e4d5b4c2fb924ff4",
  "diagnostics": [],
  "git_rev": "a35dc867d6327c772d48bd7c0473a6606fcc467a",
  "invalid": [],
  "model_fingerprint": "53b6e8bca46cf94b",
  "outcome": "PASS",
  "properties": [
    {
      "detail": "no deadlock state reachable",
      "id": "no-deadlock",
      "outcome": "PASS"
    },
    {
      "detail": "every reachable state can reach the goal",
      "id": "a-completes",
      "outcome": "PASS"
    },
    {
      "detail": "every reachable state can reach the goal",
      "id": "b-completes",
      "outcome": "PASS"
    },
    {
      "detail": "preserved reachability: completed(f1)",
      "id": "preserved: main::a completes",
      "outcome": "PASS"
    },
    {
      "detail": "preserved reachability: completed(f2)",
      "id": "preserved: main::b completes",
      "outcome": "PASS"
    },
    {
      "detail": "preserved reachability: holds_all(f1, [r0, r1])",
      "id": "preserved: main::a holds [main::a, main::b] at once",
      "outcome": "PASS"
    },
    {
      "detail": "preserved reachability: holds_all(f2, [r0, r1])",
      "id": "preserved: main::b holds [main::a, main::b] at once",
      "outcome": "PASS"
    }
  ],
  "states_explored": 149,
  "transitions_explored": 365,
  "unsupported": []
}
