{
  "attributes": [],
  "scope": "identity, channel-capacity attributes, and uncovered sync are separate; a conforming finite trace does not override a capacity conflict or an unknown capacity",
  "uncovered_sync": [],
  "unresolved": {
    "notifier#948": {
      "entry": null,
      "reason": "thread entry is not unambiguous",
      "site": "948"
    },
    "shared_condvar0#260": {
      "candidates": [],
      "reason": "no structural evidence",
      "site": "260"
    },
    "shared_mutex0#239": {
      "candidates": [],
      "reason": "no structural evidence",
      "site": "239"
    },
    "waiter#448": {
      "entry": null,
      "reason": "thread entry is not unambiguous",
      "site": "448"
    }
  },
  "verified": {},
  "violated": {}
}
