{
  "attributes": [],
  "scope": "identity, channel-capacity attributes, and uncovered sync are separate; a conforming finite trace does not override a capacity conflict or an unknown capacity",
  "uncovered_sync": [],
  "unresolved": {
    "t1#283": {
      "entry": null,
      "reason": "thread entry is not unambiguous",
      "site": "283"
    },
    "t2#540": {
      "entry": null,
      "reason": "thread entry is not unambiguous",
      "site": "540"
    },
    "t3#797": {
      "entry": null,
      "reason": "thread entry is not unambiguous",
      "site": "797"
    },
    "t4#1054": {
      "entry": null,
      "reason": "thread entry is not unambiguous",
      "site": "1054"
    }
  },
  "verified": {
    "a_mutex0#87": {
      "cir": "main::a",
      "rule": "exact"
    },
    "b_mutex0#125": {
      "cir": "main::b",
      "rule": "exact"
    },
    "c_mutex0#163": {
      "cir": "main::c",
      "rule": "exact"
    },
    "d_mutex0#201": {
      "cir": "main::d",
      "rule": "exact"
    }
  },
  "violated": {}
}
