{
  "attributes": [],
  "scope": "identity, channel-capacity attributes, and uncovered sync are separate; a conforming finite trace does not override a capacity conflict or an unknown capacity",
  "uncovered_sync": [],
  "unresolved": {
    "c_mutex0#127": {
      "candidates": [],
      "reason": "no structural evidence",
      "site": "127"
    },
    "w1#211": {
      "entry": null,
      "reason": "thread entry is not unambiguous",
      "site": "211"
    },
    "w2#453": {
      "entry": null,
      "reason": "thread entry is not unambiguous",
      "site": "453"
    }
  },
  "verified": {
    "m_mutex0#87": {
      "cir": "main::m",
      "rule": "exact"
    }
  },
  "violated": {}
}
