     Locking 1 package to highest compatible version
   Compiling concir_sync v0.1.0 (/Users/kevin/local-repos/ConcPlanVerify/runtime/concir_sync)
   Compiling probe v0.1.0 (/Users/kevin/local-repos/ConcPlanVerify/experiments/evidence-20260925/reeval/work/rep0/structure__worker_with_payload/G0_direct/oracle)
warning: unused import: `Condvar`
 --> src/main.rs:2:30
  |
2 | use cir_trace::sync::{Mutex, Condvar};
  |                              ^^^^^^^
  |
  = note: `#[warn(unused_imports)]` (part of `#[warn(unused)]`) on by default

warning: unused import: `std::thread`
 --> src/main.rs:4:5
  |
4 | use std::thread;
  |     ^^^^^^^^^^^

error[E0689]: can't call method `wrapping_add` on ambiguous numeric type `{integer}`
 --> src/main.rs:9:15
  |
9 |         x = x.wrapping_add(i);
  |               ^^^^^^^^^^^^
  |
help: you must specify a type for this binding, like `i32`
  |
7 |     let mut x: i32 = 0;
  |              +++++

For more information about this error, try `rustc --explain E0689`.
warning: `probe` (bin "probe") generated 2 warnings
error: could not compile `probe` (bin "probe") due to 1 previous error; 2 warnings emitted
