     Locking 1 package to highest compatible version
   Compiling concir_sync v0.1.0 (/Users/kevin/local-repos/ConcPlanVerify/runtime/concir_sync)
   Compiling probe v0.1.0 (/Users/kevin/local-repos/ConcPlanVerify/experiments/evidence-20260925/reeval/work/rep0/structure__worker_with_payload/G0_direct/original)
error[E0689]: can't call method `wrapping_add` on ambiguous numeric type `{integer}`
 --> src/main.rs:7:15
  |
7 |         x = x.wrapping_add(i);
  |               ^^^^^^^^^^^^
  |
help: you must specify a type for this binding, like `i32`
  |
5 |     let mut x: i32 = 0;
  |              +++++

For more information about this error, try `rustc --explain E0689`.
error: could not compile `probe` (bin "probe") due to 1 previous error
warning: unused dependency `concir_sync`
  --> Cargo.toml:11:1
   |
11 | concir_sync = { path = "/Users/kevin/local-repos/ConcPlanVerify/runtime/concir_sync" }
   | ^^^^^^^^^^^^^^^^^^^^^^^^^^^^^^^^^^^^^^^^^^^^^^^^^^^^^^^^^^^^^^^^^^^^^^^^^^^^^^^^^^^^^^
   |
   = note: `cargo::unused_dependencies` is set to `warn` by default
help: consider removing the dependency on `concir_sync`
warning: `probe` (manifest) generated 1 warning
