{
  "attributes": [],
  "scope": "identity, channel-capacity attributes, and uncovered sync are separate; a conforming finite trace does not override a capacity conflict or an unknown capacity",
  "uncovered_sync": [],
  "unresolved": {
    "worker#1616": {
      "entry": "worker",
      "reason": "thread entry is not unambiguous",
      "site": "1616"
    },
    "worker#1758": {
      "entry": "worker",
      "reason": "thread entry is not unambiguous",
      "site": "1758"
    }
  },
  "verified": {
    "a_mutex0#1443": {
      "cir": "main::a",
      "rule": "exact"
    },
    "b_mutex0#1481": {
      "cir": "main::b",
      "rule": "exact"
    }
  },
  "violated": {}
}
