{
  "binary_sha256": "2a8f769ff27a64098aa529120d4c2877078015bcfd63a870a04a1a8de5f0e96f",
  "bounded": true,
  "events": 384,
  "git_rev": "unknown",
  "properties": [
    {
      "detail": "decided by behavior (hang/timeout) and Miri",
      "id": "no-deadlock",
      "kind": "deadlock_free",
      "req": [
        "R4",
        "R5",
        "R6"
      ],
      "source": "properties",
      "status": "deferred"
    },
    {
      "id": "main::w1 completes",
      "kind": "reachable",
      "req": [
        "R1",
        "R6"
      ],
      "source": "preserved",
      "status": "PASS_bounded"
    },
    {
      "id": "main::w2 completes",
      "kind": "reachable",
      "req": [
        "R1",
        "R6"
      ],
      "source": "preserved",
      "status": "PASS_bounded"
    },
    {
      "id": "main::w1 holds [main::s] at once",
      "kind": "reachable",
      "req": [
        "R2",
        "R3"
      ],
      "source": "preserved",
      "status": "PASS_bounded"
    }
  ],
  "resource_map": {
    "s_semaphore0#64": "main::s",
    "w1#110": "main::w1",
    "w2#202": "main::w2"
  },
  "status": "ok",
  "traces": 32,
  "unmapped_resources": []
}
