     Locking 1 package to highest compatible version
   Compiling concir_sync v0.1.0 (/Users/kevin/local-repos/ConcPlanVerify/runtime/concir_sync)
   Compiling probe v0.1.0 (/Users/kevin/local-repos/ConcPlanVerify/experiments/strong-link-v28-main/lock-order__cross_module_cycle/gpt-6-luna/G3_concir/rep0/code/round-1/proj)
error[E0433]: cannot find module or crate `cir_trace` in this scope
  --> src/main.rs:14:29
   |
14 |             let t1_handle = cir_trace::spawn("t1#309", move || t1(a1, b1));
   |                             ^^^^^^^^^ use of unresolved module or unlinked crate `cir_trace`
   |
help: to make use of source file src/cir_trace.rs, use `mod cir_trace` in this file to declare the module
   |
 1 + mod cir_trace;
   |
help: consider importing this module
   |
 8 +         use crate::cir_trace;
   |

error[E0433]: cannot find module or crate `cir_trace` in this scope
  --> src/main.rs:18:29
   |
18 |             let t2_handle = cir_trace::spawn("t2#447", move || super::other::t2(a2, b2));
   |                             ^^^^^^^^^ use of unresolved module or unlinked crate `cir_trace`
   |
help: to make use of source file src/cir_trace.rs, use `mod cir_trace` in this file to declare the module
   |
 1 + mod cir_trace;
   |
help: consider importing this module
   |
 8 +         use crate::cir_trace;
   |

warning: unused import: `Condvar`
 --> src/main.rs:2:30
  |
2 | use cir_trace::sync::{Mutex, Condvar};
  |                              ^^^^^^^
  |
  = note: `#[warn(unused_imports)]` (part of `#[warn(unused)]`) on by default

warning: unused import: `std::thread`
 --> src/main.rs:4:5
  |
4 | use std::thread;
  |     ^^^^^^^^^^^

warning: unused import: `std::thread`
 --> src/main.rs:9:13
  |
9 |         use std::thread;
  |             ^^^^^^^^^^^

For more information about this error, try `rustc --explain E0433`.
warning: `probe` (bin "probe") generated 3 warnings
error: could not compile `probe` (bin "probe") due to 2 previous errors; 3 warnings emitted
