     Locking 1 package to highest compatible version
   Compiling concir_sync v0.1.0 (/Users/kevin/local-repos/ConcPlanVerify/runtime/concir_sync)
   Compiling probe v0.1.0 (/Users/kevin/local-repos/ConcPlanVerify/experiments/evidence-20260925/g3-code-v4/grok-4.7/cells/channel__send_while_holding_mutex/code/round-1/proj)
warning: unused import: `Condvar`
 --> src/main.rs:2:30
  |
2 | use cir_trace::sync::{Mutex, Condvar};
  |                              ^^^^^^^
  |
  = note: `#[warn(unused_imports)]` (part of `#[warn(unused)]`) on by default

warning: unused import: `std::thread`
 --> src/main.rs:5:5
  |
5 | use std::thread;
  |     ^^^^^^^^^^^

warning: value assigned to `ack` is never read
  --> src/main.rs:24:19
   |
24 |     let mut ack = 0;
   |                   ^ this value is reassigned later and never used
...
28 |     cir_trace::record("channel_recv", "ch2"); ack = ch2.recv().unwrap();
   |                                               ------------------------- `ack` is overwritten here before the previous value is read
   |
   = note: `#[warn(unused_assignments)]` (part of `#[warn(unused)]`) on by default

warning: value assigned to `v` is never read
  --> src/main.rs:33:17
   |
33 |     let mut v = 0;
   |                 ^ this value is reassigned later and never used
...
36 |     cir_trace::record("channel_recv", "ch1"); v = ch1.recv().unwrap();
   |                                               ----------------------- `v` is overwritten here before the previous value is read

warning: `probe` (bin "probe") generated 4 warnings (run `cargo fix --bin "probe" -p probe` to apply 2 suggestions)
    Finished `dev` profile [unoptimized + debuginfo] target(s) in 0.35s
