     Locking 1 package to highest compatible version
   Compiling concir_sync v0.1.0 (/Users/kevin/local-repos/ConcPlanVerify/runtime/concir_sync)
   Compiling probe v0.1.0 (/Users/kevin/local-repos/ConcPlanVerify/experiments/multimodel-v1/pilot-20260926T185711-kimi/Kimi/structure__scope_worker_abba/rep0/code/round-1/proj)
warning: unused import: `Condvar`
 --> src/main.rs:2:30
  |
2 | use cir_trace::sync::{Mutex, Condvar};
  |                              ^^^^^^^
  |
  = note: `#[warn(unused_imports)]` (part of `#[warn(unused)]`) on by default

warning: unused import: `std::thread`
 --> src/main.rs:4:5
  |
4 | use std::thread;
  |     ^^^^^^^^^^^

warning: value assigned to `done` is never read
  --> src/main.rs:7:20
   |
 7 |     let mut done = 0;
   |                    ^ this value is reassigned later and never used
...
10 |     done = 1;
   |     -------- `done` is overwritten here before the previous value is read
   |
   = note: `#[warn(unused_assignments)]` (part of `#[warn(unused)]`) on by default

warning: value assigned to `done` is never read
  --> src/main.rs:17:20
   |
17 |     let mut done = 0;
   |                    ^ this value is reassigned later and never used
...
20 |     done = 1;
   |     -------- `done` is overwritten here before the previous value is read

warning: `probe` (bin "probe") generated 4 warnings (run `cargo fix --bin "probe" -p probe` to apply 2 suggestions)
    Finished `dev` profile [unoptimized + debuginfo] target(s) in 0.28s
