{
  "attributes": [],
  "scope": "identity, channel-capacity attributes, and uncovered sync are separate; a conforming finite trace does not override a capacity conflict or an unknown capacity",
  "uncovered_sync": [],
  "unresolved": {
    "h1#1338": {
      "entry": null,
      "reason": "thread entry is not unambiguous",
      "site": "1338"
    },
    "h2#1435": {
      "entry": null,
      "reason": "thread entry is not unambiguous",
      "site": "1435"
    }
  },
  "verified": {
    "a_mutex0#943": {
      "cir": "main::a",
      "rule": "exact"
    },
    "b_mutex0#981": {
      "cir": "other::b",
      "rule": "exact"
    }
  },
  "violated": {}
}
