{
  "attributes": [
    {
      "construction_site": "900",
      "evidence": "literal_initial",
      "expected": "semaphore_initial",
      "expected_capacity": 0,
      "observed": 2,
      "observed_capacity": 2,
      "reason": "initial count of the used construction differs from the CIR",
      "resource_id": "main::g12",
      "runtime": "g12_semaphore0#900",
      "status": "mismatch"
    },
    {
      "construction_site": null,
      "evidence": "absent",
      "expected": "semaphore_initial",
      "expected_capacity": 0,
      "observed": null,
      "observed_capacity": null,
      "reason": "no used semaphore construction is bound to this CIR resource",
      "resource_id": "main::gN",
      "runtime": null,
      "status": "unknown"
    }
  ],
  "scope": "identity, channel-capacity attributes, and uncovered sync are separate; a conforming finite trace does not override a capacity conflict or an unknown capacity",
  "uncovered_sync": [],
  "unresolved": {
    "g_n_semaphore0#933": {
      "candidates": [],
      "reason": "used semaphore construction does not match exactly one CIR semaphore",
      "site": "933"
    }
  },
  "verified": {
    "cv_condvar0#867": {
      "cir": "main::cv",
      "rule": "exact"
    },
    "g12_semaphore0#900": {
      "cir": "main::g12",
      "rule": "used-construction"
    },
    "m_mutex0#826": {
      "cir": "main::m",
      "rule": "exact"
    },
    "notifier#1472": {
      "cir": "main::notifier",
      "rule": "spawn-entry"
    },
    "w1#1074": {
      "cir": "main::w1",
      "rule": "spawn-entry"
    },
    "w2#1252": {
      "cir": "main::w2",
      "rule": "spawn-entry"
    }
  },
  "violated": {}
}
