{
  "attributes": [],
  "scope": "identity, channel-capacity attributes, and uncovered sync are separate; a conforming finite trace does not override a capacity conflict or an unknown capacity",
  "uncovered_sync": [],
  "unresolved": {
    "t1#300": {
      "entry": null,
      "reason": "thread entry is not unambiguous",
      "site": "300"
    },
    "t2#551": {
      "entry": null,
      "reason": "thread entry is not unambiguous",
      "site": "551"
    },
    "t3#782": {
      "entry": null,
      "reason": "thread entry is not unambiguous",
      "site": "782"
    }
  },
  "verified": {
    "a#182": {
      "cir": "main::a",
      "rule": "exact"
    },
    "b#209": {
      "cir": "main::b",
      "rule": "exact"
    },
    "c#236": {
      "cir": "main::c",
      "rule": "exact"
    }
  },
  "violated": {}
}
