{
  "attributes": [],
  "scope": "identity, channel-capacity attributes, and uncovered sync are separate; a conforming finite trace does not override a capacity conflict or an unknown capacity",
  "uncovered_sync": [],
  "unresolved": {
    "c_mutex0#1598": {
      "candidates": [],
      "reason": "no structural evidence",
      "site": "1598"
    }
  },
  "verified": {
    "w1#1709": {
      "cir": "main::w1",
      "rule": "spawn-entry"
    },
    "w2#1833": {
      "cir": "main::w2",
      "rule": "spawn-entry"
    }
  },
  "violated": {}
}
