{
  "attributes": [],
  "scope": "identity, channel-capacity attributes, and uncovered sync are separate; a conforming finite trace does not override a capacity conflict or an unknown capacity",
  "uncovered_sync": [],
  "unresolved": {
    "A_mutex0": {
      "candidates": [],
      "reason": "no structural evidence",
      "site": "346"
    },
    "B_mutex0": {
      "candidates": [],
      "reason": "no structural evidence",
      "site": "1362"
    },
    "h1#2157": {
      "entry": null,
      "reason": "thread entry is not unambiguous",
      "site": "2157"
    },
    "h2#2193": {
      "entry": null,
      "reason": "thread entry is not unambiguous",
      "site": "2193"
    }
  },
  "verified": {},
  "violated": {}
}
