{
  "attributes": [],
  "scope": "identity, channel-capacity attributes, and uncovered sync are separate; a conforming finite trace does not override a capacity conflict or an unknown capacity",
  "uncovered_sync": [],
  "unresolved": {
    "res_mutex0#896": {
      "reason": "duplicate runtime resource name",
      "site": "896"
    },
    "res_mutex0#950": {
      "reason": "duplicate runtime resource name",
      "site": "950"
    }
  },
  "verified": {
    "t1#1072": {
      "cir": "main::t1",
      "rule": "spawn-entry"
    },
    "t2#1181": {
      "cir": "main::t2",
      "rule": "spawn-entry"
    }
  },
  "violated": {}
}
