{
  "attributes": [
    {
      "construction_site": "654",
      "evidence": "param_from_call",
      "expected": "rendezvous",
      "expected_capacity": 0,
      "observed": "rendezvous",
      "observed_capacity": 0,
      "reason": "source rendezvous matches CIR rendezvous",
      "resource_id": "main::ch1",
      "runtime": "ch1",
      "status": "match"
    },
    {
      "construction_site": "705",
      "evidence": "param_from_call",
      "expected": "rendezvous",
      "expected_capacity": 0,
      "observed": "rendezvous",
      "observed_capacity": 0,
      "reason": "source rendezvous matches CIR rendezvous",
      "resource_id": "main::ch2",
      "runtime": "ch2",
      "status": "match"
    }
  ],
  "scope": "identity, channel-capacity attributes, and uncovered sync are separate; a conforming finite trace does not override a capacity conflict or an unknown capacity",
  "uncovered_sync": [],
  "unresolved": {},
  "verified": {
    "ch1": {
      "cir": "main::ch1",
      "rule": "exact"
    },
    "ch2": {
      "cir": "main::ch2",
      "rule": "exact"
    },
    "m_mutex0#617": {
      "cir": "main::m",
      "rule": "exact"
    },
    "r#866": {
      "cir": "main::r",
      "rule": "spawn-entry"
    },
    "s#774": {
      "cir": "main::s",
      "rule": "spawn-entry"
    }
  },
  "violated": {}
}
