{
  "binary_sha256": "e0c7e3d122f2f08fd7483f248e9c263102d81964c8219b8a126b84d43cb41c0e",
  "bounded": true,
  "events": 320,
  "git_rev": "a35dc867d6327c772d48bd7c0473a6606fcc467a",
  "properties": [
    {
      "detail": "decided by behavior (hang/timeout) and Miri",
      "id": "no-deadlock",
      "kind": "deadlock_free",
      "req": [
        "R1",
        "R2",
        "R3",
        "R4"
      ],
      "source": "properties",
      "status": "deferred"
    }
  ],
  "resource_map": {
    "ch1": null,
    "ch2": null,
    "m_mutex0#617": null,
    "r#866": null,
    "s#774": null
  },
  "status": "ok",
  "traces": 32,
  "unmapped_resources": [
    "ch1",
    "ch2",
    "m_mutex0#617",
    "r#866",
    "s#774"
  ]
}
