     Locking 1 package to highest compatible version
   Compiling concir_sync v0.1.0 (/Users/kevin/local-repos/ConcPlanVerify/runtime/concir_sync)
   Compiling probe v0.1.0 (/Users/kevin/local-repos/ConcPlanVerify/experiments/strong-link-v29-ablation/full/lock-order__cross_module_cycle/gpt-6-luna/G3_concir/rep0/code/round-1/proj)
warning: unused import: `Condvar`
 --> src/main.rs:2:30
  |
2 | use cir_trace::sync::{Mutex, Condvar};
  |                              ^^^^^^^
  |
  = note: `#[warn(unused_imports)]` (part of `#[warn(unused)]`) on by default

warning: unused import: `std::thread`
 --> src/main.rs:4:5
  |
4 | use std::thread;
  |     ^^^^^^^^^^^

warning: static variable `a` should have an upper case name
 --> src/main.rs:6:19
  |
6 | pub(crate) static a: Mutex<()> = Mutex::new_named("a_mutex0", ());
  |                   ^
  |
  = note: `#[warn(non_upper_case_globals)]` (part of `#[warn(nonstandard_style)]`) on by default
help: convert the identifier to upper case
  |
6 - pub(crate) static a: Mutex<()> = Mutex::new_named("a_mutex0", ());
6 + pub(crate) static A: Mutex<()> = Mutex::new_named("a_mutex0", ());
  |

warning: static variable `b` should have an upper case name
  --> src/main.rs:20:23
   |
20 |     pub(crate) static b: Mutex<()> = Mutex::new_named("b_mutex0", ());
   |                       ^
   |
help: convert the identifier to upper case
   |
20 -     pub(crate) static b: Mutex<()> = Mutex::new_named("b_mutex0", ());
20 +     pub(crate) static B: Mutex<()> = Mutex::new_named("b_mutex0", ());
   |

warning: `probe` (bin "probe") generated 4 warnings (run `cargo fix --bin "probe" -p probe` to apply 4 suggestions)
    Finished `dev` profile [unoptimized + debuginfo] target(s) in 0.34s
