     Locking 1 package to highest compatible version
   Compiling concir_sync v0.1.0 (/Users/kevin/local-repos/ConcPlanVerify/runtime/concir_sync)
   Compiling probe v0.1.0 (/Users/kevin/local-repos/ConcPlanVerify/experiments/strong-link-v29-ablation/full/lock-order__cross_module_cycle/gpt-6-luna/G3_concir/rep0/code/round-1/source-proj)
warning: static variable `a` should have an upper case name
 --> src/main.rs:4:19
  |
4 | pub(crate) static a: Mutex<()> = Mutex::new(());
  |                   ^
  |
  = note: `#[warn(non_upper_case_globals)]` (part of `#[warn(nonstandard_style)]`) on by default
help: convert the identifier to upper case
  |
4 - pub(crate) static a: Mutex<()> = Mutex::new(());
4 + pub(crate) static A: Mutex<()> = Mutex::new(());
  |

warning: static variable `b` should have an upper case name
  --> src/main.rs:18:23
   |
18 |     pub(crate) static b: Mutex<()> = Mutex::new(());
   |                       ^
   |
help: convert the identifier to upper case
   |
18 -     pub(crate) static b: Mutex<()> = Mutex::new(());
18 +     pub(crate) static B: Mutex<()> = Mutex::new(());
   |

warning: `probe` (bin "probe") generated 2 warnings (run `cargo fix --bin "probe" -p probe` to apply 2 suggestions)
warning: unused dependency `concir_sync`
  --> Cargo.toml:11:1
   |
11 | concir_sync = { path = "/Users/kevin/local-repos/ConcPlanVerify/runtime/concir_sync" }
   | ^^^^^^^^^^^^^^^^^^^^^^^^^^^^^^^^^^^^^^^^^^^^^^^^^^^^^^^^^^^^^^^^^^^^^^^^^^^^^^^^^^^^^^
   |
   = note: `cargo::unused_dependencies` is set to `warn` by default
help: consider removing the dependency on `concir_sync`
warning: `probe` (manifest) generated 1 warning
    Finished `dev` profile [unoptimized + debuginfo] target(s) in 0.22s
