{
  "binary_sha256": "21c30dd62c22c468ed164d293633b38c9879c7be0322fbbd1dd5546899d5aed9",
  "bounded": true,
  "events": 448,
  "git_rev": "a35dc867d6327c772d48bd7c0473a6606fcc467a",
  "properties": [
    {
      "detail": "decided by behavior (hang/timeout) and Miri",
      "id": "no-deadlock",
      "kind": "deadlock_free",
      "req": [
        "R4",
        "R6"
      ],
      "source": "properties",
      "status": "deferred"
    },
    {
      "id": "main::outer completes",
      "kind": "reachable",
      "req": [
        "R5"
      ],
      "source": "preserved",
      "status": "PASS_bounded"
    },
    {
      "id": "main::x1 holds [a, b] at once",
      "kind": "reachable",
      "req": [
        "R3"
      ],
      "source": "preserved",
      "status": "PASS_bounded"
    },
    {
      "id": "main::x2 holds [a, b] at once",
      "kind": "reachable",
      "req": [
        "R3"
      ],
      "source": "preserved",
      "status": "PASS_bounded"
    }
  ],
  "resource_map": {
    "a_mutex0#707": "main::a",
    "b_mutex0#745": "main::b",
    "outer#837": "main::outer",
    "x1#455": "main::x1",
    "x2#572": "main::x2"
  },
  "status": "ok",
  "traces": 32,
  "unmapped_resources": []
}
