     Locking 1 package to highest compatible version
   Compiling concir_sync v0.1.0 (/Users/kevin/local-repos/ConcPlanVerify/runtime/concir_sync)
   Compiling probe v0.1.0 (/Users/kevin/local-repos/ConcPlanVerify/experiments/strong-link-v29-ablation/without_goal_gate/lock-order__cycle_3lock/gpt-6-luna/G3_concir/rep0/code/round-1/source-proj)
warning: variable `work` is assigned to, but never used
 --> src/main.rs:8:9
  |
8 |     let mut work = 0;
  |         ^^^^^^^^
  |
  = note: consider using `_work` instead
  = note: `#[warn(unused_variables)]` (part of `#[warn(unused)]`) on by default

warning: value assigned to `work` is never read
 --> src/main.rs:9:5
  |
9 |     work += 1;
  |     ^^^^^^^^^
  |
  = help: maybe it is overwritten before being read?
  = note: `#[warn(unused_assignments)]` (part of `#[warn(unused)]`) on by default

warning: variable `work` is assigned to, but never used
  --> src/main.rs:19:9
   |
19 |     let mut work = 0;
   |         ^^^^^^^^
   |
   = note: consider using `_work` instead

warning: value assigned to `work` is never read
  --> src/main.rs:20:5
   |
20 |     work += 1;
   |     ^^^^^^^^^
   |
   = help: maybe it is overwritten before being read?

warning: variable `work` is assigned to, but never used
  --> src/main.rs:30:9
   |
30 |     let mut work = 0;
   |         ^^^^^^^^
   |
   = note: consider using `_work` instead

warning: value assigned to `work` is never read
  --> src/main.rs:31:5
   |
31 |     work += 1;
   |     ^^^^^^^^^
   |
   = help: maybe it is overwritten before being read?

warning: `probe` (bin "probe") generated 6 warnings
warning: unused dependency `concir_sync`
  --> Cargo.toml:11:1
   |
11 | concir_sync = { path = "/Users/kevin/local-repos/ConcPlanVerify/runtime/concir_sync" }
   | ^^^^^^^^^^^^^^^^^^^^^^^^^^^^^^^^^^^^^^^^^^^^^^^^^^^^^^^^^^^^^^^^^^^^^^^^^^^^^^^^^^^^^^
   |
   = note: `cargo::unused_dependencies` is set to `warn` by default
help: consider removing the dependency on `concir_sync`
warning: `probe` (manifest) generated 1 warning
    Finished `dev` profile [unoptimized + debuginfo] target(s) in 0.22s
