{
  "attributes": [],
  "scope": "identity, channel-capacity attributes, and uncovered sync are separate; a conforming finite trace does not override a capacity conflict or an unknown capacity",
  "uncovered_sync": [],
  "unresolved": {
    "notifier#843": {
      "entry": null,
      "reason": "thread entry is not unambiguous",
      "site": "843"
    },
    "waiter#338": {
      "entry": null,
      "reason": "thread entry is not unambiguous",
      "site": "338"
    }
  },
  "verified": {
    "cv_condvar0#220": {
      "cir": "main::cv",
      "rule": "exact"
    },
    "m_mutex0#176": {
      "cir": "main::m",
      "rule": "exact"
    }
  },
  "violated": {}
}
