{
  "binary_sha256": "bc4ea47ef9841b62637faef926ef94804b92a95c3ab39ee690f0e2cf08681e47",
  "bounded": true,
  "events": 512,
  "git_rev": "a35dc867d6327c772d48bd7c0473a6606fcc467a",
  "properties": [
    {
      "detail": "decided by behavior (hang/timeout) and Miri",
      "id": "no-deadlock",
      "kind": "deadlock_free",
      "req": [
        "R1",
        "R2",
        "R3",
        "R4"
      ],
      "source": "properties",
      "status": "deferred"
    }
  ],
  "resource_map": {
    "ch1_rx": null,
    "ch1_tx": null,
    "ch2_rx": null,
    "ch2_tx": null,
    "m_mutex0#711": null,
    "r#1110": null,
    "s#935": null
  },
  "status": "ok",
  "traces": 32,
  "unmapped_resources": [
    "ch1_rx",
    "ch1_tx",
    "ch2_rx",
    "ch2_tx",
    "m_mutex0#711",
    "r#1110",
    "s#935"
  ]
}
