{
  "attributes": [],
  "scope": "identity, channel-capacity attributes, and uncovered sync are separate; a conforming finite trace does not override a capacity conflict or an unknown capacity",
  "uncovered_sync": [],
  "unresolved": {},
  "verified": {
    "c#998": {
      "cir": "main::c",
      "rule": "exact"
    },
    "w1#1070": {
      "cir": "main::w1",
      "rule": "spawn-entry"
    },
    "w2#1144": {
      "cir": "main::w2",
      "rule": "spawn-entry"
    }
  },
  "violated": {}
}
