{
  "attributes": [
    {
      "construction_site": null,
      "evidence": "absent",
      "expected": "rendezvous",
      "expected_capacity": 0,
      "observed": null,
      "observed_capacity": null,
      "reason": "no single traced construction for this endpoint",
      "resource_id": "main::ch",
      "runtime": "ch_rx",
      "status": "unknown"
    },
    {
      "construction_site": null,
      "evidence": "absent",
      "expected": "rendezvous",
      "expected_capacity": 0,
      "observed": null,
      "observed_capacity": null,
      "reason": "no single traced construction for this endpoint",
      "resource_id": "main::ch",
      "runtime": "ch_tx",
      "status": "unknown"
    }
  ],
  "scope": "identity, channel-capacity attributes, and uncovered sync are separate; a conforming finite trace does not override a capacity conflict or an unknown capacity",
  "uncovered_sync": [],
  "unresolved": {
    "r#670": {
      "entry": null,
      "reason": "thread entry is not unambiguous",
      "site": "670"
    },
    "s1#386": {
      "entry": null,
      "reason": "thread entry is not unambiguous",
      "site": "386"
    }
  },
  "verified": {
    "ch_rx": {
      "cir": "main::ch",
      "rule": "channel-name"
    },
    "ch_tx": {
      "cir": "main::ch",
      "rule": "channel-name"
    }
  },
  "violated": {}
}
