{
  "attributes": [
    {
      "construction_site": null,
      "evidence": "absent",
      "expected": "semaphore_initial",
      "expected_capacity": 0,
      "observed": null,
      "observed_capacity": null,
      "reason": "no used semaphore construction is bound to this CIR resource",
      "resource_id": "main::sa",
      "runtime": null,
      "status": "unknown"
    },
    {
      "construction_site": null,
      "evidence": "absent",
      "expected": "semaphore_initial",
      "expected_capacity": 0,
      "observed": null,
      "observed_capacity": null,
      "reason": "no used semaphore construction is bound to this CIR resource",
      "resource_id": "main::sb",
      "runtime": null,
      "status": "unknown"
    }
  ],
  "scope": "identity, channel-capacity attributes, and uncovered sync are separate; a conforming finite trace does not override a capacity conflict or an unknown capacity",
  "uncovered_sync": [],
  "unresolved": {
    "bystander_task#3502": {
      "entry": "bystander_task",
      "reason": "thread entry is not unambiguous",
      "site": "3502"
    },
    "flag_mutex0#3368": {
      "candidates": [],
      "reason": "no structural evidence",
      "site": "3368"
    },
    "res_mutex0#3188": {
      "reason": "duplicate runtime resource name",
      "site": "3188"
    },
    "res_mutex0#3243": {
      "reason": "duplicate runtime resource name",
      "site": "3243"
    },
    "worker_a#3773": {
      "entry": "worker_a",
      "reason": "thread entry is not unambiguous",
      "site": "3773"
    },
    "worker_b#4062": {
      "entry": "worker_b",
      "reason": "thread entry is not unambiguous",
      "site": "4062"
    }
  },
  "verified": {},
  "violated": {}
}
