{
  "attributes": [],
  "scope": "identity, channel-capacity attributes, and uncovered sync are separate; a conforming finite trace does not override a capacity conflict or an unknown capacity",
  "uncovered_sync": [],
  "unresolved": {
    "shared_condvar0#216": {
      "candidates": [],
      "reason": "no structural evidence",
      "site": "216"
    },
    "shared_mutex0#195": {
      "candidates": [],
      "reason": "no structural evidence",
      "site": "195"
    }
  },
  "verified": {
    "notifier#484": {
      "cir": "main::notifier",
      "rule": "spawn-entry"
    },
    "waiter#412": {
      "cir": "main::waiter",
      "rule": "spawn-entry"
    }
  },
  "violated": {}
}
