{
  "binary_sha256": "21c30dd62c22c468ed164d293633b38c9879c7be0322fbbd1dd5546899d5aed9",
  "bounded": true,
  "events": 640,
  "git_rev": "a35dc867d6327c772d48bd7c0473a6606fcc467a",
  "properties": [
    {
      "detail": "decided by behavior (hang/timeout) and Miri",
      "id": "no-deadlock",
      "kind": "deadlock_free",
      "req": [
        "R1",
        "R2",
        "R3",
        "R4"
      ],
      "source": "properties",
      "status": "deferred"
    }
  ],
  "resource_map": {
    "lock_mutex0#1030": null,
    "r#1346": null,
    "rx1": null,
    "rx2": null,
    "s#1246": null,
    "tx1": null,
    "tx2": null
  },
  "status": "ok",
  "traces": 32,
  "unmapped_resources": [
    "lock_mutex0#1030",
    "r#1346",
    "rx1",
    "rx2",
    "s#1246",
    "tx1",
    "tx2"
  ]
}
