{
  "attributes": [
    {
      "construction_site": null,
      "evidence": "absent",
      "expected": "semaphore_initial",
      "expected_capacity": 0,
      "observed": null,
      "observed_capacity": null,
      "reason": "no used semaphore construction is bound to this CIR resource",
      "resource_id": "main::sa",
      "runtime": null,
      "status": "unknown"
    },
    {
      "construction_site": null,
      "evidence": "absent",
      "expected": "semaphore_initial",
      "expected_capacity": 0,
      "observed": null,
      "observed_capacity": null,
      "reason": "no used semaphore construction is bound to this CIR resource",
      "resource_id": "main::sb",
      "runtime": null,
      "status": "unknown"
    }
  ],
  "scope": "identity, channel-capacity attributes, and uncovered sync are separate; a conforming finite trace does not override a capacity conflict or an unknown capacity",
  "uncovered_sync": [],
  "unresolved": {
    "flag_mutex0#868": {
      "candidates": [],
      "reason": "no structural evidence",
      "site": "868"
    },
    "sleep#2265": {
      "entry": "sleep",
      "reason": "thread entry is not unambiguous",
      "site": "2265"
    },
    "worker_a#1225": {
      "entry": null,
      "reason": "thread entry is not unambiguous",
      "site": "1225"
    },
    "worker_b#1719": {
      "entry": null,
      "reason": "thread entry is not unambiguous",
      "site": "1719"
    }
  },
  "verified": {
    "a_mutex0#707": {
      "cir": "main::a",
      "rule": "exact"
    },
    "b_mutex0#744": {
      "cir": "main::b",
      "rule": "exact"
    }
  },
  "violated": {}
}
