     Locking 1 package to highest compatible version
   Compiling concir_sync v0.1.0 (/Users/kevin/local-repos/ConcPlanVerify/runtime/concir_sync)
   Compiling probe v0.1.0 (/Users/kevin/local-repos/ConcPlanVerify/experiments/multimodel-v1/pilot-20260926T185711-gpt6luna/GPT 6 Luna/structure__scope_bound_k_workers/rep0/code/round-1/proj)
warning: unused import: `std::thread`
 --> src/main.rs:4:5
  |
4 | use std::thread;
  |     ^^^^^^^^^^^
  |
  = note: `#[warn(unused_imports)]` (part of `#[warn(unused)]`) on by default

warning: value assigned to `work` is never read
 --> src/main.rs:7:20
  |
7 |     let mut work = 0;
  |                    ^ this value is reassigned later and never used
8 |     let permit = s.acquire();
9 |     work = 1;
  |     -------- `work` is overwritten here before the previous value is read
  |
  = note: `#[warn(unused_assignments)]` (part of `#[warn(unused)]`) on by default

warning: value assigned to `work` is never read
  --> src/main.rs:9:5
   |
 9 |     work = 1;
   |     ^^^^^^^^ this value is reassigned later and never used
...
13 |     work = 2;
   |     -------- `work` is overwritten here before the previous value is read

warning: value assigned to `work` is never read
  --> src/main.rs:20:20
   |
20 |     let mut work = 0;
   |                    ^ this value is reassigned later and never used
21 |     let permit = s.acquire();
22 |     work = 1;
   |     -------- `work` is overwritten here before the previous value is read

warning: value assigned to `work` is never read
  --> src/main.rs:22:5
   |
22 |     work = 1;
   |     ^^^^^^^^ this value is reassigned later and never used
...
26 |     work = 2;
   |     -------- `work` is overwritten here before the previous value is read

warning: value assigned to `work` is never read
  --> src/main.rs:33:20
   |
33 |     let mut work = 0;
   |                    ^ this value is reassigned later and never used
34 |     let permit = s.acquire();
35 |     work = 1;
   |     -------- `work` is overwritten here before the previous value is read

warning: value assigned to `work` is never read
  --> src/main.rs:35:5
   |
35 |     work = 1;
   |     ^^^^^^^^ this value is reassigned later and never used
...
39 |     work = 2;
   |     -------- `work` is overwritten here before the previous value is read

warning: `probe` (bin "probe") generated 7 warnings (run `cargo fix --bin "probe" -p probe` to apply 1 suggestion)
    Finished `dev` profile [unoptimized + debuginfo] target(s) in 0.34s
