     Locking 1 package to highest compatible version
   Compiling concir_sync v0.1.0 (/Users/kevin/local-repos/ConcPlanVerify/runtime/concir_sync)
   Compiling probe v0.1.0 (/Users/kevin/local-repos/ConcPlanVerify/experiments/multimodel-v1/pilot-20260926T185711-gpt6luna/GPT 6 Luna/structure__scope_bound_k_workers/rep0/code/round-1/source-proj)
warning: value assigned to `work` is never read
 --> src/main.rs:6:20
  |
6 |     let mut work = 0;
  |                    ^ this value is reassigned later and never used
7 |     let permit = s.acquire();
8 |     work = 1;
  |     -------- `work` is overwritten here before the previous value is read
  |
  = note: `#[warn(unused_assignments)]` (part of `#[warn(unused)]`) on by default

warning: value assigned to `work` is never read
  --> src/main.rs:8:5
   |
 8 |     work = 1;
   |     ^^^^^^^^ this value is reassigned later and never used
...
12 |     work = 2;
   |     -------- `work` is overwritten here before the previous value is read

warning: value assigned to `work` is never read
  --> src/main.rs:19:20
   |
19 |     let mut work = 0;
   |                    ^ this value is reassigned later and never used
20 |     let permit = s.acquire();
21 |     work = 1;
   |     -------- `work` is overwritten here before the previous value is read

warning: value assigned to `work` is never read
  --> src/main.rs:21:5
   |
21 |     work = 1;
   |     ^^^^^^^^ this value is reassigned later and never used
...
25 |     work = 2;
   |     -------- `work` is overwritten here before the previous value is read

warning: value assigned to `work` is never read
  --> src/main.rs:32:20
   |
32 |     let mut work = 0;
   |                    ^ this value is reassigned later and never used
33 |     let permit = s.acquire();
34 |     work = 1;
   |     -------- `work` is overwritten here before the previous value is read

warning: value assigned to `work` is never read
  --> src/main.rs:34:5
   |
34 |     work = 1;
   |     ^^^^^^^^ this value is reassigned later and never used
...
38 |     work = 2;
   |     -------- `work` is overwritten here before the previous value is read

warning: `probe` (bin "probe") generated 6 warnings
    Finished `dev` profile [unoptimized + debuginfo] target(s) in 0.23s
