{
  "attributes": [],
  "scope": "identity, channel-capacity attributes, and uncovered sync are separate; a conforming finite trace does not override a capacity conflict or an unknown capacity",
  "uncovered_sync": [],
  "unresolved": {
    "work#901": {
      "candidates": [],
      "reason": "no structural evidence",
      "site": "901"
    }
  },
  "verified": {
    "a_mutex0#800": {
      "cir": "main::a",
      "rule": "exact"
    },
    "b_mutex0#838": {
      "cir": "main::b",
      "rule": "exact"
    },
    "c_mutex0#876": {
      "cir": "main::c",
      "rule": "exact"
    },
    "t1#1063": {
      "cir": "main::t1",
      "rule": "spawn-entry"
    },
    "t2#1239": {
      "cir": "main::t2",
      "rule": "spawn-entry"
    },
    "t3#1415": {
      "cir": "main::t3",
      "rule": "spawn-entry"
    }
  },
  "violated": {}
}
