{
  "attributes": [],
  "scope": "identity, channel-capacity attributes, and uncovered sync are separate; a conforming finite trace does not override a capacity conflict or an unknown capacity",
  "uncovered_sync": [],
  "unresolved": {
    "rx": {
      "reason": "channel endpoint has no channel token",
      "site": null
    },
    "tx": {
      "reason": "channel endpoint has no channel token",
      "site": null
    },
    "yield_now#1980": {
      "entry": "yield_now",
      "reason": "thread entry is not unambiguous",
      "site": "1980"
    },
    "yield_now#580": {
      "entry": "yield_now",
      "reason": "thread entry is not unambiguous",
      "site": "580"
    }
  },
  "verified": {
    "m_mutex0#474": {
      "cir": "main::m",
      "rule": "exact"
    }
  },
  "violated": {}
}
