           let _h_h2 = crate::cir_trace::spawn(tag, "main::worker");
   |

warning: variable does not need to be mutable
  --> src/main.rs:11:9
   |
11 |     let mut pc: usize = 0;
   |         ----^^
   |         |
   |         help: remove this `mut`
   |
   = note: `#[warn(unused_mut)]` (part of `#[warn(unused)]`) on by default

warning: unused variable: `shared`
  --> src/main.rs:10:29
   |
10 |     pub(crate) fn cf_worker(shared: crate::Shared, tag: &str) {
   |                             ^^^^^^ help: if this is intentional, prefix it with an underscore: `_shared`
   |
   = note: `#[warn(unused_variables)]` (part of `#[warn(unused)]`) on by default

warning: unused variable: `tag`
  --> src/main.rs:10:52
   |
10 |     pub(crate) fn cf_worker(shared: crate::Shared, tag: &str) {
   |                                                    ^^^ help: if this is intentional, prefix it with an underscore: `_tag`

Some errors have detailed explanations: E0061, E0277, E0425, E0428.
For more information about an error, try `rustc --explain E0061`.
warning: `probe` (bin "probe") generated 5 warnings
error: could not compile `probe` (bin "probe") due to 9 previous errors; 5 warnings emitted
