     Locking 1 package to highest compatible version
   Compiling concir_sync v0.1.0 (/Users/kevin/local-repos/ConcPlanVerify/runtime/concir_sync)
   Compiling probe v0.1.0 (/Users/kevin/local-repos/ConcPlanVerify/experiments/evidence-20260925/reeval/work/rep0/structure__spawn_join_loop_finite/G3_codegen/original)
error[E0583]: file not found for module `cir_trace`
 --> src/main.rs:2:1
  |
2 | mod cir_trace;
  | ^^^^^^^^^^^^^^
  |
  = help: to create the module `cir_trace`, create file "src/cir_trace.rs" or "src/cir_trace/mod.rs"
  = note: if there is a `mod cir_trace` elsewhere in the crate already, import it with `use crate::...` instead

error[E0425]: cannot find value `_h_h1` in this scope
  --> src/main.rs:34:40
   |
34 |                 crate::cir_trace::join(_h_h1, tag, "", "s2");
   |                                        ^^^^^ not found in this scope

error[E0425]: cannot find value `_h_h2` in this scope
  --> src/main.rs:47:40
   |
47 |                 crate::cir_trace::join(_h_h2, tag, "", "s4");
   |                                        ^^^^^ not found in this scope

warning: unused imports: `Arc`, `Condvar`, and `Mutex`
 --> src/main.rs:3:17
  |
3 | use std::sync::{Arc, Condvar, Mutex};
  |                 ^^^  ^^^^^^^  ^^^^^
  |
  = note: `#[warn(unused_imports)]` (part of `#[warn(unused)]`) on by default

warning: variable does not need to be mutable
 --> src/main.rs:9:9
  |
9 |     let mut pc: usize = 0;
  |         ----^^
  |         |
  |         help: remove this `mut`
  |
  = note: `#[warn(unused_mut)]` (part of `#[warn(unused)]`) on by default

warning: unused variable: `shared`
 --> src/main.rs:8:29
  |
8 |     pub(crate) fn cf_worker(shared: crate::Shared, tag: &str) {
  |                             ^^^^^^ help: if this is intentional, prefix it with an underscore: `_shared`
  |
  = note: `#[warn(unused_variables)]` (part of `#[warn(unused)]`) on by default

warning: unused variable: `tag`
 --> src/main.rs:8:52
  |
8 |     pub(crate) fn cf_worker(shared: crate::Shared, tag: &str) {
  |                                                    ^^^ help: if this is intentional, prefix it with an underscore: `_tag`

Some errors have detailed explanations: E0425, E0583.
For more information about an error, try `rustc --explain E0425`.
warning: `probe` (bin "probe") generated 4 warnings
error: could not compile `probe` (bin "probe") due to 3 previous errors; 4 warnings emitted
warning: unused dependency `concir_sync`
  --> Cargo.toml:11:1
   |
11 | concir_sync = { path = "/Users/kevin/local-repos/ConcPlanVerify/runtime/concir_sync" }
   | ^^^^^^^^^^^^^^^^^^^^^^^^^^^^^^^^^^^^^^^^^^^^^^^^^^^^^^^^^^^^^^^^^^^^^^^^^^^^^^^^^^^^^^
   |
   = note: `cargo::unused_dependencies` is set to `warn` by default
help: consider removing the dependency on `concir_sync`
warning: `probe` (manifest) generated 1 warning
