     Locking 1 package to highest compatible version
   Compiling concir_sync v0.1.0 (/Users/kevin/local-repos/ConcPlanVerify/runtime/concir_sync)
   Compiling probe v0.1.0 (/Users/kevin/local-repos/ConcPlanVerify/experiments/evidence-20260925/g3-code-v4/composer-2.5/cells/condvar__notify_one_multi_waiter_wrong_pick/code/round-1/source-proj)
error[E0599]: no method named `release` found for struct `Arc<Semaphore>` in the current scope
  --> src/main.rs:13:9
   |
13 |     g12.release();
   |         ^^^^^^^ method not found in `Arc<Semaphore>`

error[E0599]: no method named `release` found for struct `Arc<Semaphore>` in the current scope
  --> src/main.rs:27:9
   |
27 |     g12.release();
   |         ^^^^^^^ method not found in `Arc<Semaphore>`

error[E0599]: no method named `release` found for struct `Arc<Semaphore>` in the current scope
  --> src/main.rs:44:8
   |
44 |     gN.release();
   |        ^^^^^^^ method not found in `Arc<Semaphore>`

error[E0599]: no method named `release` found for struct `Arc<Semaphore>` in the current scope
  --> src/main.rs:45:8
   |
45 |     gN.release();
   |        ^^^^^^^ method not found in `Arc<Semaphore>`

For more information about this error, try `rustc --explain E0599`.
error: could not compile `probe` (bin "probe") due to 4 previous errors
