{
  "attributes": [],
  "scope": "identity, channel-capacity attributes, and uncovered sync are separate; a conforming finite trace does not override a capacity conflict or an unknown capacity",
  "uncovered_sync": [],
  "unresolved": {
    "notifier#878": {
      "entry": null,
      "reason": "thread entry is not unambiguous",
      "site": "878"
    },
    "shared_condvar0#216": {
      "candidates": [],
      "reason": "no structural evidence",
      "site": "216"
    },
    "shared_mutex0#195": {
      "candidates": [],
      "reason": "no structural evidence",
      "site": "195"
    },
    "waiter#288": {
      "entry": null,
      "reason": "thread entry is not unambiguous",
      "site": "288"
    }
  },
  "verified": {},
  "violated": {}
}
