_ga` in this scope
  --> src/main.rs:14:14
   |
14 |         drop(_ga);
   |              ^^^ not found in this scope
   |
help: a local variable with a similar name exists
   |
14 -         drop(_ga);
14 +         drop(_gb);
   |

For more information about this error, try `rustc --explain E0425`.
error: could not compile `probe` (bin "probe") due to 1 previous error
warning: unused dependency `concir_sync`
  --> Cargo.toml:11:1
   |
11 | concir_sync = { path = "/Users/kevin/local-repos/ConcPlanVerify/runtime/concir_sync" }
   | ^^^^^^^^^^^^^^^^^^^^^^^^^^^^^^^^^^^^^^^^^^^^^^^^^^^^^^^^^^^^^^^^^^^^^^^^^^^^^^^^^^^^^^
   |
   = note: `cargo::unused_dependencies` is set to `warn` by default
help: consider removing the dependency on `concir_sync`
warning: `probe` (manifest) generated 1 warning
