{
  "attributes": [],
  "scope": "identity, channel-capacity attributes, and uncovered sync are separate; a conforming finite trace does not override a capacity conflict or an unknown capacity",
  "uncovered_sync": [],
  "unresolved": {
    "h_outer#600": {
      "entry": null,
      "reason": "thread entry is not unambiguous",
      "site": "600"
    },
    "h_x1#462": {
      "entry": null,
      "reason": "thread entry is not unambiguous",
      "site": "462"
    },
    "h_x2#496": {
      "entry": null,
      "reason": "thread entry is not unambiguous",
      "site": "496"
    }
  },
  "verified": {
    "a_mutex0": {
      "cir": "main::a",
      "rule": "exact"
    },
    "b_mutex0": {
      "cir": "main::b",
      "rule": "exact"
    }
  },
  "violated": {}
}
