{
  "binary_sha256": "21c30dd62c22c468ed164d293633b38c9879c7be0322fbbd1dd5546899d5aed9",
  "bounded": true,
  "events": 316,
  "git_rev": "a35dc867d6327c772d48bd7c0473a6606fcc467a",
  "properties": [
    {
      "detail": "decided by behavior (hang/timeout) and Miri",
      "id": "no-deadlock",
      "kind": "deadlock_free",
      "req": [
        "R7",
        "R8"
      ],
      "source": "properties",
      "status": "deferred"
    },
    {
      "detail": "property main::ready: expected value 1; no value event observed for carrier main::m (unsupported binding or missing observation)",
      "id": "ready-set",
      "kind": "reachability",
      "req": [
        "R3",
        "R4",
        "R6"
      ],
      "source": "properties",
      "status": "unsupported"
    },
    {
      "id": "main::waiter completes",
      "kind": "reachable",
      "req": [
        "R1",
        "R4",
        "R5",
        "R8"
      ],
      "source": "preserved",
      "status": "PASS_bounded"
    },
    {
      "id": "main::notifier completes",
      "kind": "reachable",
      "req": [
        "R1",
        "R3",
        "R8"
      ],
      "source": "preserved",
      "status": "PASS_bounded"
    },
    {
      "detail": "property main::ready: expected value 1; no value event observed for carrier main::m (unsupported binding or missing observation)",
      "id": "main::ready == True",
      "kind": "reachable",
      "req": [
        "R3",
        "R6",
        "R9"
      ],
      "source": "preserved",
      "status": "unsupported"
    }
  ],
  "resource_map": {
    "cv#560": null,
    "m#510": "main::m",
    "notifier#750": "main::notifier",
    "waiter#640": "main::waiter"
  },
  "status": "ok",
  "traces": 32,
  "unmapped_resources": [
    "cv#560"
  ]
}
