{
  "attributes": [],
  "scope": "identity, channel-capacity attributes, and uncovered sync are separate; a conforming finite trace does not override a capacity conflict or an unknown capacity",
  "uncovered_sync": [],
  "unresolved": {},
  "verified": {
    "a_mutex0#791": {
      "cir": "main::a",
      "rule": "exact"
    },
    "b_mutex0#829": {
      "cir": "main::b",
      "rule": "exact"
    },
    "c_mutex0#867": {
      "cir": "main::c",
      "rule": "exact"
    },
    "d_mutex0#905": {
      "cir": "main::d",
      "rule": "exact"
    },
    "t1#987": {
      "cir": "main::t1",
      "rule": "spawn-entry"
    },
    "t2#1094": {
      "cir": "main::t2",
      "rule": "spawn-entry"
    },
    "t3#1201": {
      "cir": "main::t3",
      "rule": "spawn-entry"
    },
    "t4#1308": {
      "cir": "main::t4",
      "rule": "spawn-entry"
    }
  },
  "violated": {}
}
