{
  "analysis_started": true,
  "assumptions": {
    "no_spurious_wakeups": true,
    "sequential_consistency": true
  },
  "binary_sha256": "bc4ea47ef9841b62637faef926ef94804b92a95c3ab39ee690f0e2cf08681e47",
  "boundary_events": [],
  "bounds": {
    "max_boundary_events": 256,
    "max_depth": 64,
    "max_frames_per_thread": 8,
    "max_states": 20000,
    "max_threads": 8
  },
  "complete": true,
  "contract_fingerprint": "1eddd9e87fac1cba",
  "diagnostics": [],
  "git_rev": "a35dc867d6327c772d48bd7c0473a6606fcc467a",
  "invalid": [],
  "model_fingerprint": "00b84a3a096ca04f",
  "outcome": "PASS",
  "properties": [
    {
      "detail": "no deadlock state reachable",
      "id": "no-deadlock",
      "outcome": "PASS"
    },
    {
      "detail": "preserved reachability: completed(f0)",
      "id": "preserved: main::t1 completes",
      "outcome": "PASS"
    },
    {
      "detail": "preserved reachability: completed(f1)",
      "id": "preserved: main::t2 completes",
      "outcome": "PASS"
    },
    {
      "detail": "preserved reachability: completed(f2)",
      "id": "preserved: main::t3 completes",
      "outcome": "PASS"
    },
    {
      "detail": "preserved reachability: holds_all(f0, [r0, r1])",
      "id": "preserved: main::t1 holds [main::a, main::b] at once",
      "outcome": "PASS"
    },
    {
      "detail": "preserved reachability: holds_all(f1, [r1, r2])",
      "id": "preserved: main::t2 holds [main::b, main::c] at once",
      "outcome": "PASS"
    },
    {
      "detail": "preserved reachability: holds_all(f2, [r2, r0])",
      "id": "preserved: main::t3 holds [main::c, main::a] at once",
      "outcome": "PASS"
    }
  ],
  "states_explored": 365,
  "transitions_explored": 800,
  "unsupported": []
}
