{
  "attributes": [
    {
      "construction_site": null,
      "evidence": "absent",
      "expected": "semaphore_initial",
      "expected_capacity": 0,
      "observed": null,
      "observed_capacity": null,
      "reason": "no used semaphore construction is bound to this CIR resource",
      "resource_id": "main::sa",
      "runtime": null,
      "status": "unknown"
    },
    {
      "construction_site": null,
      "evidence": "absent",
      "expected": "semaphore_initial",
      "expected_capacity": 0,
      "observed": null,
      "observed_capacity": null,
      "reason": "no used semaphore construction is bound to this CIR resource",
      "resource_id": "main::sb",
      "runtime": null,
      "status": "unknown"
    }
  ],
  "scope": "identity, channel-capacity attributes, and uncovered sync are separate; a conforming finite trace does not override a capacity conflict or an unknown capacity",
  "uncovered_sync": [],
  "unresolved": {
    "lock_a_mutex0#950": {
      "candidates": [],
      "reason": "no structural evidence",
      "site": "950"
    },
    "lock_b_mutex0#992": {
      "candidates": [],
      "reason": "no structural evidence",
      "site": "992"
    },
    "sa_semaphore0#1071": {
      "reason": "semaphore initial value must come from the single construction that is acquired or released",
      "site": "1071",
      "used_constructions": 0
    },
    "sb_semaphore0#1149": {
      "reason": "semaphore initial value must come from the single construction that is acquired or released",
      "site": "1149",
      "used_constructions": 0
    }
  },
  "verified": {
    "a#1364": {
      "cir": "main::a",
      "rule": "spawn-entry"
    },
    "b#1566": {
      "cir": "main::b",
      "rule": "spawn-entry"
    },
    "bystander#1643": {
      "cir": "main::bystander",
      "rule": "spawn-entry"
    }
  },
  "violated": {}
}
