{
  "binary_sha256": "2b59d7df842dde2ac2e275080c61c64d41a0a5e723eb1e0f2f4e5376a4d67694",
  "bounded": true,
  "events": 640,
  "git_rev": "a35dc867d6327c772d48bd7c0473a6606fcc467a",
  "properties": [
    {
      "detail": "decided by behavior (hang/timeout) and Miri",
      "id": "no-deadlock",
      "kind": "deadlock_free",
      "req": [
        "R1",
        "R2",
        "R3",
        "R4"
      ],
      "source": "properties",
      "status": "deferred"
    }
  ],
  "resource_map": {
    "ch1": null,
    "ch2": null,
    "lock_mutex0#622": "main::lock",
    "r#895": null,
    "s#789": null
  },
  "status": "ok",
  "traces": 32,
  "unmapped_resources": [
    "ch1",
    "ch2",
    "r#895",
    "s#789"
  ]
}
