     Locking 1 package to highest compatible version
   Compiling concir_sync v0.1.0 (/Users/kevin/local-repos/ConcPlanVerify/runtime/concir_sync)
   Compiling probe v0.1.0 (/Users/kevin/local-repos/ConcPlanVerify/experiments/evidence-20260925/g3-code-v4/composer-2.5/cells/channel__send_while_holding_mutex/code/round-2/proj)
warning: unused import: `Condvar`
 --> src/main.rs:2:30
  |
2 | use cir_trace::sync::{Mutex, Condvar};
  |                              ^^^^^^^
  |
  = note: `#[warn(unused_imports)]` (part of `#[warn(unused)]`) on by default

warning: value assigned to `v` is never read
  --> src/main.rs:24:17
   |
24 |     let mut v = 0i32;
   |                 ^^^^ this value is reassigned later and never used
...
29 |     cir_trace::record("channel_recv", "ch2"); v = ch2.recv().unwrap();
   |                                               ----------------------- `v` is overwritten here before the previous value is read
   |
   = note: `#[warn(unused_assignments)]` (part of `#[warn(unused)]`) on by default

warning: value assigned to `v` is never read
  --> src/main.rs:37:17
   |
37 |     let mut v = 0i32;
   |                 ^^^^ this value is reassigned later and never used
...
41 |     cir_trace::record("channel_recv", "ch1"); v = ch1.recv().unwrap();
   |                                               ----------------------- `v` is overwritten here before the previous value is read

warning: `probe` (bin "probe") generated 3 warnings (run `cargo fix --bin "probe" -p probe` to apply 1 suggestion)
    Finished `dev` profile [unoptimized + debuginfo] target(s) in 0.32s
