     Locking 1 package to highest compatible version
   Compiling concir_sync v0.1.0 (/Users/kevin/local-repos/ConcPlanVerify/runtime/concir_sync)
   Compiling probe v0.1.0 (/Users/kevin/local-repos/ConcPlanVerify/experiments/evidence-20260925/g3-code-v4/composer-2.5/cells/channel__send_while_holding_mutex/code/round-2/source-proj)
warning: value assigned to `v` is never read
  --> src/main.rs:22:17
   |
22 |     let mut v = 0i32;
   |                 ^^^^ this value is reassigned later and never used
...
27 |     v = ch2.recv().unwrap();
   |     ----------------------- `v` is overwritten here before the previous value is read
   |
   = note: `#[warn(unused_assignments)]` (part of `#[warn(unused)]`) on by default

warning: value assigned to `v` is never read
  --> src/main.rs:35:17
   |
35 |     let mut v = 0i32;
   |                 ^^^^ this value is reassigned later and never used
...
39 |     v = ch1.recv().unwrap();
   |     ----------------------- `v` is overwritten here before the previous value is read

warning: `probe` (bin "probe") generated 2 warnings
warning: unused dependency `concir_sync`
  --> Cargo.toml:11:1
   |
11 | concir_sync = { path = "/Users/kevin/local-repos/ConcPlanVerify/runtime/concir_sync" }
   | ^^^^^^^^^^^^^^^^^^^^^^^^^^^^^^^^^^^^^^^^^^^^^^^^^^^^^^^^^^^^^^^^^^^^^^^^^^^^^^^^^^^^^^
   |
   = note: `cargo::unused_dependencies` is set to `warn` by default
help: consider removing the dependency on `concir_sync`
warning: `probe` (manifest) generated 1 warning
    Finished `dev` profile [unoptimized + debuginfo] target(s) in 0.27s
