5
   |
68 |     #[allow(unused_mut)] let mut _g_r_main__m: Option<cir_trace::sync::MutexGuard<'_, ()>> = None;
   |                                                       ^^^^^^^^^ use of unresolved module or unlinked crate `cir_trace`
   |
help: to make use of source file src/cir_trace.rs, use `mod cir_trace` in this file to declare the module
   |
 1 + mod cir_trace;
   |
help: consider importing this module
   |
12 +     use std::sync;
   |
help: if you import `sync`, refer to it directly
   |
68 -     #[allow(unused_mut)] let mut _g_r_main__m: Option<cir_trace::sync::MutexGuard<'_, ()>> = None;
68 +     #[allow(unused_mut)] let mut _g_r_main__m: Option<sync::MutexGuard<'_, ()>> = None;
   |

warning: unused import: `Condvar`
 --> src/main.rs:2:30
  |
2 | use cir_trace::sync::{Mutex, Condvar};
  |                              ^^^^^^^
  |
  = note: `#[warn(unused_imports)]` (part of `#[warn(unused)]`) on by default

Some errors have detailed explanations: E0425, E0428, E0433.
For more information about an error, try `rustc --explain E0425`.
warning: `probe` (bin "probe") generated 1 warning
error: could not compile `probe` (bin "probe") due to 7 previous errors; 1 warning emitted
