{
  "attributes": [],
  "scope": "identity, channel-capacity attributes, and uncovered sync are separate; a conforming finite trace does not override a capacity conflict or an unknown capacity",
  "uncovered_sync": [],
  "unresolved": {
    "notifier#805": {
      "entry": null,
      "reason": "thread entry is not unambiguous",
      "site": "805"
    },
    "waiter#302": {
      "entry": null,
      "reason": "thread entry is not unambiguous",
      "site": "302"
    }
  },
  "verified": {
    "cv_condvar0#203": {
      "cir": "main::cv",
      "rule": "exact"
    },
    "m_mutex0#159": {
      "cir": "main::m",
      "rule": "exact"
    }
  },
  "violated": {}
}
