{
  "attributes": [],
  "scope": "identity, channel-capacity attributes, and uncovered sync are separate; a conforming finite trace does not override a capacity conflict or an unknown capacity",
  "uncovered_sync": [],
  "unresolved": {
    "h1#816": {
      "entry": null,
      "reason": "thread entry is not unambiguous",
      "site": "816"
    },
    "h2#1184": {
      "entry": null,
      "reason": "thread entry is not unambiguous",
      "site": "1184"
    },
    "h3#1630": {
      "entry": null,
      "reason": "thread entry is not unambiguous",
      "site": "1630"
    }
  },
  "verified": {
    "a_mutex0#599": {
      "cir": "main::a",
      "rule": "exact"
    },
    "b_mutex0#637": {
      "cir": "main::b",
      "rule": "exact"
    },
    "c_mutex0#675": {
      "cir": "main::c",
      "rule": "exact"
    }
  },
  "violated": {}
}
