{
  "attributes": [
    {
      "construction_site": null,
      "evidence": "absent",
      "expected": "semaphore_initial",
      "expected_capacity": 1,
      "observed": null,
      "observed_capacity": null,
      "reason": "no used semaphore construction is bound to this CIR resource",
      "resource_id": "main::s",
      "runtime": null,
      "status": "unknown"
    }
  ],
  "scope": "identity, channel-capacity attributes, and uncovered sync are separate; a conforming finite trace does not override a capacity conflict or an unknown capacity",
  "uncovered_sync": [],
  "unresolved": {
    "activation#1283": {
      "entry": "activation",
      "reason": "thread entry is not unambiguous",
      "site": "1283"
    },
    "activation#1387": {
      "entry": "activation",
      "reason": "thread entry is not unambiguous",
      "site": "1387"
    }
  },
  "verified": {
    "w1#1859": {
      "cir": "main::w1",
      "rule": "spawn-entry"
    },
    "w2#1950": {
      "cir": "main::w2",
      "rule": "spawn-entry"
    },
    "w3#2041": {
      "cir": "main::w3",
      "rule": "spawn-entry"
    }
  },
  "violated": {}
}
