{
  "gpt-6-luna/G3_concir": {
    "planned": 24,
    "executed": 24,
    "budget_exhausted": 0,
    "transport_error": 0,
    "accepted": 19,
    "delivered_evaluable": 19,
    "delivered_unevaluable": 0,
    "not_delivered": 5,
    "delivery_rate": 0.7917,
    "build_fail": 1,
    "RF_delivered_all": 0.6034,
    "RF_delivered_acc": 0.7622,
    "RF_last_generated_all": 0.6844,
    "RF_last_generated_eval": 0.7466,
    "calls": 32,
    "input_tokens_known": 162783,
    "output_tokens_known": 62862,
    "reasoning_tokens_known": 37777,
    "token_fields_missing": 0,
    "stage_loss": {
      "delivered": 19,
      "cir_unsupported": 1,
      "checker_capability_gap": 3,
      "code_candidate_error": 1
    }
  },
  "glm-5.3-flash/G3_concir": {
    "planned": 24,
    "executed": 20,
    "budget_exhausted": 0,
    "transport_error": 4,
    "accepted": 17,
    "delivered_evaluable": 17,
    "delivered_unevaluable": 0,
    "not_delivered": 7,
    "delivery_rate": 0.7083,
    "build_fail": 0,
    "RF_delivered_all": 0.5496,
    "RF_delivered_acc": 0.7759,
    "RF_last_generated_all": 0.6046,
    "RF_last_generated_eval": 0.7256,
    "calls": 29,
    "input_tokens_known": 129835,
    "output_tokens_known": 30992,
    "reasoning_tokens_known": 10361,
    "token_fields_missing": 12,
    "stage_loss": {
      "delivered": 17,
      "external_transport": 4,
      "cir_generation_failed": 1,
      "checker_capability_gap": 2
    }
  }
}
{
  "gpt-6-luna/G3_concir": {
    "planned": 24,
    "executed": 24,
    "budget_exhausted": 0,
    "transport_error": 0,
    "accepted": 19,
    "delivered_evaluable": 19,
    "delivered_unevaluable": 0,
    "not_delivered": 5,
    "delivery_rate": 0.7917,
    "build_fail": 2,
    "RF_delivered_all": 0.6017,
    "RF_delivered_acc": 0.76,
    "RF_last_generated_all": 0.663,
    "RF_last_generated_eval": 0.7577,
    "calls": 31,
    "input_tokens_known": 158585,
    "output_tokens_known": 70956,
    "reasoning_tokens_known": 44592,
    "token_fields_missing": 0,
    "stage_loss": {
      "delivered": 19,
      "cir_unsupported": 1,
      "code_candidate_error": 3,
      "checker_capability_gap": 1
    }
  },
  "glm-5.3-flash/G3_concir": {
    "planned": 24,
    "executed": 22,
    "budget_exhausted": 0,
    "transport_error": 2,
    "accepted": 17,
    "delivered_evaluable": 17,
    "delivered_unevaluable": 0,
    "not_delivered": 7,
    "delivery_rate": 0.7083,
    "build_fail": 0,
    "RF_delivered_all": 0.5252,
    "RF_delivered_acc": 0.7414,
    "RF_last_generated_all": 0.6511,
    "RF_last_generated_eval": 0.7441,
    "calls": 32,
    "input_tokens_known": 162946,
    "output_tokens_known": 37309,
    "reasoning_tokens_known": 11266,
    "token_fields_missing": 6,
    "stage_loss": {
      "delivered": 17,
      "external_transport": 2,
      "checker_capability_gap": 3,
      "code_candidate_error": 1,
      "cir_unsupported": 1
    }
  }
}
