{
  "gpt-6-luna/G3_concir": {
    "planned": 24,
    "executed": 24,
    "budget_exhausted": 0,
    "transport_error": 0,
    "accepted": 21,
    "delivered_evaluable": 21,
    "delivered_unevaluable": 0,
    "not_delivered": 3,
    "delivery_rate": 0.875,
    "build_fail": 0,
    "RF_delivered_all": 0.6749,
    "RF_delivered_acc": 0.7713,
    "RF_last_generated_all": 0.7325,
    "RF_last_generated_eval": 0.7644,
    "calls": 30,
    "input_tokens_known": 210199,
    "output_tokens_known": 81302,
    "reasoning_tokens_known": 51076,
    "token_fields_missing": 0,
    "stage_loss": {
      "delivered": 21,
      "cir_unsupported": 1,
      "code_candidate_error": 1,
      "checker_capability_gap": 1
    }
  },
  "glm-5.3-flash/G3_concir": {
    "planned": 24,
    "executed": 21,
    "budget_exhausted": 0,
    "transport_error": 3,
    "accepted": 19,
    "delivered_evaluable": 19,
    "delivered_unevaluable": 0,
    "not_delivered": 5,
    "delivery_rate": 0.7917,
    "build_fail": 0,
    "RF_delivered_all": 0.6061,
    "RF_delivered_acc": 0.7656,
    "RF_last_generated_all": 0.6374,
    "RF_last_generated_eval": 0.7284,
    "calls": 29,
    "input_tokens_known": 158037,
    "output_tokens_known": 50545,
    "reasoning_tokens_known": 26303,
    "token_fields_missing": 12,
    "stage_loss": {
      "delivered": 19,
      "external_transport": 3,
      "cir_generation_failed": 1,
      "checker_capability_gap": 1
    }
  }
}
{
  "gpt-6-luna/G3_concir": {
    "planned": 24,
    "executed": 24,
    "budget_exhausted": 0,
    "transport_error": 0,
    "accepted": 18,
    "delivered_evaluable": 18,
    "delivered_unevaluable": 0,
    "not_delivered": 6,
    "delivery_rate": 0.75,
    "build_fail": 1,
    "RF_delivered_all": 0.5683,
    "RF_delivered_acc": 0.7578,
    "RF_last_generated_all": 0.6588,
    "RF_last_generated_eval": 0.7529,
    "calls": 34,
    "input_tokens_known": 169392,
    "output_tokens_known": 69280,
    "reasoning_tokens_known": 41981,
    "token_fields_missing": 0,
    "stage_loss": {
      "delivered": 18,
      "cir_unsupported": 1,
      "checker_capability_gap": 3,
      "cir_generation_failed": 1,
      "code_candidate_error": 1
    }
  },
  "glm-5.3-flash/G3_concir": {
    "planned": 24,
    "executed": 21,
    "budget_exhausted": 0,
    "transport_error": 3,
    "accepted": 19,
    "delivered_evaluable": 19,
    "delivered_unevaluable": 0,
    "not_delivered": 5,
    "delivery_rate": 0.7917,
    "build_fail": 0,
    "RF_delivered_all": 0.5921,
    "RF_delivered_acc": 0.748,
    "RF_last_generated_all": 0.6255,
    "RF_last_generated_eval": 0.7506,
    "calls": 32,
    "input_tokens_known": 146370,
    "output_tokens_known": 38306,
    "reasoning_tokens_known": 15425,
    "token_fields_missing": 9,
    "stage_loss": {
      "delivered": 19,
      "external_transport": 3,
      "checker_capability_gap": 1,
      "cir_generation_failed": 1
    }
  }
}
