{
  "binary_sha256": "21c30dd62c22c468ed164d293633b38c9879c7be0322fbbd1dd5546899d5aed9",
  "bounded": true,
  "events": 448,
  "git_rev": "a35dc867d6327c772d48bd7c0473a6606fcc467a",
  "properties": [
    {
      "detail": "decided by behavior (hang/timeout) and Miri",
      "id": "no-deadlock",
      "kind": "deadlock_free",
      "req": [
        "R3",
        "R4",
        "R5",
        "R6",
        "R7"
      ],
      "source": "properties",
      "status": "deferred"
    },
    {
      "id": "main::sender completes",
      "kind": "reachable",
      "req": [
        "R1",
        "R3",
        "R5",
        "R6"
      ],
      "source": "preserved",
      "status": "PASS_bounded"
    },
    {
      "id": "main::receiver completes",
      "kind": "reachable",
      "req": [
        "R1",
        "R3",
        "R5",
        "R6"
      ],
      "source": "preserved",
      "status": "PASS_bounded"
    }
  ],
  "resource_map": {
    "ch": null,
    "m_mutex0#526": null,
    "receiver#710": "main::receiver",
    "sender#638": "main::sender"
  },
  "status": "ok",
  "traces": 32,
  "unmapped_resources": [
    "ch",
    "m_mutex0#526"
  ]
}
