{
  "binary_sha256": "e0c7e3d122f2f08fd7483f248e9c263102d81964c8219b8a126b84d43cb41c0e",
  "bounded": true,
  "events": 288,
  "git_rev": "a35dc867d6327c772d48bd7c0473a6606fcc467a",
  "properties": [
    {
      "detail": "decided by behavior (hang/timeout) and Miri",
      "id": "no-deadlock",
      "kind": "deadlock_free",
      "req": [
        "R3",
        "R4",
        "R5"
      ],
      "source": "properties",
      "status": "deferred"
    },
    {
      "id": "main::w1 completes",
      "kind": "reachable",
      "req": [
        "R6"
      ],
      "source": "preserved",
      "status": "PASS_bounded"
    },
    {
      "id": "main::w2 completes",
      "kind": "reachable",
      "req": [
        "R6"
      ],
      "source": "preserved",
      "status": "PASS_bounded"
    },
    {
      "id": "main::w3 completes",
      "kind": "reachable",
      "req": [
        "R6"
      ],
      "source": "preserved",
      "status": "PASS_bounded"
    }
  ],
  "resource_map": {
    "s_semaphore0#347": null,
    "w1#457": "main::w1",
    "w2#501": "main::w2",
    "w3#545": "main::w3"
  },
  "status": "ok",
  "traces": 32,
  "unmapped_resources": [
    "s_semaphore0#347"
  ]
}
