{
  "attributes": [
    {
      "construction_site": "927",
      "evidence": "param_from_call",
      "expected": "rendezvous",
      "expected_capacity": 0,
      "observed": "rendezvous",
      "observed_capacity": 0,
      "reason": "source rendezvous matches CIR rendezvous",
      "resource_id": "main::ch1",
      "runtime": "ch1",
      "status": "match"
    },
    {
      "construction_site": "988",
      "evidence": "param_from_call",
      "expected": "rendezvous",
      "expected_capacity": 0,
      "observed": "rendezvous",
      "observed_capacity": 0,
      "reason": "source rendezvous matches CIR rendezvous",
      "resource_id": "main::ch2",
      "runtime": "ch2",
      "status": "match"
    }
  ],
  "scope": "identity, channel-capacity attributes, and uncovered sync are separate; a conforming finite trace does not override a capacity conflict or an unknown capacity",
  "uncovered_sync": [
    {
      "form": "Barrier::new",
      "function": "main",
      "kind": "Barrier",
      "reason": "Barrier is not part of the modeled CIR event projection",
      "site": "1079"
    },
    {
      "form": "wait",
      "function": "r",
      "kind": "Barrier",
      "reason": "Barrier::wait is not a modeled CIR event",
      "site": "630"
    },
    {
      "form": "wait",
      "function": "s",
      "kind": "Barrier",
      "reason": "Barrier::wait is not a modeled CIR event",
      "site": "230"
    }
  ],
  "unresolved": {
    "shared_mutex0#1045": {
      "candidates": [],
      "reason": "no structural evidence",
      "site": "1045"
    }
  },
  "verified": {
    "ch1": {
      "cir": "main::ch1",
      "rule": "exact"
    },
    "ch2": {
      "cir": "main::ch2",
      "rule": "exact"
    },
    "r#1381": {
      "cir": "main::r",
      "rule": "spawn-entry"
    },
    "s#1195": {
      "cir": "main::s",
      "rule": "spawn-entry"
    }
  },
  "violated": {}
}
