{
  "schema_version": "concir-repair-artifact-v1",
  "source": {
    "crate_version": "0.1.0",
    "binary_fingerprint": "763382a6a366685a"
  },
  "input_program": {
    "program": "p1_interf",
    "version": "3.5.0",
    "modules": [
      {
        "name": "main",
        "provides": {
          "resources": [
            "a",
            "b",
            "i1",
            "j1",
            "i2",
            "j2"
          ],
          "functions": [
            "main",
            "u1ab",
            "u1ba",
            "i1",
            "i2"
          ],
          "types": []
        },
        "requires": {
          "resources": [],
          "functions": [],
          "types": []
        },
        "resources": [
          {
            "name": "a",
            "kind": "sync",
            "type": "Mutex",
            "mode": "Sync"
          },
          {
            "name": "b",
            "kind": "sync",
            "type": "Mutex",
            "mode": "Sync"
          },
          {
            "name": "i1",
            "kind": "sync",
            "type": "Mutex",
            "mode": "Sync"
          },
          {
            "name": "j1",
            "kind": "sync",
            "type": "Mutex",
            "mode": "Sync"
          },
          {
            "name": "i2",
            "kind": "sync",
            "type": "Mutex",
            "mode": "Sync"
          },
          {
            "name": "j2",
            "kind": "sync",
            "type": "Mutex",
            "mode": "Sync"
          }
        ],
        "protection": [],
        "functions": [
          {
            "name": "main",
            "kind": "normal",
            "form": "closure",
            "body": [
              {
                "sid": "s1",
                "kind": "scope",
                "funcs": [
                  "u1ab",
                  "u1ba",
                  "i1",
                  "i2"
                ]
              },
              {
                "sid": "s2",
                "kind": "return"
              }
            ]
          },
          {
            "name": "u1ab",
            "kind": "normal",
            "form": "closure",
            "body": [
              {
                "sid": "s1",
                "kind": "mutex_lock",
                "resource": "a"
              },
              {
                "sid": "s2",
                "kind": "mutex_lock",
                "resource": "b"
              },
              {
                "sid": "s3",
                "kind": "mutex_unlock",
                "resource": "b"
              },
              {
                "sid": "s4",
                "kind": "mutex_unlock",
                "resource": "a"
              },
              {
                "sid": "s5",
                "kind": "return"
              }
            ]
          },
          {
            "name": "u1ba",
            "kind": "normal",
            "form": "closure",
            "body": [
              {
                "sid": "s1",
                "kind": "mutex_lock",
                "resource": "b"
              },
              {
                "sid": "s2",
                "kind": "mutex_lock",
                "resource": "a"
              },
              {
                "sid": "s3",
                "kind": "mutex_unlock",
                "resource": "a"
              },
              {
                "sid": "s4",
                "kind": "mutex_unlock",
                "resource": "b"
              },
              {
                "sid": "s5",
                "kind": "return"
              }
            ]
          },
          {
            "name": "i1",
            "kind": "normal",
            "form": "closure",
            "body": [
              {
                "sid": "s1",
                "kind": "mutex_lock",
                "resource": "i1"
              },
              {
                "sid": "s2",
                "kind": "mutex_lock",
                "resource": "j1"
              },
              {
                "sid": "s3",
                "kind": "mutex_unlock",
                "resource": "j1"
              },
              {
                "sid": "s4",
                "kind": "mutex_unlock",
                "resource": "i1"
              },
              {
                "sid": "s5",
                "kind": "return"
              }
            ]
          },
          {
            "name": "i2",
            "kind": "normal",
            "form": "closure",
            "body": [
              {
                "sid": "s1",
                "kind": "mutex_lock",
                "resource": "i2"
              },
              {
                "sid": "s2",
                "kind": "mutex_lock",
                "resource": "j2"
              },
              {
                "sid": "s3",
                "kind": "mutex_unlock",
                "resource": "j2"
              },
              {
                "sid": "s4",
                "kind": "mutex_unlock",
                "resource": "i2"
              },
              {
                "sid": "s5",
                "kind": "return"
              }
            ]
          }
        ]
      }
    ],
    "entry": "main::main"
  },
  "frozen_contract": {
    "name": "p1_interf",
    "properties": [
      {
        "kind": "deadlock_free",
        "id": "no-deadlock"
      }
    ],
    "preserved": [
      {
        "kind": "reachable",
        "description": "u1ab completes",
        "goal": {
          "kind": "function_completed",
          "function": "u1ab"
        }
      },
      {
        "kind": "reachable",
        "description": "u1ba completes",
        "goal": {
          "kind": "function_completed",
          "function": "u1ba"
        }
      },
      {
        "kind": "reachable",
        "description": "i1 completes",
        "goal": {
          "kind": "function_completed",
          "function": "i1"
        }
      },
      {
        "kind": "reachable",
        "description": "i2 completes",
        "goal": {
          "kind": "function_completed",
          "function": "i2"
        }
      }
    ],
    "assumptions": {
      "sequential_consistency": true,
      "no_spurious_wakeups": true
    },
    "bounds": {
      "max_threads": 16,
      "max_frames_per_thread": 16,
      "max_states": 200000,
      "max_depth": 128,
      "max_boundary_events": 512
    },
    "allowed_scope": {
      "functions": [],
      "modules": [],
      "allow_lock_reorder": true,
      "allow_statement_delete": false
    }
  },
  "effective_config": {
    "strategy": "diagnostic",
    "candidate_budget": 8,
    "verification_budget": 4,
    "max_depth": 1,
    "max_total_edits": 1,
    "bounds": {
      "max_threads": 16,
      "max_frames_per_thread": 16,
      "max_states": 200000,
      "max_depth": 128,
      "max_boundary_events": 512
    }
  },
  "nodes": [
    {
      "id": 0,
      "parent": null,
      "depth": 0,
      "total_edits": 0,
      "program_fingerprint": "1d69d8496094ee6b",
      "incoming": null,
      "report": {
        "outcome": "FAIL",
        "complete": true,
        "states_explored": 1694,
        "transitions_explored": 5342,
        "properties": [
          {
            "id": "no-deadlock",
            "outcome": "FAIL",
            "detail": "a reachable state has no enabled step and unfinished threads"
          },
          {
            "id": "preserved: u1ab completes",
            "outcome": "PASS",
            "detail": "preserved reachability: completed(f1)"
          },
          {
            "id": "preserved: u1ba completes",
            "outcome": "PASS",
            "detail": "preserved reachability: completed(f2)"
          },
          {
            "id": "preserved: i1 completes",
            "outcome": "PASS",
            "detail": "preserved reachability: completed(f3)"
          },
          {
            "id": "preserved: i2 completes",
            "outcome": "PASS",
            "detail": "preserved reachability: completed(f4)"
          }
        ],
        "diagnostics": [
          {
            "property": "no-deadlock",
            "outcome": "FAIL",
            "message": "reachable global deadlock",
            "complete": true,
            "counterexample": [
              {
                "origin": {
                  "module": 0,
                  "function": 0,
                  "sid": 0,
                  "phase": "statement"
                },
                "thread": 0,
                "frame": 0
              },
              {
                "origin": {
                  "module": 0,
                  "function": 1,
                  "sid": 0,
                  "phase": "statement"
                },
                "thread": 1,
                "frame": 1
              },
              {
                "origin": {
                  "module": 0,
                  "function": 2,
                  "sid": 0,
                  "phase": "statement"
                },
                "thread": 2,
                "frame": 2
              },
              {
                "origin": {
                  "module": 0,
                  "function": 1,
                  "sid": 1,
                  "phase": "statement"
                },
                "thread": 1,
                "frame": 1
              },
              {
                "origin": {
                  "module": 0,
                  "function": 2,
                  "sid": 1,
                  "phase": "statement"
                },
                "thread": 2,
                "frame": 2
              },
              {
                "origin": {
                  "module": 0,
                  "function": 3,
                  "sid": 0,
                  "phase": "statement"
                },
                "thread": 3,
                "frame": 3
              },
              {
                "origin": {
                  "module": 0,
                  "function": 3,
                  "sid": 1,
                  "phase": "statement"
                },
                "thread": 3,
                "frame": 3
              },
              {
                "origin": {
                  "module": 0,
                  "function": 3,
                  "sid": 2,
                  "phase": "statement"
                },
                "thread": 3,
                "frame": 3
              },
              {
                "origin": {
                  "module": 0,
                  "function": 3,
                  "sid": 3,
                  "phase": "statement"
                },
                "thread": 3,
                "frame": 3
              },
              {
                "origin": {
                  "module": 0,
                  "function": 3,
                  "sid": 4,
                  "phase": "statement"
                },
                "thread": 3,
                "frame": 3
              },
              {
                "origin": {
                  "module": 0,
                  "function": 4,
                  "sid": 0,
                  "phase": "statement"
                },
                "thread": 4,
                "frame": 4
              },
              {
                "origin": {
                  "module": 0,
                  "function": 4,
                  "sid": 1,
                  "phase": "statement"
                },
                "thread": 4,
                "frame": 4
              },
              {
                "origin": {
                  "module": 0,
                  "function": 4,
                  "sid": 2,
                  "phase": "statement"
                },
                "thread": 4,
                "frame": 4
              },
              {
                "origin": {
                  "module": 0,
                  "function": 4,
                  "sid": 3,
                  "phase": "statement"
                },
                "thread": 4,
                "frame": 4
              },
              {
                "origin": {
                  "module": 0,
                  "function": 4,
                  "sid": 4,
                  "phase": "statement"
                },
                "thread": 4,
                "frame": 4
              }
            ],
            "final_instances": [
              {
                "thread": 0,
                "frame": 0,
                "function": 0,
                "sid": 0,
                "status": "running"
              },
              {
                "thread": 1,
                "frame": 1,
                "function": 1,
                "sid": 1,
                "status": "running"
              },
              {
                "thread": 2,
                "frame": 2,
                "function": 2,
                "sid": 1,
                "status": "running"
              },
              {
                "thread": 3,
                "frame": null,
                "function": 3,
                "sid": null,
                "status": "finished"
              },
              {
                "thread": 4,
                "frame": null,
                "function": 4,
                "sid": null,
                "status": "finished"
              }
            ],
            "blocked": [
              {
                "thread": 0,
                "kind": "scope",
                "resource": null,
                "resource_name": null,
                "holder": null,
                "waiting": 0,
                "detail": "waiting for scope members"
              },
              {
                "thread": 1,
                "kind": "lock",
                "resource": 1,
                "resource_name": "main::b",
                "holder": 2,
                "waiting": 1,
                "detail": "waiting for a lock"
              },
              {
                "thread": 2,
                "kind": "lock",
                "resource": 0,
                "resource_name": "main::a",
                "holder": 1,
                "waiting": 1,
                "detail": "waiting for a lock"
              }
            ],
            "cir_statements": [
              {
                "module": "main",
                "function": "main",
                "sid": "s1"
              },
              {
                "module": "main",
                "function": "u1ab",
                "sid": "s2"
              },
              {
                "module": "main",
                "function": "u1ba",
                "sid": "s2"
              },
              {
                "module": "main",
                "function": "i1",
                "sid": null
              },
              {
                "module": "main",
                "function": "i2",
                "sid": null
              }
            ],
            "proven_facts": [
              "reached a counterexample state after 15 step(s)",
              "explored 1694 reachable states"
            ],
            "repair_hints": [
              "check lock acquisition order, channel capacity, and missing notify/join"
            ]
          }
        ],
        "boundary_events": [],
        "unsupported": [],
        "invalid": [],
        "model_fingerprint": "1d69d8496094ee6b",
        "contract_fingerprint": "3fcbabb40b5520ca",
        "assumptions": {
          "sequential_consistency": true,
          "no_spurious_wakeups": true
        },
        "bounds": {
          "max_threads": 16,
          "max_frames_per_thread": 16,
          "max_states": 200000,
          "max_depth": 128,
          "max_boundary_events": 512
        },
        "analysis_started": true
      },
      "note": null
    },
    {
      "id": 1,
      "parent": 0,
      "depth": 1,
      "total_edits": 1,
      "program_fingerprint": "a3a997fc61214dcf",
      "incoming": {
        "module": "main",
        "function": "u1ab",
        "changes": [
          {
            "kind": "swap_statements",
            "a": "s1",
            "b": "s2"
          }
        ],
        "provenance": [
          {
            "description": "heuristic: swap an adjacent mutex acquisition involving a blocked resource"
          }
        ],
        "original_function_hash": "317c6037f3ac90cd",
        "parent_fingerprint": "1d69d8496094ee6b",
        "program_fingerprint": "a3a997fc61214dcf"
      },
      "report": {
        "outcome": "PASS",
        "complete": true,
        "states_explored": 1478,
        "transitions_explored": 4658,
        "properties": [
          {
            "id": "no-deadlock",
            "outcome": "PASS",
            "detail": "no deadlock state reachable"
          },
          {
            "id": "preserved: u1ab completes",
            "outcome": "PASS",
            "detail": "preserved reachability: completed(f1)"
          },
          {
            "id": "preserved: u1ba completes",
            "outcome": "PASS",
            "detail": "preserved reachability: completed(f2)"
          },
          {
            "id": "preserved: i1 completes",
            "outcome": "PASS",
            "detail": "preserved reachability: completed(f3)"
          },
          {
            "id": "preserved: i2 completes",
            "outcome": "PASS",
            "detail": "preserved reachability: completed(f4)"
          }
        ],
        "diagnostics": [],
        "boundary_events": [],
        "unsupported": [],
        "invalid": [],
        "model_fingerprint": "a3a997fc61214dcf",
        "contract_fingerprint": "3fcbabb40b5520ca",
        "assumptions": {
          "sequential_consistency": true,
          "no_spurious_wakeups": true
        },
        "bounds": {
          "max_threads": 16,
          "max_frames_per_thread": 16,
          "max_states": 200000,
          "max_depth": 128,
          "max_boundary_events": 512
        },
        "analysis_started": true
      },
      "note": "accepted"
    }
  ],
  "attempts": [
    {
      "id": 0,
      "parent": 0,
      "patch": {
        "id": "lockorder:main:u1ab:s1-s2",
        "module": "main",
        "function": "u1ab",
        "original_hash": "317c6037f3ac90cd",
        "changes": [
          {
            "kind": "swap_statements",
            "a": "s1",
            "b": "s2"
          }
        ],
        "provenance": [
          {
            "description": "heuristic: swap an adjacent mutex acquisition involving a blocked resource"
          }
        ]
      },
      "result": "verified",
      "reused_node": null,
      "program_fingerprint": "a3a997fc61214dcf",
      "outcome": "PASS",
      "reason": null
    }
  ],
  "patch_chain": [
    {
      "module": "main",
      "function": "u1ab",
      "changes": [
        {
          "kind": "swap_statements",
          "a": "s1",
          "b": "s2"
        }
      ],
      "provenance": [
        {
          "description": "heuristic: swap an adjacent mutex acquisition involving a blocked resource"
        }
      ],
      "original_function_hash": "317c6037f3ac90cd",
      "parent_fingerprint": "1d69d8496094ee6b",
      "program_fingerprint": "a3a997fc61214dcf"
    }
  ],
  "accepted_node": 1,
  "accepted_program": {
    "program": "p1_interf",
    "version": "3.5.0",
    "modules": [
      {
        "name": "main",
        "provides": {
          "resources": [
            "a",
            "b",
            "i1",
            "j1",
            "i2",
            "j2"
          ],
          "functions": [
            "main",
            "u1ab",
            "u1ba",
            "i1",
            "i2"
          ],
          "types": []
        },
        "requires": {
          "resources": [],
          "functions": [],
          "types": []
        },
        "resources": [
          {
            "name": "a",
            "kind": "sync",
            "type": "Mutex",
            "mode": "Sync"
          },
          {
            "name": "b",
            "kind": "sync",
            "type": "Mutex",
            "mode": "Sync"
          },
          {
            "name": "i1",
            "kind": "sync",
            "type": "Mutex",
            "mode": "Sync"
          },
          {
            "name": "j1",
            "kind": "sync",
            "type": "Mutex",
            "mode": "Sync"
          },
          {
            "name": "i2",
            "kind": "sync",
            "type": "Mutex",
            "mode": "Sync"
          },
          {
            "name": "j2",
            "kind": "sync",
            "type": "Mutex",
            "mode": "Sync"
          }
        ],
        "protection": [],
        "functions": [
          {
            "name": "main",
            "kind": "normal",
            "form": "closure",
            "body": [
              {
                "sid": "s1",
                "kind": "scope",
                "funcs": [
                  "u1ab",
                  "u1ba",
                  "i1",
                  "i2"
                ]
              },
              {
                "sid": "s2",
                "kind": "return"
              }
            ]
          },
          {
            "name": "u1ab",
            "kind": "normal",
            "form": "closure",
            "body": [
              {
                "sid": "s2",
                "kind": "mutex_lock",
                "resource": "b"
              },
              {
                "sid": "s1",
                "kind": "mutex_lock",
                "resource": "a"
              },
              {
                "sid": "s3",
                "kind": "mutex_unlock",
                "resource": "b"
              },
              {
                "sid": "s4",
                "kind": "mutex_unlock",
                "resource": "a"
              },
              {
                "sid": "s5",
                "kind": "return"
              }
            ]
          },
          {
            "name": "u1ba",
            "kind": "normal",
            "form": "closure",
            "body": [
              {
                "sid": "s1",
                "kind": "mutex_lock",
                "resource": "b"
              },
              {
                "sid": "s2",
                "kind": "mutex_lock",
                "resource": "a"
              },
              {
                "sid": "s3",
                "kind": "mutex_unlock",
                "resource": "a"
              },
              {
                "sid": "s4",
                "kind": "mutex_unlock",
                "resource": "b"
              },
              {
                "sid": "s5",
                "kind": "return"
              }
            ]
          },
          {
            "name": "i1",
            "kind": "normal",
            "form": "closure",
            "body": [
              {
                "sid": "s1",
                "kind": "mutex_lock",
                "resource": "i1"
              },
              {
                "sid": "s2",
                "kind": "mutex_lock",
                "resource": "j1"
              },
              {
                "sid": "s3",
                "kind": "mutex_unlock",
                "resource": "j1"
              },
              {
                "sid": "s4",
                "kind": "mutex_unlock",
                "resource": "i1"
              },
              {
                "sid": "s5",
                "kind": "return"
              }
            ]
          },
          {
            "name": "i2",
            "kind": "normal",
            "form": "closure",
            "body": [
              {
                "sid": "s1",
                "kind": "mutex_lock",
                "resource": "i2"
              },
              {
                "sid": "s2",
                "kind": "mutex_lock",
                "resource": "j2"
              },
              {
                "sid": "s3",
                "kind": "mutex_unlock",
                "resource": "j2"
              },
              {
                "sid": "s4",
                "kind": "mutex_unlock",
                "resource": "i2"
              },
              {
                "sid": "s5",
                "kind": "return"
              }
            ]
          }
        ]
      }
    ],
    "entry": "main::main"
  },
  "accepted_report": {
    "outcome": "PASS",
    "complete": true,
    "states_explored": 1478,
    "transitions_explored": 4658,
    "properties": [
      {
        "id": "no-deadlock",
        "outcome": "PASS",
        "detail": "no deadlock state reachable"
      },
      {
        "id": "preserved: u1ab completes",
        "outcome": "PASS",
        "detail": "preserved reachability: completed(f1)"
      },
      {
        "id": "preserved: u1ba completes",
        "outcome": "PASS",
        "detail": "preserved reachability: completed(f2)"
      },
      {
        "id": "preserved: i1 completes",
        "outcome": "PASS",
        "detail": "preserved reachability: completed(f3)"
      },
      {
        "id": "preserved: i2 completes",
        "outcome": "PASS",
        "detail": "preserved reachability: completed(f4)"
      }
    ],
    "diagnostics": [],
    "boundary_events": [],
    "unsupported": [],
    "invalid": [],
    "model_fingerprint": "a3a997fc61214dcf",
    "contract_fingerprint": "3fcbabb40b5520ca",
    "assumptions": {
      "sequential_consistency": true,
      "no_spurious_wakeups": true
    },
    "bounds": {
      "max_threads": 16,
      "max_frames_per_thread": 16,
      "max_states": 200000,
      "max_depth": 128,
      "max_boundary_events": 512
    },
    "analysis_started": true
  },
  "outcome": "repaired",
  "stop_reason": "solved",
  "saw_unknown": false,
  "truncation": null,
  "counts": {
    "proposals": 1,
    "unique_candidate_programs": 2,
    "verification_calls": 2,
    "cache_hits": 0,
    "states_explored": 3172,
    "nodes": 2
  },
  "reproduce": "concir-backend repair <program.json> <contract.json> --strategy c   # candidate_budget=8 verification_budget=4 max_depth=1 max_total_edits=1 bounds=AnalysisBounds { max_threads: 16, max_frames_per_thread: 16, max_states: 200000, max_depth: 128, max_boundary_events: 512 }"
}
