{
  "attributes": [],
  "scope": "identity, channel-capacity attributes, and uncovered sync are separate; a conforming finite trace does not override a capacity conflict or an unknown capacity",
  "uncovered_sync": [],
  "unresolved": {
    "notifier#912": {
      "entry": null,
      "reason": "thread entry is not unambiguous",
      "site": "912"
    },
    "waiter#403": {
      "entry": null,
      "reason": "thread entry is not unambiguous",
      "site": "403"
    }
  },
  "verified": {
    "cv_condvar0#232": {
      "cir": "main::cv",
      "rule": "exact"
    },
    "m_mutex0#188": {
      "cir": "main::m",
      "rule": "exact"
    }
  },
  "violated": {}
}
