     Locking 1 package to highest compatible version
   Compiling concir_sync v0.1.0 (/Users/kevin/local-repos/ConcPlanVerify/runtime/concir_sync)
   Compiling probe v0.1.0 (/Users/kevin/local-repos/ConcPlanVerify/experiments/g3-rootcause-v1/pilot-20260926T230952-gpt6luna/GPT 6 Luna/semaphore__throttle_n_permits/rep0/code/round-1/source-proj)
warning: variable `work` is assigned to, but never used
 --> src/main.rs:6:9
  |
6 |     let mut work = 0;
  |         ^^^^^^^^
  |
  = note: consider using `_work` instead
  = note: `#[warn(unused_variables)]` (part of `#[warn(unused)]`) on by default

warning: value assigned to `work` is never read
 --> src/main.rs:8:5
  |
8 |     work = 1;
  |     ^^^^^^^^
  |
  = help: maybe it is overwritten before being read?
  = note: `#[warn(unused_assignments)]` (part of `#[warn(unused)]`) on by default

warning: variable `work` is assigned to, but never used
  --> src/main.rs:13:9
   |
13 |     let mut work = 0;
   |         ^^^^^^^^
   |
   = note: consider using `_work` instead

warning: value assigned to `work` is never read
  --> src/main.rs:15:5
   |
15 |     work = 1;
   |     ^^^^^^^^
   |
   = help: maybe it is overwritten before being read?

warning: variable `work` is assigned to, but never used
  --> src/main.rs:20:9
   |
20 |     let mut work = 0;
   |         ^^^^^^^^
   |
   = note: consider using `_work` instead

warning: value assigned to `work` is never read
  --> src/main.rs:22:5
   |
22 |     work = 1;
   |     ^^^^^^^^
   |
   = help: maybe it is overwritten before being read?

warning: `probe` (bin "probe") generated 6 warnings
    Finished `dev` profile [unoptimized + debuginfo] target(s) in 0.24s
