{
  "attributes": [],
  "scope": "identity, channel-capacity attributes, and uncovered sync are separate; a conforming finite trace does not override a capacity conflict or an unknown capacity",
  "uncovered_sync": [],
  "unresolved": {
    "c_mutex0#331": {
      "candidates": [],
      "reason": "no structural evidence",
      "site": "331"
    }
  },
  "verified": {
    "w1#403": {
      "cir": "main::w1",
      "rule": "spawn-entry"
    },
    "w2#501": {
      "cir": "main::w2",
      "rule": "spawn-entry"
    }
  },
  "violated": {}
}
