ace::lock(&shared.r_main__c, tag, "main::c", "s2"));
    |                                                       ^^^^ not found in `crate::cir_trace`

error[E0425]: cannot find function `unlock` in module `crate::cir_trace`
   --> src/main.rs:138:35
    |
138 |                 crate::cir_trace::unlock(_g_r_main__c.take(), tag, "main::c", "s3");
    |                                   ^^^^^^ not found in `crate::cir_trace`

error[E0425]: cannot find function `unlock` in module `crate::cir_trace`
   --> src/main.rs:143:35
    |
143 |                 crate::cir_trace::unlock(_g_r_main__a.take(), tag, "main::a", "s4");
    |                                   ^^^^^^ not found in `crate::cir_trace`

warning: unused import: `Condvar`
 --> src/main.rs:2:30
  |
2 | use cir_trace::sync::{Mutex, Condvar};
  |                              ^^^^^^^
  |
  = note: `#[warn(unused_imports)]` (part of `#[warn(unused)]`) on by default

Some errors have detailed explanations: E0425, E0428, E0433.
For more information about an error, try `rustc --explain E0425`.
warning: `probe` (bin "probe") generated 1 warning
error: could not compile `probe` (bin "probe") due to 26 previous errors; 1 warning emitted
