{
  "attributes": [],
  "scope": "identity, channel-capacity attributes, and uncovered sync are separate; a conforming finite trace does not override a capacity conflict or an unknown capacity",
  "uncovered_sync": [],
  "unresolved": {
    "acc_mutex0#328": {
      "candidates": [],
      "reason": "no structural evidence",
      "site": "328"
    },
    "compute#705": {
      "entry": "compute",
      "reason": "thread entry is not unambiguous",
      "site": "705"
    }
  },
  "verified": {
    "compute#416": {
      "cir": "main::compute",
      "rule": "spawn-entry"
    },
    "m_mutex0#286": {
      "cir": "main::m",
      "rule": "exact"
    }
  },
  "violated": {}
}
