{
  "attributes": [],
  "scope": "identity, channel-capacity attributes, and uncovered sync are separate; a conforming finite trace does not override a capacity conflict or an unknown capacity",
  "uncovered_sync": [],
  "unresolved": {
    "notifier_handle#987": {
      "entry": null,
      "reason": "thread entry is not unambiguous",
      "site": "987"
    },
    "ready_condvar0#203": {
      "candidates": [],
      "reason": "no structural evidence",
      "site": "203"
    },
    "ready_mutex0#182": {
      "candidates": [],
      "reason": "no structural evidence",
      "site": "182"
    },
    "waiter_handle#403": {
      "entry": null,
      "reason": "thread entry is not unambiguous",
      "site": "403"
    }
  },
  "verified": {},
  "violated": {}
}
