efer to it directly
   |
17 -                 crate::cir_trace::scope(tag, "s1");
17 +                 scope(tag, "s1");
   |

error[E0433]: cannot find `Semaphore` in `cir_trace`
   --> src/main.rs:113:31
    |
113 |         r_main__s: cir_trace::Semaphore::new_named("shared_semaphore0", 2),
    |                               ^^^^^^^^^ could not find `Semaphore` in `cir_trace`
    |
help: consider importing this struct
    |
  2 + use concir_sync::Semaphore;
    |
help: if you import `Semaphore`, refer to it directly
    |
113 -         r_main__s: cir_trace::Semaphore::new_named("shared_semaphore0", 2),
113 +         r_main__s: Semaphore::new_named("shared_semaphore0", 2),
    |

warning: unused imports: `Condvar` and `Mutex`
 --> src/main.rs:2:23
  |
2 | use cir_trace::sync::{Mutex, Condvar};
  |                       ^^^^^  ^^^^^^^
  |
  = note: `#[warn(unused_imports)]` (part of `#[warn(unused)]`) on by default

Some errors have detailed explanations: E0425, E0428, E0433.
For more information about an error, try `rustc --explain E0425`.
warning: `probe` (bin "probe") generated 1 warning
error: could not compile `probe` (bin "probe") due to 4 previous errors; 1 warning emitted
