{
  "attributes": [],
  "scope": "identity, channel-capacity attributes, and uncovered sync are separate; a conforming finite trace does not override a capacity conflict or an unknown capacity",
  "uncovered_sync": [],
  "unresolved": {
    "t1#401": {
      "entry": null,
      "reason": "thread entry is not unambiguous",
      "site": "401"
    },
    "t2#793": {
      "entry": null,
      "reason": "thread entry is not unambiguous",
      "site": "793"
    },
    "t3#1087": {
      "entry": null,
      "reason": "thread entry is not unambiguous",
      "site": "1087"
    },
    "t4#1405": {
      "entry": null,
      "reason": "thread entry is not unambiguous",
      "site": "1405"
    }
  },
  "verified": {
    "a_mutex0#147": {
      "cir": "main::a",
      "rule": "exact"
    },
    "b_mutex0#185": {
      "cir": "main::b",
      "rule": "exact"
    },
    "c_mutex0#223": {
      "cir": "main::c",
      "rule": "exact"
    },
    "d_mutex0#261": {
      "cir": "main::d",
      "rule": "exact"
    }
  },
  "violated": {}
}
