{
  "attributes": [],
  "scope": "identity, channel-capacity attributes, and uncovered sync are separate; a conforming finite trace does not override a capacity conflict or an unknown capacity",
  "uncovered_sync": [],
  "unresolved": {
    "t1#463": {
      "entry": null,
      "reason": "thread entry is not unambiguous",
      "site": "463"
    },
    "t2#884": {
      "entry": null,
      "reason": "thread entry is not unambiguous",
      "site": "884"
    },
    "t3#1391": {
      "entry": null,
      "reason": "thread entry is not unambiguous",
      "site": "1391"
    }
  },
  "verified": {
    "a_mutex0#230": {
      "cir": "main::a",
      "rule": "exact"
    },
    "b_mutex0#270": {
      "cir": "main::b",
      "rule": "exact"
    },
    "c_mutex0#310": {
      "cir": "main::c",
      "rule": "exact"
    }
  },
  "violated": {}
}
