{
  "attributes": [],
  "scope": "identity, channel-capacity attributes, and uncovered sync are separate; a conforming finite trace does not override a capacity conflict or an unknown capacity",
  "uncovered_sync": [],
  "unresolved": {
    "notifier_handle#1264": {
      "entry": null,
      "reason": "thread entry is not unambiguous",
      "site": "1264"
    },
    "shared_condvar0#266": {
      "candidates": [],
      "reason": "no structural evidence",
      "site": "266"
    },
    "shared_mutex0#245": {
      "candidates": [],
      "reason": "no structural evidence",
      "site": "245"
    },
    "waiter_handle#466": {
      "entry": null,
      "reason": "thread entry is not unambiguous",
      "site": "466"
    }
  },
  "verified": {},
  "violated": {}
}
