     Locking 1 package to highest compatible version
   Compiling concir_sync v0.1.0 (/Users/kevin/local-repos/ConcPlanVerify/runtime/concir_sync)
   Compiling probe v0.1.0 (/Users/kevin/local-repos/ConcPlanVerify/experiments/strong-link-v29-ablation/without_diagnostics/lock-order__partial_deadlock_bystander/gpt-6-luna/G3_concir/rep0/code/round-3/source-proj)
error[E0618]: expected function, found `Arc<std::sync::Mutex<Shared>>`
  --> src/main.rs:73:31
   |
 9 | / fn a(
10 | |     a: Arc<Mutex<Shared>>,
11 | |     b: Arc<Mutex<()>>,
12 | |     sa: Arc<Semaphore>,
13 | |     sb: Arc<Semaphore>,
14 | |     sa_permit: concir_sync::Permit,
15 | | ) {
   | |_- this function of the same name is available here, but it's shadowed by the local binding
...
69 |           let a = Arc::clone(&a);
   |               - `a` has type `Arc<std::sync::Mutex<Shared>>`
...
73 |           thread::spawn(move || a(a, b, sa, sb, sa_permit))
   |                                 ^-------------------------
   |                                 |
   |                                 call expression requires function

error[E0618]: expected function, found `Arc<std::sync::Mutex<()>>`
  --> src/main.rs:81:31
   |
29 | / fn b(
30 | |     a: Arc<Mutex<Shared>>,
31 | |     b: Arc<Mutex<()>>,
32 | |     sa: Arc<Semaphore>,
33 | |     sb: Arc<Semaphore>,
34 | |     sb_permit: concir_sync::Permit,
35 | | ) {
   | |_- this function of the same name is available here, but it's shadowed by the local binding
...
78 |           let b = Arc::clone(&b);
   |               - `b` has type `Arc<std::sync::Mutex<()>>`
...
81 |           thread::spawn(move || b(a, b, sa, sb, sb_permit))
   |                                 ^-------------------------
   |                                 |
   |                                 call expression requires function

warning: unused variable: `sa`
  --> src/main.rs:12:5
   |
12 |     sa: Arc<Semaphore>,
   |     ^^ help: if this is intentional, prefix it with an underscore: `_sa`
   |
   = note: `#[warn(unused_variables)]` (part of `#[warn(unused)]`) on by default

warning: unused variable: `sb`
  --> src/main.rs:33:5
   |
33 |     sb: Arc<Semaphore>,
   |     ^^ help: if this is intentional, prefix it with an underscore: `_sb`

warning: value assigned to `i` is never read
  --> src/main.rs:54:9
   |
54 |         i = 1;
   |         ^^^^^ this value is reassigned later and never used
55 |         i = 0;
   |         ----- `i` is overwritten here before the previous value is read
   |
   = note: `#[warn(unused_assignments)]` (part of `#[warn(unused)]`) on by default

For more information about this error, try `rustc --explain E0618`.
warning: `probe` (bin "probe") generated 3 warnings
error: could not compile `probe` (bin "probe") due to 2 previous errors; 3 warnings emitted
