     Locking 1 package to highest compatible version
   Compiling concir_sync v0.1.0 (/Users/kevin/local-repos/ConcPlanVerify/runtime/concir_sync)
   Compiling probe v0.1.0 (/Users/kevin/local-repos/ConcPlanVerify/experiments/strong-link-v29-ablation/without_diagnostics/semaphore__throttle_n_permits/gpt-6-luna/G3_concir/rep0/code/round-1/source-proj)
warning: variable `worked` is assigned to, but never used
 --> src/main.rs:6:9
  |
6 |     let mut worked = false;
  |         ^^^^^^^^^^
  |
  = note: consider using `_worked` instead
  = note: `#[warn(unused_variables)]` (part of `#[warn(unused)]`) on by default

warning: value assigned to `worked` is never read
 --> src/main.rs:8:5
  |
8 |     worked = true;
  |     ^^^^^^^^^^^^^
  |
  = help: maybe it is overwritten before being read?
  = note: `#[warn(unused_assignments)]` (part of `#[warn(unused)]`) on by default

warning: variable `worked` is assigned to, but never used
  --> src/main.rs:13:9
   |
13 |     let mut worked = false;
   |         ^^^^^^^^^^
   |
   = note: consider using `_worked` instead

warning: value assigned to `worked` is never read
  --> src/main.rs:15:5
   |
15 |     worked = true;
   |     ^^^^^^^^^^^^^
   |
   = help: maybe it is overwritten before being read?

warning: variable `worked` is assigned to, but never used
  --> src/main.rs:20:9
   |
20 |     let mut worked = false;
   |         ^^^^^^^^^^
   |
   = note: consider using `_worked` instead

warning: value assigned to `worked` is never read
  --> src/main.rs:22:5
   |
22 |     worked = true;
   |     ^^^^^^^^^^^^^
   |
   = help: maybe it is overwritten before being read?

warning: `probe` (bin "probe") generated 6 warnings
    Finished `dev` profile [unoptimized + debuginfo] target(s) in 0.21s
