{
  "attributes": [
    {
      "construction_site": null,
      "evidence": "absent",
      "expected": "semaphore_initial",
      "expected_capacity": 0,
      "observed": null,
      "observed_capacity": null,
      "reason": "no used semaphore construction is bound to this CIR resource",
      "resource_id": "main::ready",
      "runtime": null,
      "status": "unknown"
    }
  ],
  "scope": "identity, channel-capacity attributes, and uncovered sync are separate; a conforming finite trace does not override a capacity conflict or an unknown capacity",
  "uncovered_sync": [],
  "unresolved": {
    "for_m1#1756": {
      "candidates": [],
      "reason": "no structural evidence",
      "site": "1756"
    },
    "for_m2#1788": {
      "candidates": [],
      "reason": "no structural evidence",
      "site": "1788"
    }
  },
  "verified": {
    "m1_mutex0#1649": {
      "cir": "main::m1",
      "rule": "exact"
    },
    "m2_mutex0#1691": {
      "cir": "main::m2",
      "rule": "exact"
    },
    "notifier#2400": {
      "cir": "main::notifier",
      "rule": "spawn-entry"
    },
    "w1#1986": {
      "cir": "main::w1",
      "rule": "spawn-entry"
    },
    "w2#2173": {
      "cir": "main::w2",
      "rule": "spawn-entry"
    }
  },
  "violated": {}
}
