{
  "analysis_started": true,
  "assumptions": {
    "no_spurious_wakeups": true,
    "sequential_consistency": true
  },
  "binary_sha256": "2b59d7df842dde2ac2e275080c61c64d41a0a5e723eb1e0f2f4e5376a4d67694",
  "boundary_events": [],
  "bounds": {
    "max_boundary_events": 256,
    "max_depth": 64,
    "max_frames_per_thread": 8,
    "max_states": 20000,
    "max_threads": 8
  },
  "complete": true,
  "contract_fingerprint": "65e8fa0662c705d6",
  "diagnostics": [],
  "git_rev": "a35dc867d6327c772d48bd7c0473a6606fcc467a",
  "invalid": [],
  "model_fingerprint": "c0afc477132c66f8",
  "outcome": "PASS",
  "properties": [
    {
      "detail": "no deadlock state reachable",
      "id": "no-deadlock",
      "outcome": "PASS"
    },
    {
      "detail": "preserved reachability: completed(f1)",
      "id": "preserved: main::outer completes",
      "outcome": "PASS"
    },
    {
      "detail": "preserved reachability: holds_all(f2, [r0, r1])",
      "id": "preserved: main::x1 holds [a, b] at once",
      "outcome": "PASS"
    },
    {
      "detail": "preserved reachability: holds_all(f3, [r0, r1])",
      "id": "preserved: main::x2 holds [a, b] at once",
      "outcome": "PASS"
    }
  ],
  "states_explored": 186,
  "transitions_explored": 442,
  "unsupported": []
}
