     Locking 1 package to highest compatible version
   Compiling concir_sync v0.1.0 (/Users/kevin/local-repos/ConcPlanVerify/runtime/concir_sync)
   Compiling probe v0.1.0 (/Users/kevin/local-repos/ConcPlanVerify/experiments/strong-link-v28-main/structure__nested_scope_lock_order/glm-5.3-flash/G3_concir/rep0/code/round-1/source-proj)
error[E0308]: mismatched types
  --> src/main.rs:48:23
   |
48 |             outer(a2, b2);
   |             -----     ^^ expected `Arc<Mutex<Shared>>`, found `Arc<Mutex<()>>`
   |             |
   |             arguments to this function are incorrect
   |
   = note: expected struct `Arc<Mutex<Shared>>`
              found struct `Arc<Mutex<()>>`
note: function defined here
  --> src/main.rs:22:4
   |
22 | fn outer(a: Arc<Mutex<Shared>>, b: Arc<Mutex<Shared>>) {
   |    ^^^^^                        ---------------------

error[E0382]: the type `Arc` does not implement `Copy`
  --> src/main.rs:27:29
   |
22 | fn outer(a: Arc<Mutex<Shared>>, b: Arc<Mutex<Shared>>) {
   |          - this move could be avoided by cloning the original `Arc`, which is inexpensive
23 |     let h_x1 = thread::spawn(move || {
   |                              ------- value moved into closure here
24 |         x1(&a, &b);
   |             - variable moved due to use in closure
...
27 |         let a2 = Arc::clone(&a);
   |                             ^^ value borrowed here after move
   |
   = note: consider using `Arc::clone`
help: consider cloning the value before moving it into the closure
   |
23 ~     let value = a.clone();
24 ~     let h_x1 = thread::spawn(move || {
25 ~         x1(&value, &b);
   |

error[E0382]: the type `Arc` does not implement `Copy`
  --> src/main.rs:28:29
   |
22 | fn outer(a: Arc<Mutex<Shared>>, b: Arc<Mutex<Shared>>) {
   |                                 - this move could be avoided by cloning the original `Arc`, which is inexpensive
23 |     let h_x1 = thread::spawn(move || {
   |                              ------- value moved into closure here
24 |         x1(&a, &b);
   |                 - variable moved due to use in closure
...
28 |         let b2 = Arc::clone(&b);
   |                             ^^ value borrowed here after move
   |
   = note: consider using `Arc::clone`
help: consider cloning the value before moving it into the closure
   |
23 ~     let value = b.clone();
24 ~     let h_x1 = thread::spawn(move || {
25 ~         x1(&a, &value);
   |

Some errors have detailed explanations: E0308, E0382.
For more information about an error, try `rustc --explain E0308`.
error: could not compile `probe` (bin "probe") due to 3 previous errors
warning: unused dependency `concir_sync`
  --> Cargo.toml:11:1
   |
11 | concir_sync = { path = "/Users/kevin/local-repos/ConcPlanVerify/runtime/concir_sync" }
   | ^^^^^^^^^^^^^^^^^^^^^^^^^^^^^^^^^^^^^^^^^^^^^^^^^^^^^^^^^^^^^^^^^^^^^^^^^^^^^^^^^^^^^^
   |
   = note: `cargo::unused_dependencies` is set to `warn` by default
help: consider removing the dependency on `concir_sync`
warning: `probe` (manifest) generated 1 warning
