{
  "attributes": [],
  "scope": "identity, channel-capacity attributes, and uncovered sync are separate; a conforming finite trace does not override a capacity conflict or an unknown capacity",
  "uncovered_sync": [],
  "unresolved": {
    "acc_mutex0#549": {
      "candidates": [],
      "reason": "no structural evidence",
      "site": "549"
    }
  },
  "verified": {
    "m_mutex0#509": {
      "cir": "main::m",
      "rule": "exact"
    },
    "w1#634": {
      "cir": "main::w1",
      "rule": "spawn-entry"
    },
    "w2#771": {
      "cir": "main::w2",
      "rule": "spawn-entry"
    }
  },
  "violated": {}
}
