{
  "attributes": [],
  "scope": "identity, channel-capacity attributes, and uncovered sync are separate; a conforming finite trace does not override a capacity conflict or an unknown capacity",
  "uncovered_sync": [],
  "unresolved": {
    "notifier#667": {
      "entry": null,
      "reason": "thread entry is not unambiguous",
      "site": "667"
    },
    "shared_condvar0#123": {
      "candidates": [],
      "reason": "no structural evidence",
      "site": "123"
    },
    "shared_mutex0#102": {
      "candidates": [],
      "reason": "no structural evidence",
      "site": "102"
    },
    "waiter#202": {
      "entry": null,
      "reason": "thread entry is not unambiguous",
      "site": "202"
    }
  },
  "verified": {},
  "violated": {}
}
