{
  "attributes": [
    {
      "construction_site": null,
      "evidence": "absent",
      "expected": "semaphore_initial",
      "expected_capacity": 0,
      "observed": null,
      "observed_capacity": null,
      "reason": "no used semaphore construction is bound to this CIR resource",
      "resource_id": "main::ready",
      "runtime": null,
      "status": "unknown"
    }
  ],
  "scope": "identity, channel-capacity attributes, and uncovered sync are separate; a conforming finite trace does not override a capacity conflict or an unknown capacity",
  "uncovered_sync": [],
  "unresolved": {
    "notifier#1434": {
      "entry": null,
      "reason": "thread entry is not unambiguous",
      "site": "1434"
    },
    "ready#574": {
      "candidates": [],
      "reason": "no structural evidence",
      "site": "574"
    },
    "ready_cv#609": {
      "candidates": [],
      "reason": "no structural evidence",
      "site": "609"
    },
    "w1#672": {
      "entry": null,
      "reason": "thread entry is not unambiguous",
      "site": "672"
    },
    "w2#1050": {
      "entry": null,
      "reason": "thread entry is not unambiguous",
      "site": "1050"
    }
  },
  "verified": {
    "cv#545": {
      "cir": "main::cv",
      "rule": "exact"
    },
    "m1#327": {
      "cir": "main::m1",
      "rule": "exact"
    },
    "m2#435": {
      "cir": "main::m2",
      "rule": "exact"
    }
  },
  "violated": {}
}
