{
  "attributes": [],
  "scope": "identity, channel-capacity attributes, and uncovered sync are separate; a conforming finite trace does not override a capacity conflict or an unknown capacity",
  "uncovered_sync": [],
  "unresolved": {
    "t1#487": {
      "entry": null,
      "reason": "thread entry is not unambiguous",
      "site": "487"
    },
    "t2#848": {
      "entry": null,
      "reason": "thread entry is not unambiguous",
      "site": "848"
    },
    "t3#1160": {
      "entry": null,
      "reason": "thread entry is not unambiguous",
      "site": "1160"
    }
  },
  "verified": {
    "a_mutex0#164": {
      "cir": "main::a",
      "rule": "exact"
    },
    "b_mutex0#202": {
      "cir": "main::b",
      "rule": "exact"
    },
    "c_mutex0#240": {
      "cir": "main::c",
      "rule": "exact"
    }
  },
  "violated": {}
}
