{
  "attributes": [],
  "scope": "identity, channel-capacity attributes, and uncovered sync are separate; a conforming finite trace does not override a capacity conflict or an unknown capacity",
  "uncovered_sync": [],
  "unresolved": {
    "w1#207": {
      "entry": null,
      "reason": "thread entry is not unambiguous",
      "site": "207"
    },
    "w2#417": {
      "entry": null,
      "reason": "thread entry is not unambiguous",
      "site": "417"
    }
  },
  "verified": {
    "a_mutex0#87": {
      "cir": "main::a",
      "rule": "exact"
    },
    "b_mutex0#125": {
      "cir": "main::b",
      "rule": "exact"
    }
  },
  "violated": {}
}
