{
  "attributes": [],
  "scope": "identity, channel-capacity attributes, and uncovered sync are separate; a conforming finite trace does not override a capacity conflict or an unknown capacity",
  "uncovered_sync": [],
  "unresolved": {
    "t1#245": {
      "entry": null,
      "reason": "thread entry is not unambiguous",
      "site": "245"
    },
    "t2#515": {
      "entry": null,
      "reason": "thread entry is not unambiguous",
      "site": "515"
    },
    "t3#767": {
      "entry": null,
      "reason": "thread entry is not unambiguous",
      "site": "767"
    }
  },
  "verified": {
    "a_mutex0#87": {
      "cir": "main::a",
      "rule": "exact"
    },
    "b_mutex0#125": {
      "cir": "main::b",
      "rule": "exact"
    },
    "c_mutex0#163": {
      "cir": "main::c",
      "rule": "exact"
    }
  },
  "violated": {}
}
