{
  "attributes": [],
  "scope": "identity, channel-capacity attributes, and uncovered sync are separate; a conforming finite trace does not override a capacity conflict or an unknown capacity",
  "uncovered_sync": [],
  "unresolved": {
    "cv#1319": {
      "candidates": [],
      "reason": "no structural evidence",
      "site": "1319"
    },
    "done_mutex0#1366": {
      "candidates": [],
      "reason": "no structural evidence",
      "site": "1366"
    },
    "worker#1470": {
      "entry": "worker",
      "reason": "thread entry is not unambiguous",
      "site": "1470"
    },
    "worker#1608": {
      "entry": "worker",
      "reason": "thread entry is not unambiguous",
      "site": "1608"
    }
  },
  "verified": {
    "a#1256": {
      "cir": "main::a",
      "rule": "exact"
    },
    "b#1286": {
      "cir": "main::b",
      "rule": "exact"
    }
  },
  "violated": {}
}
