{
  "attributes": [],
  "scope": "identity, channel-capacity attributes, and uncovered sync are separate; a conforming finite trace does not override a capacity conflict or an unknown capacity",
  "uncovered_sync": [],
  "unresolved": {},
  "verified": {
    "a_mutex0#707": {
      "cir": "main::a",
      "rule": "exact"
    },
    "b_mutex0#745": {
      "cir": "main::b",
      "rule": "exact"
    },
    "c_mutex0#783": {
      "cir": "main::c",
      "rule": "exact"
    },
    "d_mutex0#821": {
      "cir": "main::d",
      "rule": "exact"
    },
    "t1#845": {
      "cir": "main::t1",
      "rule": "spawn-entry"
    },
    "t2#971": {
      "cir": "main::t2",
      "rule": "spawn-entry"
    },
    "t3#1097": {
      "cir": "main::t3",
      "rule": "spawn-entry"
    },
    "t4#1223": {
      "cir": "main::t4",
      "rule": "spawn-entry"
    }
  },
  "violated": {}
}
