{
  "attributes": [],
  "scope": "identity, channel-capacity attributes, and uncovered sync are separate; a conforming finite trace does not override a capacity conflict or an unknown capacity",
  "uncovered_sync": [],
  "unresolved": {
    "notifier#1063": {
      "entry": null,
      "reason": "thread entry is not unambiguous",
      "site": "1063"
    },
    "shared_condvar0#212": {
      "candidates": [],
      "reason": "no structural evidence",
      "site": "212"
    },
    "shared_mutex0#191": {
      "candidates": [],
      "reason": "no structural evidence",
      "site": "191"
    },
    "waiter#356": {
      "entry": null,
      "reason": "thread entry is not unambiguous",
      "site": "356"
    }
  },
  "verified": {},
  "violated": {}
}
