{
  "binary_sha256": "e0c7e3d122f2f08fd7483f248e9c263102d81964c8219b8a126b84d43cb41c0e",
  "bounded": true,
  "events": 192,
  "git_rev": "a35dc867d6327c772d48bd7c0473a6606fcc467a",
  "properties": [
    {
      "detail": "decided by behavior (hang/timeout) and Miri",
      "id": "no-deadlock",
      "kind": "deadlock_free",
      "req": [
        "R3",
        "R4",
        "R6"
      ],
      "source": "properties",
      "status": "deferred"
    },
    {
      "detail": "var_cmp needs value events not present in the stream",
      "id": "counter-bound",
      "kind": "safety",
      "req": [
        "R2",
        "R5"
      ],
      "source": "properties",
      "status": "unsupported"
    },
    {
      "id": "main::w1 completes",
      "kind": "reachable",
      "req": [
        "R1",
        "R6"
      ],
      "source": "preserved",
      "status": "PASS_bounded"
    },
    {
      "id": "main::w2 completes",
      "kind": "reachable",
      "req": [
        "R1",
        "R6"
      ],
      "source": "preserved",
      "status": "PASS_bounded"
    }
  ],
  "resource_map": {
    "state_mutex0#889": null,
    "w1#992": "main::w1",
    "w2#1070": "main::w2"
  },
  "status": "ok",
  "traces": 32,
  "unmapped_resources": [
    "state_mutex0#889"
  ]
}
