     Locking 1 package to highest compatible version
   Compiling concir_sync v0.1.0 (/Users/kevin/local-repos/ConcPlanVerify/runtime/concir_sync)
   Compiling probe v0.1.0 (/Users/kevin/local-repos/ConcPlanVerify/experiments/evidence-20260925/mutation-g3-r2/work/atomic-data/rename_local/proj)
error[E0425]: cannot find value `tmp2_renamed` in this scope
  --> src/main.rs:14:15
   |
14 |     guard.c = tmp2_renamed;
   |               ^^^^^^^^^^^^ not found in this scope

error[E0425]: cannot find value `tmp2_renamed` in this scope
  --> src/main.rs:22:15
   |
22 |     guard.c = tmp2_renamed;
   |               ^^^^^^^^^^^^ not found in this scope

warning: unused import: `Condvar`
 --> src/main.rs:2:30
  |
2 | use cir_trace::sync::{Mutex, Condvar};
  |                              ^^^^^^^
  |
  = note: `#[warn(unused_imports)]` (part of `#[warn(unused)]`) on by default

warning: unused import: `std::thread`
 --> src/main.rs:4:5
  |
4 | use std::thread;
  |     ^^^^^^^^^^^

For more information about this error, try `rustc --explain E0425`.
warning: `probe` (bin "probe") generated 2 warnings
error: could not compile `probe` (bin "probe") due to 2 previous errors; 2 warnings emitted
