{
  "attributes": [
    {
      "construction_site": null,
      "evidence": "unresolved_endpoint",
      "expected": "rendezvous",
      "expected_capacity": 0,
      "observed": null,
      "observed_capacity": null,
      "reason": "no single traced construction for this endpoint",
      "resource_id": "main::ch1",
      "runtime": "ch1_rx",
      "status": "unknown"
    },
    {
      "construction_site": null,
      "evidence": "unresolved_endpoint",
      "expected": "rendezvous",
      "expected_capacity": 0,
      "observed": null,
      "observed_capacity": null,
      "reason": "no single traced construction for this endpoint",
      "resource_id": "main::ch1",
      "runtime": "ch1_tx",
      "status": "unknown"
    },
    {
      "construction_site": null,
      "evidence": "unresolved_endpoint",
      "expected": "rendezvous",
      "expected_capacity": 0,
      "observed": null,
      "observed_capacity": null,
      "reason": "no single traced construction for this endpoint",
      "resource_id": "main::ch2",
      "runtime": "ch2_rx",
      "status": "unknown"
    },
    {
      "construction_site": null,
      "evidence": "unresolved_endpoint",
      "expected": "rendezvous",
      "expected_capacity": 0,
      "observed": null,
      "observed_capacity": null,
      "reason": "no single traced construction for this endpoint",
      "resource_id": "main::ch2",
      "runtime": "ch2_tx",
      "status": "unknown"
    }
  ],
  "scope": "identity, channel-capacity attributes, and uncovered sync are separate; a conforming finite trace does not override a capacity conflict or an unknown capacity",
  "uncovered_sync": [],
  "unresolved": {
    "m_mutex0#546": {
      "candidates": [],
      "reason": "no structural evidence",
      "site": "546"
    }
  },
  "verified": {
    "ch1_rx": {
      "cir": "main::ch1",
      "rule": "channel-name"
    },
    "ch1_tx": {
      "cir": "main::ch1",
      "rule": "channel-name"
    },
    "ch2_rx": {
      "cir": "main::ch2",
      "rule": "channel-name"
    },
    "ch2_tx": {
      "cir": "main::ch2",
      "rule": "channel-name"
    },
    "r#818": {
      "cir": "main::r",
      "rule": "spawn-entry"
    },
    "s#706": {
      "cir": "main::s",
      "rule": "spawn-entry"
    }
  },
  "violated": {}
}
