     Locking 1 package to highest compatible version
   Compiling concir_sync v0.1.0 (/Users/kevin/local-repos/ConcPlanVerify/runtime/concir_sync)
   Compiling probe v0.1.0 (/Users/kevin/local-repos/ConcPlanVerify/experiments/evidence-20260925/g3-code-v4/grok-4.7/cells/channel__rendezvous_both_send/code/round-1/proj)
warning: unused import: `std::thread`
 --> src/main.rs:3:5
  |
3 | use std::thread;
  |     ^^^^^^^^^^^
  |
  = note: `#[warn(unused_imports)]` (part of `#[warn(unused)]`) on by default

warning: value assigned to `v` is never read
  --> src/main.rs:20:17
   |
20 |     let mut v = 0;
   |                 ^ this value is reassigned later and never used
21 |     cir_trace::record("channel_recv", "ch"); v = ch.recv().unwrap();
   |                                              ---------------------- `v` is overwritten here before the previous value is read
   |
   = note: `#[warn(unused_assignments)]` (part of `#[warn(unused)]`) on by default

warning: `probe` (bin "probe") generated 2 warnings (run `cargo fix --bin "probe" -p probe` to apply 1 suggestion)
    Finished `dev` profile [unoptimized + debuginfo] target(s) in 0.31s
