{
  "binary_sha256": "bc4ea47ef9841b62637faef926ef94804b92a95c3ab39ee690f0e2cf08681e47",
  "bounded": true,
  "events": 512,
  "git_rev": "a35dc867d6327c772d48bd7c0473a6606fcc467a",
  "properties": [
    {
      "detail": "decided by behavior (hang/timeout) and Miri",
      "id": "no-deadlock",
      "kind": "deadlock_free",
      "req": [
        "R3",
        "R4",
        "R5",
        "R6",
        "R7"
      ],
      "source": "properties",
      "status": "deferred"
    },
    {
      "id": "main::sender completes",
      "kind": "reachable",
      "req": [
        "R1",
        "R3",
        "R5",
        "R6"
      ],
      "source": "preserved",
      "status": "PASS_bounded"
    },
    {
      "id": "main::receiver completes",
      "kind": "reachable",
      "req": [
        "R1",
        "R3",
        "R5",
        "R6"
      ],
      "source": "preserved",
      "status": "PASS_bounded"
    }
  ],
  "resource_map": {
    "ch_rx": null,
    "ch_tx": null,
    "m_mutex0#624": null,
    "receiver#828": "main::receiver",
    "sender#753": "main::sender"
  },
  "status": "ok",
  "traces": 32,
  "unmapped_resources": [
    "ch_rx",
    "ch_tx",
    "m_mutex0#624"
  ]
}
