     Locking 1 package to highest compatible version
   Compiling concir_sync v0.1.0 (/Users/kevin/local-repos/ConcPlanVerify/runtime/concir_sync)
   Compiling probe v0.1.0 (/Users/kevin/local-repos/ConcPlanVerify/experiments/strong-link-v29-ablation/without_goal_gate/condvar__notify_one_multi_waiter_wrong_pick/gpt-6-luna/G3_concir/rep0/code/round-3/proj)
warning: unused import: `std::thread`
 --> src/main.rs:5:5
  |
5 | use std::thread;
  |     ^^^^^^^^^^^
  |
  = note: `#[warn(unused_imports)]` (part of `#[warn(unused)]`) on by default

warning: variable `gN` should have a snake case name
 --> src/main.rs:7:67
  |
7 | fn w1(m: Arc<Mutex<bool>>, cv: Arc<Condvar>, g12: Arc<Semaphore>, gN: Arc<Semaphore>) {
  |                                                                   ^^ help: convert the identifier to snake case: `g_n`
  |
  = note: `#[warn(non_snake_case)]` (part of `#[warn(nonstandard_style)]`) on by default

warning: variable `gN` should have a snake case name
  --> src/main.rs:21:67
   |
21 | fn w2(m: Arc<Mutex<bool>>, cv: Arc<Condvar>, g12: Arc<Semaphore>, gN: Arc<Semaphore>) {
   |                                                                   ^^ help: convert the identifier to snake case: `g_n`

warning: variable `gN` should have a snake case name
  --> src/main.rs:35:73
   |
35 | fn notifier(m: Arc<Mutex<bool>>, cv: Arc<Condvar>, g12: Arc<Semaphore>, gN: Arc<Semaphore>) {
   |                                                                         ^^ help: convert the identifier to snake case: `g_n`

warning: variable `gN` should have a snake case name
  --> src/main.rs:54:9
   |
54 |     let gN = Semaphore::new_named("gN_semaphore0#1200", 2);
   |         ^^ help: convert the identifier to snake case: `g_n`

warning: variable `gN` should have a snake case name
  --> src/main.rs:60:13
   |
60 |         let gN = Arc::clone(&gN);
   |             ^^ help: convert the identifier to snake case: `g_n`

warning: variable `gN` should have a snake case name
  --> src/main.rs:68:13
   |
68 |         let gN = Arc::clone(&gN);
   |             ^^ help: convert the identifier to snake case: `g_n`

warning: variable `gN` should have a snake case name
  --> src/main.rs:76:13
   |
76 |         let gN = Arc::clone(&gN);
   |             ^^ help: convert the identifier to snake case: `g_n`

warning: `probe` (bin "probe") generated 8 warnings (run `cargo fix --bin "probe" -p probe` to apply 1 suggestion)
    Finished `dev` profile [unoptimized + debuginfo] target(s) in 0.36s
