{
  "attributes": [],
  "scope": "identity, channel-capacity attributes, and uncovered sync are separate; a conforming finite trace does not override a capacity conflict or an unknown capacity",
  "uncovered_sync": [],
  "unresolved": {
    "receiver#2056": {
      "entry": null,
      "reason": "thread entry is not unambiguous",
      "site": "2056"
    },
    "res_mutex0#1163": {
      "candidates": [],
      "reason": "no structural evidence",
      "site": "1163"
    },
    "rx": {
      "reason": "channel endpoint has no channel token",
      "site": null
    },
    "sender#1354": {
      "entry": null,
      "reason": "thread entry is not unambiguous",
      "site": "1354"
    },
    "tx": {
      "reason": "channel endpoint has no channel token",
      "site": null
    }
  },
  "verified": {},
  "violated": {}
}
