{
  "binary_sha256": "21c30dd62c22c468ed164d293633b38c9879c7be0322fbbd1dd5546899d5aed9",
  "bounded": true,
  "events": 512,
  "git_rev": "a35dc867d6327c772d48bd7c0473a6606fcc467a",
  "properties": [
    {
      "detail": "decided by behavior (hang/timeout) and Miri",
      "id": "no-deadlock",
      "kind": "deadlock_free",
      "req": [
        "R1",
        "R2",
        "R3",
        "R4"
      ],
      "source": "properties",
      "status": "deferred"
    }
  ],
  "resource_map": {
    "ch1": null,
    "ch2": null,
    "lock1_mutex0#614": null,
    "r#921": null,
    "s#792": null
  },
  "status": "ok",
  "traces": 32,
  "unmapped_resources": [
    "ch1",
    "ch2",
    "lock1_mutex0#614",
    "r#921",
    "s#792"
  ]
}
