{
  "binary_sha256": "bc4ea47ef9841b62637faef926ef94804b92a95c3ab39ee690f0e2cf08681e47",
  "bounded": true,
  "events": 128,
  "git_rev": "a35dc867d6327c772d48bd7c0473a6606fcc467a",
  "properties": [
    {
      "detail": "decided by behavior (hang/timeout) and Miri",
      "id": "deadlock",
      "kind": "deadlock_free",
      "req": [
        "R3",
        "R4",
        "R5"
      ],
      "source": "properties",
      "status": "deferred"
    }
  ],
  "resource_map": {
    "worker#112": null
  },
  "status": "ok",
  "traces": 32,
  "unmapped_resources": [
    "worker#112"
  ]
}
