{
  "attributes": [],
  "scope": "identity, channel-capacity attributes, and uncovered sync are separate; a conforming finite trace does not override a capacity conflict or an unknown capacity",
  "uncovered_sync": [],
  "unresolved": {
    "h1#190": {
      "entry": null,
      "reason": "thread entry is not unambiguous",
      "site": "190"
    },
    "h2#485": {
      "entry": null,
      "reason": "thread entry is not unambiguous",
      "site": "485"
    }
  },
  "verified": {
    "a_mutex0#70": {
      "cir": "main::a",
      "rule": "exact"
    },
    "b_mutex0#108": {
      "cir": "main::b",
      "rule": "exact"
    }
  },
  "violated": {}
}
