{
  "attributes": [],
  "scope": "identity, channel-capacity attributes, and uncovered sync are separate; a conforming finite trace does not override a capacity conflict or an unknown capacity",
  "uncovered_sync": [],
  "unresolved": {
    "empty_slots_semaphore0#191": {
      "reason": "semaphore initial value must come from the single construction that is acquired or released",
      "site": "191",
      "used_constructions": 0
    },
    "full_slots_semaphore0#231": {
      "reason": "semaphore initial value must come from the single construction that is acquired or released",
      "site": "231",
      "used_constructions": 0
    },
    "receiver#1137": {
      "entry": null,
      "reason": "thread entry is not unambiguous",
      "site": "1137"
    },
    "sender#588": {
      "entry": null,
      "reason": "thread entry is not unambiguous",
      "site": "588"
    }
  },
  "verified": {
    "m_mutex0#290": {
      "cir": "main::m",
      "rule": "exact"
    }
  },
  "violated": {}
}
