     Locking 1 package to highest compatible version
   Compiling concir_sync v0.1.0 (/Users/kevin/local-repos/ConcPlanVerify/runtime/concir_sync)
   Compiling probe v0.1.0 (/Users/kevin/local-repos/ConcPlanVerify/experiments/strong-link-v29-ablation/without_explore/structure__worker_with_payload/glm-5.3-flash/G3_concir/rep0/code/round-1/source-proj)
error[E0382]: use of moved value: `_guard`
  --> src/main.rs:21:10
   |
15 |     let _guard = m.lock().unwrap(); // s1: mutex_lock main::m
   |         ------ move occurs because `_guard` has type `std::sync::MutexGuard<'_, i32>`, which does not implement the `Copy` trait
...
18 |         let mut acc = _guard;
   |                       ------ value moved here
...
21 |     drop(_guard); // s4: mutex_unlock main::m
   |          ^^^^^^ value used here after move

error[E0382]: use of moved value: `_guard`
  --> src/main.rs:33:10
   |
27 |     let _guard = m.lock().unwrap(); // s1: mutex_lock main::m
   |         ------ move occurs because `_guard` has type `std::sync::MutexGuard<'_, i32>`, which does not implement the `Copy` trait
...
30 |         let mut acc = _guard;
   |                       ------ value moved here
...
33 |     drop(_guard); // s4: mutex_unlock main::m
   |          ^^^^^^ value used here after move

For more information about this error, try `rustc --explain E0382`.
error: could not compile `probe` (bin "probe") due to 2 previous errors
warning: unused dependency `concir_sync`
  --> Cargo.toml:11:1
   |
11 | concir_sync = { path = "/Users/kevin/local-repos/ConcPlanVerify/runtime/concir_sync" }
   | ^^^^^^^^^^^^^^^^^^^^^^^^^^^^^^^^^^^^^^^^^^^^^^^^^^^^^^^^^^^^^^^^^^^^^^^^^^^^^^^^^^^^^^
   |
   = note: `cargo::unused_dependencies` is set to `warn` by default
help: consider removing the dependency on `concir_sync`
warning: `probe` (manifest) generated 1 warning
