{
  "attributes": [
    {
      "construction_site": null,
      "evidence": "absent",
      "expected": "semaphore_initial",
      "expected_capacity": 0,
      "observed": null,
      "observed_capacity": null,
      "reason": "no used semaphore construction is bound to this CIR resource",
      "resource_id": "main::sa",
      "runtime": null,
      "status": "unknown"
    },
    {
      "construction_site": null,
      "evidence": "absent",
      "expected": "semaphore_initial",
      "expected_capacity": 0,
      "observed": null,
      "observed_capacity": null,
      "reason": "no used semaphore construction is bound to this CIR resource",
      "resource_id": "main::sb",
      "runtime": null,
      "status": "unknown"
    }
  ],
  "scope": "identity, channel-capacity attributes, and uncovered sync are separate; a conforming finite trace does not override a capacity conflict or an unknown capacity",
  "uncovered_sync": [],
  "unresolved": {
    "bystander_task#4323": {
      "entry": "bystander_task",
      "reason": "thread entry is not unambiguous",
      "site": "4323"
    },
    "flag_mutex0#4024": {
      "candidates": [],
      "reason": "no structural evidence",
      "site": "4024"
    },
    "res_mutex0#3844": {
      "reason": "duplicate runtime resource name",
      "site": "3844"
    },
    "res_mutex0#3899": {
      "reason": "duplicate runtime resource name",
      "site": "3899"
    },
    "worker_a#4600": {
      "entry": "worker_a",
      "reason": "thread entry is not unambiguous",
      "site": "4600"
    },
    "worker_b#4889": {
      "entry": "worker_b",
      "reason": "thread entry is not unambiguous",
      "site": "4889"
    }
  },
  "verified": {},
  "violated": {}
}
