{
  "binary_sha256": "e0c7e3d122f2f08fd7483f248e9c263102d81964c8219b8a126b84d43cb41c0e",
  "bounded": true,
  "events": 192,
  "git_rev": "a35dc867d6327c772d48bd7c0473a6606fcc467a",
  "properties": [
    {
      "detail": "decided by behavior (hang/timeout) and Miri",
      "id": "no-deadlock",
      "kind": "deadlock_free",
      "req": [
        "R4",
        "R5",
        "R6"
      ],
      "source": "properties",
      "status": "deferred"
    },
    {
      "id": "main::w1 completes",
      "kind": "reachable",
      "req": [
        "R1",
        "R6"
      ],
      "source": "preserved",
      "status": "not_observed"
    },
    {
      "id": "main::w2 completes",
      "kind": "reachable",
      "req": [
        "R1",
        "R6"
      ],
      "source": "preserved",
      "status": "not_observed"
    },
    {
      "detail": "resource main::s not observed",
      "id": "main::w1 holds [main::s] at once",
      "kind": "reachable",
      "req": [
        "R2",
        "R3"
      ],
      "source": "preserved",
      "status": "unmapped"
    }
  ],
  "resource_map": {
    "h1#168": null,
    "h2#353": null,
    "res_semaphore0#117": null
  },
  "status": "ok",
  "traces": 32,
  "unmapped_resources": [
    "h1#168",
    "h2#353",
    "res_semaphore0#117"
  ]
}
