{
  "attributes": [],
  "scope": "identity, channel-capacity attributes, and uncovered sync are separate; a conforming finite trace does not override a capacity conflict or an unknown capacity",
  "uncovered_sync": [],
  "unresolved": {
    "ch1_r": {
      "reason": "channel endpoint has no channel token",
      "site": null
    },
    "ch1_s": {
      "reason": "channel endpoint has no channel token",
      "site": null
    },
    "ch2_r": {
      "reason": "channel endpoint has no channel token",
      "site": null
    },
    "ch2_s": {
      "reason": "channel endpoint has no channel token",
      "site": null
    },
    "lock_mutex0#2346": {
      "candidates": [],
      "reason": "no structural evidence",
      "site": "2346"
    },
    "r#2890": {
      "entry": null,
      "reason": "thread entry is not unambiguous",
      "site": "2890"
    },
    "s#2473": {
      "entry": null,
      "reason": "thread entry is not unambiguous",
      "site": "2473"
    }
  },
  "verified": {},
  "violated": {}
}
