{
  "analysis_started": true,
  "assumptions": {
    "no_spurious_wakeups": true,
    "sequential_consistency": true
  },
  "binary_sha256": "039642f4bf33e2ee680ae7c57113192c60ad6f883db49a01bf0d1b7c0363f8a5",
  "boundary_events": [],
  "bounds": {
    "max_boundary_events": 256,
    "max_depth": 64,
    "max_frames_per_thread": 8,
    "max_states": 20000,
    "max_threads": 8
  },
  "complete": true,
  "contract_fingerprint": "f8d93d23b25fc0f2",
  "diagnostics": [],
  "git_rev": "unknown",
  "invalid": [],
  "model_fingerprint": "bbd80fd54e496e8b",
  "outcome": "PASS",
  "properties": [
    {
      "detail": "no deadlock state reachable",
      "id": "no-deadlock",
      "outcome": "PASS"
    },
    {
      "detail": "preserved reachability: completed(f1)",
      "id": "preserved: main::w1 completes",
      "outcome": "PASS"
    },
    {
      "detail": "preserved reachability: completed(f2)",
      "id": "preserved: main::w2 completes",
      "outcome": "PASS"
    },
    {
      "detail": "preserved reachability: holds_all(f1, [r0])",
      "id": "preserved: main::w1 holds [main::s] at once",
      "outcome": "PASS"
    }
  ],
  "states_explored": 78,
  "transitions_explored": 118,
  "unsupported": []
}
